TLC2 Version 2.19 of 08 August 2024
Running breadth-first search Model-Checking with fp 16 and seed -8976883790656118505 with 2 workers on 12 cores with 1820MB heap and 64MB offheap memory [pid: 2077584] (Linux 6.17.0-1020-oracle aarch64, Eclipse Adoptium 21.0.11 x86_64, MSBDiskFPSet, DiskStateQueue).
Parsing file /tmp/chio-propagation-tynl6ppv/RevocationPropagationPairLiveness.tla
Parsing file /tmp/Naturals.tla
Parsing file /tmp/FiniteSets.tla
Parsing file /tmp/Sequences.tla
Semantic processing of module Naturals
Semantic processing of module Sequences
Semantic processing of module FiniteSets
Semantic processing of module RevocationPropagationPairLiveness
Starting... (2026-09-29 11:00:32)
Implied-temporal checking--satisfiability problem has 1 branches.
Computing initial states...
Finished computing initial states: 1 distinct state generated at 2026-09-29 11:00:32.
Progress(4) at 2026-09-29 11:00:32: 171 states generated, 40 distinct states found, 0 states left on queue.
Checking temporal properties for the complete state space with 40 total distinct states at (2026-09-29 11:00:32)
Finished checking temporal properties in 00s at 2026-09-29 11:00:32
Model checking completed. No error has been found.
  Estimates of the probability that TLC did not check all reachable states
  because two distinct states had the same fingerprint:
  calculated (optimistic):  val = 2.8E-16
171 states generated, 40 distinct states found, 0 states left on queue.
The depth of the complete state graph search is 4.
The average outdegree of the complete state graph is 1 (minimum is 0, the maximum 9 and the 95th percentile is 6).
Finished in 01s at (2026-09-29 11:00:32)
