TLC2 Version 2.19 of 08 August 2024
Running breadth-first search Model-Checking with fp 122 and seed 3036623486599338253 with 2 workers on 12 cores with 1820MB heap and 64MB offheap memory [pid: 2077624] (Linux 6.17.0-1020-oracle aarch64, Eclipse Adoptium 21.0.11 x86_64, MSBDiskFPSet, DiskStateQueue).
Parsing file /tmp/chio-propagation-tynl6ppv/RevocationPropagationEpochQuotient.tla
Parsing file /tmp/chio-propagation-tynl6ppv/RevocationPropagationPairRefinement.tla
Parsing file /tmp/chio-propagation-tynl6ppv/RevocationPropagation.tla
Parsing file /tmp/Naturals.tla
Parsing file /tmp/Sequences.tla
Parsing file /tmp/FiniteSets.tla
Parsing file /tmp/TLC.tla
Parsing file /tmp/chio-propagation-tynl6ppv/RevocationPropagationPairLiveness.tla
Semantic processing of module Naturals
Semantic processing of module Sequences
Semantic processing of module FiniteSets
Semantic processing of module TLC
Semantic processing of module RevocationPropagation
Semantic processing of module RevocationPropagationPairLiveness
Semantic processing of module RevocationPropagationPairRefinement
Semantic processing of module RevocationPropagationEpochQuotient
Starting... (2026-09-29 11:00:33)
Implied-temporal checking--satisfiability problem has 1 branches.
Computing initial states...
Finished computing initial states: 1 distinct state generated at 2026-09-29 11:00:34.
Progress(13) at 2026-09-29 11:00:34: 10,837 states generated, 3,488 distinct states found, 0 states left on queue.
Checking temporal properties for the complete state space with 3488 total distinct states at (2026-09-29 11:00:34)
Finished checking temporal properties in 00s at 2026-09-29 11:00:34
Model checking completed. No error has been found.
  Estimates of the probability that TLC did not check all reachable states
  because two distinct states had the same fingerprint:
  calculated (optimistic):  val = 1.4E-12
10837 states generated, 3488 distinct states found, 0 states left on queue.
The depth of the complete state graph search is 13.
The average outdegree of the complete state graph is 1 (minimum is 0, the maximum 6 and the 95th percentile is 4).
Finished in 01s at (2026-09-29 11:00:34)
