TLC2 Version 2.19 of 08 August 2024
Running breadth-first search Model-Checking with fp 3 and seed 7345342979979540581 with 2 workers on 12 cores with 1820MB heap and 64MB offheap memory [pid: 2077709] (Linux 6.17.0-1020-oracle aarch64, Eclipse Adoptium 21.0.11 x86_64, MSBDiskFPSet, DiskStateQueue).
Parsing file /tmp/chio-propagation-tynl6ppv/RevocationPropagationPairWitness.tla
Parsing file /tmp/chio-propagation-tynl6ppv/RevocationPropagationPairLiveness.tla
Parsing file /tmp/Naturals.tla
Parsing file /tmp/FiniteSets.tla
Parsing file /tmp/Sequences.tla
Semantic processing of module Naturals
Semantic processing of module Sequences
Semantic processing of module FiniteSets
Semantic processing of module RevocationPropagationPairLiveness
Semantic processing of module RevocationPropagationPairWitness
Starting... (2026-09-29 11:00:35)
Computing initial states...
Finished computing initial states: 1 distinct state generated at 2026-09-29 11:00:36.
Model checking completed. No error has been found.
  Estimates of the probability that TLC did not check all reachable states
  because two distinct states had the same fingerprint:
  calculated (optimistic):  val = 1.6E-19
4 states generated, 3 distinct states found, 0 states left on queue.
The depth of the complete state graph search is 3.
The average outdegree of the complete state graph is 1 (minimum is 0, the maximum 1 and the 95th percentile is 1).
Finished in 00s at (2026-09-29 11:00:36)
