release input inventory clean
workspace layering checks passed
review slice check passed (524 files across 8 slices)
- adapters-edges: 29 files - protocol adapters, provider adapters, edges, bridges, integrations
- architecture-docs: 215 files - ARCHITECTURE.md files and architecture/reference docs
- attestation-conformance-formal: 1 files - attestation, conformance, replay, formal, adversarial, test corpora
- ci-tooling-workspace: 3 files - CI workflows, scripts, workspace metadata, xtask and scanner config
- core-protocol: 4 files - core protocol types, canonical bytes, HTTP/session contracts, manifests
- kernel-runtime: 6 files - kernel, runtime, portable/browser/mobile kernels, runtime harnesses
- sdks-examples: 255 files - language SDKs and runnable examples
- storage-control-observability: 11 files - control plane, stores, metering, SIEM, operational state
sidecar Docker build context and bounded-memory release profile are enforced
PASS: sidecar image workflow gates pull requests and native release platforms
Rust public surface policy is consistent: every workspace member is either publish=false or explicitly registry-public, and every public Rust surface has a README, description, and implementation target.
ok: valid synthetic workspace passes (rc=0)
ok: missing root public entrypoint list fails (rc=1)
ok: missing registry-public list fails (rc=1)
ok: root-listed public entrypoint without package marker fails (rc=1)
ok: duplicate public entrypoint fails (rc=1)
ok: unsorted public entrypoints fail (rc=1)
ok: unknown public entrypoint fails (rc=1)
ok: padded root public entrypoint fails (rc=1)
ok: blank root registry-public crate fails (rc=1)
ok: missing workspace member manifest fails (rc=1)
ok: invalid workspace member manifest fails (rc=1)
ok: workspace member without package table fails (rc=1)
ok: workspace member without package name fails (rc=1)
ok: duplicate workspace package names fail (rc=1)
ok: unlisted publishable crate fails (rc=1)
ok: registry-public crate depending on private workspace crate fails (rc=1)
ok: missing public entrypoint README fails (rc=1)
ok: public entrypoint README escaping crate root fails (rc=1)
ok: public entrypoint README directory fails (rc=1)
ok: missing public entrypoint description fails (rc=1)
ok: missing public entrypoint implementation target fails (rc=1)
ok: package-local public entrypoint marker missing from root list fails (rc=1)
check-rust-public-surface.test.sh: all assertions passed
architecture docs check passed (0 files)
==> Canonical JSON Lean fixture drift
==> Lean 4 proof build
info: mathlib: cloning https://github.com/leanprover-community/mathlib4.git
info: mathlib: checking out revision '8f9d9cff6bd728b17a24e163c9402775d9e6a365'
info: plausible: cloning https://github.com/leanprover-community/plausible
info: plausible: checking out revision '55c8532eb21ec9f6d565d51d96b8ca50bd1fbef3'
info: LeanSearchClient: cloning https://github.com/leanprover-community/LeanSearchClient
info: LeanSearchClient: checking out revision 'c5d5b8fe6e5158def25cd28eb94e4141ad97c843'
info: importGraph: cloning https://github.com/leanprover-community/import-graph
info: importGraph: checking out revision '85b59af46828c029a9168f2f9c35119bd0721e6e'
info: proofwidgets: cloning https://github.com/leanprover-community/ProofWidgets4
info: proofwidgets: checking out revision 'be3b2e63b1bbf496c478cef98b86972a37c1417d'
info: aesop: cloning https://github.com/leanprover-community/aesop
info: aesop: checking out revision 'f642a64c76df8ba9cb53dba3b919425a0c2aeaf1'
info: Qq: cloning https://github.com/leanprover-community/quote4
info: Qq: checking out revision 'b8f98e9087e02c8553945a2c5abf07cec8e798c3'
info: batteries: cloning https://github.com/leanprover-community/batteries
info: batteries: checking out revision '495c008c3e3f4fb4256ff5582ddb3abf3198026f'
info: Cli: cloning https://github.com/leanprover/lean4-cli
info: Cli: checking out revision '4f10f47646cb7d5748d6f423f4a07f98f7bbcc9e'
✔ [6/65] Built Aeneas.Tactic.Solver.Grind.Attribute (4.3s)
✔ [7/65] Built Batteries.Tactic.Unreachable (3.9s)
✔ [8/65] Built Batteries.Util.LibraryNote (3.9s)
✔ [10/68] Built Mathlib.Tactic.Linter.DirectoryDependency (4.7s)
✔ [11/68] Built ImportGraph.Imports.ImportGraph (398ms)
✔ [12/68] Built Batteries.Tactic.Lint.Basic (818ms)
✔ [13/68] Built Batteries.Tactic.OpenPrivate (956ms)
✔ [14/69] Built ImportGraph.Lean.Environment (589ms)
✔ [15/69] Built ImportGraph.Imports.Redundant (726ms)
✔ [16/69] Built Mathlib.Tactic.Linter.Header (1.8s)
✔ [17/69] Built Batteries.Tactic.Lint.TypeClass (993ms)
✔ [18/69] Built Chio.Json.Value (7.9s)
✔ [19/71] Built Batteries.Tactic.Lint.Frontend (2.4s)
✔ [20/71] Built Batteries.Tactic.Lint.Misc (1.2s)
✔ [21/71] Built Batteries.Tactic.Lint.Simp (1.4s)
✔ [22/71] Built ImportGraph.Imports.RequiredModules (1.0s)
✔ [23/71] Built Mathlib.Lean.Elab.Tactic.Meta (830ms)
✔ [24/71] Built Mathlib.Lean.Environment (674ms)
✔ [25/71] Built Mathlib.Tactic.Linter.Whitespace (1.6s)
✔ [26/71] Built Mathlib.Tactic.Linter.TacticDocumentation (982ms)
✔ [27/71] Built Mathlib.Tactic.Linter.UnusedTacticExtension (1.2s)
✔ [28/71] Built Mathlib.Lean.Expr.Basic (1.6s)
✔ [29/71] Built Mathlib.Tactic.Linter.PrivateModule (938ms)
✔ [30/71] Built Mathlib.Tactic.Linter.OldObtain (1.1s)
✔ [31/71] Built Mathlib.Tactic.Linter.Multigoal (1.3s)
✔ [32/71] Built Mathlib.Tactic.DeclarationNames (1.1s)
✔ [33/71] Built Mathlib.Tactic.Linter.GlobalAttributeIn (969ms)
✔ [34/71] Built Mathlib.Tactic.Linter.HashCommandLinter (1.2s)
✔ [35/71] Built Aeneas.Std.Global (13s)
✔ [36/71] Built Aeneas.Tactic.Step.Trace (12s)
✔ [37/77] Built AeneasMeta.UtilsCore (13s)
✔ [38/77] Built Mathlib.Tactic.Linter.EmptyLine (1.5s)
✔ [39/77] Built Mathlib.Tactic.Linter.FlexibleLinter (2.6s)
✔ [40/77] Built Aeneas.Tactic.Solver.Grind.Init (9.1s)
✔ [41/77] Built Mathlib.Tactic.Linter.DocString (1.9s)
✔ [42/77] Built Mathlib.Lean.Linter (1.3s)
✔ [43/77] Built Batteries.Tactic.Lint (1.3s)
✔ [44/77] Built Mathlib.Tactic.Linter.DocPrime (2.6s)
✔ [45/77] Built Mathlib.Lean.ContextInfo (1.4s)
✔ [46/77] Built Chio.Core.Capability (15s)
✔ [47/77] Built AeneasMeta.OptionConfig (15s)
✔ [48/77] Built Mathlib.Tactic.Linter.DeprecatedSyntaxLinter (2.5s)
✔ [49/79] Built Mathlib.Tactic.MinImports (2.4s)
✔ [50/79] Built Batteries.Lean.Meta.Inaccessible (835ms)
✔ [51/83] Built Mathlib.Lean.Elab.InfoTree (1.6s)
✔ [52/94] Built Mathlib.Tactic.Linter.UnusedTactic (1.9s)
✔ [53/94] Built Mathlib.Util.ParseCommand (1.3s)
✔ [54/94] Built Mathlib.Tactic.Linter.Lint (1.5s)
✔ [56/109] Built Batteries.Util.ExtendedBinder (1.2s)
✔ [58/109] Built Mathlib.Tactic.Linter.UnusedInstancesInType (1.7s)
✔ [59/109] Built Mathlib.Tactic.TacticAnalysis (2.1s)
✔ [60/109] Built Mathlib.Tactic.ExtractGoal (1.7s)
✔ [61/109] Built Batteries.Data.String.Basic (649ms)
✔ [62/109] Built Chio.Json.Canonical (4.9s)
✔ [63/109] Built Mathlib.Tactic.Linter.Style (3.6s)
✔ [64/109] Built Batteries.CodeAction.Deprecated (1.9s)
✔ [65/109] Built Batteries.Lean.Expr (1.2s)
✔ [66/109] Built Aesop.Forward.LevelIndex (842ms)
✔ [67/109] Built Aesop.Forward.SlotIndex (922ms)
✔ [68/110] Built Aesop.Forward.PremiseIndex (715ms)
✔ [69/110] Built Aesop.Nanos (1.1s)
✔ [70/110] Built Batteries.Data.Array.Merge (2.0s)
✔ [71/111] Built Aesop.Check (913ms)
✔ [72/117] Built Aesop.Util.UnorderedArraySet (1.3s)
✔ [73/117] Built Aesop.Rule.Name (1.5s)
✔ [74/124] Built Aesop.Index.DiscrTreeConfig (2.9s)
ℹ [75/127] Built Chio.Json.Hash (2.1s)
info: Chio/Json/Hash.lean:41:0: 'Chio.Json.hash_collision_resistant' depends on axioms: [propext,
 Classical.choice,
 Quot.sound,
 Chio.Json.hash_collision_resistant]
✔ [76/129] Built Aesop.Options.Public (3.1s)
✔ [77/129] Built Batteries.Lean.TagAttribute (986ms)
✔ [78/130] Built Batteries.Linter.UnreachableTactic (2.4s)
✔ [79/130] Built Batteries.Tactic.SeqFocus (1.7s)
✔ [80/133] Built Batteries.Util.ProofWanted (1.7s)
✔ [81/133] Built Chio.Json.Fixtures (4.1s)
✔ [82/133] Built Batteries.Tactic.Init (2.9s)
✔ [83/133] Built Mathlib.Tactic.TacticAnalysis.Declarations (5.0s)
✔ [84/134] Built Batteries.Tactic.Alias (4.7s)
✔ [85/134] Built Aesop.Util.UnionFind (1.6s)
✔ [86/137] Built Batteries.Lean.AttributeExtra (1.5s)
✔ [87/137] Built Aesop.Percent (1.3s)
✔ [88/138] Built Aesop.RuleTac.RuleTerm (882ms)
✔ [89/143] Built Aesop.Options.Internal (2.6s)
✔ [90/144] Built Batteries.Control.Lemmas (766ms)
✔ [91/146] Built Mathlib.Init (1.8s)
✔ [92/146] Built Batteries.Logic (1.6s)
✔ [93/146] Built Aesop.RuleTac.FVarIdSubst (2.4s)
✔ [94/146] Built Aesop.Options (2.8s)
✔ [95/146] Built Batteries.Linter.UnnecessarySeqFocus (3.2s)
✔ [96/146] Built Batteries.Control.LawfulMonadState (2.6s)
✔ [97/146] Built Aesop.Script.Tactic (3.0s)
✔ [98/146] Built Aesop.Util.Basic (7.1s)
✔ [99/149] Built Mathlib.Tactic.ToExpr (3.1s)
✔ [100/149] Built Mathlib.Util.CompileInductive (4.6s)
✔ [101/149] Built Mathlib.Lean.Elab.Term (2.7s)
✔ [102/149] Built Mathlib.Tactic.Attr.Register (3.3s)
✔ [103/149] Built Mathlib.Data.Nat.Notation (2.3s)
✔ [104/152] Built Batteries.Control.OptionT (1.2s)
✔ [105/152] Built Batteries.Linter (1.6s)
✔ [106/155] Built Batteries.Data.List.Basic (7.4s)
✔ [107/155] Built Aesop.Script.GoalWithMVars (2.9s)
✔ [108/157] Built AeneasMeta.Utils (16s)
✔ [109/157] Built Mathlib.Data.Set.Defs (3.9s)
✔ [110/158] Built Batteries.Lean.MonadBacktrack (565ms)
✔ [111/164] Built Aesop.Script.CtorNames (2.4s)
✔ [112/164] Built Batteries.Tactic.PermuteGoals (998ms)
✔ [113/166] Built Batteries.Control.AlternativeMonad (1.2s)
✔ [114/166] Built Mathlib.Tactic.TypeStar (1.4s)
✔ [115/167] Built Batteries.Tactic.Basic (1.1s)
✔ [116/167] Built Mathlib.Tactic.FBinop (2.9s)
✔ [117/167] Built Batteries.Lean.Meta.UnusedNames (1.1s)
✔ [118/167] Built Aesop.Forward.Substitution (3.5s)
✔ [119/168] Built Batteries.Lean.Meta.Basic (1.5s)
✔ [120/171] Built Aesop.ElabM (2.6s)
✔ [121/171] Built Aesop.Util.OrderedHashSet (868ms)
✔ [122/171] Built Aesop.Util.Tactic (2.6s)
✔ [123/171] Built Mathlib.Control.Functor (2.4s)
✔ [124/171] Built AeneasMeta.Extensions (3.5s)
✔ [125/172] Built Aesop.Util.Unfold (2.8s)
✔ [126/172] Built Batteries.Lean.Meta.Expr (865ms)
✔ [127/174] Built Batteries.Classes.Order (1.8s)
✔ [128/174] Built Batteries.Lean.Meta.SavedState (919ms)
✔ [129/175] Built Mathlib.Data.SProd (1.5s)
✔ [130/175] Built Batteries.Lean.PersistentHashMap (765ms)
✔ [131/175] Built Batteries.Lean.Meta.InstantiateMVars (1.0s)
✔ [132/178] Built Aesop.RulePattern.Cache (2.5s)
✔ [133/178] Built Batteries.Lean.PersistentHashSet (990ms)
✔ [134/188] Built Batteries.Lean.Meta.DiscrTree (988ms)
✔ [135/199] Built Batteries.Data.UInt (1.0s)
✔ [136/199] Built Aesop.Script.TacticState (2.0s)
✔ [137/203] Built Aesop.RuleTac.ElabRuleTerm (3.0s)
✔ [138/213] Built Aesop.Constants (869ms)
✔ [139/217] Built Aesop.Util.Tactic.Unfold (3.7s)
✔ [140/230] Built Aesop.RuleSet.Name (2.9s)
✔ [141/230] Built Aesop.Search.Expansion.Simp (1.6s)
✔ [142/230] Built Chio.Core.Receipt (18s)
✔ [143/230] Built Aesop.Util.EqualUpToIds (4.7s)
✔ [144/230] Built Batteries.Lean.HashSet (1.1s)
✔ [145/232] Built Mathlib.Data.List.Defs (3.8s)
✔ [146/238] Built Batteries.Control.ForInStep.Basic (811ms)
✔ [147/262] Built Aesop.Script.OptimizeSyntax (3.3s)
✔ [148/264] Built Chio.Core.MerkleWalk (2.2s)
✔ [149/268] Built Aesop.Exception (2.8s)
✔ [150/268] Built Aesop.RuleSet.Filter (2.7s)
✔ [151/270] Built Aesop.RuleTac.Forward.Basic (3.0s)
✔ [152/270] Built Mathlib.Tactic.AdaptationNote (2.0s)
✔ [153/271] Built Aesop.Frontend.Basic (2.5s)
✔ [154/275] Built Aesop.Script.Util (2.9s)
✔ [155/276] Built Mathlib.Tactic.ExtendDoc (1.5s)
✔ [156/283] Built Mathlib.Tactic.Lemma (1.4s)
✔ [157/284] Built Mathlib.Tactic.PPWithUniv (1.0s)
✔ [158/286] Built Mathlib.Data.Array.Defs (1.5s)
✔ [159/286] Built Batteries.Lean.NameMapAttribute (1.2s)
✔ [160/286] Built Batteries.Data.Array.Basic (6.7s)
✔ [161/286] Built Mathlib.Lean.Meta.Simp (2.1s)
✔ [162/287] Built Mathlib.Util.AddRelatedDecl (2.4s)
✔ [163/287] Built Mathlib.Data.String.Defs (1.7s)
✔ [164/289] Built Mathlib.Data.Int.Notation (1.6s)
✔ [165/289] Built Mathlib.Tactic.Eqns (1.6s)
✔ [166/291] Built Mathlib.Tactic.Translate.UnfoldBoundary (2.9s)
✔ [167/291] Built Mathlib.Tactic.Simps.NotationClass (2.4s)
✔ [168/293] Built Mathlib.Data.Nat.BinaryRec (2.3s)
✔ [169/295] Built Aeneas.Extract.Extract (12s)
✔ [170/295] Built Mathlib.Tactic.Basic (3.8s)
✔ [171/295] Built Mathlib.Lean.Meta (2.0s)
✔ [172/297] Built Batteries.Tactic.Trans (5.2s)
✔ [173/297] Built Mathlib.Tactic.Translate.GuessName (2.8s)
✔ [174/297] Built Mathlib.Lean.Name (1.8s)
✔ [175/297] Built Aesop.Tracing (3.4s)
✔ [176/297] Built Mathlib.Tactic.OfNat (1.4s)
✔ [177/297] Built Batteries.Data.BinomialHeap.Basic (9.1s)
✔ [178/297] Built Mathlib.Tactic.Push.Attr (1.9s)
✔ [179/297] Built Mathlib.Logic.Function.Defs (1.7s)
✔ [180/297] Built Mathlib.Logic.Nonempty (2.0s)
✔ [181/305] Built Mathlib.Logic.ExistsUnique (2.6s)
✔ [182/305] Built Aeneas.Extract (3.5s)
✔ [183/305] Built Mathlib.Tactic.MkIffOfInductiveProp (3.2s)
✔ [184/305] Built Aesop.Script.Step (4.2s)
✔ [185/308] Built Mathlib.Logic.Nontrivial.Defs (2.5s)
✔ [186/308] Built Aesop.EMap (3.0s)
✔ [187/308] Built Aesop.Util.Tactic.Ext (3.0s)
✔ [188/315] Built Mathlib.Logic.IsEmpty.Defs (2.5s)
✔ [189/317] Built Mathlib.Logic.Basic (5.4s)
✔ [190/317] Built Mathlib.Tactic.Inhabit (2.5s)
✔ [191/319] Built Aesop.Stats.Basic (4.5s)
✔ [192/319] Built Mathlib.Logic.Relator (1.8s)
✔ [193/319] Built Mathlib.Tactic.Core (2.4s)
✔ [194/319] Built Aesop.Script.UScript (2.6s)
✔ [195/319] Built Mathlib.Lean.PrettyPrinter.Delaborator (1.9s)
✔ [196/319] Built Aesop.Script.SScript (2.0s)
✔ [197/319] Built Mathlib.Tactic.SimpRw (2.4s)
✔ [198/323] Built Aeneas.Std.Core.Result (3.5s)
✔ [199/324] Built Batteries.Lean.Syntax (730ms)
✔ [200/327] Built Mathlib.Tactic.Use (2.9s)
✔ [201/330] Built Aeneas.Std.Primitives (5.2s)
✔ [202/330] Built Aesop.Stats.File (2.4s)
✔ [203/330] Built Aesop.Stats.Extension (2.3s)
✔ [204/330] Built Mathlib.Util.WithWeakNamespace (1.4s)
✔ [205/330] Built Mathlib.Tactic.Simps.Basic (10s)
✔ [206/330] Built Mathlib.Tactic.Substs (1.6s)
✔ [207/338] Built Aesop.BaseM (2.5s)
✔ [208/338] Built Mathlib.Tactic.SplitIfs (2.4s)
✔ [209/338] Built Aesop.Script.Check (2.6s)
✔ [210/338] Built Aesop.Script.UScriptToSScript (3.4s)
✔ [211/338] Built Aeneas.Std.Alloc (3.3s)
✔ [212/338] Built Mathlib.Data.Int.Init (3.1s)
✔ [213/338] Built Aesop.Stats.Report (3.4s)
✔ [214/338] Built Aesop.Script.ScriptM (3.1s)
✔ [215/338] Built Mathlib.Tactic.Subsingleton (4.6s)
✔ [216/344] Built Mathlib.Tactic.Attr.Core (2.1s)
✔ [217/345] Built Mathlib.Tactic.ScopedNS (5.2s)
✔ [218/345] Built Mathlib.Tactic.Lift (5.1s)
✔ [219/347] Built Aeneas.Std.WP (6.3s)
✔ [220/347] Built Aesop.RulePattern (5.2s)
✔ [221/347] Built Aesop.RuleTac.GoalDiff (4.5s)
✔ [222/349] Built Mathlib.Data.Ordering.Basic (1.9s)
✔ [223/352] Built Aesop.Script.StructureDynamic (4.8s)
✔ [224/353] Built Aesop.Script.StructureStatic (3.5s)
✔ [225/353] Built Mathlib.Tactic.Conv (3.2s)
✔ [226/353] Built Batteries.Lean.Except (915ms)
✔ [227/357] Built Mathlib.Tactic.GCongr.ForwardAttr (1.6s)
✔ [228/357] Built Batteries.Tactic.Exact (1.5s)
✔ [229/361] Built Aesop.Script.SpecificTactics (5.6s)
✔ [230/367] Built Mathlib.Data.Nat.Init (5.3s)
✔ [231/385] Built Aesop.Forward.RuleInfo (3.9s)
✔ [232/385] Built Aesop.Script.Main (2.6s)
✔ [235/387] Built Mathlib.Util.AtLocation (1.5s)
✔ [236/387] Built Batteries.Classes.RatCast (548ms)
✔ [237/387] Built Mathlib.Tactic.Spread (1.0s)
✔ [238/387] Built Mathlib.Lean.Meta.CongrTheorems (3.5s)
✔ [239/388] Built Mathlib.Tactic.StacksAttribute (1.9s)
✔ [240/388] Built Aesop.Rule.Forward (2.2s)
✔ [241/397] Built Qq.Typ (2.1s)
✔ [242/399] Built Qq.ForLean.ToExpr (1.0s)
✔ [243/402] Built Qq.ForLean.ReduceEval (2.1s)
✔ [244/405] Built Mathlib.Data.Rat.Init (1.5s)
✔ [245/413] Built Qq.SortLocalDecls (990ms)
✔ [246/413] Built Aesop.Forward.Match.Types (2.5s)
✔ [247/413] Built Mathlib.Tactic.FastInstance (2.3s)
✔ [248/424] Built Qq.ForLean.Do (2.6s)
✔ [249/427] Built Mathlib.Data.List.TFAE (2.5s)
✔ [250/430] Built Mathlib.Tactic.Translate.Core (17s)
✔ [251/430] Built Aeneas.Tactic.Step.Init (11s)
✔ [252/430] Built Mathlib.Data.Bracket (2.3s)
✔ [253/431] Built Mathlib.Tactic.Push (6.5s)
✔ [254/431] Built Mathlib.Util.Notation3 (13s)
✔ [255/436] Built Mathlib.Tactic.CasesM (2.0s)
✔ [256/436] Built Aesop.Index.Basic (3.4s)
✔ [257/436] Built Mathlib.Control.Combinators (2.2s)
✔ [258/436] Built Mathlib.Data.Option.Defs (2.3s)
✔ [259/440] Built Mathlib.Tactic.CongrExclamation (7.3s)
✔ [260/443] Built Mathlib.Tactic.Coe (2.4s)
✔ [261/444] Built Mathlib.Tactic.Translate.TagUnfoldBoundary (4.8s)
✔ [262/444] Built Aesop.RuleTac.Basic (3.6s)
✔ [263/444] Built Mathlib.Tactic.Translate.ToAdditive (5.1s)
✔ [264/444] Built Aesop.Index.Forward (3.8s)
✔ [265/444] Built Mathlib.Data.Set.CoeSort (1.9s)
✔ [266/444] Built Aesop.Index.RulePattern (3.7s)
✔ [267/444] Built Aeneas.Std.Core.Core (5.2s)
✔ [268/444] Built Mathlib.Tactic.Contrapose (4.9s)
✔ [269/447] Built Mathlib.Tactic.Convert (4.9s)
✔ [270/452] Built Aesop.Search.Expansion.Basic (3.1s)
✔ [271/453] Built Qq.Macro (13s)
✔ [272/460] Built Mathlib.Logic.OpClass (2.4s)
✔ [273/478] Built Aesop.RuleTac.Descr (3.9s)
✔ [274/478] Built Aesop.RuleTac.Tactic (4.6s)
✔ [275/479] Built Aesop.RuleTac.Preprocess (4.5s)
✔ [276/481] Built Mathlib.Tactic.Translate.ToDual (5.5s)
✔ [277/487] Built Aesop.RuleTac.Apply (4.7s)
✔ [278/494] Built Aesop.RuleTac.Cases (5.2s)
✔ [279/494] Built Mathlib.Tactic.ToAdditive (4.7s)
✔ [280/512] Built Mathlib.Logic.Function.ULift (2.0s)
✔ [281/520] Built Mathlib.Tactic.Monotonicity.Attr (2.7s)
✔ [283/529] Built Mathlib.Data.Prod.PProd (3.2s)
✔ [285/530] Built Mathlib.Tactic.ByCases (5.3s)
✔ [286/530] Built Batteries.Tactic.Congr (3.2s)
✔ [287/531] Built Aesop.Rule.Basic (4.0s)
✔ [288/531] Built ImportGraph.Graph.TransitiveClosure (992ms)
✔ [289/531] Built Plausible.Attr (1.4s)
✔ [290/532] Built ImportGraph.Tools.ImportDiff (1.0s)
✔ [291/532] Built ImportGraph.Tools.MinImports (1.8s)
✔ [292/532] Built Plausible.Random (1.4s)
✔ [293/532] Built Mathlib.Tactic.ToDual (5.1s)
✔ [294/533] Built ImportGraph.Tools.RedundantImports (1.0s)
✔ [295/533] Built Mathlib.Tactic.ByContra (5.1s)
✔ [296/534] Built Qq.Delab (6.7s)
✔ [297/534] Built Mathlib.Algebra.Notation.Defs (5.4s)
✔ [298/534] Built ImportGraph.Tools.FindHome (2.2s)
✔ [299/536] Built Plausible.Gen (2.0s)
✔ [300/536] Built Batteries.Tactic.Case (3.8s)
✔ [301/536] Built Batteries.CodeAction.Attr (2.5s)
✔ [302/536] Built Aesop.Rule (3.8s)
✔ [303/536] Built Batteries.Tactic.HelpCmd (4.1s)
✔ [304/537] Built ImportGraph.Tools (1.6s)
✔ [305/537] Built Batteries.Lean.Position (1.0s)
✔ [306/537] Built Qq.MetaM (3.8s)
✔ [307/537] Built Plausible.Arbitrary (1.6s)
✔ [308/537] Built Mathlib.Order.Defs.Unbundled (4.7s)
✔ [309/537] Built Mathlib.Order.Defs.PartialOrder (5.2s)
✔ [310/537] Built Batteries.Data.List.ArrayMap (842ms)
✔ [311/537] Built Mathlib.Algebra.Regular.Defs (4.1s)
✔ [312/540] Built Batteries.CodeAction.Basic (2.6s)
✔ [313/540] Built Mathlib.Algebra.Notation.Pi.Defs (4.8s)
✔ [314/540] Built Plausible.ArbitraryFueled (937ms)
✔ [315/540] Built Batteries.Tactic.GeneralizeProofs (7.8s)
✔ [316/541] Built Aesop.Tree.UnsafeQueue (3.3s)
✔ [317/541] Built Aesop.RuleSet.Member (3.2s)
✔ [318/541] Built Plausible.Sampleable (2.3s)
✔ [319/541] Built Qq.MatchImpl (3.8s)
✔ [320/541] Built Qq.Simp (3.4s)
✔ [321/541] Built Aesop.Forward.Match (5.7s)
✔ [322/541] Built Qq.AssertInstancesCommute (4.2s)
✔ [323/543] Built Batteries.CodeAction.Misc (4.0s)
✔ [324/543] Built Batteries.Control.ForInStep.Lemmas (879ms)
✔ [325/543] Built Batteries.Data.List.Init.Lemmas (661ms)
✔ [326/543] Built Mathlib.Algebra.NeZero (4.9s)
✔ [327/543] Built Aesop.Builder.Basic (3.5s)
✔ [328/543] Built Mathlib.Logic.Relation (6.4s)
✔ [329/543] Built Mathlib.Logic.Function.Basic (6.8s)
✔ [330/543] Built Mathlib.Order.Defs.LinearOrder (6.4s)
✔ [331/543] Built Plausible.Testable (4.9s)
✔ [332/543] Built Plausible.DeriveArbitrary (5.0s)
✔ [333/546] Built Batteries.Data.Array.Match (2.3s)
✔ [334/546] Built Mathlib.Tactic.GCongr.Core (10s)
✔ [335/546] Built Aesop.Tree.Data.ForwardRuleMatches (4.6s)
✔ [336/546] Built Aesop.Index (5.5s)
✔ [337/546] Built Qq.Commands (5.5s)
✔ [338/546] Built Aesop.Builder.Unfold (3.7s)
✔ [339/546] Built Aesop.RuleTac.Forward (7.9s)
✔ [340/546] Built Aesop.Builder.Apply (3.3s)
✔ [341/546] Built Aesop.Builder.Tactic (3.4s)
✔ [342/546] Built Aesop.Builder.Forward (4.0s)
✔ [343/546] Built Aesop.Builder.NormSimp (3.4s)
✔ [344/546] Built Aesop.Builder.Constructors (3.6s)
✔ [345/546] Built Mathlib.Algebra.Group.Defs (15s)
✔ [346/546] Built Aesop.Builder.Cases (5.1s)
✔ [347/546] Built Mathlib.Data.Int.Order.Basic (5.2s)
✔ [348/546] Built Mathlib.Logic.Pairwise (4.3s)
✔ [349/546] Built Qq.Match (17s)
✔ [350/546] Built Mathlib.Algebra.Notation.Pi.Basic (5.3s)
✔ [351/546] Built Mathlib.Tactic.Choose (6.1s)
✔ [352/546] Built Mathlib.Logic.IsEmpty.Basic (4.2s)
✔ [353/547] Built Mathlib.Data.Sigma.Basic (4.9s)
✔ [354/547] Built Aesop.Forward.State (16s)
✔ [355/548] Built Mathlib.Data.Sum.Basic (4.1s)
✔ [356/548] Built Mathlib.Data.Subtype (4.1s)
✔ [357/548] Built Batteries.Data.List.Matcher (1.1s)
✔ [358/548] Built Plausible.Functions (1.8s)
✔ [359/548] Built Plausible.Tactic (1.9s)
✔ [360/548] Built Batteries.Lean.EStateM (1.2s)
✔ [361/548] Built Mathlib.Logic.Function.Conjugate (4.0s)
✔ [362/548] Built Mathlib.Logic.Unique (4.0s)
✔ [363/548] Built Batteries.Data.List.Lemmas (16s)
✔ [364/548] Built Mathlib.Data.Bool.Basic (3.9s)
✔ [365/548] Built Mathlib.Data.Nat.Basic (2.9s)
✔ [366/548] Built Aesop.Builder.Default (2.6s)
✔ [367/548] Built Aesop.RuleTac (3.2s)
✔ [368/554] Built Mathlib.Tactic.GRewrite.Core (3.5s)
✔ [369/554] Built Mathlib.Algebra.Group.Int.Defs (3.4s)
✔ [370/554] Built Mathlib.Algebra.Group.Invertible.Defs (4.3s)
✔ [371/554] Built Mathlib.Algebra.GroupWithZero.Defs (3.9s)
✔ [372/554] Built Mathlib.Data.Nat.Cast.Defs (4.0s)
✔ [373/554] Built Batteries.Data.List.Pairwise (1.0s)
✔ [374/554] Built Qq (2.6s)
✔ [375/554] Built Batteries.Classes.SatisfiesM (1.8s)
✔ [376/554] Built Mathlib.Algebra.Group.Semiconj.Defs (3.4s)
✔ [377/554] Built Aesop.RuleSet (6.1s)
✔ [378/554] Built Plausible (1.5s)
✔ [379/554] Built Mathlib.Algebra.Group.InjSurj (6.7s)
✔ [380/555] Built Aesop.Tree.Data (4.2s)
✔ [382/555] Built Mathlib.Data.FunLike.Basic (3.2s)
✔ [383/555] Built Batteries.Data.List.Count (2.8s)
✔ [384/555] Built Mathlib.Logic.Function.Iterate (3.8s)
✔ [385/556] Built Mathlib.Data.Int.Basic (3.0s)
✔ [386/556] Built Mathlib.Data.Quot (5.8s)
✔ [387/556] Built Mathlib.Algebra.Group.Pi.Basic (5.0s)
✔ [388/556] Built Mathlib.Algebra.GroupWithZero.NeZero (3.7s)
✔ [389/556] Built Batteries.Data.List.Monadic (739ms)
✔ [390/556] Built Mathlib.Data.Int.Cast.Defs (3.5s)
✔ [391/556] Built Mathlib.Tactic.GRewrite.Elab (4.8s)
✔ [392/556] Built Aesop.Frontend.RuleExpr (6.9s)
✔ [393/556] Built Mathlib.Util.AtomM (3.0s)
✔ [394/556] Built Mathlib.Tactic.Tauto (5.2s)
✔ [395/558] Built Mathlib.Order.Notation (4.2s)
✔ [397/558] Built Mathlib.Tactic.Simproc.ExistsAndEq (5.7s)
✔ [398/558] Built Aesop.Forward.State.Initial (2.9s)
✔ [399/558] Built Aesop.Forward.State.ApplyGoalDiff (3.1s)
✔ [400/558] Built Aesop.Frontend.Extension.Init (2.7s)
✔ [401/558] Built Mathlib.Algebra.Group.Commute.Defs (3.8s)
✔ [402/558] Built Aesop.Tree.Traversal (2.7s)
✔ [403/558] Built Aesop.Search.Queue.Class (2.5s)
✔ [404/558] Built Aesop.Tree.RunMetaM (2.6s)
✔ [405/559] Built Mathlib.Data.FunLike.Embedding (2.9s)
✔ [407/559] Built Batteries.Data.List.Perm (2.0s)
✔ [408/559] Built Batteries.Data.List.Scan (10s)
✔ [409/559] Built Mathlib.Algebra.GroupWithZero.InjSurj (3.7s)
✔ [410/559] Built Mathlib.Data.Prod.Basic (3.9s)
✔ [411/559] Built Mathlib.Tactic.GRewrite (3.0s)
✔ [412/559] Built Mathlib.Algebra.Ring.Defs (5.2s)
✔ [413/559] Built Aesop.Tree.TreeM (3.4s)
✔ [415/561] Built Aesop.Frontend.Extension (3.2s)
✔ [416/561] Built Aesop.Tree.State (3.1s)
✔ [417/561] Built Mathlib.Tactic.ApplyCongr (1.0s)
✔ [418/561] Built Batteries.Data.List (1.4s)
✔ [419/561] Built Mathlib.Tactic.TFAE (7.4s)
✔ [420/561] Built Mathlib.Data.FunLike.Equiv (3.7s)
✔ [422/561] Built Aesop.Tree.Tracing (5.2s)
✔ [423/561] Built Mathlib.Order.Basic (8.7s)
✔ [424/561] Built Mathlib.Algebra.Ring.Semiconj (3.9s)
✔ [425/561] Built Mathlib.Algebra.Group.Units.Defs (7.9s)
✔ [426/561] Built Mathlib.Logic.Nontrivial.Basic (4.1s)
✔ [427/562] Built Aesop.Saturate (9.3s)
✔ [428/562] Built Mathlib.Algebra.Group.Hom.Defs (11s)
✔ [429/562] Built Mathlib.Algebra.Notation.Prod (4.0s)
✔ [430/562] Built Aesop.Tree.Stats (3.0s)
✔ [431/562] Built Aesop.Search.SearchM (3.6s)
✔ [432/562] Built Mathlib.Algebra.Field.Defs (3.9s)
✔ [433/563] Built Mathlib.Lean.Meta.Basic (2.1s)
✔ [434/563] Built Aesop.Tree.Free (3.3s)
✔ [436/563] Built Aesop.Forward.State.UpdateGoal (3.7s)
✔ [437/563] Built Aesop.Tree.ExtractProof (4.3s)
✔ [438/563] Built Aesop.Frontend.Tactic (4.5s)
✔ [439/563] Built Aesop.Frontend.Attribute (3.9s)
✔ [440/563] Built Aesop.Tree.ExtractScript (5.0s)
✔ [441/564] Built Aesop.Frontend.Command (4.0s)
✔ [442/564] Built Aesop.Tree.Check (4.2s)
✔ [443/564] Built Batteries.CodeAction.Match (2.5s)
✔ [444/564] Built Aesop.Tree.AddRapp (7.6s)
✔ [445/565] Built Mathlib.Tactic.ApplyWith (2.1s)
✔ [446/565] Built Mathlib.Order.ULift (3.5s)
✔ [447/565] Built Mathlib.Tactic.ApplyAt (1.8s)
✔ [448/565] Built Mathlib.Tactic.Check (1.6s)
✔ [449/565] Built Mathlib.Order.OrderDual (3.8s)
✔ [450/565] Built Aesop.Search.RuleSelection (3.5s)
✔ [451/565] Built Aesop.Frontend.Saturate (4.4s)
✔ [452/565] Built Mathlib.Algebra.Order.ZeroLEOne (4.2s)
✔ [453/565] Built Mathlib.Tactic.Nontriviality.Core (5.6s)
✔ [454/565] Built Aesop.BuiltinRules.Rfl (6.1s)
✔ [455/566] Built Aesop.BuiltinRules.Intros (5.8s)
✔ [456/566] Built Aesop.BuiltinRules.Ext (5.8s)
✔ [457/566] Built Aesop.BuiltinRules.Split (6.5s)
✔ [458/566] Built Mathlib.Logic.Equiv.Defs (10s)
✔ [459/566] Built Aesop.BuiltinRules.Subst (7.4s)
✔ [460/566] Built Aesop.BuiltinRules.DestructProducts (5.6s)
✔ [461/566] Built Aesop.BuiltinRules.ApplyHyps (5.8s)
✔ [462/566] Built Aesop.BuiltinRules.Assumption (5.8s)
✔ [463/568] Built Mathlib.Tactic.Bound.Init (5.1s)
✔ [464/568] Built Batteries.CodeAction (1.7s)
✔ [465/568] Built Mathlib.Tactic.ClearExclamation (2.2s)
✔ [466/568] Built Mathlib.Tactic.ClearExcept (2.1s)
✔ [467/568] Built Aesop.Tree (4.3s)
✔ [468/569] Built Mathlib.Tactic.Clear_ (3.2s)
✔ [469/569] Built Aesop.Frontend (5.4s)
✔ [470/570] Built Mathlib.Tactic.Nontriviality (5.8s)
✔ [471/571] Built Mathlib.Control.EquivFunctor (6.2s)
✔ [472/571] Built Mathlib.Tactic.Constructor (2.3s)
✔ [473/573] Built Aesop.BuiltinRules (5.0s)
✔ [474/573] Built Mathlib.Order.Synonym (7.3s)
✔ [475/573] Built Mathlib.Order.RelClasses (9.3s)
✔ [476/573] Built Aesop.Search.Queue (4.6s)
✔ [477/573] Built Aesop.Search.Expansion.Norm (11s)
✔ [478/574] Built Mathlib.Tactic.Finiteness.Attr (4.4s)
✔ [479/575] Built Mathlib.Tactic.DeprecateTo (3.5s)
✔ [480/575] Built Mathlib.Algebra.Group.Equiv.Defs (12s)
✔ [481/575] Built Mathlib.Tactic.DefEqTransformations (5.3s)
✔ [482/577] Built Mathlib.Tactic.TermCongr (10s)
✔ [483/578] Built Mathlib.Tactic.ErwQuestion (3.1s)
✔ [484/578] Built Mathlib.Tactic.ExistsI (2.0s)
✔ [485/581] Built Mathlib.Order.Compare (4.4s)
✔ [486/581] Built Mathlib.Order.Max (5.4s)
✔ [487/581] Built Batteries.Util.Cache (1.2s)
✔ [488/584] Built Aesop.Search.Expansion (4.8s)
✔ [489/584] Built Mathlib.Tactic.FailIfNoProgress (3.1s)
✔ [490/584] Built Mathlib.Algebra.Order.Group.Synonym (8.4s)
✔ [491/584] Built Mathlib.Tactic.DepRewrite (8.5s)
✔ [492/597] Built Mathlib.Tactic.FunProp.Mor (2.1s)
✔ [493/598] Built Mathlib.Tactic.FunProp.Decl (2.5s)
✔ [494/599] Built Mathlib.Tactic.CongrM (3.5s)
✔ [495/600] Built Mathlib.Tactic.FunProp.ToBatteries (3.1s)
✔ [496/600] Built Mathlib.Tactic.Find (2.3s)
✔ [497/600] Built Mathlib.Tactic.GuardGoalNums (1.7s)
✔ [498/602] Built Batteries.Data.MLList.Basic (1.0s)
✔ [499/602] Built Mathlib.Tactic.GuardHypNums (1.8s)
✔ [500/604] Built Mathlib.Lean.Meta.RefinedDiscrTree.Basic (2.9s)
✔ [501/604] Built Mathlib.Tactic.GCongr.CoreAttrs (3.2s)
✔ [502/604] Built Mathlib.Tactic.HigherOrder (2.3s)
✔ [503/605] Built Mathlib.Tactic.InferParam (2.1s)
✔ [504/606] Built Batteries.Control.Nondet.Basic (2.0s)
✔ [505/608] Built Aesop.Search.ExpandSafePrefix (4.6s)
✔ [506/608] Built Mathlib.Util.TermReduce (2.4s)
✔ [507/608] Built Mathlib.Order.BoundedOrder.Basic (5.9s)
✔ [508/610] Built Mathlib.Tactic.FunProp.FunctionData (3.1s)
✔ [509/610] Built Mathlib.Tactic.Linter.DeprecatedModule (2.4s)
✔ [510/610] Built Mathlib.Lean.Meta.RefinedDiscrTree.Encode (2.0s)
✔ [511/611] Built Mathlib.Tactic.Linter.HaveLetLinter (2.6s)
✔ [512/611] Built Mathlib.Lean.Meta.RefinedDiscrTree.Initialize (3.2s)
✔ [513/612] Built Mathlib.Tactic.Linter.MinImports (2.7s)
✔ [514/612] Built Mathlib.Tactic.Linter.PPRoundtrip (2.7s)
✔ [515/613] Built Mathlib.Tactic.Linter.UpstreamableDecl (2.6s)
✔ [516/614] Built Mathlib.Tactic.NthRewrite (2.4s)
✔ [517/614] Built Mathlib.Tactic.Hint (4.3s)
✔ [518/614] Built Mathlib.Tactic.Observe (2.6s)
✔ [519/614] Built Mathlib.Tactic.Recover (2.5s)
✔ [520/618] Built Mathlib.Lean.Meta.RefinedDiscrTree.Lookup (3.6s)
✔ [521/618] Built Mathlib.Tactic.IrreducibleDef (5.5s)
✔ [522/619] Built Mathlib.Tactic.Relation.Rfl (2.1s)
✔ [523/620] Built Mathlib.Tactic.FunProp.Types (4.2s)
✔ [524/621] Built Mathlib.Tactic.Linter (2.0s)
✔ [525/621] Built Mathlib.Tactic.RSuffices (3.7s)
✔ [526/622] Built Aesop.Search.Main (6.4s)
✔ [527/623] Built Mathlib.Tactic.Rename (2.0s)
✔ [528/623] Built Mathlib.Util.Tactic (1.9s)
✔ [529/624] Built Mathlib.Tactic.SimpIntro (2.1s)
✔ [530/624] Built Mathlib.Tactic.SuccessIfFailWithMsg (1.0s)
✔ [531/625] Built Mathlib.Tactic.SudoSetOption (2.1s)
✔ [532/626] Built Mathlib.Tactic.Set (2.8s)
✔ [533/627] Built Mathlib.Tactic.GCongr (3.6s)
✔ [534/628] Built Mathlib.Logic.Equiv.Prod (30s)
✔ [535/628] Built Mathlib.Tactic.SwapVar (2.2s)
✔ [536/628] Built Mathlib.Tactic.Says (4.3s)
✔ [537/637] Built Mathlib.Tactic.RenameBVar (2.0s)
✔ [538/637] Built Mathlib.Tactic.ToLevel (1.9s)
✔ [542/649] Built Mathlib.Tactic.Trace (1.8s)
✔ [545/652] Built Mathlib.Tactic.TypeCheck (1.8s)
✔ [546/654] Built Aesop.Main (4.1s)
✔ [547/654] Built Mathlib.Tactic.FunProp.Theorems (4.8s)
✔ [548/654] Built Mathlib.Tactic.UnsetOption (1.6s)
✔ [549/656] Built Mathlib.Tactic.ToFun (3.4s)
✔ [550/656] Built Mathlib.Tactic.Widget.SelectInsertParamsClass (1.7s)
✔ [551/656] Built Mathlib.Lean.GoalsLocation (1.6s)
✔ [552/657] Built Mathlib.Lean.Meta.RefinedDiscrTree (1.8s)
✔ [553/658] Built Mathlib.Lean.Meta.KAbstractPositions (1.7s)
✔ [554/662] Built Mathlib.Tactic.Variable (3.4s)
✔ [556/665] Built Aesop (3.2s)
✔ [559/665] Built Mathlib.Logic.Equiv.Sum (4.8s)
✔ [560/665] Built Mathlib.Tactic.FunProp.Attr (3.1s)
✔ [561/665] Built Mathlib.Util.PrintSorries (2.3s)
✔ [562/665] Built Mathlib.Util.CountHeartbeats (3.1s)
✔ [563/665] Built Mathlib.Util.TransImports (2.1s)
✔ [568/669] Built Mathlib.Util.WhatsNew (2.8s)
✔ [569/672] Built Mathlib.Data.Set.Operations (5.7s)
✔ [572/672] Built Mathlib.Tactic.WLOG (4.5s)
✔ [575/673] Built Mathlib.Algebra.Group.Nat.Defs (3.7s)
✔ [576/675] Built Mathlib.Data.Option.Basic (4.6s)
✔ [577/675] Built Mathlib.Data.List.GetD (4.8s)
✔ [578/681] Built Mathlib.Algebra.Opposites (6.6s)
✔ [579/681] Built Mathlib.Tactic.Bound.Attribute (6.3s)
✔ [580/695] Built Mathlib.Data.Nat.Cast.NeZero (4.6s)
✔ [581/699] Built Mathlib.Algebra.CharZero.Defs (4.0s)
✔ [582/700] Built Mathlib.Tactic.Widget.SelectPanelUtils (3.5s)
✔ [583/700] Built Batteries.Data.Nat.Basic (1.1s)
✔ [584/700] Built Mathlib.Tactic.FunProp.Core (10s)
✔ [585/700] Built Mathlib.Algebra.GroupWithZero.Nat (3.6s)
✔ [586/700] Built Mathlib.Data.PNat.Notation (2.0s)
✔ [587/702] Built Mathlib.Order.Monotone.Defs (6.7s)
✔ [588/702] Built Mathlib.Tactic.HaveI (2.2s)
✔ [589/702] Built Mathlib.Order.Bounds.Defs (3.6s)
✔ [590/702] Built Mathlib.Logic.Equiv.Option (5.8s)
✔ [591/702] Built Mathlib.Tactic.Widget.InteractiveUnfold (3.0s)
✔ [592/702] Built Mathlib.Data.Nat.Find (4.7s)
✔ [593/706] Built Mathlib.Tactic.Widget.CongrM (3.6s)
✔ [594/706] Built Mathlib.Tactic.Widget.Calc (3.8s)
✔ [595/706] Built Mathlib.Lean.Expr.Rat (2.5s)
✔ [596/707] Built Mathlib.Tactic.Widget.Conv (5.9s)
✔ [597/712] Built Mathlib.Algebra.Ring.Nat (4.2s)
✔ [598/712] Built Mathlib.Tactic.FunProp.Elab (5.1s)
✔ [599/712] Built Mathlib.Data.Nat.Sqrt (5.8s)
✔ [600/713] Built Mathlib.Data.PNat.Defs (4.9s)
✔ [601/713] Built Mathlib.Algebra.Group.Basic (15s)
✔ [602/713] Built Mathlib.Order.Nat (4.2s)
✔ [603/713] Built Mathlib.Tactic.TryThis (2.3s)
✔ [604/713] Built Mathlib.Order.Monotone.Basic (6.6s)
✔ [605/713] Built Mathlib.Tactic.FunProp (3.6s)
✔ [606/713] Built Mathlib.Util.Qq (4.1s)
✔ [607/713] Built Mathlib.Util.AtomM.Recurse (3.0s)
✔ [608/713] Built Mathlib.Control.Basic (2.8s)
✔ [609/714] Built Mathlib.Tactic.Widget.LibraryRewrite (7.1s)
✔ [610/714] Built Mathlib.Algebra.Group.Semiconj.Basic (4.0s)
✔ [611/714] Built Mathlib.Data.Int.Cast.Basic (5.1s)
✔ [612/714] Built Mathlib.Algebra.Order.Monoid.Unbundled.Defs (5.5s)
✔ [613/714] Built Mathlib.Data.Ineq (1.9s)
✔ [614/714] Built Mathlib.Logic.Equiv.Basic (11s)
✔ [615/714] Built Mathlib.Algebra.Group.Torsion (5.8s)
✔ [616/714] Built Mathlib.Algebra.GroupWithZero.Basic (6.0s)
✔ [617/714] Built Mathlib.Order.GaloisConnection.Defs (7.1s)
✔ [618/715] Built Mathlib.Tactic.Common (5.5s)
✔ [619/715] Built Mathlib.Algebra.Group.Hom.Basic (8.8s)
✔ [620/715] Built Mathlib.Algebra.Group.Commute.Basic (5.5s)
✔ [621/715] Built Mathlib.Algebra.Group.Units.Basic (9.8s)
✔ [622/718] Built Mathlib.Algebra.Ring.Int.Defs (5.3s)
✔ [623/718] Built Mathlib.Algebra.Ring.GrindInstances (4.9s)
✔ [624/718] Built Mathlib.Algebra.Order.Monoid.Unbundled.OrderDual (4.3s)
✔ [625/718] Built Mathlib.Order.Lattice (10s)
✔ [626/718] Built Mathlib.Algebra.Order.GroupWithZero.Unbundled.Defs (5.6s)
✔ [627/718] Built Mathlib.Logic.Embedding.Basic (6.3s)
✔ [628/718] Built Mathlib.Data.Int.Sqrt (4.8s)
✔ [629/718] Built Mathlib.Algebra.Group.Opposite (6.9s)
✔ [630/718] Built Mathlib.Algebra.Divisibility.Basic (5.9s)
✔ [631/718] Built Mathlib.Data.Rat.Defs (5.3s)
✔ [632/718] Built Mathlib.Algebra.Ring.InjSurj (10s)
✔ [633/718] Built Mathlib.Algebra.Group.TypeTags.Basic (7.2s)
✔ [634/718] Built Mathlib.Algebra.Group.Equiv.Basic (6.4s)
✔ [635/719] Built Mathlib.Algebra.GroupWithZero.Hom (5.1s)
✔ [636/721] Built Mathlib.Algebra.Group.Semiconj.Units (3.0s)
✔ [637/721] Built Mathlib.Order.BoundedOrder.Lattice (4.8s)
✔ [638/722] Built Mathlib.Order.MinMax (4.9s)
✔ [639/722] Built Mathlib.Algebra.Divisibility.Units (5.7s)
✔ [640/722] Built Mathlib.Algebra.Group.Units.Hom (7.2s)
✔ [641/722] Built Mathlib.Algebra.Group.Hom.Instances (9.2s)
✔ [642/722] Built Mathlib.Algebra.Divisibility.Hom (4.6s)
✔ [643/724] Built Mathlib.Algebra.GroupWithZero.Units.Basic (6.9s)
✔ [644/724] Built Mathlib.Algebra.Group.TypeTags.Hom (6.2s)
✔ [645/724] Built Mathlib.Data.Option.NAry (3.0s)
✔ [646/724] Built Mathlib.Order.RelIso.Basic (9.4s)
✔ [647/724] Built Mathlib.Algebra.Group.Equiv.Opposite (6.8s)
✔ [648/724] Built Mathlib.Algebra.GroupWithZero.Regular (4.1s)
✔ [649/724] Built Mathlib.Algebra.Group.Commute.Units (5.7s)
✔ [650/724] Built Mathlib.Algebra.Group.WithOne.Defs (6.2s)
✔ [651/724] Built Mathlib.Algebra.Group.Units.Equiv (6.1s)
✔ [652/730] Built Mathlib.Algebra.GroupWithZero.Equiv (4.2s)
✔ [653/730] Built Mathlib.Order.Disjoint (7.4s)
✔ [654/731] Built Mathlib.Algebra.Ring.Basic (5.2s)
✔ [655/731] Built Mathlib.Algebra.GroupWithZero.Semiconj (4.0s)
✔ [656/732] Built Mathlib.Algebra.GroupWithZero.Divisibility (4.9s)
✔ [657/732] Built Mathlib.Algebra.Group.Nat.Hom (4.3s)
✔ [658/732] Built Mathlib.Algebra.Group.Invertible.Basic (4.8s)
✔ [659/732] Built Mathlib.Algebra.Group.Even (5.4s)
✔ [660/734] Built Mathlib.Algebra.Group.WithOne.Map (4.7s)
✔ [661/734] Built Mathlib.Order.TypeTags (4.0s)
✔ [662/735] Built Mathlib.Order.PropInstances (3.9s)
✔ [663/738] Built Mathlib.Algebra.Order.Monoid.Unbundled.Basic (11s)
✔ [664/738] Built Mathlib.Algebra.Regular.Basic (4.9s)
✔ [665/738] Built Mathlib.Algebra.Ring.Rat (4.9s)
✔ [666/738] Built Mathlib.Algebra.GroupWithZero.Commute (3.8s)
✔ [667/738] Built Mathlib.Algebra.GroupWithZero.Invertible (4.5s)
✔ [668/738] Built Mathlib.Algebra.GroupWithZero.WithZero (8.8s)
✔ [669/738] Built Mathlib.Algebra.Group.Nat.Even (5.3s)
✔ [670/738] Built Mathlib.Algebra.Ring.Hom.Defs (8.3s)
✔ [671/738] Built Mathlib.Algebra.Order.Monoid.Unbundled.ExistsOfLE (4.7s)
✔ [672/738] Built Mathlib.Algebra.Order.Monoid.Defs (5.1s)
✔ [673/738] Built Mathlib.Algebra.GroupWithZero.Units.Lemmas (4.8s)
✔ [674/738] Built Mathlib.Algebra.Order.Sub.Defs (5.7s)
✔ [675/738] Built Mathlib.Data.Set.Basic (9.1s)
✔ [676/738] Built Mathlib.Algebra.Order.Monoid.Unbundled.Pow (6.3s)
✔ [677/738] Built Mathlib.Order.Heyting.Basic (10s)
✔ [678/738] Built Mathlib.Order.Hom.Basic (14s)
✔ [679/743] Built Mathlib.Algebra.Ring.Invertible (5.2s)
✔ [680/743] Built Mathlib.Algebra.Group.Int.Even (5.3s)
✔ [681/743] Built Mathlib.Tactic.NormNum.Result (6.9s)
✔ [682/743] Built Mathlib.Algebra.Order.Monoid.Unbundled.TypeTags (3.7s)
✔ [683/743] Built Mathlib.Algebra.Ring.Units (4.1s)
✔ [684/743] Built Mathlib.Data.Nat.Cast.Basic (4.6s)
✔ [685/743] Built Mathlib.Algebra.Order.Group.Int (3.4s)
✔ [686/743] Built Mathlib.Algebra.Order.Monoid.OrderDual (3.5s)
✔ [687/743] Built Mathlib.Data.Set.Inclusion (3.2s)
✔ [688/743] Built Mathlib.Algebra.Order.Monoid.Canonical.Defs (4.4s)
✔ [689/749] Built Mathlib.Data.Set.Disjoint (3.5s)
✔ [690/749] Built Mathlib.Order.BooleanAlgebra.Defs (3.9s)
✔ [691/749] Built Mathlib.Algebra.Order.Monoid.Units (3.8s)
✔ [692/749] Built Mathlib.Algebra.Order.Monoid.NatCast (4.2s)
✔ [693/749] Built Mathlib.Algebra.Order.Monoid.Unbundled.MinMax (4.1s)
✔ [694/749] Built Mathlib.Order.WithBot (18s)
✔ [695/749] Built Mathlib.Algebra.Order.Group.Unbundled.Basic (8.3s)
✔ [696/751] Built Mathlib.Algebra.Ring.Commute (4.7s)
✔ [697/751] Built Mathlib.Tactic.NormNum.Core (5.7s)
✔ [698/751] Built Mathlib.Algebra.Order.Monoid.TypeTags (3.0s)
✔ [699/751] Built Mathlib.Data.Nat.Cast.Order.Basic (4.9s)
✔ [700/754] Built Mathlib.Algebra.Order.Group.Nat (3.8s)
✔ [701/754] Built Mathlib.Util.SynthesizeUsing (2.9s)
✔ [702/754] Built Mathlib.Algebra.Order.Sub.Unbundled.Basic (4.6s)
✔ [703/755] Built Mathlib.Tactic.Linarith.Oracle.SimplexAlgorithm.Datatypes (2.6s)
✔ [704/755] Built Mathlib.Algebra.Order.Group.Units (4.3s)
✔ [705/755] Built Mathlib.Data.Set.Insert (5.0s)
✔ [706/759] Built Mathlib.Algebra.Order.Group.Defs (4.7s)
✔ [707/759] Built Mathlib.Data.Nat.Cast.Commute (4.4s)
✔ [708/759] Built Mathlib.Algebra.Order.Group.OrderIso (4.9s)
✔ [709/759] Built Mathlib.Lean.Meta.Tactic.Rewrite (1.6s)
✔ [710/759] Built Mathlib.Order.BooleanAlgebra.Basic (7.5s)
✔ [711/759] Built Mathlib.Tactic.Linarith.Oracle.SimplexAlgorithm.Gauss (1.9s)
✔ [712/763] Built Mathlib.Tactic.Linarith.Oracle.SimplexAlgorithm.SimplexAlgorithm (2.2s)
✔ [713/763] Built Mathlib.Data.Tree.Basic (2.1s)
✔ [714/763] Built Mathlib.Algebra.Order.Sub.Basic (5.0s)
✔ [715/763] Built Mathlib.Algebra.Field.Basic (7.4s)
✔ [716/768] Built Mathlib.Tactic.Zify (3.9s)
✔ [717/771] Built Mathlib.Tactic.Linarith.Oracle.SimplexAlgorithm.PositiveVector (2.1s)
✔ [718/775] Built Mathlib.Data.Set.Subsingleton (4.7s)
✔ [719/775] Built Mathlib.Algebra.Order.Monoid.Unbundled.WithTop (9.7s)
✔ [720/775] Built Mathlib.Util.ElabWithoutMVars (1.0s)
✔ [721/778] Built Mathlib.Control.ULift (2.7s)
✔ [722/780] Built Mathlib.Algebra.Order.Group.Lattice (5.9s)
✔ [723/780] Built Mathlib.Util.PPOptions (2.7s)
✔ [724/780] Built Mathlib.Order.BooleanAlgebra.Set (7.7s)
✔ [725/784] Built Mathlib.Data.Bool.Set (5.7s)
✔ [726/794] Built Mathlib.Order.BoundedOrder.Monotone (5.1s)
✔ [727/797] Built Mathlib.Order.SymmDiff (9.1s)
✔ [728/797] Built Mathlib.Algebra.Ring.Parity (10s)
✔ [729/797] Built Mathlib.Algebra.Order.Monoid.WithTop (6.7s)
✔ [730/799] Built Mathlib.Data.ULift (5.8s)
✔ [731/799] Built Mathlib.Order.Interval.Set.Defs (5.8s)
✔ [732/800] Built Mathlib.Tactic.NormNum.Basic (13s)
✔ [733/807] Built Mathlib.Data.Set.Order (5.5s)
✔ [734/810] Built Mathlib.Data.Set.SymmDiff (4.8s)
✔ [735/812] Built Mathlib.Lean.Expr.ExtraRecognizers (1.9s)
✔ [736/812] Built Mathlib.Data.Int.Cast.Lemmas (6.6s)
✔ [737/814] Built Mathlib.Algebra.Order.Group.Unbundled.Abs (8.8s)
✔ [738/816] Built Mathlib.Algebra.Ring.Int.Parity (7.2s)
✔ [739/816] Built Mathlib.Order.SetNotation (12s)
✔ [740/816] Built Mathlib.Tactic.SetLike (4.2s)
✔ [741/816] Built Mathlib.Algebra.Order.AddGroupWithTop (6.7s)
✔ [742/822] Built Mathlib.Algebra.Order.Monoid.Basic (5.3s)
✔ [743/828] Built Mathlib.Data.Set.Notation (3.8s)
✔ [744/828] Built Mathlib.Order.Interval.Set.Basic (9.3s)
✔ [745/828] Built Mathlib.Util.Delaborators (13s)
✔ [746/829] Built Mathlib.Algebra.Order.Group.Unbundled.Int (5.6s)
✔ [747/832] Built Mathlib.Data.SetLike.Basic (5.9s)
✔ [748/833] Built Mathlib.Data.Rat.Lemmas (6.5s)
✔ [749/840] Built Mathlib.Algebra.Notation (4.7s)
✔ [750/841] Built Mathlib.Algebra.Order.Group.Abs (8.1s)
✔ [751/843] Built Mathlib.Tactic.NormNum.Pow (9.6s)
✔ [752/843] Built Mathlib.Data.Int.Cast.Pi (1.0s)
✔ [753/846] Built Mathlib.Data.Set.Image (12s)
✔ [754/846] Built Mathlib.Data.Int.GCD (7.4s)
✔ [755/846] Built Mathlib.Data.Int.Cast.Field (3.5s)
✔ [756/846] Built Mathlib.Data.Nat.Factorial.Basic (8.1s)
✔ [757/846] Built AeneasMeta.Simp.RegisterCommand (1.7s)
✔ [758/846] Built Mathlib.Order.Interval.Set.LinearOrder (8.8s)
✔ [759/853] Built Mathlib.Algebra.Order.Ring.Unbundled.Rat (6.8s)
✔ [760/854] Built AeneasMeta.Simp.Simp (4.4s)
✔ [761/857] Built Mathlib.Algebra.Order.Group.PosPart (7.1s)
✔ [762/864] Built Mathlib.Algebra.Order.Hom.Basic (6.3s)
✔ [763/864] Built AeneasMeta.Saturate.Attribute (6.1s)
✔ [764/864] Built Mathlib.Data.Nat.Set (4.3s)
✔ [765/867] Built Mathlib.Algebra.Notation.Support (5.9s)
✔ [766/867] Built Mathlib.Order.Directed (5.8s)
✔ [767/867] Built Mathlib.Algebra.Group.Nat.Units (3.2s)
✔ [768/869] Built Mathlib.Data.Set.Restrict (4.9s)
✔ [769/873] Built Mathlib.Data.Int.DivMod (2.2s)
✔ [770/873] Built Batteries.Data.Nat.Lemmas (2.3s)
✔ [771/876] Built AeneasMeta.Simp.SimpAllAssumptions (5.5s)
✔ [772/876] Built Mathlib.Algebra.Group.Irreducible.Defs (4.5s)
✔ [773/876] Built Mathlib.Algebra.GroupWithZero.Opposite (4.9s)
✔ [774/876] Built Mathlib.Data.Int.CharZero (5.6s)
✔ [775/876] Built Batteries.Data.Fin.Basic (3.2s)
✔ [776/877] Built Mathlib.Algebra.Group.ULift (6.8s)
✔ [777/878] Built Mathlib.Data.Set.Prod (9.9s)
✔ [778/878] Built Mathlib.Algebra.Group.ModEq (5.5s)
✔ [779/880] Built Mathlib.Data.Nat.GCD.Basic (6.0s)
✔ [780/880] Built Mathlib.Algebra.Prime.Defs (4.8s)
✔ [781/882] Built AeneasMeta.Simp (4.1s)
✔ [782/882] Built AeneasMeta.Saturate.Tactic (11s)
✔ [783/882] Built Mathlib.Order.Bounds.Basic (12s)
✔ [784/882] Built Mathlib.Data.Set.NAry (6.7s)
✔ [785/882] Built Aeneas.Tactic.Solver.ScalarTac.Init (5.2s)
✔ [786/882] Built Mathlib.Data.Nat.Prime.Defs (7.8s)
✔ [787/882] Built Mathlib.Data.Fin.Basic (9.5s)
✔ [788/882] Built Aeneas.Tactic.Simp.SimpBoolProp.Init (5.8s)
✔ [789/882] Built Mathlib.Data.Nat.ModEq (9.4s)
✔ [790/882] Built Mathlib.Algebra.Ring.Opposite (11s)
✔ [791/882] Built Aeneas.Tactic.Simp.SimpScalar.Init (5.8s)
✔ [792/882] Built AeneasMeta.Saturate (4.2s)
✔ [793/888] Built Mathlib.Algebra.Group.Int.Units (5.9s)
✔ [794/890] Built Mathlib.Data.Set.Function (13s)
✔ [795/890] Built Mathlib.Algebra.Group.Prod (14s)
✔ [796/890] Built Mathlib.Data.List.Monad (2.5s)
✔ [797/890] Built Mathlib.Order.CompleteLattice.Defs (6.5s)
✔ [798/890] Built Aeneas.Tactic.Simp.SimpBoolProp.SimpBoolProp (5.2s)
✔ [799/890] Built Mathlib.Order.LatticeIntervals (7.7s)
✔ [800/890] Built Mathlib.Order.Bounds.Image (7.4s)
✔ [801/890] Built Mathlib.Algebra.Ring.Int.Units (4.7s)
✔ [802/890] Built Mathlib.Algebra.CharP.Defs (7.3s)
✔ [803/899] Built Mathlib.Data.Int.ModEq (7.8s)
✔ [804/899] Built Mathlib.Order.WellFounded (5.5s)
✔ [805/899] Built Mathlib.Order.Interval.Set.Image (6.0s)
✔ [806/899] Built Mathlib.Data.Set.Pairwise.Basic (7.0s)
✔ [807/900] Built Mathlib.Data.Nat.Cast.Prod (4.8s)
✔ [808/900] Built Mathlib.Data.List.InsertIdx (5.8s)
✔ [809/907] Built Mathlib.Algebra.GroupWithZero.Prod (5.8s)
✔ [810/916] Built Mathlib.Data.List.Count (4.0s)
✔ [811/927] Built Mathlib.Data.Set.List (4.7s)
✔ [812/929] Built Mathlib.Logic.Equiv.Set (9.4s)
✔ [813/929] Built Mathlib.Order.ConditionallyCompleteLattice.Defs (5.4s)
✔ [814/929] Built Mathlib.Data.Finset.Attr (3.8s)
✔ [815/932] Built Mathlib.Data.Int.Cast.Prod (4.7s)
✔ [816/933] Built Mathlib.Order.Interval.Set.UnorderedInterval (8.5s)
✔ [817/933] Built Mathlib.Data.Finite.Defs (4.2s)
✔ [818/933] Built Mathlib.Data.List.TakeDrop (6.7s)
✔ [819/933] Built Mathlib.Algebra.Order.GroupWithZero.Unbundled.Basic (14s)
✔ [820/933] Built Mathlib.Data.List.Induction (6.0s)
✔ [821/933] Built Mathlib.Algebra.BigOperators.Group.List.Defs (5.2s)
✔ [822/937] Built Mathlib.Order.Hom.Set (6.7s)
✔ [823/937] Built Mathlib.Data.List.Flatten (5.1s)
✔ [824/940] Built Mathlib.Data.List.Pairwise (4.9s)
✔ [825/959] Built Mathlib.Order.Interval.Set.OrderEmbedding (5.6s)
✔ [826/968] Built Mathlib.Data.Fin.SuccPred (12s)
✔ [827/968] Built Batteries.Data.Fin.Lemmas (2.8s)
✔ [828/968] Built Mathlib.Order.Preorder.Chain (6.1s)
✔ [829/968] Built Mathlib.Data.List.ProdSigma (4.7s)
✔ [830/970] Built Mathlib.Algebra.Ring.Equiv (14s)
✔ [831/971] Built Mathlib.Algebra.Order.Nonneg.Basic (7.0s)
✔ [832/971] Built Mathlib.Data.List.Basic (23s)
✔ [833/972] Built Mathlib.Algebra.Order.Ring.Unbundled.Basic (11s)
✔ [834/972] Built Mathlib.Data.Fin.Embedding (5.4s)
✔ [835/972] Built Mathlib.Logic.Embedding.Set (5.8s)
✔ [836/972] Built Mathlib.Data.Fin.Rev (4.6s)
✔ [837/972] Built Mathlib.Algebra.Order.GroupWithZero.Synonym (3.9s)
✔ [838/972] Built Mathlib.Algebra.Ring.CompTypeclasses (4.6s)
✔ [839/972] Built Mathlib.Order.CompleteLattice.Basic (10s)
✔ [840/972] Built Mathlib.Order.Antichain (5.5s)
✔ [841/972] Built Mathlib.Algebra.Order.Sub.WithTop (3.7s)
✔ [842/972] Built Mathlib.Algebra.Ring.ULift (6.7s)
✔ [843/972] Built Mathlib.Data.List.Enum (3.8s)
✔ [844/972] Built Mathlib.Algebra.Order.GroupWithZero.Canonical (16s)
✔ [845/972] Built Mathlib.Data.NNRat.Defs (5.9s)
✔ [846/972] Built Mathlib.Data.List.Lex (4.9s)
✔ [847/972] Built Mathlib.Data.List.Perm.Subperm (4.3s)
✔ [848/972] Built Mathlib.Data.List.Infix (5.4s)
✔ [849/972] Built Mathlib.Data.List.Forall2 (5.5s)
✔ [850/972] Built Mathlib.Data.List.Lattice (5.9s)
✔ [851/972] Built Mathlib.Data.ENat.Defs (3.7s)
✔ [852/972] Built Mathlib.Algebra.Order.Ring.Defs (5.6s)
✔ [853/972] Built Mathlib.Algebra.Group.Fin.Basic (5.2s)
✔ [854/972] Built Mathlib.Order.Fin.Basic (5.0s)
✔ [855/973] Built Mathlib.Order.CompleteLattice.Lemmas (5.7s)
✔ [856/973] Built Mathlib.Algebra.Field.Rat (5.9s)
✔ [857/973] Built Mathlib.Order.GaloisConnection.Basic (8.1s)
✔ [858/973] Built Mathlib.Order.Interval.Set.OrdConnected (7.0s)
✔ [859/973] Built Mathlib.Data.Multiset.Defs (6.9s)
✔ [860/973] Built Mathlib.Algebra.Ring.Prod (9.8s)
✔ [861/973] Built Mathlib.Data.List.Perm.Basic (5.0s)
✔ [862/973] Built Mathlib.Algebra.Order.Ring.Nat (5.5s)
✔ [863/973] Built Mathlib.Data.List.Nodup (6.8s)
✔ [864/973] Built Mathlib.Data.List.Chain (9.1s)
✔ [865/973] Built Mathlib.Algebra.Order.Ring.InjSurj (4.1s)
✔ [866/973] Built Mathlib.Algebra.Order.Ring.Basic (5.0s)
✔ [867/973] Built Mathlib.Algebra.Order.Ring.Rat (4.6s)
✔ [868/973] Built Mathlib.Algebra.Order.Ring.Int (5.7s)
✔ [869/973] Built Mathlib.Algebra.Order.Positive.Ring (5.5s)
✔ [870/973] Built Mathlib.Algebra.Order.Ring.Canonical (4.8s)
✔ [871/973] Built Mathlib.Algebra.CharP.Basic (5.2s)
✔ [872/973] Built Mathlib.Order.Antisymmetrization (5.5s)
✔ [873/973] Built Mathlib.Tactic.CancelDenoms.Core (7.1s)
✔ [874/973] Built Mathlib.Data.Rat.Cast.Defs (6.9s)
✔ [875/973] Built Mathlib.Data.Multiset.ZeroCons (6.4s)
✔ [876/973] Built Mathlib.Data.Finset.Defs (6.8s)
✔ [877/977] Built Mathlib.Data.Nat.Cast.Order.Ring (5.7s)
✔ [878/977] Built Mathlib.Data.List.Perm.Lattice (5.3s)
✔ [879/977] Built Mathlib.Data.Fin.Tuple.Basic (10s)
✔ [880/977] Built Mathlib.Data.List.Duplicate (4.6s)
✔ [881/977] Built Mathlib.Algebra.BigOperators.Group.List.Basic (8.1s)
✔ [882/977] Built Mathlib.Data.List.OffDiag (5.9s)
✔ [883/977] Built Mathlib.Data.List.Dedup (3.9s)
✔ [884/977] Built Mathlib.Data.List.Range (3.9s)
✔ [885/977] Built Mathlib.Data.List.Rotate (5.1s)
✔ [886/977] Built Mathlib.Algebra.Order.Field.Canonical (4.2s)
✔ [887/977] Built Mathlib.Order.CompleteBooleanAlgebra (12s)
✔ [888/979] Built Mathlib.Data.Rat.Cast.CharZero (4.3s)
✔ [889/979] Built Mathlib.Data.Multiset.Count (4.4s)
✔ [890/979] Built Mathlib.Data.Finset.Empty (4.0s)
✔ [891/979] Built Mathlib.Data.Multiset.Basic (4.3s)
✔ [892/983] Built Mathlib.Algebra.Order.Ring.Cast (5.0s)
✔ [893/983] Built Mathlib.Algebra.Order.Invertible (4.7s)
✔ [894/988] Built Mathlib.Tactic.Linarith.Lemmas (5.4s)
✔ [895/988] Built Mathlib.Tactic.NormNum.Abs (6.2s)
✔ [896/989] Built Mathlib.Algebra.Order.Ring.WithTop (9.7s)
✔ [897/989] Built Mathlib.Data.Set.BooleanAlgebra (4.4s)
✔ [898/989] Built Mathlib.Data.List.OfFn (5.2s)
✔ [899/989] Built Mathlib.Algebra.BigOperators.Group.List.Lemmas (5.3s)
✔ [900/989] Built Mathlib.Order.Interval.Set.WithBotTop (5.0s)
✔ [901/992] Built Mathlib.Order.Hom.Bounded (9.9s)
✔ [902/992] Built Mathlib.Tactic.NormNum.Inv (6.9s)
✔ [903/992] Built Mathlib.Order.Iterate (5.1s)
✔ [904/994] Built Mathlib.Order.Hom.Lattice (10s)
✔ [905/996] Built Mathlib.Data.Multiset.AddSub (6.6s)
✔ [906/996] Built Mathlib.Tactic.Linarith.Datatypes (7.2s)
✔ [907/996] Built Mathlib.Data.List.FinRange (6.9s)
✔ [908/996] Built Mathlib.Logic.Small.Defs (4.4s)
✔ [909/996] Built Mathlib.Tactic.NormNum.Eq (8.4s)
✔ [910/996] Built Mathlib.Data.Multiset.Replicate (5.9s)
✔ [911/996] Built Mathlib.Tactic.Positivity.Core (14s)
✔ [912/996] Built Mathlib.Data.List.Sort (12s)
✔ [913/996] Built Mathlib.Data.Set.Lattice (13s)
✔ [914/996] Built Mathlib.Data.Countable.Defs (4.5s)
✔ [915/998] Built Mathlib.Tactic.Linarith.Parsing (5.7s)
✔ [916/998] Built Mathlib.Order.Hom.BoundedLattice (12s)
✔ [917/998] Built Mathlib.Algebra.Order.Hom.Monoid (13s)
✔ [918/998] Built Mathlib.Logic.Small.Basic (3.7s)
✔ [919/1001] Built Mathlib.Tactic.Linarith.Oracle.SimplexAlgorithm (5.6s)
✔ [920/1001] Built Mathlib.Data.List.NodupEquivFin (4.8s)
✔ [921/1001] Built Mathlib.Tactic.Linarith.Preprocessing (7.2s)
✔ [922/1001] Built Mathlib.Data.Multiset.MapFold (6.0s)
✔ [923/1001] Built Mathlib.Data.Countable.Small (3.3s)
✔ [924/1004] Built Mathlib.Tactic.Linarith.Verification (5.6s)
✔ [925/1005] Built Mathlib.Tactic.NormNum.Ineq (9.1s)
✔ [926/1010] Built Mathlib.Data.Set.Piecewise (4.2s)
✔ [927/1011] Built Mathlib.Order.Hom.WithTopBot (6.5s)
✔ [928/1017] Built Mathlib.Data.Finset.Attach (4.1s)
✔ [929/1018] Built Mathlib.Order.ConditionallyCompleteLattice.Basic (7.7s)
✔ [930/1018] Built Mathlib.Algebra.Order.Hom.MonoidWithZero (6.4s)
✔ [931/1018] Built Mathlib.Data.Multiset.Filter (4.9s)
✔ [932/1019] Built Mathlib.Logic.Function.DependsOn (3.9s)
✔ [933/1020] Built Mathlib.Tactic.NormNum.DivMod (5.5s)
✔ [934/1020] Built Mathlib.Tactic.Positivity.Basic (13s)
✔ [935/1020] Built Mathlib.Data.Set.Sigma (6.6s)
✔ [936/1020] Built Mathlib.Data.Setoid.Basic (4.9s)
✔ [937/1022] Built Mathlib.Order.CompleteLatticeIntervals (6.8s)
✔ [938/1026] Built Mathlib.Order.Cover (7.9s)
✔ [939/1026] Built Mathlib.Algebra.BigOperators.Group.Multiset.Defs (4.5s)
✔ [940/1026] Built Mathlib.Tactic.Ring.Common (28s)
✔ [941/1026] Built Mathlib.Data.Finset.Filter (5.1s)
✔ [942/1027] Built Mathlib.Data.Finset.Erase (4.6s)
✔ [943/1027] Built Mathlib.Algebra.Order.Hom.Ring (6.7s)
✔ [944/1027] Built Mathlib.Data.Multiset.UnionInter (5.5s)
✔ [945/1027] Built Mathlib.Data.Vector.Defs (4.9s)
✔ [946/1031] Built Mathlib.Control.Traversable.Basic (2.3s)
✔ [947/1034] Built Mathlib.Control.Applicative (3.6s)
✔ [948/1034] Built Mathlib.Algebra.Order.Nonneg.Lattice (4.1s)
✔ [949/1034] Built Mathlib.Data.Set.Lattice.Image (13s)
✔ [950/1034] Built Mathlib.Tactic.ApplyFun (4.9s)
✔ [951/1035] Built Mathlib.Data.Multiset.Dedup (4.6s)
✔ [952/1035] Built Mathlib.Tactic.Ring.Basic (5.6s)
✔ [953/1035] Built Mathlib.Data.Multiset.Range (4.6s)
✔ [954/1038] Built Mathlib.Data.List.Zip (4.9s)
✔ [955/1038] Built Mathlib.Data.Fintype.Defs (6.2s)
✔ [956/1038] Built Mathlib.Data.Nat.Choose.Basic (6.6s)
✔ [957/1038] Built Mathlib.Data.Set.Pairwise.Lattice (6.1s)
✔ [958/1039] Built Mathlib.Data.Nat.Bits (4.6s)
✔ [959/1040] Built Mathlib.Order.SuccPred.Basic (11s)
✔ [960/1040] Built Mathlib.Data.Finset.Dedup (6.0s)
✔ [961/1040] Built Mathlib.Data.Multiset.Fold (5.8s)
✔ [962/1040] Built Mathlib.Data.Multiset.FinsetOps (6.3s)
✔ [963/1044] Built Mathlib.Data.Vector.Basic (8.4s)
✔ [964/1044] Built Mathlib.Algebra.Order.Nonneg.Ring (7.6s)
✔ [965/1044] Built Mathlib.Data.Nat.Pairing (5.0s)
✔ [966/1044] Built Mathlib.Tactic.Linarith.Frontend (9.3s)
✔ [967/1044] Built Mathlib.Tactic.Ring.RingNF (8.1s)
✔ [968/1047] Built Mathlib.Data.List.Sublists (6.5s)
✔ [969/1047] Built Mathlib.Data.Nat.Order.Lemmas (5.4s)
✔ [970/1048] Built Mathlib.Order.SuccPred.WithBot (6.4s)
✔ [971/1049] Built Mathlib.Algebra.Order.Group.Multiset (6.7s)
✔ [972/1049] Built Mathlib.Data.List.MinMax (8.1s)
✔ [973/1049] Built Mathlib.Order.SuccPred.Archimedean (8.1s)
✔ [974/1049] Built Mathlib.Data.Multiset.Lattice (6.3s)
✔ [975/1049] Built Mathlib.Data.PNat.Equiv (4.3s)
✔ [976/1050] Built Mathlib.Data.Finset.Insert (8.7s)
✔ [977/1050] Built Mathlib.Logic.Equiv.Nat (4.3s)
✔ [978/1050] Built Mathlib.Data.Finset.Lattice.Basic (6.4s)
✔ [979/1050] Built Mathlib.Logic.Small.Set (4.4s)
✔ [980/1050] Built Mathlib.Logic.UnivLE (3.7s)
✔ [981/1051] Built Mathlib.Algebra.Order.Nonneg.Field (7.1s)
✔ [982/1051] Built Mathlib.Data.Multiset.Sum (4.9s)
✔ [983/1051] Built Mathlib.Order.Minimal (7.1s)
✔ [984/1053] Built Mathlib.Algebra.BigOperators.Group.Multiset.Basic (6.2s)
✔ [985/1055] Built Mathlib.Data.Finset.Range (5.0s)
✔ [986/1055] Built Mathlib.Data.Sym.Basic (7.2s)
✔ [987/1055] Built Mathlib.Data.Finset.Disjoint (4.9s)
✔ [988/1055] Built Mathlib.Data.Countable.Basic (5.4s)
✔ [989/1055] Built Mathlib.Data.Finset.Lattice.Lemmas (5.3s)
✔ [990/1058] Built Mathlib.Order.SuccPred.Limit (9.1s)
✔ [991/1058] Built Mathlib.Data.Finset.SDiff (6.5s)
✔ [992/1058] Built Mathlib.Logic.Encodable.Basic (7.5s)
✔ [993/1058] Built Mathlib.Algebra.Order.Field.Rat (5.1s)
✔ [994/1058] Built Mathlib.Data.Prod.Lex (6.5s)
✔ [995/1058] Built Mathlib.Data.Rat.Cast.Lemmas (5.7s)
✔ [996/1058] Built Mathlib.Data.Multiset.Bind (5.0s)
✔ [997/1058] Built Mathlib.Order.RelIso.Set (4.4s)
✔ [998/1058] Built Mathlib.Data.Sum.Order (11s)
✔ [999/1061] Built Mathlib.SetTheory.Cardinal.Defs (4.8s)
✔ [1000/1062] Built Mathlib.Order.ConditionallyCompleteLattice.Indexed (7.3s)
✔ [1001/1062] Built Mathlib.Algebra.Order.SuccPred (7.4s)
✔ [1002/1062] Built Mathlib.Tactic.NormNum.OfScientific (6.6s)
✔ [1003/1063] Built Mathlib.Data.Multiset.Powerset (5.0s)
✔ [1004/1063] Built Mathlib.Data.Finset.Image (8.5s)
✔ [1005/1065] Built Mathlib.Data.Finset.Basic (8.7s)
✔ [1006/1065] Built Mathlib.Data.Multiset.Pi (6.1s)
✔ [1007/1065] Built Mathlib.Order.UpperLower.Basic (11s)
✔ [1008/1065] Built Mathlib.Data.Rat.Cast.Order (9.5s)
✔ [1009/1065] Built Mathlib.Order.Hom.Order (4.6s)
✔ [1010/1068] Built Mathlib.Algebra.Group.Equiv.TypeTags (5.7s)
✔ [1011/1068] Built Mathlib.Order.Hom.Lex (7.4s)
✔ [1012/1068] Built Mathlib.Control.Monad.Basic (3.4s)
✔ [1013/1076] Built Mathlib.Data.Fintype.OfMap (4.8s)
✔ [1014/1076] Built Mathlib.Order.SuccPred.CompleteLinearOrder (5.8s)
✔ [1015/1078] Built Mathlib.Data.Nat.SuccPred (5.4s)
✔ [1016/1078] Built Mathlib.Data.Finset.SymmDiff (5.1s)
✔ [1017/1078] Built Mathlib.Data.Finset.BooleanAlgebra (6.2s)
✔ [1018/1078] Built Mathlib.Data.Finset.Fold (6.3s)
✔ [1019/1078] Built Mathlib.Tactic.NormNum (7.1s)
✔ [1020/1078] Built Mathlib.Order.CompleteLattice.Chain (6.5s)
✔ [1021/1078] Built Mathlib.Order.ScottContinuity (8.3s)
✔ [1022/1078] Built Mathlib.Data.Part (10s)
✔ [1023/1080] Built Mathlib.Algebra.GroupWithZero.Units.Equiv (6.7s)
✔ [1024/1082] Built Mathlib.Data.Finset.Piecewise (8.1s)
✔ [1025/1085] Built Mathlib.Data.Fintype.Sets (10s)
✔ [1026/1085] Built Mathlib.Order.InitialSeg (15s)
✔ [1027/1085] Built Mathlib.Algebra.Group.End (17s)
✔ [1028/1085] Built Mathlib.Order.Zorn (8.0s)
✔ [1029/1087] Built Mathlib.Order.Part (7.7s)
✔ [1030/1087] Built Mathlib.Tactic.Linarith (9.4s)
✔ [1031/1087] Built Mathlib.Data.ENat.Basic (17s)
✔ [1032/1087] Built Mathlib.Data.Finset.Union (12s)
✔ [1033/1087] Built Mathlib.Algebra.Group.Subsemigroup.Defs (10s)
✔ [1034/1087] Built Mathlib.Dynamics.FixedPoints.Basic (8.3s)
✔ [1035/1096] Built Mathlib.Data.Fintype.Basic (9.2s)
✔ [1036/1102] Built Mathlib.Algebra.Group.Conj (8.6s)
✔ [1037/1102] Built Mathlib.Data.Finset.Card (28s)
✔ [1038/1104] Built Mathlib.Data.ENat.Pow (9.2s)
✔ [1039/1104] Built Mathlib.Algebra.Group.Action.Defs (12s)
✔ [1040/1104] Built Aeneas.Tactic.Solver.ScalarTac.Core (12s)
✔ [1041/1104] Built Mathlib.Algebra.Group.Subsemigroup.Basic (8.2s)
✔ [1042/1106] Built Mathlib.Algebra.Group.Submonoid.Defs (12s)
✔ [1043/1106] Built Mathlib.Data.Finset.Pi (8.4s)
✔ [1044/1106] Built Mathlib.Data.Finset.Option (7.3s)
✔ [1045/1106] Built Mathlib.Algebra.BigOperators.Group.Finset.Defs (18s)
✔ [1046/1106] Built Mathlib.Algebra.Group.Pi.Lemmas (17s)
✔ [1047/1106] Built Mathlib.Data.Finset.Sum (7.7s)
✔ [1048/1106] Built Mathlib.Order.OmegaCompletePartialOrder (12s)
✔ [1049/1106] Built Mathlib.Data.Fintype.Card (6.5s)
✔ [1050/1106] Built Mathlib.Algebra.Group.Action.Faithful (5.3s)
✔ [1051/1106] Built Mathlib.Algebra.Group.Action.Opposite (6.7s)
✔ [1052/1108] Built Mathlib.Data.Finset.Prod (7.9s)
✔ [1053/1108] Built Mathlib.Algebra.Group.Submonoid.MulAction (5.8s)
✔ [1054/1108] Built Mathlib.Algebra.Group.Center (17s)
✔ [1055/1108] Built Mathlib.Algebra.Group.Submonoid.Basic (7.9s)
✔ [1056/1109] Built Mathlib.Algebra.Group.Pointwise.Set.Scalar (6.5s)
✔ [1057/1109] Built Mathlib.Order.CompleteLattice.Finset (5.6s)
✔ [1058/1109] Built Mathlib.Logic.Function.CompTypeclasses (1.9s)
✔ [1059/1109] Built Aeneas.Tactic.Solver.ScalarTac.ScalarTac (11s)
✔ [1060/1109] Built Mathlib.Algebra.Group.Action.Units (5.2s)
✔ [1061/1109] Built Mathlib.Order.FixedPoints (6.5s)
✔ [1062/1117] Built Mathlib.Algebra.Group.Subgroup.Defs (13s)
✔ [1063/1117] Built Mathlib.Data.Fintype.EquivFin (6.8s)
✔ [1064/1117] Built Mathlib.GroupTheory.Subsemigroup.Center (4.2s)
✔ [1065/1117] Built Mathlib.Algebra.GroupWithZero.Action.Defs (6.4s)
✔ [1066/1117] Built Mathlib.Algebra.Group.Hom.CompTypeclasses (3.7s)
✔ [1067/1117] Built Mathlib.Algebra.Group.Action.TypeTags (3.0s)
✔ [1068/1118] Built Mathlib.Data.Finset.Lattice.Fold (12s)
✔ [1069/1118] Built Mathlib.Algebra.Group.Action.Basic (5.3s)
✔ [1070/1118] Built Mathlib.Data.Fintype.Prod (5.0s)
✔ [1071/1118] Built Mathlib.Data.Fintype.Sum (5.2s)
✔ [1072/1118] Built Mathlib.SetTheory.Cardinal.SchroederBernstein (5.0s)
✔ [1073/1118] Built Mathlib.Logic.Denumerable (5.8s)
✔ [1074/1118] Built Mathlib.Data.Fintype.Option (4.6s)
✔ [1075/1118] Built Mathlib.Algebra.GroupWithZero.Action.Units (4.2s)
✔ [1076/1118] Built Mathlib.Data.ZMod.Defs (5.3s)
✔ [1077/1119] Built Mathlib.Algebra.Regular.SMul (4.3s)
✔ [1078/1121] Built Mathlib.Data.Set.Finite.Basic (7.6s)
✔ [1079/1121] Built Mathlib.Algebra.Group.Submonoid.DistribMulAction (4.2s)
✔ [1080/1121] Built Mathlib.Algebra.Module.Defs (4.9s)
✔ [1081/1121] Built Mathlib.Algebra.Group.Action.Pretransitive (3.5s)
✔ [1082/1121] Built Mathlib.Algebra.BigOperators.Group.Finset.Basic (15s)
✔ [1083/1121] Built Mathlib.Data.Finset.Lattice.Union (4.1s)
✔ [1084/1122] Built Mathlib.Data.Finset.Sigma (5.7s)
✔ [1085/1122] Built Mathlib.Algebra.CharP.Two (5.5s)
✔ [1086/1122] Built Mathlib.Logic.Equiv.List (5.4s)
✔ [1087/1122] Built Mathlib.Algebra.Group.Submonoid.Operations (17s)
✔ [1088/1122] Built Mathlib.Order.Preorder.Finite (5.3s)
✔ [1089/1122] Built Mathlib.Algebra.Group.Action.Hom (4.8s)
✔ [1090/1125] Built Mathlib.SetTheory.Cardinal.Order (7.5s)
✔ [1091/1125] Built Mathlib.Data.Fintype.Pi (6.9s)
✔ [1092/1125] Built Mathlib.GroupTheory.GroupAction.Defs (9.1s)
✔ [1093/1125] Built Mathlib.Algebra.BigOperators.Option (5.1s)
✔ [1094/1126] Built Mathlib.Data.Finset.Powerset (6.9s)
✔ [1095/1126] Built Mathlib.Algebra.Group.Support (5.2s)
✔ [1096/1127] Built Mathlib.Algebra.BigOperators.Group.Finset.Sigma (6.7s)
✔ [1097/1127] Built Mathlib.Algebra.BigOperators.Group.Finset.Piecewise (8.5s)
✔ [1098/1127] Built Mathlib.Algebra.GroupWithZero.Action.End (4.7s)
✔ [1099/1129] Built Mathlib.Data.Set.Countable (5.0s)
✔ [1100/1130] Built Mathlib.GroupTheory.Submonoid.Center (7.4s)
✔ [1101/1131] Built Mathlib.Algebra.Group.Commute.Hom (3.8s)
✔ [1102/1131] Built Mathlib.Data.Fintype.Sigma (11s)
✔ [1103/1131] Built Mathlib.Data.Finite.Prod (4.0s)
✔ [1104/1133] Built Mathlib.Data.Fintype.Vector (4.7s)
✔ [1105/1133] Built Mathlib.Data.Fintype.Powerset (4.6s)
✔ [1106/1133] Built Mathlib.Algebra.Group.Subgroup.Lattice (10s)
✔ [1107/1133] Built Mathlib.Algebra.Ring.Action.Basic (4.0s)
✔ [1108/1141] Built Mathlib.Algebra.Group.Pointwise.Set.Basic (18s)
✔ [1109/1141] Built Mathlib.Data.Set.Finite.Range (4.2s)
✔ [1110/1142] Built Mathlib.Algebra.Group.Submonoid.Finite (4.8s)
✔ [1111/1145] Built Mathlib.Algebra.Module.NatInt (4.9s)
✔ [1112/1146] Built Mathlib.Algebra.Order.Group.Action (3.6s)
✔ [1113/1146] Built Mathlib.Algebra.Ring.Divisibility.Basic (4.4s)
✔ [1114/1146] Built Mathlib.Algebra.Group.Irreducible.Lemmas (3.9s)
✔ [1115/1152] Built Mathlib.Data.Fintype.BigOperators (5.4s)
✔ [1116/1153] Built Mathlib.Data.Finset.NoncommProd (6.6s)
✔ [1117/1153] Built Mathlib.Algebra.Group.Pointwise.Set.Finite (5.1s)
✔ [1118/1154] Built Mathlib.Algebra.Group.Embedding (3.7s)
✔ [1119/1154] Built Mathlib.Data.Set.Finite.Powerset (4.4s)
✔ [1120/1159] Built Mathlib.Data.Finset.Max (7.3s)
✔ [1121/1161] Built Mathlib.Algebra.Prime.Lemmas (4.9s)
✔ [1122/1162] Built Mathlib.Algebra.Order.Ring.Abs (6.8s)
✔ [1123/1162] Built Mathlib.Algebra.Group.Subgroup.Map (11s)
✔ [1124/1163] Built Mathlib.Algebra.Group.Submonoid.BigOperators (6.6s)
✔ [1125/1163] Built Mathlib.Data.Finset.Preimage (6.7s)
✔ [1126/1164] Built Mathlib.Data.PNat.Basic (6.8s)
✔ [1127/1164] Built Mathlib.Data.List.Permutation (6.8s)
✔ [1128/1164] Built Mathlib.Data.Set.Finite.Lattice (8.6s)
✔ [1129/1164] Built Mathlib.SetTheory.Cardinal.Basic (11s)
✔ [1130/1164] Built Mathlib.Algebra.Notation.Indicator (6.3s)
✔ [1131/1168] Built Mathlib.Algebra.GroupWithZero.Associated (7.0s)
✔ [1132/1168] Built Mathlib.Algebra.Group.Subgroup.ZPowers.Basic (6.1s)
✔ [1133/1168] Built Mathlib.Algebra.Group.Action.End (5.2s)
✔ [1134/1168] Built Mathlib.Data.Fintype.List (4.3s)
✔ [1135/1169] Built Mathlib.Algebra.Group.Pointwise.Set.Lattice (6.3s)
✔ [1136/1169] Built Mathlib.Order.ConditionallyCompleteLattice.Finset (6.4s)
✔ [1137/1172] Built Mathlib.Algebra.BigOperators.GroupWithZero.Finset (5.7s)
✔ [1138/1173] Built Mathlib.Algebra.Ring.Associated (4.9s)
✔ [1139/1173] Built Mathlib.Data.Nat.Prime.Basic (6.2s)
✔ [1140/1173] Built Mathlib.SetTheory.Cardinal.ENat (8.3s)
✔ [1141/1174] Built Mathlib.Algebra.Group.Subgroup.Ker (13s)
✔ [1142/1174] Built Mathlib.Order.Interval.Finset.Defs (13s)
✔ [1143/1178] Built Mathlib.GroupTheory.GroupAction.Hom (26s)
✔ [1144/1178] Built Mathlib.Algebra.Group.Subsemigroup.MulOpposite (6.7s)
✔ [1145/1178] Built Mathlib.Algebra.Group.Idempotent (4.4s)
✔ [1146/1183] Built Mathlib.Data.Sigma.Lex (3.2s)
✔ [1147/1189] Built Mathlib.Algebra.Order.BigOperators.Group.List (7.3s)
✔ [1148/1190] Built Mathlib.SetTheory.Cardinal.ToNat (6.5s)
✔ [1149/1190] Built Mathlib.Algebra.Group.Action.Pointwise.Set.Basic (9.0s)
✔ [1150/1194] Built Mathlib.Algebra.Group.Submonoid.MulOpposite (5.0s)
✔ [1151/1194] Built Mathlib.Algebra.FreeMonoid.Basic (11s)
✔ [1152/1194] Built Mathlib.GroupTheory.Subsemigroup.Centralizer (5.2s)
✔ [1153/1194] Built Mathlib.Algebra.GroupWithZero.Pointwise.Set.Basic (4.2s)
✔ [1154/1195] Built Mathlib.Algebra.Group.Action.Prod (6.2s)
✔ [1155/1195] Built Mathlib.Data.List.Cycle (16s)
✔ [1156/1199] Built Mathlib.Algebra.Quotient (3.8s)
✔ [1157/1199] Built Mathlib.Algebra.Group.Subgroup.MulOpposite (5.2s)
✔ [1158/1199] Built Mathlib.Algebra.Group.Subgroup.Basic (13s)
✔ [1159/1199] Built Mathlib.SetTheory.Cardinal.Finite (7.1s)
✔ [1160/1199] Built Mathlib.Algebra.Group.Commutator (3.3s)
✔ [1161/1199] Built Mathlib.GroupTheory.Submonoid.Centralizer (4.2s)
✔ [1162/1199] Built Mathlib.Algebra.GroupWithZero.Action.Basic (4.5s)
✔ [1163/1199] Built Mathlib.Order.Interval.Finset.Basic (15s)
✔ [1164/1199] Built Mathlib.Algebra.GCDMonoid.Basic (17s)
✔ [1165/1199] Built Mathlib.Algebra.Group.Submonoid.Membership (9.3s)
✔ [1166/1199] Built Mathlib.Dynamics.PeriodicPts.Defs (5.8s)
✔ [1167/1199] Built Mathlib.Algebra.Group.Subgroup.MulOppositeLemmas (5.1s)
✔ [1168/1203] Built Mathlib.GroupTheory.Coset.Defs (5.6s)
✔ [1169/1203] Built Mathlib.GroupTheory.Subgroup.Center (5.2s)
✔ [1170/1206] Built Mathlib.GroupTheory.Congruence.Defs (8.2s)
✔ [1171/1206] Built Mathlib.Data.Finite.Card (5.2s)
✔ [1172/1208] Built Mathlib.Data.Fintype.Units (4.0s)
✔ [1173/1208] Built Mathlib.Algebra.GroupWithZero.Action.Pointwise.Set (6.3s)
✔ [1174/1208] Built Mathlib.Algebra.GroupWithZero.Action.Opposite (4.2s)
✔ [1175/1208] Built Mathlib.Algebra.GCDMonoid.Nat (6.1s)
✔ [1176/1208] Built Mathlib.Order.Interval.Multiset (6.5s)
✔ [1177/1209] Built Mathlib.Algebra.GCDMonoid.Multiset (6.8s)
✔ [1178/1209] Built Mathlib.Algebra.Regular.Opposite (5.1s)
✔ [1179/1211] Built Mathlib.Algebra.Group.Subgroup.Actions (6.0s)
✔ [1180/1211] Built Mathlib.Data.Set.Card (13s)
✔ [1181/1211] Built Mathlib.Data.Finite.Sigma (4.0s)
✔ [1182/1214] Built Mathlib.GroupTheory.Subgroup.Centralizer (7.5s)
✔ [1183/1214] Built Mathlib.Algebra.Module.Opposite (4.1s)
✔ [1184/1214] Built Mathlib.GroupTheory.Congruence.Hom (6.5s)
✔ [1185/1214] Built Mathlib.Algebra.Group.Subgroup.Finite (6.6s)
✔ [1186/1214] Built Mathlib.Algebra.GCDMonoid.Finset (4.6s)
✔ [1187/1217] Built Mathlib.GroupTheory.Coset.Basic (11s)
✔ [1188/1218] Built Mathlib.Order.Interval.Finset.Nat (6.0s)
✔ [1189/1218] Built Mathlib.Data.Nat.Log (4.7s)
✔ [1190/1218] Built Mathlib.Data.Nat.Prime.Pow (4.1s)
✔ [1191/1218] Built Mathlib.Data.Multiset.OrderedMonoid (4.0s)
✔ [1192/1221] Built Mathlib.Algebra.Order.BigOperators.Group.Multiset (5.2s)
✔ [1193/1221] Built Mathlib.Algebra.Module.Torsion.Free (5.2s)
✔ [1194/1226] Built Mathlib.Data.Nat.Lattice (4.8s)
✔ [1195/1226] Built Mathlib.GroupTheory.GroupAction.ConjAct (6.1s)
✔ [1196/1228] Built Mathlib.Order.Interval.Set.SuccPred (5.5s)
✔ [1197/1228] Built Mathlib.Algebra.Ring.CharZero (4.9s)
✔ [1198/1228] Built Mathlib.Algebra.BigOperators.Ring.List (4.1s)
✔ [1199/1228] Built Mathlib.Algebra.IsPrimePow (4.8s)
✔ [1200/1228] Built Mathlib.GroupTheory.Coset.Card (8.4s)
✔ [1201/1228] Built Mathlib.GroupTheory.QuotientGroup.Defs (9.8s)
✔ [1202/1229] Built Mathlib.Data.List.Prime (3.9s)
✔ [1203/1230] Built Mathlib.Data.Nat.Prime.Infinite (4.1s)
✔ [1204/1230] Built Mathlib.Order.Interval.Set.Infinite (4.3s)
✔ [1205/1231] Built Mathlib.Dynamics.PeriodicPts.Lemmas (5.3s)
✔ [1206/1232] Built Mathlib.Order.OrderIsoNat (5.2s)
✔ [1207/1233] Built Mathlib.Algebra.Order.BigOperators.Group.Finset (9.3s)
✔ [1208/1233] Built Mathlib.GroupTheory.GroupAction.SubMulAction (15s)
✔ [1209/1234] Built Mathlib.Tactic.FinCases (4.8s)
✔ [1210/1241] Built Mathlib.GroupTheory.GroupAction.Basic (8.9s)
✔ [1211/1241] Built Mathlib.Order.Interval.Finset.SuccPred (6.7s)
✔ [1212/1241] Built Aeneas.Data.Nat (4.1s)
✔ [1213/1244] Built Mathlib.GroupTheory.Commutator.Basic (6.3s)
✔ [1214/1244] Built Aeneas.Tactic.Conv.Bvify.Init (4.5s)
✔ [1215/1245] Built Aeneas.Data.Int (4.1s)
✔ [1216/1246] Built Mathlib.Data.Nat.Factors (5.8s)
✔ [1217/1246] Built Aeneas.Tactic.Simp.SimpLists.Init (4.3s)
✔ [1218/1249] Built Aeneas.Tactic.Simproc.ReduceZMod.Init (4.1s)
✔ [1219/1249] Built Mathlib.Order.WellQuasiOrder (6.6s)
✔ [1220/1249] Built Mathlib.Algebra.Module.RingHom (6.9s)
✔ [1221/1253] Built Mathlib.Algebra.EuclideanDomain.Defs (7.6s)
✔ [1222/1253] Built Mathlib.Data.Nat.Prime.Int (7.4s)
✔ [1223/1253] Built Mathlib.Algebra.GroupWithZero.Pi (5.4s)
✔ [1224/1253] Built Mathlib.Data.Nat.PrimeFin (8.8s)
✔ [1225/1253] Built Mathlib.Algebra.Group.Action.Pi (7.0s)
✔ [1226/1253] Built Mathlib.Algebra.Order.Interval.Finset.SuccPred (10s)
✔ [1227/1253] Built Mathlib.Algebra.EuclideanDomain.Int (6.6s)
✔ [1228/1253] Built Aeneas.Tactic.Solver.ScalarTac.CondSimpTac (16s)
✔ [1229/1255] Built Mathlib.Algebra.EuclideanDomain.Field (8.3s)
✔ [1230/1259] Built Mathlib.GroupTheory.GroupAction.Quotient (17s)
✔ [1231/1261] Built Mathlib.Order.WellFoundedSet (13s)
✔ [1232/1266] Built Mathlib.Algebra.EuclideanDomain.Basic (9.8s)
✔ [1233/1268] Built Mathlib.Algebra.Ring.Pi (10s)
✔ [1234/1268] Built Mathlib.Algebra.GroupWithZero.Action.Hom (6.7s)
✔ [1235/1274] Built Mathlib.Algebra.GroupWithZero.Action.Pi (7.8s)
✔ [1236/1274] Built Mathlib.Algebra.Group.Hom.End (6.2s)
✔ [1237/1274] Built Mathlib.Algebra.GroupWithZero.Action.Prod (6.6s)
✔ [1238/1277] Built Mathlib.Algebra.Group.PUnit (4.3s)
✔ [1239/1277] Built Mathlib.Data.DFinsupp.Defs (21s)
✔ [1240/1279] Built Mathlib.Algebra.Group.Submonoid.Pointwise (11s)
✔ [1241/1279] Built Mathlib.Algebra.Module.Pi (6.5s)
✔ [1242/1279] Built Mathlib.Algebra.Module.End (6.8s)
✔ [1243/1279] Built Mathlib.Algebra.Module.Prod (5.5s)
✔ [1244/1279] Built Mathlib.GroupTheory.GroupAction.DomAct.Basic (10s)
✔ [1245/1279] Built Mathlib.Algebra.Module.Submodule.Defs (14s)
✔ [1246/1279] Built Mathlib.Algebra.Ring.PUnit (4.1s)
✔ [1247/1281] Built Mathlib.Algebra.Module.Torsion.Pi (6.5s)
✔ [1248/1283] Built Aeneas.Std.Scalar.Core (37s)
✔ [1249/1284] Built Mathlib.Algebra.GroupWithZero.ULift (5.3s)
✔ [1250/1285] Built Mathlib.Algebra.Module.LinearMap.Defs (35s)
✔ [1251/1285] Built Mathlib.Algebra.GroupWithZero.Submonoid.Pointwise (10s)
✔ [1252/1285] Built Mathlib.Order.Hom.CompleteLattice (14s)
✔ [1253/1285] Built Mathlib.Algebra.Module.Submodule.Basic (9.3s)
✔ [1254/1286] Built Mathlib.Algebra.Module.Hom (9.8s)
✔ [1255/1287] Built Mathlib.Algebra.Module.PUnit (7.4s)
✔ [1256/1289] Built Mathlib.NumberTheory.Divisors (30s)
✔ [1257/1289] Built Mathlib.Algebra.Ring.Action.Subobjects (7.8s)
✔ [1258/1293] Built Mathlib.Algebra.Group.Subgroup.Pointwise (14s)
✔ [1259/1293] Built Mathlib.RingTheory.NonUnitalSubsemiring.Defs (10s)
✔ [1260/1293] Built Mathlib.Algebra.Group.Subsemigroup.Membership (6.5s)
✔ [1261/1297] Built Mathlib.Data.DFinsupp.Module (8.2s)
✔ [1262/1297] Built Mathlib.Algebra.GroupWithZero.Center (4.8s)
✔ [1263/1297] Built Mathlib.Algebra.Ring.Centralizer (5.2s)
✔ [1264/1300] Built Mathlib.Algebra.Module.LinearMap.Basic (9.5s)
✔ [1265/1300] Built Mathlib.Algebra.Ring.Center (6.1s)
✔ [1266/1304] Built Mathlib.Algebra.Algebra.Defs (9.6s)
✔ [1267/1305] Built Mathlib.Algebra.Ring.Submonoid.Basic (6.4s)
✔ [1268/1311] Built Mathlib.Algebra.Ring.Hom.InjSurj (6.7s)
✔ [1269/1314] Built Mathlib.Algebra.GroupWithZero.Subgroup (9.2s)
✔ [1270/1315] Built Mathlib.Algebra.Group.Subsemigroup.Operations (16s)
✔ [1271/1316] Built Mathlib.Algebra.NoZeroSMulDivisors.Defs (7.9s)
✔ [1272/1317] Built Mathlib.RingTheory.NonUnitalSubring.Defs (11s)
✔ [1273/1319] Built Mathlib.Algebra.Group.TransferInstance (9.0s)
✔ [1274/1319] Built Mathlib.Algebra.Ring.Subsemiring.Defs (12s)
✔ [1275/1320] Built Mathlib.Data.Set.Monotone (8.1s)
✔ [1276/1320] Built Mathlib.Data.Finset.Lattice.Prod (9.2s)
✔ [1277/1320] Built Mathlib.GroupTheory.QuotientGroup.Basic (21s)
✔ [1278/1322] Built Mathlib.Order.Interval.Set.OrderIso (7.1s)
✔ [1279/1329] Built Mathlib.Algebra.GroupWithZero.NonZeroDivisors (12s)
✔ [1280/1329] Built Mathlib.Data.Finset.Order (7.8s)
✔ [1281/1329] Built Mathlib.Order.Closure (12s)
✔ [1282/1332] Built Mathlib.Algebra.Group.Action.TransferInstance (8.1s)
✔ [1283/1332] Built Mathlib.Data.Finite.Set (7.2s)
✔ [1284/1332] Built Mathlib.Algebra.Module.Torsion.Field (7.0s)
✔ [1285/1333] Built Mathlib.RingTheory.NonUnitalSubsemiring.Basic (19s)
✔ [1286/1335] Built Mathlib.Algebra.GroupWithZero.Action.TransferInstance (8.1s)
✔ [1287/1336] Built Mathlib.Algebra.Module.Equiv.Defs (38s)
✔ [1288/1336] Built Mathlib.Algebra.Ring.Subring.Defs (12s)
✔ [1289/1336] Built Mathlib.Order.ModularLattice (13s)
✔ [1290/1336] Built Mathlib.Algebra.Group.Shrink (8.2s)
✔ [1291/1336] Built Mathlib.Algebra.Ring.Action.Group (5.9s)
✔ [1292/1336] Built Mathlib.Tactic.Abel (16s)
✔ [1293/1336] Built Mathlib.Algebra.Group.Pointwise.Set.ListOfFn (5.3s)
✔ [1294/1336] Built Mathlib.Order.SupClosed (13s)
✔ [1295/1336] Built Mathlib.Algebra.Module.Equiv.Opposite (5.3s)
✔ [1296/1336] Built Mathlib.Algebra.Module.TransferInstance (8.4s)
✔ [1297/1336] Built Mathlib.Algebra.Module.ULift (8.2s)
✔ [1298/1340] Built Mathlib.Data.Finset.NAry (9.1s)
✔ [1299/1340] Built Mathlib.GroupTheory.Index (22s)
✔ [1300/1340] Built Mathlib.Algebra.Group.Pointwise.Set.BigOperators (6.6s)
✔ [1301/1340] Built Mathlib.Algebra.Module.Submodule.Lattice (13s)
✔ [1302/1341] Built Mathlib.Algebra.Module.Shrink (6.8s)
✔ [1303/1341] Built Mathlib.Algebra.BigOperators.Group.Finset.Lemmas (7.5s)
✔ [1304/1341] Built Mathlib.Algebra.Group.Indicator (7.6s)
✔ [1305/1341] Built Mathlib.Algebra.Notation.FiniteSupport (5.9s)
✔ [1306/1345] Built Mathlib.Order.SupIndep (13s)
✔ [1307/1346] Built Mathlib.Algebra.Ring.Subsemiring.Basic (20s)
✔ [1308/1346] Built Mathlib.Algebra.BigOperators.Group.Finset.Pi (6.5s)
✔ [1309/1346] Built Mathlib.Data.Multiset.Antidiagonal (5.9s)
✔ [1310/1348] Built Mathlib.Order.Atoms (19s)
✔ [1311/1350] Built Mathlib.Data.Multiset.Sections (5.6s)
✔ [1312/1350] Built Mathlib.Algebra.Module.LinearMap.End (18s)
✔ [1313/1350] Built Mathlib.Algebra.Module.Submodule.RestrictScalars (9.6s)
✔ [1314/1350] Built Mathlib.Algebra.BigOperators.Pi (9.4s)
✔ [1315/1355] Built Mathlib.Algebra.Order.BigOperators.GroupWithZero.List (5.6s)
✔ [1316/1355] Built Mathlib.LinearAlgebra.Span.Defs (15s)
✔ [1317/1355] Built Mathlib.Algebra.Order.BigOperators.Ring.List (5.3s)
✔ [1318/1356] Built Mathlib.Algebra.BigOperators.Ring.Multiset (5.0s)
✔ [1319/1356] Built Mathlib.Algebra.Order.AbsoluteValue.Basic (10s)
✔ [1320/1362] Built Mathlib.Order.CompactlyGenerated.Basic (11s)
✔ [1321/1365] Built Mathlib.Algebra.Order.BigOperators.GroupWithZero.Multiset (5.5s)
✔ [1322/1365] Built Mathlib.Tactic.Ring.PNat (5.1s)
✔ [1323/1365] Built Mathlib.Algebra.Group.Pointwise.Finset.Basic (26s)
✔ [1324/1371] Built Mathlib.Algebra.BigOperators.Ring.Finset (8.1s)
✔ [1325/1372] Built Mathlib.Algebra.Module.Submodule.LinearMap (11s)
✔ [1326/1373] Built Mathlib.Tactic.Ring (5.9s)
✔ [1327/1373] Built Mathlib.Algebra.Module.Basic (6.0s)
✔ [1328/1377] Built Mathlib.Algebra.BigOperators.Group.Finset.Preimage (6.6s)
✔ [1329/1378] Built Mathlib.Algebra.Ring.Subring.Basic (20s)
✔ [1330/1379] Built Mathlib.Algebra.Order.BigOperators.Ring.Multiset (6.5s)
✔ [1331/1379] Built Mathlib.Data.Finsupp.Defs (8.3s)
✔ [1332/1381] Built Mathlib.Data.Rat.BigOperators (5.0s)
✔ [1333/1381] Built Mathlib.Algebra.Ring.NonZeroDivisors (5.1s)
✔ [1334/1382] Built Mathlib.Algebra.Ring.Submonoid.Pointwise (6.0s)
✔ [1335/1383] Built Mathlib.Data.Fintype.Lattice (4.9s)
✔ [1336/1384] Built Mathlib.GroupTheory.GroupAction.SubMulAction.Pointwise (7.7s)
✔ [1337/1387] Built Mathlib.Data.Finsupp.Single (6.4s)
✔ [1338/1387] Built Mathlib.Algebra.Order.Kleene (8.6s)
✔ [1339/1387] Built Mathlib.GroupTheory.OrderOfElement (38s)
✔ [1340/1387] Built Mathlib.Algebra.Field.IsField (5.0s)
✔ [1341/1387] Built Mathlib.RingTheory.Coprime.Basic (7.3s)
✔ [1342/1387] Built Mathlib.Data.Finset.Fin (4.4s)
✔ [1343/1391] Built Mathlib.Data.Finsupp.Indicator (4.5s)
✔ [1344/1391] Built Mathlib.Data.Fin.VecNotation (6.9s)
✔ [1345/1394] Built Mathlib.Algebra.Order.BigOperators.Ring.Finset (12s)
✔ [1346/1394] Built Mathlib.Order.PartialSups (5.6s)
✔ [1347/1394] Built Mathlib.Algebra.Module.Submodule.Map (15s)
✔ [1348/1395] Built Mathlib.Algebra.Module.Equiv.Basic (31s)
✔ [1349/1400] Built Mathlib.Data.Set.Semiring (5.5s)
✔ [1350/1402] Built Mathlib.Data.Fintype.Pigeonhole (4.7s)
✔ [1351/1402] Built Mathlib.Algebra.Order.Interval.Set.Monoid (4.4s)
✔ [1352/1405] Built Mathlib.Order.Interval.Set.Fin (7.1s)
✔ [1353/1405] Built Mathlib.Algebra.Group.Finsupp (8.4s)
✔ [1354/1405] Built Mathlib.Algebra.Order.Antidiag.Prod (5.0s)
✔ [1355/1405] Built Mathlib.RingTheory.Coprime.Lemmas (7.3s)
✔ [1356/1410] Built Mathlib.Data.List.NatAntidiagonal (4.2s)
✔ [1357/1410] Built Mathlib.Algebra.Order.Interval.Finset.Basic (5.4s)
✔ [1358/1412] Built Mathlib.Algebra.Module.Submodule.Ker (9.4s)
✔ [1359/1412] Built Mathlib.RingTheory.Ideal.Defs (6.0s)
✔ [1360/1412] Built Mathlib.Data.Finsupp.SMulWithZero (4.9s)
✔ [1361/1412] Built Mathlib.Data.Finsupp.Ext (5.0s)
✔ [1362/1413] Built Mathlib.Data.Multiset.NatAntidiagonal (4.8s)
✔ [1363/1414] Built Mathlib.Order.SuccPred.LinearLocallyFinite (8.3s)
✔ [1364/1414] Built Mathlib.Data.ZMod.Basic (13s)
✔ [1365/1420] Built Mathlib.Algebra.GroupWithZero.Idempotent (3.8s)
✔ [1366/1420] Built Mathlib.Order.Interval.Finset.Fin (10s)
✔ [1367/1420] Built Mathlib.Algebra.Module.Submodule.EqLocus (4.5s)
✔ [1368/1420] Built Mathlib.RingTheory.Ideal.Lattice (4.2s)
✔ [1369/1421] Built Mathlib.Data.Finset.NatAntidiagonal (4.9s)
✔ [1370/1421] Built Mathlib.Algebra.Algebra.ZMod (4.5s)
✔ [1371/1421] Built Mathlib.Algebra.Ring.Idempotent (3.9s)
✔ [1372/1424] Built Mathlib.Algebra.Module.Submodule.Range (7.5s)
✔ [1373/1425] Built Mathlib.Tactic.Order.CollectFacts (9.6s)
✔ [1374/1427] Built Mathlib.Algebra.BigOperators.Finprod (19s)
✔ [1375/1427] Built Mathlib.Algebra.Algebra.Basic (9.4s)
✔ [1376/1430] Built Mathlib.Order.Disjointed (4.9s)
✔ [1377/1430] Built Mathlib.RingTheory.Ideal.Prime (4.4s)
✔ [1378/1430] Built Mathlib.Algebra.BigOperators.NatAntidiagonal (4.1s)
✔ [1379/1430] Built Mathlib.Algebra.BigOperators.Finsupp.Basic (10s)
✔ [1380/1431] Built Mathlib.Tactic.Order.Graph.Basic (3.9s)
✔ [1381/1431] Built Mathlib.Order.Filter.Defs (5.0s)
✔ [1382/1431] Built Mathlib.Tactic.Order.ToInt (4.8s)
✔ [1383/1435] Built Mathlib.Tactic.Order.Preprocessing (4.7s)
✔ [1384/1435] Built Mathlib.Order.Interval.Set.Disjoint (4.9s)
✔ [1385/1435] Built Mathlib.Algebra.BigOperators.GroupWithZero.Action (5.7s)
✔ [1386/1437] Built Mathlib.Tactic.Order.Graph.Tarjan (3.0s)
✔ [1387/1437] Built Mathlib.Algebra.Order.Group.Basic (4.6s)
✔ [1388/1437] Built Mathlib.Algebra.Module.Submodule.Equiv (9.9s)
✔ [1389/1437] Built Mathlib.Algebra.Order.BigOperators.Group.LocallyFinite (6.1s)
✔ [1390/1438] Built Mathlib.Algebra.Order.GroupWithZero.Action.Synonym (4.6s)
✔ [1391/1441] Built Aeneas.Tactic.Simproc.ReduceZMod.ReduceZMod (11s)
✔ [1392/1441] Built Mathlib.Algebra.Module.BigOperators (5.8s)
✔ [1393/1441] Built Mathlib.Algebra.Algebra.Hom (10s)
✔ [1394/1442] Built Mathlib.Algebra.Group.Fin.Tuple (5.3s)
✔ [1395/1442] Built Mathlib.Order.Filter.Basic (9.8s)
✔ [1396/1442] Built Mathlib.Logic.Equiv.Fin.Basic (8.8s)
✔ [1397/1442] Built Mathlib.Algebra.BigOperators.Intervals (7.9s)
✔ [1398/1442] Built Mathlib.Tactic.Order (10s)
✔ [1399/1443] Built Mathlib.Order.Filter.AtTopBot.Defs (5.0s)
✔ [1400/1443] Built Mathlib.Algebra.Group.Graph (12s)
✔ [1401/1443] Built Aeneas.Tactic.Solver.ScalarTac.Lemmas (15s)
✔ [1402/1443] Built Mathlib.LinearAlgebra.Span.Basic (17s)
✔ [1403/1449] Built Mathlib.LinearAlgebra.Quotient.Defs (9.4s)
✔ [1404/1449] Built Mathlib.Data.Finsupp.Basic (25s)
✔ [1405/1449] Built Mathlib.Order.Filter.AtTopBot.Disjoint (4.9s)
✔ [1406/1449] Built Mathlib.Data.Nat.Choose.Sum (7.2s)
✔ [1407/1458] Built Mathlib.Data.Set.Finite.Lemmas (5.7s)
✔ [1408/1458] Built Mathlib.Order.Filter.Map (8.7s)
✔ [1409/1458] Built Mathlib.Algebra.Order.Module.Defs (23s)
✔ [1410/1458] Built Mathlib.RingTheory.Ideal.Span (7.2s)
