{
  "administration": "one operator, local in-process tools",
  "balances": [
    0,
    950,
    0,
    30,
    20,
    0
  ],
  "native_dispatches_for_selected_work": 1,
  "output": {
    "count": 3
  },
  "payment": "fixture balances; no real funds moved",
  "receipt": {
    "action": {
      "parameter_hash": "d8e49704642e2e0f861f9ca953060377cdae33a1ba555ef10483fc7d41114b3c",
      "parameters": {
        "allocation": {
          "body": {
            "allocation_hash": "a6956f096d0848c55d8ef65da3197c88e2057723ccc8c1088837dad71d4ee295",
            "issued_at": 1791269877,
            "root_id": "root",
            "selection": {
              "body": {
                "capability_hash": "db11c92da54f0c3db8a3d2c73fb8609868083b10d5ed5ab52b5e52acceed3feb",
                "expected_revision": 1,
                "offer": {
                  "body": {
                    "allocation_hash": "a6956f096d0848c55d8ef65da3197c88e2057723ccc8c1088837dad71d4ee295",
                    "arguments_hash": "08d0646d213c5589e2d7d7571070d41098af09529d07ba260142247060718d8f",
                    "contract_hash": "c5e5d1035106197aee9749fcec33967478ca91518d0296b79910b973f75cea04",
                    "effect": {
                      "server": "research",
                      "tool": "analyze"
                    },
                    "expires_at": 1791273473,
                    "price_units": 20,
                    "receiver": "ca93ac1705187071d67b83c7ff0efe8108e8ec4530575d7726879333dbdabe7c",
                    "slot_id": "specialist"
                  },
                  "signature": "ab8fd835c81a99147bd5369c3d813717bb47e0f85776c146fae0dceb6a139bea862ac69dc303b7890b869577c60ac097156f81beb8bc7ce9dec6cbbd03e4190e",
                  "signer": "ca93ac1705187071d67b83c7ff0efe8108e8ec4530575d7726879333dbdabe7c"
                },
                "request_id": "selected-b"
              },
              "signature": "c160b7e0960cd24eb26e69043f57d1e884261cda894603b55ca6dc91cd7daf459aedfedafca33134ce52cf219345abf33ce56110061786eba53095d131cf500f",
              "signer": "8139770ea87d175f56a35466c34c7ecccb8d8a91b4ee37a25df60f5b8fc9b394"
            },
            "slot": {
              "contract": {
                "acceptance": {
                  "clauses": [
                    {
                      "kind": "integer_range",
                      "max": 10,
                      "min": 1,
                      "pointer": "/count"
                    }
                  ]
                },
                "currency": "USD",
                "depth": 1,
                "effects": [
                  {
                    "server": "research",
                    "tool": "analyze"
                  }
                ],
                "expires_at": 1791273473,
                "max_units": 30,
                "readers": [
                  "6e7a1cdd29b0b78fd13af4c5598feff4ef2a97166e3ca6f2e4fbfccd80505bf1",
                  "8139770ea87d175f56a35466c34c7ecccb8d8a91b4ee37a25df60f5b8fc9b394",
                  "8a88e3dd7409f195fd52db2d3cba5d72ca6709bf1d94121bf3748801b40f6f5c",
                  "ca93ac1705187071d67b83c7ff0efe8108e8ec4530575d7726879333dbdabe7c",
                  "ed4928c628d1c2c6eae90338905995612959273a5c63f93636c14614ac8737d1"
                ]
              },
              "holder": "8139770ea87d175f56a35466c34c7ecccb8d8a91b4ee37a25df60f5b8fc9b394",
              "id": "specialist"
            }
          },
          "signature": "d822deab03db6af1143363c13e1e57816fcb2061de51d6aa1b0ddd902cc7c4467666b737b2a154d1ca354fcd7072f9f38e92fee8747fe9fdc1d2e92f3412a204",
          "signer": "8a88e3dd7409f195fd52db2d3cba5d72ca6709bf1d94121bf3748801b40f6f5c"
        },
        "payload": [
          "a",
          "b",
          "c"
        ],
        "slot_id": "specialist"
      }
    },
    "boundary_class": "prevent",
    "capability_id": "cap-01a11001-3508-7b4b-876e-a3e8647f5ce5",
    "content_hash": "0c07187ea6d064441225b3cba26a7b1e8bc702fcf332b457dae8e26892ba68a6",
    "decision": {
      "verdict": "allow"
    },
    "id": "0f93e0f806c0db211e6af94e1b1e02e7531ecee39be98111e544d80f0e16882f",
    "kernel_key": "ca93ac1705187071d67b83c7ff0efe8108e8ec4530575d7726879333dbdabe7c",
    "metadata": {
      "admission_operation": {
        "compensation_status": "not_compensated",
        "coordinator_lease_epoch": 1,
        "coordinator_lease_id": "01a11001-337d-7531-8244-3ccd4e585eb1",
        "operation_id": "b156986f6dac736ab51df2d926b20564d62f5b2ffc04d1c4f1ef9e06301d8d94",
        "projected_dispatch_state": "terminal",
        "projected_operation_version": 8,
        "projected_state": "completed",
        "request_binding_hash": "75331ad4147a05e3b9d83b68cf4d94f17185ef2c6e251163a235330b1d388ef5",
        "request_id": "selected-b",
        "request_namespace_digest": "2224f68a6d17c560ea93b658d68c0ebc2707a5768ad09b1a9ef2656746c62f6b",
        "retained_dispatch_commit": {
          "committed_version": 6,
          "coordinator_lease_epoch": 1,
          "coordinator_lease_id": "01a11001-337d-7531-8244-3ccd4e585eb1",
          "provider_attempt": {
            "attempt_id": "attempt:b156986f6dac736ab51df2d926b20564d62f5b2ffc04d1c4f1ef9e06301d8d94",
            "operation_id": "b156986f6dac736ab51df2d926b20564d62f5b2ffc04d1c4f1ef9e06301d8d94",
            "transport_id": "kernel-tool-server:research",
            "transport_key_epoch": 1
          },
          "store_fence": {
            "lease_id": "01a11001-337d-7531-8244-3ccd4e585eb1",
            "owner_epoch": 1,
            "store_uuid": "01a11001-2f2f-7740-83f5-483995382f90"
          }
        },
        "schema": "chio.admission-receipt.v1",
        "store_fence": {
          "lease_id": "01a11001-337d-7531-8244-3ccd4e585eb1",
          "owner_epoch": 1,
          "store_uuid": "01a11001-2f2f-7740-83f5-483995382f90"
        },
        "tool_outcome_id": "037e473edaa69501a983ab30ff916b7fe224ad9c3631cde710df2bd2ae96af85",
        "tool_outcome_version": 2,
        "trusted_time_unix_ms": 1791269877379
      },
      "attribution": {
        "delegation_depth": 0,
        "grant_index": 0,
        "issuer_key": "ca93ac1705187071d67b83c7ff0efe8108e8ec4530575d7726879333dbdabe7c",
        "subject_key": "8139770ea87d175f56a35466c34c7ecccb8d8a91b4ee37a25df60f5b8fc9b394"
      },
      "chio_receipt_signing_nonce": "rcpt-01a11001-3689-73f1-a626-f9d10c2e903c",
      "financial": {
        "budget_remaining": 0,
        "budget_total": 20,
        "cost_breakdown": {
          "payment": {
            "authorization_id": "b156986f6dac736ab51df2d926b20564d62f5b2ffc04d1c4f1ef9e06301d8d94",
            "contractual_resolution": null,
            "preauthorized_units": 20,
            "rail": "dynamic-work-local-test-rail",
            "rail_mode": "reversible_hold",
            "recorded_units": 20,
            "transaction_id": "b156986f6dac736ab51df2d926b20564d62f5b2ffc04d1c4f1ef9e06301d8d94"
          }
        },
        "cost_charged": 20,
        "currency": "USD",
        "delegation_depth": 0,
        "grant_index": 0,
        "payment_reference": "b156986f6dac736ab51df2d926b20564d62f5b2ffc04d1c4f1ef9e06301d8d94",
        "root_budget_holder": "ca93ac1705187071d67b83c7ff0efe8108e8ec4530575d7726879333dbdabe7c",
        "settlement_status": "settled"
      },
      "receipt_context": {
        "request_id": "selected-b"
      }
    },
    "policy_hash": "3f19fa3b4cb4a25868d2047434e5e26b185820976cfa4e28244b8dbe149e52b1",
    "receipt_kind": "mediated_decision",
    "redaction_mode": "none",
    "signature": "a4c86707fb7d25cf38187a97ad5d04ba74151e9cddd35ef14e1ebbfbd0d38dc5ccd67db339ef846131ca00d9fd8e97247f3afab01faec17fb0a26dda0a29c20d",
    "timestamp": 1791269877,
    "tool_name": "analyze",
    "tool_origin": "caller_executed",
    "tool_server": "research",
    "trust_level": "mediated"
  },
  "replacement_after_dispatch_rejected": true,
  "replay_dispatches": 0,
  "selected_receiver": "ca93ac1705187071d67b83c7ff0efe8108e8ec4530575d7726879333dbdabe7c",
  "sibling_completed": true,
  "sibling_receipt": {
    "action": {
      "parameter_hash": "519c338bcbc01c3e9564b2549ca62d32f2f8169d77d2647ae9769a1fe6c2a6e9",
      "parameters": {
        "allocation": {
          "body": {
            "allocation_hash": "7da210421c07eeb39dd1bc6c25c3147ada0eb231645c511fe5fbc155539a9736",
            "issued_at": 1791269878,
            "root_id": "root",
            "selection": {
              "body": {
                "capability_hash": "2ecaa5dcea3462610a7621da105b3a498e8ffa709df5e854a39366d556bcccf1",
                "expected_revision": 0,
                "offer": {
                  "body": {
                    "allocation_hash": "7da210421c07eeb39dd1bc6c25c3147ada0eb231645c511fe5fbc155539a9736",
                    "arguments_hash": "2d9e4d8e8241256496472fa0c6c596a5ff9b091583e53ca05de49068d0913503",
                    "contract_hash": "b07f5d9b58f6f789b01967820e6cb5aeebad3e79833afee7b62b88ab0771971d",
                    "effect": {
                      "server": "research",
                      "tool": "analyze"
                    },
                    "expires_at": 1791273473,
                    "price_units": 30,
                    "receiver": "ed4928c628d1c2c6eae90338905995612959273a5c63f93636c14614ac8737d1",
                    "slot_id": "independent"
                  },
                  "signature": "ff0f8607eb1fce10cebbde54d45a2f65fd23022e396f4820acd38c874524d13046b5d8be3aa9cb0a1b87a124bc5d589da528f2c2d986e74db149700ee05e6900",
                  "signer": "ed4928c628d1c2c6eae90338905995612959273a5c63f93636c14614ac8737d1"
                },
                "request_id": "sibling"
              },
              "signature": "54483119ca3ef8e6e8e5d0001deb2566b9cedf1a0ecee263de1bb075261776cfe5658e72ff4b6cb11403721c1b9e11e20f9ee6dcb030e9169819055b833d8f08",
              "signer": "8a88e3dd7409f195fd52db2d3cba5d72ca6709bf1d94121bf3748801b40f6f5c"
            },
            "slot": {
              "contract": {
                "acceptance": {
                  "clauses": [
                    {
                      "kind": "integer_range",
                      "max": 10,
                      "min": 1,
                      "pointer": "/count"
                    }
                  ]
                },
                "currency": "USD",
                "depth": 2,
                "effects": [
                  {
                    "server": "research",
                    "tool": "analyze"
                  }
                ],
                "expires_at": 1791273473,
                "max_units": 40,
                "readers": [
                  "6e7a1cdd29b0b78fd13af4c5598feff4ef2a97166e3ca6f2e4fbfccd80505bf1",
                  "8139770ea87d175f56a35466c34c7ecccb8d8a91b4ee37a25df60f5b8fc9b394",
                  "8a88e3dd7409f195fd52db2d3cba5d72ca6709bf1d94121bf3748801b40f6f5c",
                  "ca93ac1705187071d67b83c7ff0efe8108e8ec4530575d7726879333dbdabe7c",
                  "ed4928c628d1c2c6eae90338905995612959273a5c63f93636c14614ac8737d1"
                ]
              },
              "holder": "8a88e3dd7409f195fd52db2d3cba5d72ca6709bf1d94121bf3748801b40f6f5c",
              "id": "independent"
            }
          },
          "signature": "a51b1620f9c082cb50c8b43571f44fc8e0a39d867a4c4c04df0125ee4c1c00180a0aa179e5325ee2fcb654c89a36a14ebea484156805c01107a6be49a7a2440e",
          "signer": "8a88e3dd7409f195fd52db2d3cba5d72ca6709bf1d94121bf3748801b40f6f5c"
        },
        "payload": [
          "a",
          "b",
          "c"
        ],
        "slot_id": "independent"
      }
    },
    "boundary_class": "prevent",
    "capability_id": "cap-01a11001-38f0-78ff-9158-ee40b91a05f9",
    "content_hash": "0c07187ea6d064441225b3cba26a7b1e8bc702fcf332b457dae8e26892ba68a6",
    "decision": {
      "verdict": "allow"
    },
    "id": "b7bce2031c27dacff9bdc52751f074038ccfcf83db562dbb61ec6c0a6e0810d0",
    "kernel_key": "ed4928c628d1c2c6eae90338905995612959273a5c63f93636c14614ac8737d1",
    "metadata": {
      "admission_operation": {
        "compensation_status": "not_compensated",
        "coordinator_lease_epoch": 1,
        "coordinator_lease_id": "01a11001-2c80-7ef2-ac02-1f3382a7c72b",
        "operation_id": "6d5c30b701d7e2594de749aa6689fa1e149f3241b0146d314c0114bb67f3bb3e",
        "projected_dispatch_state": "terminal",
        "projected_operation_version": 8,
        "projected_state": "completed",
        "request_binding_hash": "6f46432dba52997467bfcb7b962ccda1d919597708e01f4a1470241d25686e8d",
        "request_id": "sibling",
        "request_namespace_digest": "06771340dd872af3f507fc71787cf46f01c4cb155cfa1660c7f53f65462addc6",
        "retained_dispatch_commit": {
          "committed_version": 6,
          "coordinator_lease_epoch": 1,
          "coordinator_lease_id": "01a11001-2c80-7ef2-ac02-1f3382a7c72b",
          "provider_attempt": {
            "attempt_id": "attempt:6d5c30b701d7e2594de749aa6689fa1e149f3241b0146d314c0114bb67f3bb3e",
            "operation_id": "6d5c30b701d7e2594de749aa6689fa1e149f3241b0146d314c0114bb67f3bb3e",
            "transport_id": "kernel-tool-server:research",
            "transport_key_epoch": 1
          },
          "store_fence": {
            "lease_id": "01a11001-2c80-7ef2-ac02-1f3382a7c72b",
            "owner_epoch": 1,
            "store_uuid": "01a11001-282c-7b23-9999-224a1fc19db8"
          }
        },
        "schema": "chio.admission-receipt.v1",
        "store_fence": {
          "lease_id": "01a11001-2c80-7ef2-ac02-1f3382a7c72b",
          "owner_epoch": 1,
          "store_uuid": "01a11001-282c-7b23-9999-224a1fc19db8"
        },
        "tool_outcome_id": "3d4b17149fb9a82b24ee3a7fdae2f25225e31ad2e1336ae3fc2e61c3772071eb",
        "tool_outcome_version": 2,
        "trusted_time_unix_ms": 1791269878613
      },
      "attribution": {
        "delegation_depth": 0,
        "grant_index": 0,
        "issuer_key": "ed4928c628d1c2c6eae90338905995612959273a5c63f93636c14614ac8737d1",
        "subject_key": "8a88e3dd7409f195fd52db2d3cba5d72ca6709bf1d94121bf3748801b40f6f5c"
      },
      "chio_receipt_signing_nonce": "rcpt-01a11001-3b5b-7303-8803-f46f1489c5fa",
      "financial": {
        "budget_remaining": 0,
        "budget_total": 30,
        "cost_breakdown": {
          "payment": {
            "authorization_id": "6d5c30b701d7e2594de749aa6689fa1e149f3241b0146d314c0114bb67f3bb3e",
            "contractual_resolution": null,
            "preauthorized_units": 30,
            "rail": "dynamic-work-local-test-rail",
            "rail_mode": "reversible_hold",
            "recorded_units": 30,
            "transaction_id": "6d5c30b701d7e2594de749aa6689fa1e149f3241b0146d314c0114bb67f3bb3e"
          }
        },
        "cost_charged": 30,
        "currency": "USD",
        "delegation_depth": 0,
        "grant_index": 0,
        "payment_reference": "6d5c30b701d7e2594de749aa6689fa1e149f3241b0146d314c0114bb67f3bb3e",
        "root_budget_holder": "ed4928c628d1c2c6eae90338905995612959273a5c63f93636c14614ac8737d1",
        "settlement_status": "settled"
      },
      "receipt_context": {
        "request_id": "sibling"
      }
    },
    "policy_hash": "3f19fa3b4cb4a25868d2047434e5e26b185820976cfa4e28244b8dbe149e52b1",
    "receipt_kind": "mediated_decision",
    "redaction_mode": "none",
    "signature": "c6c280a0547b5863dd75f58eb89db0ae6e863890f1724fe048c18aa73dbc8d3f68e06587cdfc0e020065006e3c732c1759dd0ec8c7be928cf83fe7278c93df05",
    "timestamp": 1791269878,
    "tool_name": "analyze",
    "tool_origin": "caller_executed",
    "tool_server": "research",
    "trust_level": "mediated"
  }
}
