warning: patch `cmpv2 v0.2.0 (/tmp/arc-security-launch/third_party/cmpv2-chio)` was not used in the crate graph
warning: patch `crmf v0.2.0 (/tmp/arc-security-launch/third_party/crmf-chio)` was not used in the crate graph
warning: patch `ignore v0.4.32 (/tmp/arc-security-launch/third_party/ignore-chio)` was not used in the crate graph
warning: patch `nono v0.53.0 (/tmp/arc-security-launch/third_party/nono-upstream-chio)` was not used in the crate graph
warning: patch `regress v0.11.1 (/tmp/arc-security-launch/third_party/regress-chio)` was not used in the crate graph
warning: patch `sigstore-crypto v0.6.6 (/tmp/arc-security-launch/third_party/sigstore-crypto-chio)` was not used in the crate graph
warning: patch `sigstore-merkle v0.6.6 (/tmp/arc-security-launch/third_party/sigstore-merkle-chio)` was not used in the crate graph
warning: patch `sigstore-trust-root v0.6.3 (/tmp/arc-security-launch/third_party/sigstore-trust-root-chio)` was not used in the crate graph
warning: patch `sigstore-verify v0.6.3 (/tmp/arc-security-launch/third_party/sigstore-verify-chio)` was not used in the crate graph
help: Check that the patched package version and available features are compatible
      with the dependency requirements. If the patch has a different version from
      what is locked in the Cargo.lock file, run `cargo update` to use the new
      version. This may also occur with an optional dependency that is not enabled.
    Checking chio-core-types v0.1.0 (/tmp/arc-security-launch/crates/core/chio-core-types)
    Checking openidconnect v4.0.1
    Checking chio-log-redact v0.1.0 (/tmp/arc-security-launch/crates/observability/chio-log-redact)
    Checking rustc-demangle v0.1.27
    Checking criterion v0.5.1
    Checking backtrace v0.3.76
    Checking dhat v0.3.3
    Checking loom v0.7.2
    Checking sqlx-postgres v0.8.6
    Checking sigstore v0.14.0
    Checking sqlx v0.8.6
    Checking chio-finding-market-migrations v0.1.0 (/tmp/arc-security-launch/crates/platform/chio-finding-market-migrations)
    Checking chio-listing v0.1.0 (/tmp/arc-security-launch/crates/economy/chio-listing)
    Checking chio-revocation-oracle v0.1.0 (/tmp/arc-security-launch/crates/trust/chio-revocation-oracle)
    Checking chio-pheromone v0.1.0 (/tmp/arc-security-launch/crates/trust/chio-pheromone)
    Checking chio-fincred v0.1.0 (/tmp/arc-security-launch/crates/economy/chio-fincred)
    Checking chio-finding v0.1.0 (/tmp/arc-security-launch/crates/economy/chio-finding)
    Checking chio-did v0.1.0 (/tmp/arc-security-launch/crates/trust/chio-did)
    Checking chio-egress-contract v0.1.0 (/tmp/arc-security-launch/crates/protocol/chio-egress-contract)
    Checking chio-cage-plan v0.1.0 (/tmp/arc-security-launch/crates/security/chio-cage-plan)
    Checking chio-attest-verify v0.1.0 (/tmp/arc-security-launch/crates/trust/chio-attest-verify)
    Checking chio-lineage v0.1.0 (/tmp/arc-security-launch/crates/observability/chio-lineage)
    Checking chio-custody-hw v0.1.0 (/tmp/arc-security-launch/crates/trust/chio-custody-hw)
    Checking chio-weights v0.1.0 (/tmp/arc-security-launch/crates/trust/chio-weights)
    Checking chio-fiscal v0.1.0 (/tmp/arc-security-launch/crates/economy/chio-fiscal)
    Checking chio-governance v0.1.0 (/tmp/arc-security-launch/crates/trust/chio-governance)
    Checking chio-quarantine v0.1.0 (/tmp/arc-security-launch/crates/security/chio-quarantine)
    Checking chio-swarm-authority v0.1.0 (/tmp/arc-security-launch/crates/kernel/chio-swarm-authority)
    Checking chio-kernel-core v0.1.0 (/tmp/arc-security-launch/crates/kernel/chio-kernel-core)
    Checking chio-open-market v0.1.0 (/tmp/arc-security-launch/crates/economy/chio-open-market)
    Checking chio-appraisal v0.1.0 (/tmp/arc-security-launch/crates/economy/chio-appraisal)
    Checking chio-disclosure-lineage v0.1.0 (/tmp/arc-security-launch/crates/trust/chio-disclosure-lineage)
    Checking chio-finding-market-port v0.1.0 (/tmp/arc-security-launch/crates/platform/chio-finding-market-port)
    Checking chio-cage-init v0.1.0 (/tmp/arc-security-launch/crates/security/chio-cage-init)
    Checking chio-decoy v0.1.0 (/tmp/arc-security-launch/crates/security/chio-decoy)
    Checking chio-reputation v0.1.0 (/tmp/arc-security-launch/crates/trust/chio-reputation)
    Checking chio-federation v0.1.0 (/tmp/arc-security-launch/crates/trust/chio-federation)
    Checking chio-underwriting v0.1.0 (/tmp/arc-security-launch/crates/economy/chio-underwriting)
    Checking chio-finding-market-store-postgres v0.1.0 (/tmp/arc-security-launch/crates/platform/chio-finding-market-store-postgres)
    Checking chio-flow v0.1.0 (/tmp/arc-security-launch/crates/security/chio-flow)
    Checking chio-runtime-proof-parity v0.1.0 (/tmp/arc-security-launch/crates/kernel/chio-runtime-proof-parity)
    Checking chio-keyring v0.1.0 (/tmp/arc-security-launch/crates/security/chio-keyring)
    Checking chio-credit v0.1.0 (/tmp/arc-security-launch/crates/economy/chio-credit)
    Checking chio-finding-worker v0.1.0 (/tmp/arc-security-launch/crates/platform/chio-finding-worker)
    Checking chio-market v0.1.0 (/tmp/arc-security-launch/crates/economy/chio-market)
    Checking chio-web3 v0.1.0 (/tmp/arc-security-launch/crates/economy/chio-web3)
    Checking chio-autonomy v0.1.0 (/tmp/arc-security-launch/crates/economy/chio-autonomy)
    Checking chio-core v0.1.0 (/tmp/arc-security-launch/crates/core/chio-core)
    Checking chio-manifest v0.1.0 (/tmp/arc-security-launch/crates/platform/chio-manifest)
    Checking chio-link v0.1.0 (/tmp/arc-security-launch/crates/economy/chio-link)
    Checking chio-settle v0.1.0 (/tmp/arc-security-launch/crates/economy/chio-settle)
    Checking chio-workflow v0.1.0 (/tmp/arc-security-launch/crates/platform/chio-workflow)
    Checking chio-selective-disclosure v0.1.0 (/tmp/arc-security-launch/crates/trust/chio-selective-disclosure)
    Checking chio-tool-call-fabric v0.1.0 (/tmp/arc-security-launch/crates/protocol/chio-tool-call-fabric)
    Checking chio-cage v0.1.0 (/tmp/arc-security-launch/crates/security/chio-cage)
    Checking chio-metering v0.1.0 (/tmp/arc-security-launch/crates/economy/chio-metering)
    Checking chio-attest-buyer-core v0.1.0 (/tmp/arc-security-launch/crates/trust/chio-attest-buyer-core)
    Checking chio-signing-remote v0.1.0 (/tmp/arc-security-launch/crates/trust/chio-signing-remote)
    Checking chio-credentials v0.1.0 (/tmp/arc-security-launch/crates/trust/chio-credentials)
    Checking chio-federation-authority v0.1.0 (/tmp/arc-security-launch/crates/trust/chio-federation-authority)
    Checking chio-kernel v0.1.0 (/tmp/arc-security-launch/crates/kernel/chio-kernel)
error: using a potentially dangerous silent `as` conversion
   --> crates/kernel/chio-kernel/src/finding_denial.rs:220:27
    |
220 |             .map(|source| source as &(dyn std::error::Error + 'static))
    |                           ^^^^^^^^^^^^^^^^^^^^^^^^^^^^^^^^^^^^^^^^^^^^
    |
    = help: consider using a safe wrapper for this conversion
    = help: for further information visit https://rust-lang.github.io/rust-clippy/rust-1.94.0/index.html#as_conversions
note: the lint level is defined here
   --> crates/kernel/chio-kernel/src/lib.rs:12:9
    |
 12 |         clippy::as_conversions,
    |         ^^^^^^^^^^^^^^^^^^^^^^

error: could not compile `chio-kernel` (lib) due to 1 previous error
