warning: patch `cmpv2 v0.2.0 (/tmp/arc-security-launch/third_party/cmpv2-chio)` was not used in the crate graph
warning: patch `crmf v0.2.0 (/tmp/arc-security-launch/third_party/crmf-chio)` was not used in the crate graph
warning: patch `ignore v0.4.32 (/tmp/arc-security-launch/third_party/ignore-chio)` was not used in the crate graph
warning: patch `nono v0.53.0 (/tmp/arc-security-launch/third_party/nono-upstream-chio)` was not used in the crate graph
warning: patch `regress v0.11.1 (/tmp/arc-security-launch/third_party/regress-chio)` was not used in the crate graph
warning: patch `sigstore-crypto v0.6.6 (/tmp/arc-security-launch/third_party/sigstore-crypto-chio)` was not used in the crate graph
warning: patch `sigstore-merkle v0.6.6 (/tmp/arc-security-launch/third_party/sigstore-merkle-chio)` was not used in the crate graph
warning: patch `sigstore-trust-root v0.6.3 (/tmp/arc-security-launch/third_party/sigstore-trust-root-chio)` was not used in the crate graph
warning: patch `sigstore-verify v0.6.3 (/tmp/arc-security-launch/third_party/sigstore-verify-chio)` was not used in the crate graph
help: Check that the patched package version and available features are compatible
      with the dependency requirements. If the patch has a different version from
      what is locked in the Cargo.lock file, run `cargo update` to use the new
      version. This may also occur with an optional dependency that is not enabled.
   Compiling chio-fiscal v0.1.0 (/tmp/arc-security-launch/crates/economy/chio-fiscal)
   Compiling chio-appraisal v0.1.0 (/tmp/arc-security-launch/crates/economy/chio-appraisal)
   Compiling chio-open-market v0.1.0 (/tmp/arc-security-launch/crates/economy/chio-open-market)
   Compiling chio-underwriting v0.1.0 (/tmp/arc-security-launch/crates/economy/chio-underwriting)
   Compiling chio-federation v0.1.0 (/tmp/arc-security-launch/crates/trust/chio-federation)
   Compiling chio-credit v0.1.0 (/tmp/arc-security-launch/crates/economy/chio-credit)
error[E0004]: non-exhaustive patterns: `IouEnvelopeV2Error::Input(_)` not covered
   --> crates/economy/chio-credit/src/factor/claim.rs:447:11
    |
447 |     match error {
    |           ^^^^^ pattern `IouEnvelopeV2Error::Input(_)` not covered
    |
note: `IouEnvelopeV2Error` defined here
   --> crates/economy/chio-credit/src/iou_v2.rs:31:10
    |
 31 | pub enum IouEnvelopeV2Error {
    |          ^^^^^^^^^^^^^^^^^^
 32 |     #[error("invalid canonical evidence: {0}")]
 33 |     Input(#[from] chio_core_types::canonical::SharedUntrustedJsonError),
    |     ----- not covered
    = note: the matched value is of type `IouEnvelopeV2Error`
help: ensure that all possible cases are being handled by adding a match arm with a wildcard pattern or an explicit pattern as shown
    |
458 ~         | IouEnvelopeV2Error::Signing(_) => FactorError::Canonicalization(error.to_string()),
459 ~         IouEnvelopeV2Error::Input(_) => todo!(),
    |

For more information about this error, try `rustc --explain E0004`.
error: could not compile `chio-credit` (lib) due to 1 previous error
warning: build failed, waiting for other jobs to finish...
error: could not compile `chio-credit` (lib test) due to 1 previous error
