warning: patch `cmpv2 v0.2.0 (/tmp/arc-security-launch/third_party/cmpv2-chio)` was not used in the crate graph
warning: patch `crmf v0.2.0 (/tmp/arc-security-launch/third_party/crmf-chio)` was not used in the crate graph
warning: patch `ignore v0.4.32 (/tmp/arc-security-launch/third_party/ignore-chio)` was not used in the crate graph
warning: patch `nono v0.53.0 (/tmp/arc-security-launch/third_party/nono-upstream-chio)` was not used in the crate graph
warning: patch `regress v0.11.1 (/tmp/arc-security-launch/third_party/regress-chio)` was not used in the crate graph
warning: patch `sigstore-crypto v0.6.6 (/tmp/arc-security-launch/third_party/sigstore-crypto-chio)` was not used in the crate graph
warning: patch `sigstore-merkle v0.6.6 (/tmp/arc-security-launch/third_party/sigstore-merkle-chio)` was not used in the crate graph
warning: patch `sigstore-trust-root v0.6.3 (/tmp/arc-security-launch/third_party/sigstore-trust-root-chio)` was not used in the crate graph
warning: patch `sigstore-verify v0.6.3 (/tmp/arc-security-launch/third_party/sigstore-verify-chio)` was not used in the crate graph
help: Check that the patched package version and available features are compatible
      with the dependency requirements. If the patch has a different version from
      what is locked in the Cargo.lock file, run `cargo update` to use the new
      version. This may also occur with an optional dependency that is not enabled.
   Compiling zeroize_derive v1.5.0
   Compiling url v2.5.8
   Compiling thiserror v2.0.18
   Compiling heapless v0.7.17
   Compiling cobs v0.3.0
   Compiling either v1.15.0
   Compiling postcard v1.1.3
   Compiling zeroize v1.9.0
   Compiling itertools v0.14.0
   Compiling serdect v0.2.0
   Compiling curve25519-dalek v4.1.3
   Compiling rs_merkle v1.5.0
   Compiling visibility v0.1.1
   Compiling derive-getters v0.5.0
   Compiling rand_chacha v0.9.0
   Compiling ed25519-dalek v2.2.0
   Compiling proptest v1.10.0
   Compiling chio-spec-validate v0.1.0 (/tmp/arc-security-launch/crates/tooling/chio-spec-validate)
   Compiling chio-core-types v0.1.0 (/tmp/arc-security-launch/crates/core/chio-core-types)
   Compiling frost-core v3.0.0
   Compiling rand_chacha v0.3.1
   Compiling frost-rerandomized v3.0.0
   Compiling frost-ed25519 v3.0.0
   Compiling chio-listing v0.1.0 (/tmp/arc-security-launch/crates/economy/chio-listing)
   Compiling chio-revocation-oracle v0.1.0 (/tmp/arc-security-launch/crates/trust/chio-revocation-oracle)
   Compiling chio-pheromone v0.1.0 (/tmp/arc-security-launch/crates/trust/chio-pheromone)
   Compiling chio-finding v0.1.0 (/tmp/arc-security-launch/crates/economy/chio-finding)
   Compiling chio-fincred v0.1.0 (/tmp/arc-security-launch/crates/economy/chio-fincred)
   Compiling chio-did v0.1.0 (/tmp/arc-security-launch/crates/trust/chio-did)
   Compiling chio-fiscal v0.1.0 (/tmp/arc-security-launch/crates/economy/chio-fiscal)
   Compiling chio-governance v0.1.0 (/tmp/arc-security-launch/crates/trust/chio-governance)
   Compiling chio-appraisal v0.1.0 (/tmp/arc-security-launch/crates/economy/chio-appraisal)
   Compiling chio-open-market v0.1.0 (/tmp/arc-security-launch/crates/economy/chio-open-market)
   Compiling chio-underwriting v0.1.0 (/tmp/arc-security-launch/crates/economy/chio-underwriting)
   Compiling chio-federation v0.1.0 (/tmp/arc-security-launch/crates/trust/chio-federation)
   Compiling chio-credit v0.1.0 (/tmp/arc-security-launch/crates/economy/chio-credit)
error[E0599]: no function or associated item named `from_canonical_bytes` found for struct `ReceivableClaimV1` in the current scope
   --> crates/economy/chio-credit/tests/original_input.rs:24:59
    |
 24 |     assert_native_cause(&require_error(ReceivableClaimV1::from_canonical_bytes(bytes)));
    |                                                           ^^^^^^^^^^^^^^^^^^^^ function or associated item not found in `ReceivableClaimV1`
    |
note: if you're trying to build a new `ReceivableClaimV1`, consider using `ReceivableClaimV1::new` which returns `Result<ReceivableClaimV1, FactorError>`
   --> crates/economy/chio-credit/src/factor/request.rs:284:5
    |
284 |     pub fn new(input: ReceivableClaimInputV1) -> Result<Self, FactorError> {
    |     ^^^^^^^^^^^^^^^^^^^^^^^^^^^^^^^^^^^^^^^^^^^^^^^^^^^^^^^^^^^^^^^^^^^^^^
help: there is a method `canonical_bytes` with a similar name, but with different arguments
   --> crates/economy/chio-credit/src/factor/request.rs:360:5
    |
360 |     pub fn canonical_bytes(&self) -> Result<Vec<u8>, FactorError> {
    |     ^^^^^^^^^^^^^^^^^^^^^^^^^^^^^^^^^^^^^^^^^^^^^^^^^^^^^^^^^^^^^

For more information about this error, try `rustc --explain E0599`.
error: could not compile `chio-credit` (test "original_input") due to 1 previous error
