warning: patch `cmpv2 v0.2.0 (/tmp/arc-security-launch/third_party/cmpv2-chio)` was not used in the crate graph
warning: patch `crmf v0.2.0 (/tmp/arc-security-launch/third_party/crmf-chio)` was not used in the crate graph
warning: patch `ignore v0.4.32 (/tmp/arc-security-launch/third_party/ignore-chio)` was not used in the crate graph
warning: patch `nono v0.53.0 (/tmp/arc-security-launch/third_party/nono-upstream-chio)` was not used in the crate graph
warning: patch `regress v0.11.1 (/tmp/arc-security-launch/third_party/regress-chio)` was not used in the crate graph
warning: patch `sigstore-crypto v0.6.6 (/tmp/arc-security-launch/third_party/sigstore-crypto-chio)` was not used in the crate graph
warning: patch `sigstore-merkle v0.6.6 (/tmp/arc-security-launch/third_party/sigstore-merkle-chio)` was not used in the crate graph
warning: patch `sigstore-trust-root v0.6.3 (/tmp/arc-security-launch/third_party/sigstore-trust-root-chio)` was not used in the crate graph
warning: patch `sigstore-verify v0.6.3 (/tmp/arc-security-launch/third_party/sigstore-verify-chio)` was not used in the crate graph
help: Check that the patched package version and available features are compatible
      with the dependency requirements. If the patch has a different version from
      what is locked in the Cargo.lock file, run `cargo update` to use the new
      version. This may also occur with an optional dependency that is not enabled.
    Blocking waiting for file lock on build directory
    Checking serde_core v1.0.228
    Checking subtle v2.6.1
    Checking const-oid v0.9.6
    Checking generic-array v0.14.7
    Checking der v0.7.10
    Checking ff v0.13.1
    Checking group v0.13.0
   Compiling thiserror v2.0.18
    Checking block-buffer v0.10.4
    Checking crypto-common v0.1.7
    Checking crypto-bigint v0.5.5
    Checking digest v0.10.7
    Checking sha2 v0.10.9
    Checking signature v2.2.0
    Checking sec1 v0.7.3
    Checking hmac v0.12.1
    Checking rfc6979 v0.4.0
    Checking spki v0.7.3
    Checking sha3 v0.10.8
    Checking curve25519-dalek v4.1.3
    Checking ed25519 v2.2.3
    Checking tracing v0.1.44
    Checking elliptic-curve v0.13.8
    Checking serde v1.0.228
    Checking serde_json v1.0.149
    Checking hashbrown v0.16.1
    Checking ecdsa v0.16.9
    Checking smallvec v1.15.1
    Checking bytes v1.11.1
    Checking icu_normalizer v2.1.1
    Checking k256 v0.13.4
    Checking const-hex v1.18.1
    Checking idna_adapter v1.2.1
    Checking alloy-rlp v0.3.13
    Checking either v1.15.0
    Checking idna v1.1.0
    Checking chio-security-types v0.1.0 (/tmp/arc-security-launch/crates/security/chio-security-types)
    Checking ruint v1.20.0
    Checking ed25519-dalek v2.2.0
    Checking url v2.5.8
    Checking parking_lot_core v0.9.12
    Checking parking_lot v0.12.5
    Checking alloy-primitives v1.5.7
    Checking itertools v0.14.0
    Checking tokio v1.50.0
    Checking http v1.4.0
   Compiling darling_core v0.23.0
   Compiling alloy-sol-macro-input v1.5.7
   Compiling alloy-sol-macro-expander v1.5.7
    Checking http-body v1.0.1
    Checking heapless v0.7.17
   Compiling darling_macro v0.23.0
    Checking tokio-util v0.7.18
    Checking cobs v0.3.0
   Compiling alloy-sol-macro v1.5.7
    Checking postcard v1.1.3
   Compiling darling v0.23.0
   Compiling serde_with_macros v3.18.0
    Checking rustls v0.23.45
    Checking alloy-sol-types v1.5.7
    Checking serde_with v3.18.0
    Checking alloy-eip2124 v0.2.0
    Checking alloy-serde v1.8.3
    Checking alloy-eip2930 v0.2.3
    Checking alloy-eip7702 v0.6.3
    Checking alloy-eip7928 v0.3.3
    Checking nybbles v0.4.8
    Checking serdect v0.2.0
    Checking rs_merkle v1.5.0
    Checking hyper v1.8.1
    Checking frost-core v3.0.0
    Checking tower v0.5.3
    Checking alloy-eips v1.8.3
    Checking alloy-trie v0.9.5
   Compiling alloy-tx-macros v1.8.3
    Checking chio-core-types v0.1.0 (/tmp/arc-security-launch/crates/core/chio-core-types)
    Checking hyper-util v0.1.20
    Checking frost-rerandomized v3.0.0
    Checking tokio-rustls v0.26.4
    Checking tower-http v0.6.8
    Checking rustls-platform-verifier v0.6.2
    Checking frost-ed25519 v3.0.0
    Checking hyper-rustls v0.27.7
    Checking alloy-consensus v1.8.3
    Checking alloy-json-rpc v1.8.3
    Checking http-body-util v0.1.3
    Checking serde_urlencoded v0.7.1
    Checking alloy-transport v1.8.3
    Checking reqwest v0.13.2
    Checking winnow v0.7.15
    Checking alloy-transport-http v1.8.3
    Checking alloy-signer v1.8.3
    Checking alloy-consensus-any v1.8.3
    Checking alloy-network-primitives v1.8.3
    Checking strum v0.27.2
    Checking alloy-rpc-types-eth v1.8.3
    Checking tokio-stream v0.1.18
    Checking alloy-sol-type-parser v1.5.7
    Checking dashmap v6.1.0
    Checking alloy-json-abi v1.5.7
    Checking alloy-rpc-client v1.8.3
    Checking alloy-chains v0.2.33
    Checking lru v0.16.3
    Checking alloy-dyn-abi v1.5.7
    Checking alloy-rpc-types-any v1.8.3
    Checking alloy-network v1.8.3
    Checking alloy-provider v1.8.3
    Checking alloy-contract v1.8.3
    Checking chio-listing v0.1.0 (/tmp/arc-security-launch/crates/economy/chio-listing)
    Checking chio-revocation-oracle v0.1.0 (/tmp/arc-security-launch/crates/trust/chio-revocation-oracle)
    Checking chio-pheromone v0.1.0 (/tmp/arc-security-launch/crates/trust/chio-pheromone)
    Checking chio-did v0.1.0 (/tmp/arc-security-launch/crates/trust/chio-did)
    Checking chio-fincred v0.1.0 (/tmp/arc-security-launch/crates/economy/chio-fincred)
    Checking chio-finding v0.1.0 (/tmp/arc-security-launch/crates/economy/chio-finding)
    Checking chio-egress-contract v0.1.0 (/tmp/arc-security-launch/crates/protocol/chio-egress-contract)
    Checking chio-fiscal v0.1.0 (/tmp/arc-security-launch/crates/economy/chio-fiscal)
    Checking chio-governance v0.1.0 (/tmp/arc-security-launch/crates/trust/chio-governance)
    Checking chio-appraisal v0.1.0 (/tmp/arc-security-launch/crates/economy/chio-appraisal)
    Checking chio-open-market v0.1.0 (/tmp/arc-security-launch/crates/economy/chio-open-market)
    Checking chio-underwriting v0.1.0 (/tmp/arc-security-launch/crates/economy/chio-underwriting)
    Checking chio-federation v0.1.0 (/tmp/arc-security-launch/crates/trust/chio-federation)
    Checking chio-credit v0.1.0 (/tmp/arc-security-launch/crates/economy/chio-credit)
    Checking chio-web3 v0.1.0 (/tmp/arc-security-launch/crates/economy/chio-web3)
    Checking chio-market v0.1.0 (/tmp/arc-security-launch/crates/economy/chio-market)
    Checking chio-autonomy v0.1.0 (/tmp/arc-security-launch/crates/economy/chio-autonomy)
    Checking chio-core v0.1.0 (/tmp/arc-security-launch/crates/core/chio-core)
    Checking chio-link v0.1.0 (/tmp/arc-security-launch/crates/economy/chio-link)
    Finished `dev` profile [unoptimized] target(s) in 4m 32s
