warning: patch `cmpv2 v0.2.0 (/tmp/arc-security-launch/third_party/cmpv2-chio)` was not used in the crate graph
warning: patch `crmf v0.2.0 (/tmp/arc-security-launch/third_party/crmf-chio)` was not used in the crate graph
warning: patch `ignore v0.4.32 (/tmp/arc-security-launch/third_party/ignore-chio)` was not used in the crate graph
warning: patch `nono v0.53.0 (/tmp/arc-security-launch/third_party/nono-upstream-chio)` was not used in the crate graph
warning: patch `regress v0.11.1 (/tmp/arc-security-launch/third_party/regress-chio)` was not used in the crate graph
warning: patch `sigstore-crypto v0.6.6 (/tmp/arc-security-launch/third_party/sigstore-crypto-chio)` was not used in the crate graph
warning: patch `sigstore-merkle v0.6.6 (/tmp/arc-security-launch/third_party/sigstore-merkle-chio)` was not used in the crate graph
warning: patch `sigstore-trust-root v0.6.3 (/tmp/arc-security-launch/third_party/sigstore-trust-root-chio)` was not used in the crate graph
warning: patch `sigstore-verify v0.6.3 (/tmp/arc-security-launch/third_party/sigstore-verify-chio)` was not used in the crate graph
help: Check that the patched package version and available features are compatible
      with the dependency requirements. If the patch has a different version from
      what is locked in the Cargo.lock file, run `cargo update` to use the new
      version. This may also occur with an optional dependency that is not enabled.
   Compiling chio-listing v0.1.0 (/tmp/arc-security-launch/crates/economy/chio-listing)
   Compiling chio-fiscal v0.1.0 (/tmp/arc-security-launch/crates/economy/chio-fiscal)
   Compiling chio-governance v0.1.0 (/tmp/arc-security-launch/crates/trust/chio-governance)
   Compiling chio-open-market v0.1.0 (/tmp/arc-security-launch/crates/economy/chio-open-market)
   Compiling chio-appraisal v0.1.0 (/tmp/arc-security-launch/crates/economy/chio-appraisal)
   Compiling chio-underwriting v0.1.0 (/tmp/arc-security-launch/crates/economy/chio-underwriting)
   Compiling chio-federation v0.1.0 (/tmp/arc-security-launch/crates/trust/chio-federation)
   Compiling chio-credit v0.1.0 (/tmp/arc-security-launch/crates/economy/chio-credit)
   Compiling chio-market v0.1.0 (/tmp/arc-security-launch/crates/economy/chio-market)
   Compiling chio-web3 v0.1.0 (/tmp/arc-security-launch/crates/economy/chio-web3)
   Compiling chio-autonomy v0.1.0 (/tmp/arc-security-launch/crates/economy/chio-autonomy)
   Compiling chio-core v0.1.0 (/tmp/arc-security-launch/crates/core/chio-core)
   Compiling chio-link v0.1.0 (/tmp/arc-security-launch/crates/economy/chio-link)
   Compiling chio-manifest v0.1.0 (/tmp/arc-security-launch/crates/platform/chio-manifest)
   Compiling chio-tool-call-fabric v0.1.0 (/tmp/arc-security-launch/crates/protocol/chio-tool-call-fabric)
   Compiling chio-settle v0.1.0 (/tmp/arc-security-launch/crates/economy/chio-settle)
   Compiling chio-kernel v0.1.0 (/tmp/arc-security-launch/crates/kernel/chio-kernel)
   Compiling chio-anchor v0.1.0 (/tmp/arc-security-launch/crates/economy/chio-anchor)
    Finished `test` profile [unoptimized] target(s) in 1m 57s
     Running unittests src/lib.rs (/home/connor/chio-security-target-6d-final/debug/deps/chio_anchor-223e69c543cfdea9)

running 124 tests
test discovery::tests::discovery_artifact_rejects_invalid_binding_signature ... ok
test discovery::tests::discovery_runtime_reports_paused_when_primary_lane_is_paused ... ok
test discovery::tests::discovery_artifact_rejects_binding_without_target_chain_scope ... ok
test discovery::tests::discovery_runtime_reports_stale_when_publication_timestamp_is_in_future ... ok
test evm::tests::build_chain_anchor_record_copies_confirmation_metadata ... ok
test discovery::tests::discovery_artifact_rejects_malformed_evm_target_metadata ... ok
test discovery::tests::discovery_artifact_rejects_binding_with_operator_address_mismatch ... ok
test batch::tests::anchor_batch_roundtrip_and_negative_roots ... ok
test discovery::tests::discovery_runtime_projects_conflict_incident_into_chain_runtime ... ok
test automation::tests::validates_anchor_automation_execution ... ok
test automation::tests::builds_anchor_automation_job_with_delegate ... ok
test evm::tests::devnet_rpc_egress_contract_only_authorizes_loopback ... ok
test evm::tests::confirm_root_publication_rejects_short_receipt_block_hash ... ok
test evm::tests::evm_anchor_target_validation_rejects_malformed_boundary_fields ... ok
test evm::tests::confirm_root_publication_rejects_log_block_hash_mismatch ... ok
test evm::tests::prepare_delegate_registration_rejects_invalid_delegate_inputs ... ok
test evm::tests::prepare_delegate_registration_rejects_invalid_target_boundary ... ok
test evm::tests::prepare_root_publication_accepts_operator_address_case_mismatch ... ok
test evm::tests::prepare_root_publication_rejects_invalid_contract_and_publisher_addresses ... ok
test evm::tests::prepare_root_publication_rejects_invalid_operator_address ... ok
test evm::tests::prepare_root_publication_rejects_missing_anchor_purpose ... ok
test evm::tests::prepare_root_publication_rejects_non_ed25519_operator_key ... ok
test evm::tests::prepare_root_publication_rejects_out_of_scope_chain ... ok
test evm::tests::prepare_root_publication_rejects_settlement_address_mismatch ... ok
test evm::tests::publish_root_does_not_self_authorize_rpc_url_authority ... ok
test evm::tests::confirm_root_publication_rejects_failed_transaction_status ... ok
test evm::tests::confirm_root_publication_rejects_receipt_without_matching_event ... ok
test evm::tests::confirm_root_publication_rejects_registry_mismatch ... ok
test evm::tests::ensure_publication_ready_rejects_unauthorized_publisher ... ok
test evm::tests::confirm_root_publication_decodes_matching_registry_entry ... ok
test evm::tests::validate_rpc_egress_contract_accepts_hostname_rpc ... ok
test evm::tests::ensure_publication_ready_accepts_next_checkpoint ... ok
test evm::tests::publish_root_estimates_gas_and_submits_transaction ... ok
test evm::tests::verify_inclusion_onchain_rejects_target_operator_mismatch ... ok
test functions::tests::assesses_verified_response ... ok
test functions::tests::prepares_bounded_functions_batch_request ... ok
test functions::tests::rejects_unbounded_notional_value ... ok
test metrics::tests::anchor_outcomes_are_rendered_in_stable_order ... ok
test metrics::tests::atomic_saturating_add_caps_at_u64_max ... ok
test metrics::tests::registry_constant_matches_spec ... ok
test ops::tests::control_state_tracks_mode_history ... ok
test ops::tests::denied_operations_use_bounded_static_diagnostics ... ok
test ops::tests::indexer_cursor_classifies_drift ... ok
test ops::tests::non_critical_incident_is_not_treated_as_conflict ... ok
test ops::tests::publish_root_is_denied_when_publication_is_paused ... ok
test ops::tests::recovery_mode_marks_lane_as_recovering ... ok
test ops::tests::runtime_report_detects_lane_conflict_incident ... ok
test ops::tests::runtime_report_example_round_trips ... ok
test functions::tests::rejects_mismatched_response_root ... ok
test tests::bitcoin_attachment_builds_super_root_linkage ... ok
test tests::bitcoin_bundle_rejects_wrong_super_root_digest ... ok
test tests::checkpoint_verifier_requires_trust_anchor_and_signer_chain ... ok
test tests::bitcoin_bundle_verifies_ots_commitment_against_super_root ... ok
test tests::discovery_artifact_projects_binding_and_service_inventory ... ok
test evm::tests::publish_root_rejects_rpc_redirects ... ok
test evm::tests::ensure_publication_ready_rejects_checkpoint_regression ... ok
test tests::evidence_bundle_rejects_missing_checkpoint_records ... ok
test tests::evidence_bundle_rejects_uncheckpointed_receipts ... ok
test tests::discovery_aware_bundle_verification_rejects_paused_freshness_state ... ok
test tests::evidence_bundle_projects_back_into_anchor_inclusion ... ok
test tests::discovery_aware_bundle_verification_rejects_secondary_lane_mismatch ... ok
test tests::example_proof_projects_back_into_anchor_inclusion ... ok
test tests::ots_proof_inspection_tracks_digest_and_attestation ... ok
test tests::root_publication_request_matches_primary_example ... ok
test tests::solana_bundle_verifies_when_root_matches ... ok
test tests::publication_record_requires_witness_or_immutable_anchor_reference ... ok
test tests::versioning::kernel_signed_checkpoint_survives_the_web3_statement_bridge ... ok
test tests::versioning::unsuffixed_proof_bundle_schema_tracks_current_v2_issuance ... ok
test evm::tests::publish_root_rejects_oversized_rpc_response ... ok
test tests::solana_bundle_rejects_mismatched_roots ... ok
test witness::ots::tests::ots_client_rejects_blank_calendar ... ok
test witness::ots::tests::ots_inclusion_proof_round_trips_through_parser ... ok
test witness::ots::tests::ots_client_rejects_negative_max_age ... ok
test tests::witness_rejects_conflicting_checkpoint_same_log_and_tree_size ... ok
test evm::tests::ensure_publication_ready_rejects_batch_gap_against_latest_root ... ok
test evm::tests::ensure_publication_ready_rejects_skipped_checkpoint_sequence ... ok
test evm::tests::inspect_publication_guard_decodes_authorization_and_sequence ... ok
test evm::tests::verify_inclusion_onchain_decodes_registry_verdict ... ok
test witness::rekor::ingress_tests::original_witness_proof_decode_is_bounded ... ok
test evm::tests::confirm_root_publication_retries_with_block_number_for_ganache_block_object_error ... ok
test witness::rekor::original_input_tests::original_nested_rekor_body_rejects_ignored_duplicate_keys ... ok
test witness::ots::tests::ots_verify_inclusion_rejects_bitcoin_marker_without_trusted_evidence ... ok
test witness::rekor::tests::rekor_client_rejects_blank_endpoint ... ok
test witness::rekor::tests::rekor_body_b64_round_trips_real_batch_hash ... ok
test evm::tests::publish_root_rejects_non_string_transaction_hash ... ok
test witness::rekor::tests::rekor_intoto_envelope_uses_camel_case_wire_shape ... ok
test witness::rekor::tests::verify_inclusion_proof_accepts_known_good_vector ... ok
test witness::rekor::tests::rfc6962_recomputes_reference_root_for_every_leaf ... ok
test witness::rekor::tests::verify_inclusion_proof_is_noop_when_absent ... ok
test witness::rekor::tests::verify_inclusion_proof_rejects_malformed_hash ... ok
test witness::rekor::tests::verify_inclusion_proof_rejects_log_index_disagreement ... ok
test witness::rekor::tests::verify_inclusion_proof_rejects_missing_root_hash ... ok
test witness::rekor::tests::verify_inclusion_proof_rejects_missing_tree_size ... ok
test witness::rekor::tests::verify_inclusion_proof_rejects_out_of_range_index ... ok
test witness::rekor::tests::verify_inclusion_proof_rejects_padded_path ... ok
test witness::rekor::tests::verify_inclusion_proof_rejects_truncated_path ... ok
test witness::rekor::tests::verify_inclusion_proof_rejects_wrong_root ... ok
test witness::rekor::tests::verify_inclusion_proof_rejects_wrong_tree_size ... ok
test witness::tests::advisory_mode_accepts_witnessed_with_structural_invariants ... ok
test witness::tests::body_hash_is_stable_across_witness_state_transitions ... ok
test witness::tests::body_hash_ignores_lane_assigned_witness_id_and_observation_time ... ok
test witness::tests::require_public_witness_admits_stale_when_previously_verified ... ok
test witness::tests::require_public_witness_rejects_self_asserted_witnessed ... ok
test evm::tests::publish_root_surfaces_rpc_error_envelope ... ok
test witness::tests::require_public_witness_rejects_stale_without_prior_verification ... ok
test witness::tests::sync_require_public_witness_rejects_self_asserted_witnessed ... ok
test witness::tests::stale_admission_does_not_replay_against_different_batch_content ... ok
test witness::tests::witness_policy_accepts_pending_when_advisory ... ok
test witness::tests::witness_policy_accepts_stale_already_witnessed_advisory ... ok
test witness::tests::witness_policy_default_is_load_bearing_public_witness ... ok
test witness::tests::witness_policy_rejects_pending_when_required ... ok
test witness::tests::witness_policy_rejects_root_mismatch_on_witnessed ... ok
test witness::tests::witness_policy_rejects_stale_without_verifier_cache ... ok
test witness::tests::witnessed_receipt_kind_must_match_declared_lane ... ok
test witness::tests::require_public_witness_rejects_stale_with_fresh_producer_timestamp_but_stale_cache ... ok
test witness::rekor::tests::rekor_set_signature_round_trips ... ok
test witness::rekor::ingress_tests::original_rekor_receipt_timestamp_is_bound_to_signed_entry ... ok
test witness::rekor::ingress_tests::original_rekor_rejects_authenticated_future_time ... ok
test witness::rekor::ingress_tests::witness_clock_failure_denies_before_network ... ok
test witness::rekor::ingress_tests::witness_rejects_ambiguous_entry_maps_and_redacts_http_failures ... ok
test witness::rekor::ingress_tests::witness_client_clones_share_both_clock_fences ... ok
test tests::versioning::proof_bundle_schema_tracks_the_primary_proof_version ... ok
test tests::versioning::v2_proof_bundle_requires_evm_anchor_evidence_for_the_primary_lane ... ok
test witness::rekor::ingress_tests::original_rekor_response_budget_precedes_projection ... ok

test result: ok. 124 passed; 0 failed; 0 ignored; 0 measured; 0 filtered out; finished in 0.51s

     Running tests/integration_smoke.rs (/home/connor/chio-security-target-6d-final/debug/deps/integration_smoke-cc191b23c7caa2d2)

running 4 tests
test anchor_public_types_capture_discovery_shape ... ok
test functions_verification_rejects_request_id_and_chain_mismatches ... ok
test checkpoint_statement_round_trips_kernel_checkpoint_fields ... ok
test anchor_discovery_reports_publication_policy_and_current_freshness_state ... ok

test result: ok. 4 passed; 0 failed; 0 ignored; 0 measured; 0 filtered out; finished in 0.00s

     Running tests/mutation_gap_closure.rs (/home/connor/chio-security-target-6d-final/debug/deps/mutation_gap_closure-f180f60406385529)

running 4 tests
test lane_classification_prioritizes_failed_paused_and_recovery_states ... ok
test emergency_modes_allow_only_their_bounded_operation_sets ... ok
test solana_publication_requires_identity_fields_and_canonical_memo ... ok
test ots_submission_requires_calendars_and_contiguous_checkpoints ... ok

test result: ok. 4 passed; 0 failed; 0 ignored; 0 measured; 0 filtered out; finished in 0.01s

     Running unittests src/lib.rs (/home/connor/chio-security-target-6d-final/debug/deps/chio_credit-1766d829a1ff7a50)

running 58 tests
test clearing::lifecycle::tests::finalized_round_cannot_satisfy_without_zero_intent_reconciliation ... ok
test financial_credentials::tests::settlement_reliability_ratio_rejects_zero_inconsistent_or_unsafe_counts ... ok
test clearing::lifecycle::tests::round_transition_count_rejects_input_padding_overflow ... ok
test financial_credentials::tests::settlement_reliability_ratio_uses_exact_u128_floor_division ... ok
test formal_economy::tests::conversion_rejects_zero_rates_and_narrowing_overflow ... ok
test formal_economy::tests::conversion_rounding_examples_are_exact ... ok
test factor::claim::tests::claim_causality_rejects_each_reversed_edge ... ok
test factor::original_input_tests::original_factor_input_preserves_native_cause ... ok
test formal_economy::tests::zero_units_have_zero_rounded_value ... ok
test hook::tests::iou_envelope_schema_is_stable ... ok
test financial_credentials::tests::exposure_completeness_rejects_summary_counts_that_do_not_match_rows ... ok
test financial_credentials::tests::completeness_attestation_rejects_body_schema_substitution ... ok
test financial_credentials::tests::loss_history_rejects_an_omitted_newest_member_inside_the_declared_window ... ok
test financial_credentials::tests::completeness_proof_rejects_window_shrink_substitution ... ok
test local_account::tests::deny_decision_mints_zero_iou_even_with_price ... ok
test local_account::tests::allow_with_zero_cost_metadata_mints_zero_iou ... ok
test financial_credentials::tests::premium_history_rejects_an_omitted_oldest_member_inside_the_declared_window ... ok
test financial_credentials::tests::exact_window_end_is_rejected_as_a_member_and_accepted_as_upper_adjacent ... ok
test local_account::tests::tampered_signature_returns_signature_invalid ... ok
test local_account::tests::iou_id_is_deterministic_across_re_evaluation ... ok
test local_account::tests::allow_without_financial_metadata_mints_zero_iou ... ok
test local_account::tests::mismatched_action_hash_returns_signature_invalid ... ok
test tests::bonded_execution_control_policy_defaults_fail_closed ... ok
test local_account::tests::allow_with_priced_metadata_mints_one_iou ... ok
test financial_credentials::tests::checkpoint_qualification_rejects_older_sequence_and_rollback_generation ... ok
test local_account::tests::untrusted_kernel_key_returns_signer_untrusted ... ok
test tests::bonded_execution_simulation_query_requires_bond_id ... ok
test tests::bounded_limit_helper_preserves_default_and_clamps_edges ... ok
test obligation::credit_admission::tests::sealed_credit_no_effect_proof_is_operation_bound ... ok
test tests::capital_book_query_clamps_limits ... ok
test financial_credentials::tests::source_member_and_resolver_boundaries_fail_closed ... ok
test tests::capital_book_query_requires_subject_scope ... ok
test tests::capital_execution_envelope_rejects_stale_authority ... ok
test tests::capital_execution_instruction_rejects_authority_proof_principal_mismatch ... ok
test tests::capital_execution_instruction_rejects_tampered_authority_proof_body ... ok
test tests::capital_execution_envelope_rejects_future_dated_authority_approval ... ok
test tests::capital_execution_instruction_artifact_validates_authority_and_reconciliation ... ok
test tests::capital_book_round_trip_signature_verifies ... ok
test tests::credit_backtest_query_clamps_limits ... ok
test tests::credit_backtest_query_requires_subject_scope ... ok
test tests::credit_bond_list_query_clamps_limit ... ok
test tests::exposure_ledger_query_rejects_blank_filter_values ... ok
test tests::exposure_ledger_query_rejects_inverted_time_window ... ok
test tests::capital_allocation_decision_round_trip_signature_verifies ... ok
test tests::capital_instruction_artifact_rejects_observed_execution_amount_mismatch ... ok
test tests::capital_instruction_artifact_rejects_transfer_without_completion_flow ... ok
test tests::capital_execution_instruction_rejects_control_character_identities ... ok
test tests::capital_execution_instruction_requires_source_owner_authority ... ok
test tests::exposure_ledger_query_clamps_limits ... ok
test tests::exposure_ledger_query_requires_anchor ... ok
test tests::credit_bond_round_trip_signature_verifies ... ok
test tests::exposure_ledger_query_requires_tool_server_when_tool_name_present ... ok
test tests::provider_risk_package_query_clamps_recent_loss_limit ... ok
test tests::provider_risk_package_query_requires_subject_scope ... ok
test tests::capital_execution_instruction_round_trip_signature_verifies ... ok
test tests::provider_risk_package_round_trip_signature_verifies ... ok
test financial_credentials::tests::unresolved_signed_sources_cannot_overclaim_assurance ... ok
test formal_economy::tests::converted_values_stay_inside_the_rounding_envelope ... ok

test result: ok. 58 passed; 0 failed; 0 ignored; 0 measured; 0 filtered out; finished in 0.03s

     Running tests/clearing.rs (/home/connor/chio-security-target-6d-final/debug/deps/clearing-03ad975c812aefa7)

running 8 tests
test netting_edge_cases::reverse_bilateral_flows_cancel_before_matching ... ok
test netting_edge_cases::balanced_cycle_emits_no_settlement_intent ... ok
test netting_edge_cases::aggregate_that_cannot_fit_the_wire_amount_rejects ... ok
test acyclic_chain_reduces_to_one_direct_intent ... ok
test zero_intent::zero_intent_round_requires_typed_reconciliation_before_satisfaction ... ok
test signed_abort_releases_only_after_complete_zero_dispatch_and_the_winning_fence ... ok
test netting_edge_cases::duplicate_mixed_currency_and_incomplete_inputs_reject ... ok
test participant_acceptances_bind_every_affected_statement_after_the_dispute_window ... ok

test result: ok. 8 passed; 0 failed; 0 ignored; 0 measured; 0 filtered out; finished in 0.39s

     Running tests/clearing_lifecycle.rs (/home/connor/chio-security-target-6d-final/debug/deps/clearing_lifecycle-499728d75a255377)

running 6 tests
test aborted_round_releases_every_reservation_in_the_winning_batch ... ok
test terminal_clearing_transitions_require_a_dedicated_projection ... ok
test no_effect_retries_and_unknown_outcomes_remain_effect_slot_fenced ... ok
test settled_reconciliation_terminalizes_the_slot_and_round_attempt_together ... ok
test finalization_and_abort_compete_on_one_complete_external_projection ... ok
test finalizing_abort_requires_a_burn_and_dispatch_is_effect_fenced ... ok

test result: ok. 6 passed; 0 failed; 0 ignored; 0 measured; 0 filtered out; finished in 1.63s

     Running tests/credit_admission.rs (/home/connor/chio-security-target-6d-final/debug/deps/credit_admission-21ddffa4f12f3d23)

running 5 tests
test configured_resolver_seals_the_complete_minimum_authority_set_deterministically ... ok
test resolver_uses_literal_capability_wildcards_and_wide_money_arithmetic ... ok
test configured_resolver_rejects_incomplete_conflicting_expired_and_tampered_sets ... ok
test reservation_identity_rejects_nonce_and_digest_tampering ... ok
test reservation_contract_checks_capacity_and_all_terminal_states ... ok

test result: ok. 5 passed; 0 failed; 0 ignored; 0 measured; 0 filtered out; finished in 0.03s

     Running tests/credit_facility_bind.rs (/home/connor/chio-security-target-6d-final/debug/deps/credit_facility_bind-7bd5a983dbfee928)

running 5 tests
test facility_bind_enforces_current_time_and_configured_lifetime ... ok
test facility_bind_rejects_pairwise_role_aliases_and_signature_slot_swaps ... ok
test facility_bind_requires_each_configured_role_key_epoch_and_signature ... ok
test facility_bind_rejects_noncanonical_unknown_and_semantically_substituted_bytes ... ok
test facility_bind_round_trips_and_verifies_exact_terms ... ok

test result: ok. 5 passed; 0 failed; 0 ignored; 0 measured; 0 filtered out; finished in 0.06s

     Running tests/factor_authorization.rs (/home/connor/chio-security-target-6d-final/debug/deps/factor_authorization-64745b4078f40189)

running 4 tests
test bind_authorization_rejects_tampering_and_unknown_schema ... ok
test agreement_rejects_noncanonical_tampered_and_unknown_artifacts ... ok
test bind_authorization_requires_exact_canonical_bytes_and_configured_authority ... ok
test bilateral_agreement_and_composite_set_pin_both_parties ... ok

test result: ok. 4 passed; 0 failed; 0 ignored; 0 measured; 0 filtered out; finished in 0.05s

     Running tests/factor_claim.rs (/home/connor/chio-security-target-6d-final/debug/deps/factor_claim-2a9b123c83124b76)

running 6 tests
test claim_trust_is_deterministic_and_role_separated ... ok
test sealed_claim_rejects_expiry_and_nonpending_state ... ok
test sealed_claim_retains_exact_verified_evidence ... ok
test sealed_claim_rejects_tampered_receipt_and_iou ... ok
test sealed_claim_rejects_mixed_status_trust_and_premature_build ... ok
test sealed_claim_rejects_legacy_and_untrusted_evidence ... ok

test result: ok. 6 passed; 0 failed; 0 ignored; 0 measured; 0 filtered out; finished in 0.07s

     Running tests/factor_contract.rs (/home/connor/chio-security-target-6d-final/debug/deps/factor_contract-bed8b1f2151627d2)

running 4 tests
test quote_arithmetic_is_checked_integer_flooring ... ok
test claims_offers_quotes_and_requests_fail_closed_on_invalid_terms ... ok
test derived_ids_and_request_digest_cover_economic_terms ... ok
test factor_artifacts_are_strict_canonical_and_schema_valid ... ok

test result: ok. 4 passed; 0 failed; 0 ignored; 0 measured; 0 filtered out; finished in 0.05s

     Running tests/factor_results.rs (/home/connor/chio-security-target-6d-final/debug/deps/factor_results-9b46234aa460969b)

running 8 tests
test not_applied_rejects_an_unrelated_expired_offer ... ok
test not_applied_rejects_tampering_noncanonical_bytes_and_wrong_authority ... ok
test acknowledgement_rejects_tampering_noncanonical_bytes_and_wrong_authority ... ok
test not_applied_rejects_a_status_proof_for_another_obligation ... ok
test assignment_results_are_canonical_schema_valid_and_retain_exact_evidence ... ok
test acknowledgement_rejects_every_cross_artifact_cas_mismatch ... ok
test not_applied_rejects_every_cross_artifact_cas_mismatch ... ok
test not_applied_reasons_require_matching_observed_state_or_time ... ok

test result: ok. 8 passed; 0 failed; 0 ignored; 0 measured; 0 filtered out; finished in 0.16s

     Running tests/integration_smoke.rs (/home/connor/chio-security-target-6d-final/debug/deps/integration_smoke-e510e43a508c870c)

running 2 tests
test exposure_ledger_query_normalizes_limits ... ok
test exposure_ledger_query_requires_an_anchor ... ok

test result: ok. 2 passed; 0 failed; 0 ignored; 0 measured; 0 filtered out; finished in 0.00s

     Running tests/iou_invariants.rs (/home/connor/chio-security-target-6d-final/debug/deps/iou_invariants-bd483b70f71ce435)

running 3 tests
test hook_does_not_mutate_receipt_bytes ... ok
test tampered_receipt_mints_zero_iou ... ok
test one_receipt_mints_zero_or_one_iou ... ok

test result: ok. 3 passed; 0 failed; 0 ignored; 0 measured; 0 filtered out; finished in 0.48s

     Running tests/iou_v2.rs (/home/connor/chio-security-target-6d-final/debug/deps/iou_v2-8d1816b5681eb002)

running 8 tests
test v2_verifier_rejects_source_receipt_key_reused_by_valid_iou_signature ... ok
test v2_rejects_creditor_key_reused_under_an_issuer_alias ... ok
test v2_rejects_source_receipt_key_reused_for_iou_minting ... ok
test v2_rejects_unknown_noncanonical_legacy_and_untrusted_envelopes ... ok
test v2_rejects_missing_or_mismatched_receipt_request_id ... ok
test v2_requires_the_exact_committed_credit_admission ... ok
test v2_rejects_payee_substitution_paid_receipts_and_floor_downgrades ... ok
test obligation_led_v2_mints_and_verifies_exact_evidence ... ok

test result: ok. 8 passed; 0 failed; 0 ignored; 0 measured; 0 filtered out; finished in 0.80s

     Running tests/obligation.rs (/home/connor/chio-security-target-6d-final/debug/deps/obligation-72c416101c15379c)

running 9 tests
test obligation_atom_rejects_substituted_payee_binding_digest ... ok
test payee_binding_digest_commits_exact_beneficiary_and_destination ... ok
test conflicting_atom_payload_keeps_identity_but_changes_digest ... ok
test obligation_identity_uses_the_fixed_source_claim_preimage ... ok
test deserialized_assign_transition_cannot_bypass_the_guarded_path ... ok
test assignment_requires_the_guarded_compare_and_swap ... ok
test obligation_disposition_rejects_impossible_serialized_heads ... ok
test obligation_disposition_is_exclusive_and_round_release_is_exact ... ok
test persisted_successor_validation_requires_the_exact_transition ... ok

test result: ok. 9 passed; 0 failed; 0 ignored; 0 measured; 0 filtered out; finished in 0.01s

     Running tests/obligation_status.rs (/home/connor/chio-security-target-6d-final/debug/deps/obligation_status-eaf043379d2e33b8)

running 6 tests
test status_proof_rejects_issue_before_atom_creation ... ok
test status_proof_rejects_schema_tampering_and_mixed_snapshots ... ok
test status_proof_rejects_untrusted_stale_future_and_overlong_authority ... ok
test assignment_cas_rejects_stale_disposition_and_nonpending_settlement ... ok
test assignment_cas_requires_exact_authorization_and_has_one_winner ... ok
test settlement_lifecycle_and_status_proof_are_canonical_and_exact ... ok

test result: ok. 6 passed; 0 failed; 0 ignored; 0 measured; 0 filtered out; finished in 1.59s

     Running tests/original_input.rs (/home/connor/chio-security-target-6d-final/debug/deps/original_input-12038821dbf79e2f)

running 2 tests
test original_credit_readers_preserve_native_causes ... ok
test original_credit_input_is_bounded_before_typed_projection ... ok

test result: ok. 2 passed; 0 failed; 0 ignored; 0 measured; 0 filtered out; finished in 0.00s

     Running unittests src/lib.rs (/home/connor/chio-security-target-6d-final/debug/deps/chio_fiscal-506ace82a32e9dc1)

running 31 tests
test lifecycle_tests::committed_activation_authority_is_not_clone ... ok
test fee_schedule::tests::fee_schedule_rejects_duplicate_bond_classes ... ok
test lifecycle_tests::genesis_policy_rejects_a_charter_signed_by_an_unpinned_authority ... ok
test lifecycle_tests::duplicate_nonmember_and_below_threshold_approvals_reject ... ok
test lifecycle_tests::fallback_is_anchor_attested_and_cannot_reappear_after_activation ... ok
test lifecycle_tests::activation_history_rebuilds_only_from_the_complete_checkpoint_chain ... ok
test lifecycle_tests::clock_rollback_anchor_outage_and_divergence_deny ... ok
test lifecycle_tests::runtime_adapter_registry_is_exact_sorted_and_canonical ... ok
test lifecycle_tests::continuity_advance_retains_reverifiable_canonical_evidence ... ok
test lifecycle_tests::checkpoint_strict_decode_and_expiry_boundary_fail_closed ... ok
test lifecycle_tests::successor_charter_cannot_self_authorize_rotation ... ok
test lifecycle_tests::continuity_rejects_marker_clock_and_sequence_rollback ... ok
test tests::builders_produce_deterministic_ids_and_canonical_vectors ... ok
test tests::params_reject_currency_and_numeric_contract_violations ... ok
test tests::open_market_schedule_requires_exact_operator_and_time_binding ... ok
test lifecycle_tests::external_checkpoint_prevents_database_restore_from_reopening_fallback ... ok
test tests::charter_rejects_invalid_threshold_durations_expiry_and_lineage ... ok
test tests::signer_key_id_hashes_raw_public_key_bytes ... ok
test tests::schedule_rejects_domain_charter_expiry_and_currency_mismatch ... ok
test lifecycle_tests::valid_amendment_requires_local_admission_and_current_charter_threshold ... ok
test tests::strict_charter_rejects_unsorted_duplicate_and_misbound_signers ... ok
test tests::signed_artifacts_verify_and_strictly_decode_canonical_bytes ... ok
test lifecycle_tests::published_fiscal_fixtures_match_runtime_types_and_signatures ... ok
test lifecycle_tests::activation_requires_the_exact_current_runtime_readiness ... ok
test lifecycle_tests::continuity_binds_exact_schedule_domain_predecessor_and_charter_lineage ... ok
test lifecycle_tests::timelock_approval_expiry_and_untrusted_admission_reject ... ok
test tests::schedule_rejects_lineage_gaps_and_cross_domain_predecessors ... ok
test tests::unknown_schema_self_id_and_signature_tamper_fail_closed ... ok
test lifecycle_tests::external_anchor_port_reads_authentically_and_cas_advances ... ok
test lifecycle_tests::resolver_enforces_lineage_currency_expiry_and_last_known_good ... ok
test lifecycle_tests::resolver_selects_activated_predecessor_digest_from_duplicate_schedule_ids ... ok

test result: ok. 31 passed; 0 failed; 0 ignored; 0 measured; 0 filtered out; finished in 0.09s

     Running tests/original_input.rs (/home/connor/chio-security-target-6d-final/debug/deps/original_input-b4d1f1b21ca5aef1)

running 1 test
test original_fiscal_readers_preserve_native_causes ... ok

test result: ok. 1 passed; 0 failed; 0 ignored; 0 measured; 0 filtered out; finished in 0.00s

     Running unittests src/lib.rs (/home/connor/chio-security-target-6d-final/debug/deps/chio_link-854d545cd4f596c7)

running 53 tests
test chainlink::tests::rejects_invalid_feed_addresses ... ok
test chainlink::tests::rejects_pairs_without_a_configured_network ... ok
test chainlink::tests::backend_rejects_pairs_without_chainlink_feeds ... ok
test circuit_breaker::tests::divergence_computes_basis_points ... ok
test circuit_breaker::tests::threshold_trips_on_large_gap ... ok
test config::tests::operator_overrides_cover_each_supported_pair ... ok
test config::tests::base_mainnet_default_includes_base_and_arbitrum_chain_inventory ... ok
test config::tests::pair_key_normalizes_symbols ... ok
test cache::tests::drops_expired_observations ... ok
test chainlink::tests::try_new_accepts_hostname_contract_with_pinned_dns ... ok
test convert::tests::applies_margin_conservatively ... ok
test config::tests::base_mainnet_default_exposes_supported_pairs ... ok
test cache::tests::returns_twap_when_enabled ... ok
test chainlink::tests::rejects_invalid_rpc_endpoints ... ok
test convert::tests::converts_with_default_supported_scales ... ok
test control::tests::control_state_tracks_pause_chain_and_pair_changes ... ok
test convert::tests::resolves_supported_currency_scales ... ok
test pyth::tests::canonicalizes_feed_ids ... ok
test config::tests::validate_accepts_literal_ip_egress_contract ... ok
test convert::tests::converts_with_ceiling_rounding ... ok
test pyth::tests::decimal_component_conversion_handles_positive_exponents ... ok
test pyth::tests::decimal_component_conversion_rejects_negative_values ... ok
test pyth::tests::decimal_component_conversion_rejects_zero_and_overflow ... ok
test pyth::tests::exchange_rates_fail_when_the_quote_is_stale ... ok
test pyth::tests::normalizes_pyth_decimal_components ... ok
test pyth::tests::rejects_invalid_base_urls ... ok
test sequencer::tests::rejects_invalid_feed_addresses ... ok
test pyth::tests::latest_price_url_normalizes_ids_and_base_urls ... ok
test sequencer::tests::rejects_invalid_rpc_endpoints ... ok
test sequencer::tests::returns_none_when_no_sequencer_feed_is_configured ... ok
test tests::backend_pair_mismatch_fails_closed_before_cache_insert ... ok
test tests::builds_conversion_evidence ... ok
test tests::degraded_mode_reuses_stale_cached_rate_with_extra_margin ... ok
test tests::disabling_trusted_chain_blocks_the_pair ... ok
test tests::divergence_trips_fail_closed_policy ... ok
test tests::falls_back_when_primary_is_unavailable ... ok
test tests::future_rate_updates_fail_closed ... ok
test tests::global_pause_stops_budget_resolution ... ok
test tests::invalid_configuration_constructor_preserves_message ... ok
test tests::operator_can_force_specific_backend ... ok
test tests::runtime_report_surfaces_pause_alert ... ok
test tests::unsupported_pair_fails_closed ... ok
test sequencer::tests::accepts_hostname_rpc_endpoints_for_contract_backed_dispatch ... ok
test chainlink::tests::backend_accepts_hostname_rpc_for_contract_backed_dispatch ... ok
test pyth::tests::backend_rejects_pairs_without_pyth_feeds ... ok
test sequencer::tests::rpc_transport_rejects_redirects_outside_contract ... ok
test chainlink::tests::rpc_transport_rejects_redirects_outside_contract ... ok
test sequencer::tests::rpc_transport_rejects_oversized_responses ... ok
test chainlink::tests::rpc_transport_rejects_oversized_responses ... ok
test pyth::tests::new_accepts_hostname_contract_with_pinned_dns ... ok
test chainlink::tests::original_rpc_ignored_duplicate_keys_fail_before_raw_value_projection ... ok
test config::tests::validate_accepts_default_hostname_egress_with_pinned_resolver ... ok
test chainlink::tests::original_rpc_failure_keeps_native_cause_and_hides_payload ... ok

test result: ok. 53 passed; 0 failed; 0 ignored; 0 measured; 0 filtered out; finished in 0.18s

     Running tests/integration_smoke.rs (/home/connor/chio-security-target-6d-final/debug/deps/integration_smoke-31b995e5e2124c2f)

running 2 tests
test exchange_rate_helpers_reflect_public_contract ... ok
test default_price_oracle_config_validates ... ok

test result: ok. 2 passed; 0 failed; 0 ignored; 0 measured; 0 filtered out; finished in 0.00s

     Running unittests src/lib.rs (/home/connor/chio-security-target-6d-final/debug/deps/chio_listing-bef73684d206d427)

running 40 tests
test tests::generic_listing_boundary_rejects_automatic_trust_admission ... ok
test tests::generic_listing_boundary_rejects_missing_explicit_activation_gate ... ok
test tests::generic_listing_freshness_window_rejects_invalid_bounds_and_assesses_stale ... ok
test tests::generic_listing_query_normalizes_namespace_actor_and_limit ... ok
test tests::generic_listing_rejects_namespace_mismatch ... ok
test tests::generic_listing_replica_freshness_rejects_invalid_window ... ok
test tests::generic_listing_namespace_consistency_rejects_conflicting_owners ... ok
test tests::generic_listing_rejects_non_increasing_expiry ... ok
test tests::generic_listing_search_policy_rejects_non_reproducible_modes ... ok
test discovery::tests::compare_flags_currency_inconsistency ... ok
test tests::build_generic_trust_activation_artifact_defaults_reviewed_at_for_approved ... ok
test discovery::tests::listing_pricing_hint_rejects_lowercase_currency ... ok
test tests::generic_namespace_artifact_rejects_wrong_schema ... ok
test discovery::tests::search_rejects_stale_pricing_hint ... ok
test tests::generic_listing_search_rejects_reports_with_invalid_listing_signatures ... ok
test discovery::tests::search_fails_closed_on_tampered_pricing_hint_signature ... ok
test discovery::tests::search_rejects_non_active_listings_and_missing_hints ... ok
test tests::generic_trust_activation_eligibility_rejects_invalid_role_and_bond_rules ... ok
test tests::generic_listing_search_excludes_divergent_results ... ok
test tests::generic_listing_search_rejects_stale_reports ... ok
test tests::generic_listing_search_prefers_fresh_origin_and_collapses_identical_replicas ... ok
test tests::generic_trust_activation_artifact_validate_rejects_review_field_misconfigurations ... ok
test tests::generic_trust_activation_flags_listing_signer_mismatch ... ok
test discovery::tests::compare_normalizes_prices_within_currency ... ok
test tests::generic_trust_activation_admits_reviewable_activation ... ok
test tests::generic_trust_activation_flags_invalid_activation_body ... ok
test tests::generic_trust_activation_fails_closed_on_stale_listing ... ok
test tests::generic_trust_activation_flags_unverifiable_activation_signature ... ok
test discovery::tests::search_filters_by_scope_prefix_and_price_ceiling ... ok
test tests::generic_trust_activation_issue_request_validate_rejects_stale_approved_context ... ok
test tests::generic_trust_activation_flags_unverifiable_listing_signature ... ok
test tests::generic_trust_activation_issue_request_rejects_listing_signer_mismatch ... ok
test util::tests::bounded_listing_limit_clamps_default_and_edges ... ok
test tests::generic_trust_activation_rejects_listing_mismatch ... ok
test tests::generic_trust_activation_public_untrusted_never_admits ... ok
test tests::generic_trust_activation_requires_explicit_artifact ... ok
test tests::generic_trust_activation_bond_backed_policy_remains_review_visible_only ... ok
test tests::generic_trust_activation_rejects_divergent_listing_context ... ok
test tests::generic_trust_activation_rejects_ineligible_actor_publisher_status_and_operator ... ok
test tests::generic_trust_activation_rejects_expired_pending_and_denied_activations ... ok

test result: ok. 40 passed; 0 failed; 0 ignored; 0 measured; 0 filtered out; finished in 0.02s

     Running tests/integration_smoke.rs (/home/connor/chio-security-target-6d-final/debug/deps/integration_smoke-06854d786e5f8b68)

running 1 test
test listing_defaults_validate ... ok

test result: ok. 1 passed; 0 failed; 0 ignored; 0 measured; 0 filtered out; finished in 0.00s

     Running tests/outcome.rs (/home/connor/chio-security-target-6d-final/debug/deps/outcome-94c055d119c9c240)

running 11 tests
test original_outcome_reader_is_bounded_and_keeps_native_cause ... ok
test json_pointer_rejects_signed_array_indices ... ok
test evidence_authority_is_bound_to_eligibility_kernel ... ok
test sla_arithmetic_and_fixed_interval_boundaries_are_exact ... ok
test signed_contracts_and_eligibility_fail_closed ... ok
test delivery_evidence_is_monotonic_exact_and_trust_bound ... ok
test delivery_rejects_inconsistent_blob_and_early_nonacceptance ... ok
test pricing_classification_cross_binds_delivery_and_attribution ... ok
test predicate_uses_rfc6901_canonical_ijson_and_exact_output_bytes ... ok
test representative_artifacts_match_strict_schemas_and_versions ... ok
test original_predicate_output_is_bounded_before_projection ... ok

test result: ok. 11 passed; 0 failed; 0 ignored; 0 measured; 0 filtered out; finished in 0.24s

     Running tests/search_compare.rs (/home/connor/chio-security-target-6d-final/debug/deps/search_compare-afc66b35398132a2)

running 8 tests
test compare_empty_input_produces_empty_comparison ... ok
test compare_ranks_cheapest_at_10000_bps ... ok
test search_rejects_hint_mismatched_to_publisher_operator ... ok
test search_rejects_pricing_hint_not_signed_by_listing_authority ... ok
test search_filters_by_provider_operator_id_and_require_fresh ... ok
test search_orders_results_by_price_and_emits_signed_schema_fields ... ok
test search_rejects_listing_signed_by_attacker_when_namespace_owner_key_is_pinned ... ok
test search_honors_require_fresh_equals_false_allows_passthrough ... ok

test result: ok. 8 passed; 0 failed; 0 ignored; 0 measured; 0 filtered out; finished in 0.01s

     Running unittests src/lib.rs (/home/connor/chio-security-target-6d-final/debug/deps/chio_market-179afb500c6438ae)

running 75 tests
test error::tests::string_conversion_preserves_detail ... ok
test error::tests::a_seam_failure_displays_its_detail_and_matches_on_its_family ... ok
test error::tests::display_is_detail_only ... ok
test insurance_flow::tests::claim_settlement_request_validation_rejects_non_claim_or_empty_handoff ... ok
test insurance_flow::tests::file_claim_keeps_the_family_the_receipt_source_reported ... ok
test insurance_flow::tests::clean_agent_binds_policy_with_quoted_premium ... ok
test insurance_flow::tests::file_claim_denies_after_policy_expires ... ok
test insurance_flow::tests::file_claim_caps_payout_at_coverage_limit ... ok
test insurance_flow::tests::file_claim_with_verified_receipt_is_approved_and_submits_settlement ... ok
test insurance_flow::tests::file_claim_denies_when_receipt_cannot_be_resolved ... ok
test insurance_flow::tests::file_claim_rejects_malformed_evidence_before_settlement_sink ... ok
test insurance_flow::tests::seam_families_survive_the_public_error_boundary ... ok
test insurance_flow::tests::denial_below_floor_returns_premium_declined ... ok
test insurance_flow::tests::file_claim_denies_when_receipt_signature_is_tampered ... ok
test insurance_flow::tests::rejecting_source_surfaces_fail_closed_decline ... ok
test parametric::claim::payout_tests::payout_reservation_is_fail_closed_without_the_shared_coordinator ... ok
test parametric::claim::payout_tests::pre_reservation_intent_rejects_each_continuity_substitution ... ok
test parametric::claim::payout_tests::payout_preparation_rejects_action_target_frost_and_resource_substitution ... ok
test parametric::claim::payout_tests::signed_pre_reservation_intent_pins_current_capital_trust ... ok
test parametric::claim::payout_tests::pre_reservation_validation_rejects_coherent_preparation_rebinding ... ok
test parametric::claim::payout_tests::pre_reservation_validation_rejects_untrusted_source_account ... ok
test parametric::claim::payout_tests::preparation_ids_do_not_rebind_across_claims ... ok
test parametric::claim::payout_tests::payout_intent_rejects_capital_instruction_and_trust_substitution ... ok
test tests::liability_bound_coverage_rejects_provider_without_bound_coverage ... ok
test tests::liability_auto_bind_decision_validates_auto_bound_flow ... ok
test tests::liability_claim_package_rejects_tampered_bound_coverage_signature ... ok
test tests::liability_claim_dispute_rejects_fully_accepted_response ... ok
test tests::liability_auto_bind_decision_rejects_manual_review_with_embedded_artifacts ... ok
test tests::liability_claim_response_rejects_denied_without_reason ... ok
test tests::liability_claim_workflow_query_normalizes_and_clamps_fields ... ok
test tests::liability_market_workflow_query_normalizes_fields ... ok
test tests::liability_claim_adjudication_rejects_partial_settlement_at_full_amount ... ok
test tests::liability_pricing_authority_envelope_requires_regulated_role ... ok
test tests::liability_claim_package_rejects_duplicate_receipts ... ok
test tests::liability_claim_payout_receipt_rejects_tampered_nested_instruction_signature ... ok
test tests::liability_provider_list_query_normalizes_and_clamps_fields ... ok
test tests::liability_provider_report_rejects_duplicate_jurisdictions ... ok
test tests::liability_provider_report_rejects_invalid_currency ... ok
test tests::liability_claim_payout_instruction_rejects_observed_capital_instruction ... ok
test tests::liability_provider_resolution_query_rejects_invalid_currency ... ok
test tests::liability_provider_resolution_query_normalizes_fields ... ok
test tests::liability_quote_request_rejects_currency_mismatch ... ok
test tests::liability_claim_payout_receipt_rejects_matched_amount_mismatch ... ok
test tests::liability_claim_payout_instruction_validates_transfer_flow ... ok
test tests::liability_claim_settlement_instruction_rejects_missing_custodian_approval ... ok
test tests::market_query_limit_helper_clamps_default_and_edges ... ok
test tests::liability_pricing_authority_rejects_auto_bind_without_claim_support ... ok
test tests::liability_claim_response_rejects_tampered_nested_claim_signature ... ok
test tests::liability_quote_response_rejects_control_character_id ... ok
test tests::liability_placement_rejects_expired_quote ... ok
test tests::liability_pricing_authority_validates_happy_path ... ok
test tests::liability_claim_settlement_receipt_rejects_counterparty_match_in_mismatch_state ... ok
test tests::liability_quote_response_rejects_wrong_schema_and_empty_id ... ok
test tests::liability_claim_settlement_instruction_rejects_self_asserted_authority_role ... ok
test tests::liability_quote_response_validates_quoted_terms_path ... ok
test tests::liability_claim_settlement_instruction_validates_topology_and_authority_chain ... ok
test tests::liability_quote_response_declined_requires_reason ... ok
test tests::parametric_claim_identity_survives_checkpoint_and_signer_rotation_within_anchor_epoch ... ok
test tests::parametric_evidence_verification_rejects_incomplete_and_tampered_range_proofs ... ok
test tests::parametric_claim_identity_survives_checkpoint_anchor_rotation ... ok
test tests::parametric_evidence_accepts_gapped_sequences_from_a_multi_subject_source ... ok
test tests::parametric_schedule_validation_fails_closed ... ok
test tests::parametric_evidence_accepts_source_sequences_independent_of_query_order ... ok
test tests::parametric_evidence_verification_rejects_untrusted_source_epochs_and_authority ... ok
test tests::parametric_policy_verification_binds_coverage_authority_and_beneficiary ... ok
test tests::parametric_evidence_rejects_duplicate_source_sequences ... ok
test tests::parametric_artifacts_match_their_committed_schemas ... ok
test tests::parametric_replay::parametric_opening_projects_two_direct_genesis_heads ... ok
test tests::parametric_policy_schema_rejects_missing_payout_mode ... ok
test tests::parametric_policy_verification_fails_closed_on_signer_schema_and_encoding ... FAILED
test tests::parametric_trigger_identity_covers_every_semantic_dimension ... ok
test tests::parametric_policy_schema_rejects_unknown_payout_mode ... ok
test tests::verified_parametric_corpus_replays_and_is_the_only_fired_claim_input ... ok
test tests::parametric_replay::parametric_contestable_opening_and_progressed_replay_are_retained ... ok
test tests::parametric_replay::parametric_opening_replay_rejects_semantic_or_batch_drift ... ok

failures:

---- tests::parametric_policy_verification_fails_closed_on_signer_schema_and_encoding stdout ----

thread 'tests::parametric_policy_verification_fails_closed_on_signer_schema_and_encoding' (3924661) panicked at crates/economy/chio-market/src/tests.rs:1948:5:
assertion failed: matches!(VerifiedParametricPolicy::from_canonical_bytes(&padded,
    &fixture.context()), Err(ParametricContractError::Canonicalization(_)))
note: run with `RUST_BACKTRACE=1` environment variable to display a backtrace


failures:
    tests::parametric_policy_verification_fails_closed_on_signer_schema_and_encoding

test result: FAILED. 74 passed; 1 failed; 0 ignored; 0 measured; 0 filtered out; finished in 0.42s

error: test failed, to rerun pass `-p chio-market --lib`
     Running tests/insurance_flow.rs (/home/connor/chio-security-target-6d-final/debug/deps/insurance_flow-1ccf7318db201816)

running 3 tests
test denied_premium_prevents_binding ... ok
test bind_then_file_claim_reaches_settlement_flow ... ok
test claim_without_receipts_is_denied_and_settlement_is_not_called ... ok

test result: ok. 3 passed; 0 failed; 0 ignored; 0 measured; 0 filtered out; finished in 0.01s

     Running tests/integration_smoke.rs (/home/connor/chio-security-target-6d-final/debug/deps/integration_smoke-21953a6b5d7d8988)

running 1 test
test market_support_boundary_defaults_are_explicit ... ok

test result: ok. 1 passed; 0 failed; 0 ignored; 0 measured; 0 filtered out; finished in 0.00s

     Running unittests src/lib.rs (/home/connor/chio-security-target-6d-final/debug/deps/chio_open_market-706de0c36e04e4df)

running 47 tests
test bidding::tests::bid_fails_closed_on_revoked_listing ... ok
test bidding::tests::bid_rejects_tampered_bid_signature ... ok
test bidding::tests::bid_request_rejects_padded_required_fields ... ok
test bidding::tests::bid_fails_closed_on_stale_pricing_hint ... ok
test finding_slash_amount::tests::a_buyer_without_verified_spend_is_never_paid ... ok
test bidding::tests::bid_rejects_unbound_token_issuer ... ok
test finding_slash_amount::tests::a_candidate_above_the_signed_requirement_rejects_rather_than_clamping ... ok
test finding_slash_amount::tests::a_zero_harm_slash_pays_only_the_community_fund ... ok
test finding_slash_amount::tests::frozen_slash_distribution_does_not_depend_on_later_exposure_categories ... ok
test finding_bid_policy::tests::decimal_parser_rejects_oversized_input_before_scanning_digits ... ok
test finding_slash_amount::tests::live_collateral_caps_the_slash ... ok
test finding_slash_amount::tests::overflow_and_currency_and_collision_reject ... ok
test finding_slash_amount::tests::the_buyer_pool_never_exceeds_verified_harm ... ok
test bidding::tests::bid_fails_closed_on_tampered_listing_signature ... ok
test bidding::tests::invalid_request_helper_preserves_variant_message ... ok
test finding_slash_amount::tests::duplicate_purchase_and_destination_identities_reject ... ok
test bidding::tests::accept_records_receipt_and_verifies_ask_signature ... ok
test finding_slash_amount::tests::the_distribution_always_sums_to_the_slash ... ok
test finding_slash_amount::tests::the_remainder_order_is_deterministic_by_purchase_key ... ok
test finding_slash_amount::tests::unbatched_allocation_enforces_the_fifteen_destination_cap ... ok
test recovery::original_input_tests::original_recovery_member_preserves_external_contract_and_cause ... ok
test purchase_verification::original_input_tests::original_purchase_member_cannot_normalize_duplicate_fields ... ok
test bidding::tests::accept_rejects_expired_ask ... ok
test bidding::tests::bid_fails_closed_when_max_price_below_advertised ... ok
test bidding::tests::accept_rejects_tampered_ask_signature ... ok
test recovery::tests::buyer_self_minted_recovery_authority_is_rejected_before_carrier_use ... ok
test bidding::tests::accept_rejects_tampered_token_offer_signature ... ok
test tests::build_open_market_fee_schedule_artifact_uses_request_issued_at ... ok
test tests::fiscal_legacy_binding_requires_the_exact_signed_envelope_and_body ... ok
test bidding::tests::bid_rejects_scope_widening_outside_listing_server ... ok
test recovery::tests::deterministic_remints_share_first_class_no_charge_authority ... ok
test tests::open_market_evidence_reference_rejects_invalid_sha256 ... ok
test tests::open_market_fee_schedule_issue_request_requires_bond_requirements ... ok
test tests::open_market_fee_schedule_validate_rejects_namespace_mismatch ... ok
test tests::open_market_penalty_validate_requires_reverse_slash_metadata ... ok
test bidding::tests::bid_happy_path_mints_scoped_capability_token ... ok
test tests::open_market_scope_rejects_blank_operator_ids ... ok
test tests::open_market_penalty_issue_accepts_rotated_trusted_authority_signers ... ok
test tests::open_market_evaluation_rejects_invalid_penalty_signature ... ok
test tests::open_market_evaluation_rejects_non_local_activation_authority ... ok
test tests::open_market_penalty_issue_request_rejects_invalid_fee_schedule_signature ... ok
test tests::open_market_penalty_issue_request_rejects_mismatched_authority_signer ... ok
test tests::open_market_evaluation_rejects_expired_fee_schedule ... ok
test tests::open_market_evaluation_applies_fee_schedule_and_slash_penalty ... ok
test tests::open_market_penalty_issue_rejects_non_local_activation_authority ... ok
test tests::open_market_evaluation_rejects_missing_bond_requirement ... ok
test tests::open_market_evaluation_rejects_mismatched_authority_signer ... ok

test result: ok. 47 passed; 0 failed; 0 ignored; 0 measured; 0 filtered out; finished in 0.04s

     Running tests/bidding.rs (/home/connor/chio-security-target-6d-final/debug/deps/bidding-e6fb9e6aa7aab88d)

running 16 tests
test bid_allows_deeper_scope_prefix_without_rewriting_tool_name ... ok
test bid_fails_closed_on_stale_listing_freshness ... ok
test bid_fails_closed_on_revoked_listing ... ok
test accept_rejects_underfunded_reservation_receipt ... ok
test accept_rejects_timestamp_before_ask_issuance ... ok
test accept_rejects_single_call_reservation_for_multi_invocation_token ... ok
test accept_rejects_reservation_currency_mismatch ... ok
test accept_rejects_bogus_reservation_receipt ... ok
test bid_happy_path_mints_token_and_accept_records_settlement ... ok
test reservation_receipt_verification_rejects_wrong_authority ... ok
test bid_refuses_mismatched_listing_id ... ok
test accept_refuses_empty_bid_receipt_id ... ok
test accept_rejects_non_agent_acceptor_signature ... ok
test bid_rejects_max_total_cost_overflow_instead_of_silently_saturating ... ok
test bid_rejects_sibling_scope_prefixes ... ok
test accept_rejects_reservation_identity_mismatch ... ok

test result: ok. 16 passed; 0 failed; 0 ignored; 0 measured; 0 filtered out; finished in 0.02s

     Running tests/cognition_market_flow.rs (/home/connor/chio-security-target-6d-final/debug/deps/cognition_market_flow-f0e094e832cf7ef3)

running 3 tests
test finding_purchase_reuses_marketplace_bid_shape ... ok
test finding_purchase_clears_the_real_bid_path ... ok
test finding_bid_ceiling_at_ceiling_clears_and_above_ceiling_rejects_real_marketplace ... ok

test result: ok. 3 passed; 0 failed; 0 ignored; 0 measured; 0 filtered out; finished in 0.01s

     Running tests/finding_admission.rs (/home/connor/chio-security-target-6d-final/debug/deps/finding_admission-3a270177d87b47bc)

running 55 tests
test blocking_penalty_evaluation_rejects_admission ... ok
test admission_rejects_a_different_signed_provider_tool_authorization ... ok
test activation_and_current_admission_require_distinct_allocation_states ... ok
test admitted_finding_clears_the_real_bid_path ... ok
test activation_rejects_market_terms_before_their_issuance_time ... ok
test backing_committing_other_terms_rejects ... ok
test bid_rejects_a_listing_the_admission_was_not_issued_for ... ok
test expired_admission_rejects ... ok
test backing_digest_mismatch_rejects ... ok
test backing_locked_below_the_promised_sum_rejects ... ok
test bond_backing_observed_before_the_allocation_rejects ... ok
test admission_expiry_past_a_constituent_rejects ... ok
test clear_penalty_evaluation_admits ... ok
test consumed_allocation_must_name_the_active_admission ... ok
test finding_pheromone_assertion_cannot_predate_pricing_issuance ... ok
test fee_schedule_issued_after_the_verification_clock_rejects ... ok
test expired_released_or_mismatched_allocation_snapshot_rejects ... ok
test finding_pheromone_bounds_listing_assertions_before_signature_verification ... ok
test fee_schedule_digest_mismatch_rejects ... ok
test finding_pheromone_bounds_admission_envelopes_before_verification ... ok
test finding_pheromone_bounds_listing_envelopes_before_hashing ... ok
test finding_pheromone_rejects_oversized_indicator_before_authenticated_resolution ... ok
test finding_pheromone_binds_pricing_and_uses_the_pheromone_clock ... ok
test finding_pheromone_pins_current_listing_to_registry_authority ... ok
test finding_pheromone_rejects_a_weak_registry_key ... ok
test finding_pheromone_reassesses_immutable_listing_freshness_at_the_current_clock ... ok
test finding_pheromone_rejects_non_ascii_registry_operator_policy ... ok
test finding_pheromone_positive_hint_re_resolves_current_listing_without_purchase_authority ... ok
test finding_pheromone_rejects_weak_listing_authority_signatures ... ok
test finding_pheromone_rejects_stale_unadmitted_wrong_signer_and_wrong_passport ... ok
test future_issued_admission_rejects ... ok
test finding_pheromone_requires_cost_verification_on_the_active_policy ... ok
test penalty_evaluation_for_another_listing_rejects_admission ... ok
test finding_pheromone_requires_the_policy_selected_by_generic_admission ... ok
test finding_pheromone_requires_authenticated_current_listing_freshness ... ok
test finding_pheromone_rejects_wrong_scope_replay_and_over_cost ... ok
test admission_expiry_is_bounded_by_every_constituent ... ok
test non_slashable_listing_requirement_rejects ... ok
test purchase_mint_authors_the_delivery_committed_grant ... ok
test purchase_accept_cannot_reuse_admission_before_issuance ... ok
test purchase_mint_rechecks_finding_liveness_at_the_mint_clock ... ok
test purchase_mint_rejects_a_modified_signed_finding ... ok
test terms_digest_mismatch_rejects ... ok
test purchase_mint_rejects_a_preoccupied_context_and_bad_cardinality ... ok
test purchase_accept_requires_exact_amounts_and_the_committed_profile ... ok
test wrong_venue_key_rejects ... ok
test purchase_mint_requires_the_admitted_listing_provider ... ok
test unresolved_penalty_evaluation_rejects_admission ... ok
test purchase_accept_requires_the_exact_minting_admission ... ok
test purchase_mint_requires_the_seller_authorized_reveal_tool ... ok
test undersized_listing_requirement_rejects ... ok
test scope_mismatch_at_bid_time_rejects ... ok
test verified_admission_cannot_be_reused_before_issuance ... ok
test wrong_currency_requirement_rejects ... ok
test terms_identity_must_match_every_admission_binding ... ok

test result: ok. 55 passed; 0 failed; 0 ignored; 0 measured; 0 filtered out; finished in 0.18s

     Running tests/finding_audit.rs (/home/connor/chio-security-target-6d-final/debug/deps/finding_audit-eeef7acc89c3a769)

running 39 tests
test a_seed_commitment_witnessed_before_eligibility_rejects ... ok
test a_seed_outside_the_commitment_rejects ... ok
test a_snapshot_digest_substituted_after_the_seed_witness_signed_rejects ... ok
test a_report_revealing_a_wrong_seed_rejects ... ok
test a_report_with_an_added_selection_rejects ... ok
test a_report_must_strictly_follow_every_outcome ... ok
test a_substituted_eligible_snapshot_rejects ... ok
test an_absent_weight_is_exactly_weight_one ... ok
test a_signed_outcome_for_an_unattempted_selection_cannot_resolve_a_report ... ok
test a_report_with_a_dropped_selection_rejects ... ok
test a_report_cannot_fabricate_an_attempt_envelope_digest ... ok
test a_report_cannot_fabricate_an_outcome_envelope_digest ... ok
test an_audit_attempt_must_bind_the_round_authorization ... ok
test an_audit_attempt_must_bind_the_selected_draw ... ok
test an_outcome_cannot_predate_its_signed_audit_attempt ... ok
test a_report_bound_to_another_epoch_envelope_rejects ... ok
test a_report_authenticates_each_historical_evaluator_across_rotation ... ok
test an_unknown_selection_algorithm_rejects ... ok
test a_report_that_does_not_strictly_follow_its_epoch_rejects ... ok
test budget_exhaustion_caps_the_selection ... ok
test an_outcome_from_another_audit_round_cannot_resolve_a_report ... ok
test an_outcome_from_an_unpinned_evaluator_cannot_resolve_a_report ... ok
test report_verification_authenticates_the_audit_authority_lifecycle ... ok
test report_verification_rejects_conflicting_latest_evaluator_statuses ... ok
test report_verification_authenticates_the_governance_round_authorization ... ok
test report_verification_authenticates_the_seed_witness_lifecycle ... ok
test report_verification_requires_pinned_epoch_and_report_signatures ... ok
test a_report_leaving_a_target_unaccounted_rejects ... ok
test the_weighted_order_compares_the_whole_draw ... ok
test the_venue_key_cannot_substitute_for_the_pinned_randomness_witness ... ok
test report_verification_keeps_all_audit_authorities_independent ... ok
test an_exact_match_report_verifies ... ok
test the_selection_is_identical_across_input_permutations ... ok
test report_verification_keeps_the_status_signer_independent ... ok
test the_audit_authority_cannot_also_resolve_its_own_attempt ... ok
test signed_outcomes_cannot_be_swapped_between_audit_attempts ... ok
test the_published_rate_rounds_up_at_every_eligible_size ... ok
test report_verification_requires_fresh_authenticated_evaluator_status ... ok
test report_verification_uses_the_newest_authenticated_evaluator_status ... ok

test result: ok. 39 passed; 0 failed; 0 ignored; 0 measured; 0 filtered out; finished in 0.12s

     Running tests/finding_bid_policy.rs (/home/connor/chio-security-target-6d-final/debug/deps/finding_bid_policy-78a2783ef9a9458c)

running 3 tests
test finding_bid_ceiling_rust_matches_shared_sdk_goldens ... ok
test finding_bid_ceiling_rejects_currency_provenance_staleness_and_substitution ... ok
test finding_bid_ceiling_rejects_noncanonical_bounds_and_overflow ... ok

test result: ok. 3 passed; 0 failed; 0 ignored; 0 measured; 0 filtered out; finished in 0.00s

     Running tests/integration_smoke.rs (/home/connor/chio-security-target-6d-final/debug/deps/integration_smoke-b181ff6927395483)

running 1 test
test open_market_scope_requires_non_empty_namespace ... ok

test result: ok. 1 passed; 0 failed; 0 ignored; 0 measured; 0 filtered out; finished in 0.00s

     Running tests/purchase_verification.rs (/home/connor/chio-security-target-6d-final/debug/deps/purchase_verification-6978a798d4b5c4d8)

running 24 tests
test a_finding_the_marker_did_not_name_rejects ... ok
test a_payload_commitment_that_is_not_the_grant_digest_rejects ... ok
test a_member_that_is_not_its_artifact_rejects ... FAILED
test a_genuine_purchase_context_verifies_and_reports_its_bindings ... ok
test a_finding_that_fails_its_own_verification_rejects ... ok
test admission_status_feed_must_match_the_signed_finding ... ok
test a_pricing_hint_scoped_elsewhere_rejects ... ok
test a_reservation_receipt_outside_the_pinned_authority_rejects ... ok
test a_token_issuer_no_one_authorized_rejects ... ok
test an_absent_reveal_media_type_never_reaches_the_media_guard ... ok
test a_bid_for_another_server_or_listing_rejects ... ok
test a_bid_that_does_not_cross_bind_the_ask_rejects ... ok
test a_seller_authorization_that_fails_its_own_verification_rejects ... ok
test an_ask_advertising_an_issuer_it_did_not_sign_with_rejects ... ok
test request_arguments_naming_another_finding_reject ... ok
test a_reservation_that_does_not_bind_this_purchase_rejects ... ok
test an_admission_issued_for_another_sale_rejects ... ok
test an_admission_outside_the_pinned_venue_authority_rejects ... ok
test carrier_decode_and_bound_failures_reject ... ok
test a_seller_authorization_that_does_not_cover_this_sale_rejects ... ok
test an_unverifiable_envelope_signature_rejects ... ok
test every_envelope_the_admission_binds_is_bound_independently ... ok
test a_presented_capability_that_is_not_the_exact_offer_rejects ... ok
test an_accepted_bid_that_does_not_cross_bind_the_ask_rejects ... ok

failures:

---- a_member_that_is_not_its_artifact_rejects stdout ----

thread 'a_member_that_is_not_its_artifact_rejects' (3924851) panicked at crates/economy/chio-open-market/tests/purchase_verification.rs:870:9:
assertion `left == right` failed: member listing
  left: MemberInput { member: "listing", source: SharedUntrustedJsonError(UntrustedJsonError { code: "urn:chio:error:attest:signed-json-invalid-shape" }) }
 right: Member("listing")
note: run with `RUST_BACKTRACE=1` environment variable to display a backtrace


failures:
    a_member_that_is_not_its_artifact_rejects

test result: FAILED. 23 passed; 1 failed; 0 ignored; 0 measured; 0 filtered out; finished in 0.22s

error: test failed, to rerun pass `-p chio-open-market --test purchase_verification`
     Running unittests src/lib.rs (/home/connor/chio-security-target-6d-final/debug/deps/chio_settle-28aade0c6cdc1f53)

running 255 tests
test automation::tests::builds_bond_watchdog_job ... ok
test channel::tests::support::close_and_rail::authorized_channel_merkle_preparation_requires_verified_release_authority ... ok
test channel::rail::identity_fixture_tests::shared_identifiers_match_canonical_fixture ... ok
test channel::reservation::proposal_digest_tests::reservation_proposal_digest_binds_the_unsigned_body ... ok
test channel::tests::support::artifacts::channel_asset_conversion_is_exact_and_round_trippable ... ok
test automation::tests::builds_settlement_watchdog_job ... ok
test automation::tests::validates_watchdog_execution ... ok
test channel::tests::support::close_and_rail::public_channel_release_authority_requires_production_frost_verification ... ok
test ccip::tests::rejects_under_validity_window ... ok
test channel::tests::support::artifacts::channel_asset_conversion_rejects_drift_and_noncanonical_units ... ok
test channel::tests::support::artifacts::funding_evidence_binds_terms_event_operator_asset_and_finality ... ok
test ccip::tests::prepares_bounded_ccip_message ... ok
test ccip::tests::reconciles_duplicate_and_delayed_delivery ... ok
test channel::tests::support::close_and_rail::public_rail_amount_conversion_rejects_invalid_policy_currency_and_ijson_overflow ... ok
test channel::tests::support::artifacts::open_digest_graph_binds_funding_and_immutable_bound_timing ... ok
test channel::tests::support::close_and_rail::channel_release_authority_binds_close_frost_slot_deadlines_and_allocation ... ok
test channel::tests::support::close_and_rail::channel_release_preparation_rejects_dispatch_operator_asset_and_amount_drift ... ok
test channel::tests::support::close_and_rail::channel_release_authority_rejects_stale_or_substituted_authority ... ok
test channel::tests::support::close_and_rail::release_dispatch_authority_rejects_every_signed_binding_substitution ... ok
test channel::tests::support::close_and_rail::signed_channel_release_authorization_binds_root_release_and_publisher_epoch ... ok
test channel::tests::support::close_and_rail::close_fences_reservations_and_binds_zero_release_frost_action ... ok
test channel::tests::support::reservation::cancellation_composer_allows_expired_ready_but_rejects_dispatched_and_invalid_clocks ... ok
test channel::tests::support::reservation::cancellation_composer_rejects_replay_and_checkpoint_substitution ... ok
test channel::tests::support::close_and_rail::channel_release_preparation_uses_pinned_non_unit_asset_scaling ... ok
test channel::tests::support::reservation::cancellation_composer_releases_ready_reservation_and_retains_replay ... ok
test channel::tests::support::reservation::admitted_reservation_rejects_mixed_batch_clocks_and_skipped_successor_heads ... ok
test channel::tests::support::reservation::channel_terminal_outcome_commitment_rejects_result_substitution ... ok
test channel::tests::support::reservation::channel_terminal_outcome_orders_recording_terminalization_and_receipt_time ... ok
test channel::tests::support::reservation::cancellation_typed_verifier_rejects_a_resigned_tampered_batch ... ok
test channel::tests::support::reservation::channel_terminal_rejects_same_second_obligation_before_exact_terminalization ... ok
test channel::tests::support::reservation::admitted_reservation_rejects_every_forged_ready_service_binding ... ok
test channel::tests::support::reservation::dispatch_composer_rejects_checkpoint_reservation_and_replay_substitution ... ok
test channel::tests::support::reservation::channel_cancellation_replay_uses_retained_ready_view_after_expiry ... ok
test channel::tests::support::state_and_dispute::channel_id_matches_the_protocol_preimage ... ok
test channel::tests::support::state_and_dispute::channel_signatures_bind_identity_metadata_and_evm_keys_are_canonical ... ok
test channel::tests::support::reservation::channel_terminal_replay_allows_completion_after_reservation_expiry ... ok
test channel::tests::support::reservation::dispatch_composer_advances_the_exact_retained_ready_effect ... ok
test channel::tests::support::state_and_dispute::channel_snapshot_rejects_resource_clocks_ahead_of_signed_view ... ok
test channel::tests::support::reservation::prepared_reservation_rejects_replay_and_binding_substitution ... ok
test channel::tests::support::reservation::dispatch_composer_rebases_over_a_newer_unchanged_checkpoint ... ok
test channel::tests::support::reservation::prepared_reservation_digest_is_domain_separated_and_canonical ... ok
test channel::tests::support::reservation::prepared_reservation_round_trip_composes_the_exact_ready_batch ... ok
test channel::tests::support::reservation::channel_reservation_replay_context_is_constructible_before_anchor_commit ... ok
test channel::tests::support::reservation::cancellation_composer_rejects_source_head_and_service_substitution ... ok
test config::tests::chain_config_does_not_self_authorize_rpc_url_authority ... ok
test config::tests::chain_config_requires_matching_rpc_egress_contract ... ok
test config::tests::devnet_rpc_egress_contract_only_authorizes_loopback ... ok
test config::tests::evidence_substrate_requires_checkpoint_statements ... ok
test config::tests::evidence_substrate_requires_durable_receipts ... ok
test config::tests::local_devnet_maps_price_resolver_as_reference_contract ... ok
test config::tests::oracle_config_defaults_to_chio_link_receipt_evidence ... ok
test evm::tests::amount_scaling_matches_usdc_convention ... ok
test evm::tests::bond_distribution_hash_matches_solidity_abi_vector ... ok
test evm::tests::bond_proof_leaf_matches_solidity_abi_vector ... ok
test channel::tests::support::terminal_projection::terminal_advance_binds_the_anchored_state_receipt_and_completed_effect ... ok
test evm::tests::builds_failure_and_reversal_receipts ... ok
test channel::tests::support::terminal_projection::terminal_composer_rebases_over_a_newer_unchanged_checkpoint ... ok
test channel::tests::support::terminal_rejection::terminal_advance_zero_charge_consumes_the_reservation_without_an_obligation ... ok
test channel::tests::support::terminal_projection::terminal_batch_composer_reproduces_the_verified_three_resource_advance ... ok
test evm::tests::dual_sign_digest_and_signature_are_recoverable ... ok
test evm::tests::finalize_bond_lock_reads_identity_topics_from_receipt_logs ... ok
test evm::tests::finalize_escrow_dispatch_reads_the_created_id_from_receipt_logs ... ok
test evm::tests::helper_parsers_and_request_serialization_fail_closed ... ok
test channel::tests::support::terminal_rejection::terminal_advance_rejects_same_checkpoint_uncommitted_or_unlinked_dispatch ... ok
test channel::tests::support::state_and_dispute::reservation_authorizes_payee_signed_post_service_state ... ok
test channel::tests::support::terminal_rejection::terminal_advance_rejects_unconsumed_or_skipped_lifecycle_state ... ok
test evm::tests::prepare_web3_escrow_dispatch_rejects_binding_and_instruction_mismatches ... ok
test evm::tests::prepares_erc20_approval_call_payloads ... ok
test evm::tests::prepares_refund_and_bond_expiry_calls ... ok
test evm::tests::rpc_config_accepts_hostname_rpc_url_with_pinned_resolver ... ok
test evm::tests::prepare_bond_lock_release_and_impair_cover_positive_paths ... ok
test channel::tests::support::reservation::signed_reservation_binds_the_exact_service_and_proposal_intent ... ok
test evm::tests::settlement_prep_helpers_fail_closed_on_invalid_inputs ... ok
test evm::tests::submit_call_rejects_money_exit_selectors_before_rpc ... ok
test evm::tests::dual_sign_release_rejects_unpinned_registry_block ... ok
test evm::tests::confirm_transaction_decodes_receipt_and_block ... ok
test evm::tests::prepare_web3_escrow_dispatch_derives_expected_identity ... ok
test evm::types::dual_sign_release_input_tests::debug_redacts_operator_private_key ... ok
test finding_enforcement::observation_source::original_input_tests::original_observation_failure_preserves_native_source ... ok
test finding_enforcement::observation_source::tests::configuration_rejects_cleartext_credentials_and_invalid_secrets ... ok
test channel::tests::support::terminal_rejection::terminal_advance_rejects_non_exact_batch_shape_and_time ... ok
test finding_enforcement::observation_source::tests::response_is_canonical_and_request_bound ... ok
test finding_enforcement::observation_source::tests::response_rejects_malformed_chain_state ... ok
test finding_enforcement::publish::remote_tests::noncanonical_remote_response_fails_closed ... ok
test channel::tests::support::terminal_rejection::terminal_advance_rejects_substituted_completed_effect_bindings ... ok
test finding_enforcement::publish::remote_tests::publisher_configuration_rejects_unsafe_network_boundaries ... ok
test finding_enforcement::publish::remote_tests::publisher_debug_output_redacts_credentials ... ok
test finding_enforcement::publish::remote_tests::remote_response_is_bound_to_exact_canonical_request ... ok
test finding_enforcement::publish::remote_tests::remote_response_with_another_request_digest_fails_closed ... ok
test evm::tests::confirm_transaction_surfaces_rpc_and_shape_failures ... ok
test finding_enforcement::observation_source::tests::remote_wire_values_conform_to_registered_schemas ... ok
test finding_enforcement::tests::a_currency_outside_the_snapshot_currency_is_rejected ... ok
test evm::tests::submit_call_respects_explicit_gas_limit ... ok
test finding_enforcement::publish::remote_tests::original_alternate_transport_response_is_bounded ... ok
test finding_enforcement::publish::remote_tests::remote_wire_values_conform_to_registered_schemas ... ok
test evm::tests::submit_call_rejects_oversized_rpc_responses ... ok
test finding_enforcement::tests::a_deterministic_policy_and_observation_verify ... ok
test evm::tests::submit_call_rejects_rpc_redirects ... ok
test finding_enforcement::tests::a_regressed_confirmation_depth_returns_to_reconciliation ... ok
test finding_enforcement::tests::a_matching_transaction_hash_is_retained_in_canonical_form ... ok
test finding_enforcement::tests::a_finality_policy_outside_the_closed_vocabulary_is_rejected ... ok
test finding_enforcement::tests::a_seller_outside_the_pinned_liability_head_is_rejected ... ok
test finding_enforcement::tests::a_reorged_block_hash_returns_to_reconciliation ... ok
test finding_enforcement::tests::a_snapshot_the_enforcement_does_not_bind_is_rejected ... ok
test finding_enforcement::tests::a_matching_finalized_transaction_confirms ... ok
test finding_enforcement::tests::a_publisher_report_that_does_not_match_the_intent_quarantines ... ok
test evm::tests::prepare_merkle_release_and_dual_sign_release_cover_full_and_partial_paths ... ok
test finding_enforcement::tests::an_amount_above_the_live_collateral_is_rejected ... ok
test finding_enforcement::tests::a_stale_or_future_dated_snapshot_is_rejected ... ok
test finding_enforcement::tests::an_unchanged_observation_stays_qualified ... ok
test finding_enforcement::tests::an_allocation_mismatch_is_rejected ... ok
test finding_enforcement::tests::an_unfenced_intent_never_reaches_reconciliation ... ok
test finding_enforcement::tests::anchor_publisher_tests::plan_rejects_a_checkpoint_first_observed_after_publisher_revocation ... ok
test evm::tests::dual_sign_release_rejects_identity_registry_key_hash_mismatch ... ok
test finding_enforcement::tests::an_observer_cannot_choose_a_shallower_finality_policy ... ok
test finding_enforcement::tests::an_operator_rotation_or_deactivation_returns_to_reconciliation ... ok
test finding_enforcement::tests::anchor_publisher_tests::plan_rejects_an_anchor_publisher_outside_the_pinned_lifecycle ... ok
test finding_enforcement::tests::a_vault_mismatch_is_rejected ... ok
test finding_enforcement::tests::confirmed_reconciliation_authenticates_an_aged_snapshot_without_renewing_dispatch ... ok
test finding_enforcement::tests::anchor_publisher_tests::plan_rejects_anchor_receipt_times_outside_publisher_lifecycle ... ok
test finding_enforcement::tests::destinations_that_do_not_sum_to_the_amount_are_rejected ... ok
test evm::tests::snapshot_readers_decode_contract_state ... ok
test finding_enforcement::tests::anchor_publisher_tests::plan_rejects_checkpoint_publication_for_another_statement ... ok
test finding_enforcement::tests::dispatch_rejects_a_finalization_selected_seller_impairment_id ... ok
test finding_enforcement::tests::anchor_publisher_tests::plan_rejects_anchor_publishers_that_reuse_enforcement_authorities ... ok
test finding_enforcement::tests::dispatch_policy_rejects_penalty_and_finalization_key_reuse ... ok
test finding_enforcement::tests::anchor_publisher_tests::plan_rejects_an_anchor_receipt_from_another_operation ... ok
test finding_enforcement::tests::dispatch_rejects_a_destination_outside_operator_policy ... ok
test finding_enforcement::tests::dispatch_rejects_a_penalty_that_expired_while_finalizing ... ok
test finding_enforcement::tests::dispatch_rejects_an_unbound_or_revoked_penalty ... ok
test finding_enforcement::tests::finalized_bond_snapshot_rejects_schema_out_of_range_integers ... ok
test finding_enforcement::tests::dispatch_requires_retained_live_finalization_authority ... ok
test finding_enforcement::tests::dispatch_requires_the_retained_penalty_authority_policy ... ok
test finding_enforcement::tests::dispatch_penalty_must_bind_the_finding_outcome ... ok
test finding_enforcement::tests::dispatch_requires_the_retained_appeal_lineage ... ok
test finding_enforcement::tests::pins_reject_a_zero_observation_age_bound ... ok
test evm::tests::rpc_helpers_cover_static_validation_gas_estimation_and_submission ... ok
test finding_enforcement::tests::pins_reject_a_zero_confirmation_requirement ... ok
test finding_enforcement::tests::pins_reject_one_key_reused_across_two_roles ... ok
test finding_enforcement::tests::evidence_already_used_with_a_matching_stored_transaction_confirms ... ok
test finding_enforcement::tests::evidence_already_used_with_an_insufficient_observation_quarantines ... ok
test finding_enforcement::tests::evidence_already_used_with_mismatched_decoded_input_quarantines ... ok
test finding_enforcement::tests::plan_finding_impairment_freezes_the_authorized_call ... ok
test finding_enforcement::tests::evidence_already_used_without_a_stored_transaction_quarantines ... ok
test finding_enforcement::tests::standalone_snapshot_rejects_an_observer_as_its_own_status_signer ... ok
test finding_enforcement::tests::other_vault_rejections_fail_without_claiming_a_slash ... ok
test finding_enforcement::tests::role_substitution_is_rejected_in_both_directions ... ok
test hook::tests::failure_code_parser_rejects_unknown_labels ... ok
test hook::tests::failure_code_labels_match_the_serialized_contract ... ok
test hook::tests::failure_reason_digest_is_deterministic_and_private ... ok
test hook::tests::hook_errors_have_typed_bounded_classification ... ok
test hook::tests::ordering_key_sorts_by_finalized_at_then_receipt_id ... ok
test hook::tests::observation_schema_is_stable ... ok
test hook::tests::outcome_classifiers_match_constructors ... ok
test hook::tests::outcome_deserialization_rejects_an_unsupported_schema ... ok
test hook::tests::outcome_predicates_reject_a_forged_retryable_shape ... ok
test hook::tests::retryable_constructor_rejects_a_known_permanent_code ... ok
test finding_enforcement::tests::plan_rejects_a_vault_snapshot_from_another_vault ... ok
test hook::tests::outcome_schema_is_stable ... ok
test hook::tests::settlement_hook_is_object_safe ... ok
test finding_enforcement::tests::plan_rejects_a_config_that_does_not_match_the_snapshot ... ok
test finding_enforcement::tests::observed_finality_that_misses_its_policy_is_rejected ... ok
test finding_enforcement::tests::the_publisher_seam_dispatches_the_frozen_call_and_reconciles_it ... ok
test finding_enforcement::tests::revoked_settlement_observer_cannot_authorize_a_fresh_snapshot ... ok
test finding_enforcement::tests::verify_finding_enforcement_accepts_a_matching_pair ... ok
test observe::tests::observer_config_accepts_hostname_rpc_url_with_pinned_resolver ... ok
test finding_enforcement::tests::plan_rejects_operator_key_drift_between_the_snapshot_and_the_chain ... ok
test finding_enforcement::tests::reconciliation_authority_can_only_observe_the_frozen_call ... ok
test observe::tests::parse_hex_u64_accepts_and_rejects_expected_values ... ok
test finding_enforcement::tests::the_publisher_seam_reobserves_the_frozen_call_without_dispatch ... ok
test channel::tests::support::reservation::channel_transition_replay_round_trips_all_transition_kinds ... ok
test observe::tests::observer_rpc_rejects_oversized_responses ... ok
test observe::tests::observer_rpc_rejects_redirects ... ok
test observe::tests::recovery_action_mapping_covers_terminal_states ... ok
test ops::tests::completion_flow_binding_rejects_mismatch ... ok
test ops::tests::completion_flow_binding_round_trips ... ok
test ops::tests::control_state_tracks_mode_history ... ok
test ops::tests::indexer_cursor_classifies_lagging ... ok
test ops::tests::refund_only_mode_denies_new_dispatch ... ok
test ops::tests::reorged_lane_is_marked_recovering ... ok
test ops::tests::runtime_report_example_round_trips ... ok
test observe::tests::inspect_finality_for_receipt_surfaces_rpc_errors_and_missing_fields ... ok
test outcome_store::tests::attempt_claim_carries_the_persisted_cas_state ... ok
test outcome_store::tests::claim_parameters_are_bounded ... ok
test outcome_store::tests::outcome_store_error_classes_are_bounded ... ok
test outcome_store::tests::outcome_store_trait_is_object_safe ... ok
test payments::tests::absent_token_contract_is_rejected_for_eip3009 ... ok
test payments::tests::approval_binding_from_governed_clamps_expiry_to_token_expiry ... ok
test payments::tests::approval_binding_from_governed_preserves_shorter_expiry ... ok
test payments::tests::approval_binding_from_governed_rejects_denied_decision ... ok
test payments::tests::approval_binding_from_governed_rejects_empty_payee_address ... ok
test payments::tests::approval_binding_from_governed_rejects_empty_token_contract ... ok
test payments::tests::approval_binding_from_governed_rejects_empty_token_symbol ... ok
test payments::tests::approval_binding_from_governed_rejects_zero_amount ... ok
test payments::tests::assert_token_symbol_is_case_insensitive_and_fails_closed ... ok
test payments::tests::authorization_ending_exactly_at_approval_expiry_is_accepted ... ok
test payments::tests::authorization_outliving_approval_is_rejected ... ok
test payments::tests::bridge_builds_binding_prepare_accepts_happy_path ... ok
test payments::tests::bridge_prepare_rejects_payee_mismatch ... ok
test payments::tests::builds_x402_requirements ... ok
test payments::tests::chain_amount_and_payee_binding_mismatches_are_rejected ... ok
test payments::tests::evaluates_circle_nanopayment_candidate ... ok
test payments::tests::evaluates_paymaster_compatibility ... ok
test payments::tests::expired_authorization_is_rejected ... ok
test payments::tests::nonce_store_canonicalizes_prefix_and_casing ... ok
test payments::tests::nonce_store_records_only_after_checks_pass ... ok
test payments::tests::not_yet_valid_authorization_is_rejected ... ok
test payments::tests::offchain_receipt_reserved_linkage_fields_are_present_and_optional ... ok
test payments::tests::offchain_receipt_schema_constant_is_pinned ... ok
test payments::tests::offchain_receipt_validate_binds_digest_to_governed_receipt ... ok
test payments::tests::payee_binding_accepts_checksum_vs_lowercase_hex ... ok
test payments::tests::prepares_transfer_with_authorization_digest ... ok
test payments::tests::replay_is_detected_across_prefixed_and_bare_authorization_forms ... ok
test payments::tests::replay_is_detected_even_with_checksum_cased_address_and_nonce ... ok
test payments::tests::replayed_nonce_is_rejected_on_second_use ... ok
test payments::tests::same_nonce_on_a_different_token_contract_is_not_a_replay ... ok
test payments::tests::same_nonce_on_the_same_token_contract_is_a_replay ... ok
test payments::tests::settlement_compatibility_lanes_reject_mismatched_approval_binding ... ok
test payments::tests::token_contract_mismatch_is_rejected ... ok
test payments::tests::token_contract_binding_accepts_checksum_vs_lowercase_hex ... ok
test payments::tests::validate_offchain_settlement_receipt_rejects_blank_currency_on_positive_units ... ok
test payments::tests::validate_offchain_settlement_receipt_rejects_wrong_schema ... ok
test payments::tests::x402_requirements_reject_blank_accepted_tokens ... ok
test retry::original_record_tests::original_dead_letter_rejects_zero_attempts ... ok
test retry::tests::accepted_outcomes_pass_through ... ok
test retry::tests::backoff_grows_exponentially_until_cap ... ok
test retry::tests::backoff_with_unit_multiplier_is_constant_for_any_attempt ... ok
test retry::tests::dead_letter_deserialization_rejects_an_unsupported_schema ... ok
test retry::tests::dead_letter_record_attempts_floor_is_one ... ok
test retry::tests::dead_letter_record_contains_only_bounded_failure_detail ... ok
test retry::tests::default_policy_matches_documented_bounds ... ok
test retry::tests::known_permanent_code_never_enters_the_retry_envelope ... ok
test retry::tests::legacy_string_reason_is_rejected ... ok
test retry::tests::permanent_outcomes_skip_the_retry_envelope ... ok
test retry::tests::retry_policy_accepts_every_boundary ... ok
test retry::tests::retry_policy_rejects_every_out_of_bounds_value ... ok
test retry::tests::retryable_outcomes_consume_the_envelope_then_dead_letter ... ok
test retry::tests::schema_is_stable ... ok
test retry::tests::skipped_outcomes_pass_through ... ok
test retry::tests::typed_retry_reason_survives_exhaustion ... ok
test solana::tests::commitment_comparison_detects_parity ... ok
test solana::tests::solana_path_rejects_invalid_evidence_substrate ... ok
test tests::completion_flow_receipt_ids_reject_surrounding_whitespace ... ok
test tests::invalid_input_constructor_preserves_message ... ok
test solana::tests::solana_path_verifies_binding_and_receipt ... ok
test observe::tests::inspect_finality_for_receipt_awaits_confirmations ... ok
test observe::tests::inspect_finality_for_receipt_awaits_dispute_window ... ok
test observe::tests::inspect_finality_for_receipt_finalizes_after_dispute_window ... ok
test observe::tests::inspect_finality_fetches_receipt_and_timestamp ... ok
test observe::tests::project_escrow_execution_receipt_projects_partial_settlement ... ok
test observe::tests::inspect_finality_for_receipt_marks_reorgs_for_hash_mismatch_or_missing_block ... ok
test observe::tests::project_escrow_execution_receipt_projects_timed_out_refund ... ok
test observe::tests::project_escrow_execution_receipt_waits_for_confirmations_without_release ... ok
test observe::tests::project_escrow_execution_receipt_waits_for_finality_before_settled_state ... ok
test observe::tests::observe_bond_classifies_statuses_and_recovery_actions ... ok

test result: ok. 255 passed; 0 failed; 0 ignored; 0 measured; 0 filtered out; finished in 1.38s

     Running tests/channel_schemas.rs (/home/connor/chio-security-target-6d-final/debug/deps/channel_schemas-f90d4598c35d3be1)

running 7 tests
test channel_wire_rejects_explicit_null_for_omittable_fields ... ok
test channel_schemas_reject_unknown_fields_and_unsafe_integers ... ok
test channel_schema_numeric_strings_match_rust_bounds ... ok
test terminal_outcome_schema_and_wire_reject_noncanonical_or_unknown_fields ... ok
test signed_channel_artifacts_require_canonical_crypto_strings ... ok
test signed_channel_artifacts_match_their_json_schemas ... ok
test transition_replay_schema_rejects_unknown_format_version_kind_and_fields ... ok

test result: ok. 7 passed; 0 failed; 0 ignored; 0 measured; 0 filtered out; finished in 33.46s

     Running tests/runtime_devnet.rs (/home/connor/chio-security-target-6d-final/debug/deps/runtime_devnet-c59290ac95c1bdae)

running 2 tests
test runtime_devnet_keeps_escrow_identity_stable_under_interleaving_and_replay ... ok
test runtime_devnet_executes_merkle_refund_and_dual_sign_paths ... ok

test result: ok. 2 passed; 0 failed; 0 ignored; 0 measured; 0 filtered out; finished in 0.00s

     Running tests/web3_e2e_qualification.rs (/home/connor/chio-security-target-6d-final/debug/deps/web3_e2e_qualification-779ce96517689276)

running 1 test
test web3_partner_qualification_emits_integrated_recovery_bundle ... ok

test result: ok. 1 passed; 0 failed; 0 ignored; 0 measured; 0 filtered out; finished in 0.00s

   Doc-tests chio_anchor

running 0 tests

test result: ok. 0 passed; 0 failed; 0 ignored; 0 measured; 0 filtered out; finished in 0.00s

   Doc-tests chio_credit

running 0 tests

test result: ok. 0 passed; 0 failed; 0 ignored; 0 measured; 0 filtered out; finished in 0.00s

   Doc-tests chio_fiscal

running 0 tests

test result: ok. 0 passed; 0 failed; 0 ignored; 0 measured; 0 filtered out; finished in 0.00s

   Doc-tests chio_link

running 0 tests

test result: ok. 0 passed; 0 failed; 0 ignored; 0 measured; 0 filtered out; finished in 0.00s

   Doc-tests chio_listing

running 0 tests

test result: ok. 0 passed; 0 failed; 0 ignored; 0 measured; 0 filtered out; finished in 0.00s

   Doc-tests chio_market

running 0 tests

test result: ok. 0 passed; 0 failed; 0 ignored; 0 measured; 0 filtered out; finished in 0.00s

   Doc-tests chio_open_market

running 0 tests

test result: ok. 0 passed; 0 failed; 0 ignored; 0 measured; 0 filtered out; finished in 0.00s

   Doc-tests chio_settle

running 0 tests

test result: ok. 0 passed; 0 failed; 0 ignored; 0 measured; 0 filtered out; finished in 0.00s

error: 2 targets failed:
    `-p chio-market --lib`
    `-p chio-open-market --test purchase_verification`
