warning: patch `cmpv2 v0.2.0 (/tmp/arc-security-launch/third_party/cmpv2-chio)` was not used in the crate graph
warning: patch `crmf v0.2.0 (/tmp/arc-security-launch/third_party/crmf-chio)` was not used in the crate graph
warning: patch `ignore v0.4.32 (/tmp/arc-security-launch/third_party/ignore-chio)` was not used in the crate graph
warning: patch `nono v0.53.0 (/tmp/arc-security-launch/third_party/nono-upstream-chio)` was not used in the crate graph
warning: patch `regress v0.11.1 (/tmp/arc-security-launch/third_party/regress-chio)` was not used in the crate graph
warning: patch `sigstore-crypto v0.6.6 (/tmp/arc-security-launch/third_party/sigstore-crypto-chio)` was not used in the crate graph
warning: patch `sigstore-merkle v0.6.6 (/tmp/arc-security-launch/third_party/sigstore-merkle-chio)` was not used in the crate graph
warning: patch `sigstore-trust-root v0.6.3 (/tmp/arc-security-launch/third_party/sigstore-trust-root-chio)` was not used in the crate graph
warning: patch `sigstore-verify v0.6.3 (/tmp/arc-security-launch/third_party/sigstore-verify-chio)` was not used in the crate graph
help: Check that the patched package version and available features are compatible
      with the dependency requirements. If the patch has a different version from
      what is locked in the Cargo.lock file, run `cargo update` to use the new
      version. This may also occur with an optional dependency that is not enabled.
   Compiling chio-open-market v0.1.0 (/tmp/arc-security-launch/crates/economy/chio-open-market)
   Compiling chio-listing v0.1.0 (/tmp/arc-security-launch/crates/economy/chio-listing)
   Compiling chio-federation v0.1.0 (/tmp/arc-security-launch/crates/trust/chio-federation)
   Compiling chio-credit v0.1.0 (/tmp/arc-security-launch/crates/economy/chio-credit)
   Compiling chio-market v0.1.0 (/tmp/arc-security-launch/crates/economy/chio-market)
   Compiling chio-web3 v0.1.0 (/tmp/arc-security-launch/crates/economy/chio-web3)
   Compiling chio-autonomy v0.1.0 (/tmp/arc-security-launch/crates/economy/chio-autonomy)
   Compiling chio-core v0.1.0 (/tmp/arc-security-launch/crates/core/chio-core)
   Compiling chio-manifest v0.1.0 (/tmp/arc-security-launch/crates/platform/chio-manifest)
   Compiling chio-settle v0.1.0 (/tmp/arc-security-launch/crates/economy/chio-settle)
   Compiling chio-link v0.1.0 (/tmp/arc-security-launch/crates/economy/chio-link)
   Compiling chio-tool-call-fabric v0.1.0 (/tmp/arc-security-launch/crates/protocol/chio-tool-call-fabric)
   Compiling chio-kernel v0.1.0 (/tmp/arc-security-launch/crates/kernel/chio-kernel)
   Compiling chio-anchor v0.1.0 (/tmp/arc-security-launch/crates/economy/chio-anchor)
    Finished `test` profile [unoptimized] target(s) in 1m 32s
     Running unittests src/lib.rs (/home/connor/chio-security-target-6d-final/debug/deps/chio_listing-42fe310188ab4d0b)

running 0 tests

test result: ok. 0 passed; 0 failed; 0 ignored; 0 measured; 40 filtered out; finished in 0.00s

     Running tests/integration_smoke.rs (/home/connor/chio-security-target-6d-final/debug/deps/integration_smoke-14ac3ae066b9939d)

running 0 tests

test result: ok. 0 passed; 0 failed; 0 ignored; 0 measured; 1 filtered out; finished in 0.00s

     Running tests/outcome.rs (/home/connor/chio-security-target-6d-final/debug/deps/outcome-da9de4f21c7a6175)

running 2 tests
test original_outcome_reader_is_bounded_and_keeps_native_cause ... FAILED
test original_predicate_output_is_bounded_before_projection ... FAILED

failures:

---- original_outcome_reader_is_bounded_and_keeps_native_cause stdout ----

thread 'original_outcome_reader_is_bounded_and_keeps_native_cause' (3914625) panicked at crates/economy/chio-listing/tests/outcome.rs:1618:18:
oversized outcome accepted
note: run with `RUST_BACKTRACE=1` environment variable to display a backtrace

---- original_predicate_output_is_bounded_before_projection stdout ----

thread 'original_predicate_output_is_bounded_before_projection' (3914626) panicked at crates/economy/chio-listing/tests/outcome.rs:1630:5:
assertion failed: matches!(evaluate_outcome_predicate(&fixture.predicate, &output).evaluation(),
    OutcomeEvaluationV1::Unevaluable
    { reason: OutcomeEvaluationReasonV1::InvalidOutputJson })


failures:
    original_outcome_reader_is_bounded_and_keeps_native_cause
    original_predicate_output_is_bounded_before_projection

test result: FAILED. 0 passed; 2 failed; 0 ignored; 0 measured; 9 filtered out; finished in 0.45s

error: test failed, to rerun pass `-p chio-listing --test outcome`
     Running tests/search_compare.rs (/home/connor/chio-security-target-6d-final/debug/deps/search_compare-504b731ce412057b)

running 0 tests

test result: ok. 0 passed; 0 failed; 0 ignored; 0 measured; 8 filtered out; finished in 0.00s

     Running unittests src/lib.rs (/home/connor/chio-security-target-6d-final/debug/deps/chio_open_market-706de0c36e04e4df)

running 2 tests
test purchase_verification::original_input_tests::original_purchase_member_cannot_normalize_duplicate_fields ... FAILED
test recovery::original_input_tests::original_recovery_member_preserves_external_contract_and_cause ... FAILED

failures:

---- purchase_verification::original_input_tests::original_purchase_member_cannot_normalize_duplicate_fields stdout ----

thread 'purchase_verification::original_input_tests::original_purchase_member_cannot_normalize_duplicate_fields' (3914629) panicked at crates/economy/chio-open-market/src/purchase_verification.rs:406:22:
ambiguous member acquired a canonical identity
note: run with `RUST_BACKTRACE=1` environment variable to display a backtrace

---- recovery::original_input_tests::original_recovery_member_preserves_external_contract_and_cause stdout ----

thread 'recovery::original_input_tests::original_recovery_member_preserves_external_contract_and_cause' (3914630) panicked at crates/economy/chio-open-market/src/recovery.rs:547:13:
assertion failed: std::error::Error::source(&error).is_some()


failures:
    purchase_verification::original_input_tests::original_purchase_member_cannot_normalize_duplicate_fields
    recovery::original_input_tests::original_recovery_member_preserves_external_contract_and_cause

test result: FAILED. 0 passed; 2 failed; 0 ignored; 0 measured; 45 filtered out; finished in 0.01s

error: test failed, to rerun pass `-p chio-open-market --lib`
     Running tests/bidding.rs (/home/connor/chio-security-target-6d-final/debug/deps/bidding-e6fb9e6aa7aab88d)

running 0 tests

test result: ok. 0 passed; 0 failed; 0 ignored; 0 measured; 16 filtered out; finished in 0.00s

     Running tests/cognition_market_flow.rs (/home/connor/chio-security-target-6d-final/debug/deps/cognition_market_flow-f0e094e832cf7ef3)

running 0 tests

test result: ok. 0 passed; 0 failed; 0 ignored; 0 measured; 3 filtered out; finished in 0.00s

     Running tests/finding_admission.rs (/home/connor/chio-security-target-6d-final/debug/deps/finding_admission-3a270177d87b47bc)

running 0 tests

test result: ok. 0 passed; 0 failed; 0 ignored; 0 measured; 55 filtered out; finished in 0.00s

     Running tests/finding_audit.rs (/home/connor/chio-security-target-6d-final/debug/deps/finding_audit-eeef7acc89c3a769)

running 0 tests

test result: ok. 0 passed; 0 failed; 0 ignored; 0 measured; 39 filtered out; finished in 0.00s

     Running tests/finding_bid_policy.rs (/home/connor/chio-security-target-6d-final/debug/deps/finding_bid_policy-78a2783ef9a9458c)

running 0 tests

test result: ok. 0 passed; 0 failed; 0 ignored; 0 measured; 3 filtered out; finished in 0.00s

     Running tests/integration_smoke.rs (/home/connor/chio-security-target-6d-final/debug/deps/integration_smoke-b181ff6927395483)

running 0 tests

test result: ok. 0 passed; 0 failed; 0 ignored; 0 measured; 1 filtered out; finished in 0.00s

     Running tests/purchase_verification.rs (/home/connor/chio-security-target-6d-final/debug/deps/purchase_verification-6978a798d4b5c4d8)

running 0 tests

test result: ok. 0 passed; 0 failed; 0 ignored; 0 measured; 24 filtered out; finished in 0.00s

     Running unittests src/lib.rs (/home/connor/chio-security-target-6d-final/debug/deps/chio_settle-5494a8b6cf84e973)

running 3 tests
test finding_enforcement::observation_source::original_input_tests::original_observation_failure_preserves_native_source ... FAILED
test retry::original_record_tests::original_dead_letter_rejects_zero_attempts ... FAILED
test finding_enforcement::publish::remote_tests::original_alternate_transport_response_is_bounded ... FAILED

failures:

---- finding_enforcement::observation_source::original_input_tests::original_observation_failure_preserves_native_source stdout ----

thread 'finding_enforcement::observation_source::original_input_tests::original_observation_failure_preserves_native_source' (3914639) panicked at crates/economy/chio-settle/src/finding_enforcement/observation_source.rs:629:9:
assertion failed: std::error::Error::source(&error).is_some()
note: run with `RUST_BACKTRACE=1` environment variable to display a backtrace

---- retry::original_record_tests::original_dead_letter_rejects_zero_attempts stdout ----

thread 'retry::original_record_tests::original_dead_letter_rejects_zero_attempts' (3914641) panicked at crates/economy/chio-settle/src/retry.rs:666:22:
zero-attempt terminal record accepted

---- finding_enforcement::publish::remote_tests::original_alternate_transport_response_is_bounded stdout ----

thread 'finding_enforcement::publish::remote_tests::original_alternate_transport_response_is_bounded' (3914640) panicked at crates/economy/chio-settle/src/finding_enforcement/publish.rs:579:22:
oversized alternate response accepted


failures:
    finding_enforcement::observation_source::original_input_tests::original_observation_failure_preserves_native_source
    finding_enforcement::publish::remote_tests::original_alternate_transport_response_is_bounded
    retry::original_record_tests::original_dead_letter_rejects_zero_attempts

test result: FAILED. 0 passed; 3 failed; 0 ignored; 0 measured; 252 filtered out; finished in 0.12s

error: test failed, to rerun pass `-p chio-settle --lib`
     Running tests/channel_schemas.rs (/home/connor/chio-security-target-6d-final/debug/deps/channel_schemas-06574a1eca64fd79)

running 0 tests

test result: ok. 0 passed; 0 failed; 0 ignored; 0 measured; 7 filtered out; finished in 0.00s

     Running tests/runtime_devnet.rs (/home/connor/chio-security-target-6d-final/debug/deps/runtime_devnet-f7c888dfca635ea4)

running 0 tests

test result: ok. 0 passed; 0 failed; 0 ignored; 0 measured; 2 filtered out; finished in 0.00s

     Running tests/web3_e2e_qualification.rs (/home/connor/chio-security-target-6d-final/debug/deps/web3_e2e_qualification-015d73369c46d389)

running 0 tests

test result: ok. 0 passed; 0 failed; 0 ignored; 0 measured; 1 filtered out; finished in 0.00s

error: 3 targets failed:
    `-p chio-listing --test outcome`
    `-p chio-open-market --lib`
    `-p chio-settle --lib`
