warning: patch `cmpv2 v0.2.0 (/tmp/arc-security-launch/third_party/cmpv2-chio)` was not used in the crate graph
warning: patch `crmf v0.2.0 (/tmp/arc-security-launch/third_party/crmf-chio)` was not used in the crate graph
warning: patch `ignore v0.4.32 (/tmp/arc-security-launch/third_party/ignore-chio)` was not used in the crate graph
warning: patch `nono v0.53.0 (/tmp/arc-security-launch/third_party/nono-upstream-chio)` was not used in the crate graph
warning: patch `regress v0.11.1 (/tmp/arc-security-launch/third_party/regress-chio)` was not used in the crate graph
warning: patch `sigstore-crypto v0.6.6 (/tmp/arc-security-launch/third_party/sigstore-crypto-chio)` was not used in the crate graph
warning: patch `sigstore-merkle v0.6.6 (/tmp/arc-security-launch/third_party/sigstore-merkle-chio)` was not used in the crate graph
warning: patch `sigstore-trust-root v0.6.3 (/tmp/arc-security-launch/third_party/sigstore-trust-root-chio)` was not used in the crate graph
warning: patch `sigstore-verify v0.6.3 (/tmp/arc-security-launch/third_party/sigstore-verify-chio)` was not used in the crate graph
help: Check that the patched package version and available features are compatible
      with the dependency requirements. If the patch has a different version from
      what is locked in the Cargo.lock file, run `cargo update` to use the new
      version. This may also occur with an optional dependency that is not enabled.
    Blocking waiting for file lock on artifact directory
   Compiling smallvec v1.15.1
   Compiling hashbrown v0.16.1
   Compiling alloy-rlp v0.3.13
   Compiling k256 v0.13.4
   Compiling icu_normalizer v2.1.1
   Compiling ruint v1.20.0
   Compiling idna_adapter v1.2.1
   Compiling const-hex v1.18.1
   Compiling idna v1.1.0
   Compiling chio-security-types v0.1.0 (/tmp/arc-security-launch/crates/security/chio-security-types)
   Compiling alloy-primitives v1.5.7
   Compiling either v1.15.0
   Compiling url v2.5.8
   Compiling parking_lot_core v0.9.12
   Compiling parking_lot v0.12.5
   Compiling http v1.4.0
   Compiling tokio v1.50.0
   Compiling bytes v1.11.1
   Compiling alloy-sol-type-parser v1.5.7
   Compiling serde_json v1.0.149
   Compiling itertools v0.14.0
   Compiling alloy-json-abi v1.5.7
   Compiling darling_core v0.23.0
   Compiling alloy-sol-macro-input v1.5.7
   Compiling alloy-sol-macro-expander v1.5.7
   Compiling darling_macro v0.23.0
   Compiling tokio-util v0.7.18
   Compiling darling v0.23.0
   Compiling http-body v1.0.1
   Compiling serde_with_macros v3.18.0
   Compiling alloy-sol-macro v1.5.7
   Compiling chio-core-types v0.1.0 (/tmp/arc-security-launch/crates/core/chio-core-types)
   Compiling tower v0.5.3
   Compiling alloy-sol-types v1.5.7
   Compiling hyper v1.8.1
   Compiling serde_with v3.18.0
   Compiling heapless v0.7.17
   Compiling hyper-util v0.1.20
   Compiling postcard v1.1.3
   Compiling tokio-rustls v0.26.4
   Compiling serdect v0.2.0
   Compiling tower-http v0.6.8
   Compiling frost-core v3.0.0
   Compiling http-body-util v0.1.3
   Compiling serde_urlencoded v0.7.1
   Compiling hyper-rustls v0.27.7
   Compiling reqwest v0.13.2
   Compiling frost-rerandomized v3.0.0
   Compiling alloy-eip2124 v0.2.0
   Compiling frost-ed25519 v3.0.0
   Compiling alloy-serde v1.8.3
   Compiling alloy-eip7702 v0.6.3
   Compiling alloy-eip7928 v0.3.3
   Compiling alloy-eip2930 v0.2.3
   Compiling nybbles v0.4.8
   Compiling alloy-eips v1.8.3
   Compiling alloy-trie v0.9.5
   Compiling alloy-tx-macros v1.8.3
   Compiling chrono v0.4.44
   Compiling alloy-json-rpc v1.8.3
   Compiling alloy-consensus v1.8.3
   Compiling serde-value v0.7.0
   Compiling prost v0.14.3
   Compiling pem v3.0.6
   Compiling prost-types v0.14.3
   Compiling ahash v0.8.12
   Compiling olpc-cjson v0.1.4
   Compiling num-bigint-dig v0.8.6
   Compiling alloy-consensus-any v1.8.3
   Compiling alloy-network-primitives v1.8.3
   Compiling alloy-transport v1.8.3
   Compiling serde_path_to_error v0.1.20
   Compiling alloy-rpc-types-eth v1.8.3
   Compiling serde_plain v1.0.2
   Compiling referencing v0.46.0
   Compiling prost-reflect v0.16.3
   Compiling chio-listing v0.1.0 (/tmp/arc-security-launch/crates/economy/chio-listing)
   Compiling chio-revocation-oracle v0.1.0 (/tmp/arc-security-launch/crates/trust/chio-revocation-oracle)
   Compiling chio-finding v0.1.0 (/tmp/arc-security-launch/crates/economy/chio-finding)
   Compiling chio-fiscal v0.1.0 (/tmp/arc-security-launch/crates/economy/chio-fiscal)
   Compiling chio-governance v0.1.0 (/tmp/arc-security-launch/crates/trust/chio-governance)
   Compiling chio-pheromone v0.1.0 (/tmp/arc-security-launch/crates/trust/chio-pheromone)
   Compiling chio-fincred v0.1.0 (/tmp/arc-security-launch/crates/economy/chio-fincred)
   Compiling chio-appraisal v0.1.0 (/tmp/arc-security-launch/crates/economy/chio-appraisal)
   Compiling chio-did v0.1.0 (/tmp/arc-security-launch/crates/trust/chio-did)
   Compiling chio-open-market v0.1.0 (/tmp/arc-security-launch/crates/economy/chio-open-market)
   Compiling alloy-rpc-types-any v1.8.3
   Compiling alloy-transport-http v1.8.3
   Compiling chio-underwriting v0.1.0 (/tmp/arc-security-launch/crates/economy/chio-underwriting)
   Compiling oauth2 v5.0.0
   Compiling rsa v0.9.10
   Compiling chio-federation v0.1.0 (/tmp/arc-security-launch/crates/trust/chio-federation)
   Compiling oci-spec v0.9.0
   Compiling alloy-signer v1.8.3
   Compiling tokio-stream v0.1.18
   Compiling jsonwebtoken v10.4.0
   Compiling itertools v0.10.5
   Compiling serde_spanned v0.6.9
   Compiling toml_datetime v0.6.11
   Compiling jsonschema v0.46.0
   Compiling toml_edit v0.22.27
   Compiling chio-credit v0.1.0 (/tmp/arc-security-launch/crates/economy/chio-credit)
   Compiling oci-client v0.17.0
   Compiling serde_json_canonicalizer v0.3.2
   Compiling dashmap v6.1.0
   Compiling tough v0.22.0
   Compiling openidconnect v4.0.1
   Compiling sigstore_protobuf_specs v0.5.1
   Compiling alloy-rpc-client v1.8.3
   Compiling alloy-network v1.8.3
   Compiling alloy-chains v0.2.33
   Compiling alloy-core v1.5.7
   Compiling webbrowser v1.2.2
   Compiling lru v0.16.3
   Compiling alloy-provider v1.8.3
   Compiling alloy v1.8.3
   Compiling sigstore v0.14.0
   Compiling ciborium v0.2.2
   Compiling toml v0.8.23
   Compiling chio-egress-contract v0.1.0 (/tmp/arc-security-launch/crates/protocol/chio-egress-contract)
   Compiling chio-cage-plan v0.1.0 (/tmp/arc-security-launch/crates/security/chio-cage-plan)
   Compiling alloy-dyn-abi v1.5.7
   Compiling chio-market v0.1.0 (/tmp/arc-security-launch/crates/economy/chio-market)
   Compiling chio-web3 v0.1.0 (/tmp/arc-security-launch/crates/economy/chio-web3)
   Compiling tracing-subscriber v0.3.23
   Compiling chio-attest-verify v0.1.0 (/tmp/arc-security-launch/crates/trust/chio-attest-verify)
   Compiling chio-autonomy v0.1.0 (/tmp/arc-security-launch/crates/economy/chio-autonomy)
   Compiling alloy-contract v1.8.3
   Compiling jsonwebtoken v9.3.1
   Compiling coset v0.4.2
   Compiling chio-core v0.1.0 (/tmp/arc-security-launch/crates/core/chio-core)
   Compiling chio-web3-bindings v0.1.0 (/tmp/arc-security-launch/crates/economy/chio-web3-bindings)
   Compiling chio-lineage v0.1.0 (/tmp/arc-security-launch/crates/observability/chio-lineage)
   Compiling chio-data-guards-redactors-default v0.1.0 (/tmp/arc-security-launch/crates/guards/chio-data-guards/redactors/default)
   Compiling hashlink v0.11.0
   Compiling chio-manifest v0.1.0 (/tmp/arc-security-launch/crates/platform/chio-manifest)
   Compiling secrecy v0.10.3
   Compiling rusqlite v0.39.0
   Compiling env_logger v0.10.2
   Compiling chio-tool-call-fabric v0.1.0 (/tmp/arc-security-launch/crates/protocol/chio-tool-call-fabric)
   Compiling chio-settle v0.1.0 (/tmp/arc-security-launch/crates/economy/chio-settle)
   Compiling chio-link v0.1.0 (/tmp/arc-security-launch/crates/economy/chio-link)
   Compiling chio-weights v0.1.0 (/tmp/arc-security-launch/crates/trust/chio-weights)
   Compiling chio-log-redact v0.1.0 (/tmp/arc-security-launch/crates/observability/chio-log-redact)
   Compiling chio-kernel-core v0.1.0 (/tmp/arc-security-launch/crates/kernel/chio-kernel-core)
   Compiling chio-custody-hw v0.1.0 (/tmp/arc-security-launch/crates/trust/chio-custody-hw)
   Compiling ureq v2.12.1
   Compiling chio-quarantine v0.1.0 (/tmp/arc-security-launch/crates/security/chio-quarantine)
   Compiling chio-supervisor v0.1.0 (/tmp/arc-security-launch/crates/core/chio-supervisor)
   Compiling opentimestamps v0.2.0
   Compiling chio-spec-validate v0.1.0 (/tmp/arc-security-launch/crates/tooling/chio-spec-validate)
   Compiling chio-kernel v0.1.0 (/tmp/arc-security-launch/crates/kernel/chio-kernel)
   Compiling chio-anchor v0.1.0 (/tmp/arc-security-launch/crates/economy/chio-anchor)
    Finished `test` profile [unoptimized] target(s) in 2m 26s
     Running unittests src/lib.rs (/home/connor/chio-security-target-6d-final/debug/deps/chio_anchor-29854daec9e2bfac)

running 1 test
test witness::rekor::original_input_tests::original_nested_rekor_body_rejects_ignored_duplicate_keys ... FAILED

failures:

---- witness::rekor::original_input_tests::original_nested_rekor_body_rejects_ignored_duplicate_keys stdout ----

thread 'witness::rekor::original_input_tests::original_nested_rekor_body_rejects_ignored_duplicate_keys' (3908507) panicked at crates/economy/chio-anchor/src/witness/rekor.rs:1440:22:
ambiguous original Rekor body accepted
note: run with `RUST_BACKTRACE=1` environment variable to display a backtrace


failures:
    witness::rekor::original_input_tests::original_nested_rekor_body_rejects_ignored_duplicate_keys

test result: FAILED. 0 passed; 1 failed; 0 ignored; 0 measured; 116 filtered out; finished in 0.02s

error: test failed, to rerun pass `-p chio-anchor --lib`
     Running unittests src/lib.rs (/home/connor/chio-security-target-6d-final/debug/deps/chio_open_market-706de0c36e04e4df)

running 1 test
test purchase_verification::original_input_tests::original_purchase_member_cannot_normalize_duplicate_fields ... FAILED

failures:

---- purchase_verification::original_input_tests::original_purchase_member_cannot_normalize_duplicate_fields stdout ----

thread 'purchase_verification::original_input_tests::original_purchase_member_cannot_normalize_duplicate_fields' (3908509) panicked at crates/economy/chio-open-market/src/purchase_verification.rs:406:22:
ambiguous member acquired a canonical identity
note: run with `RUST_BACKTRACE=1` environment variable to display a backtrace


failures:
    purchase_verification::original_input_tests::original_purchase_member_cannot_normalize_duplicate_fields

test result: FAILED. 0 passed; 1 failed; 0 ignored; 0 measured; 45 filtered out; finished in 0.01s

error: test failed, to rerun pass `-p chio-open-market --lib`
     Running unittests src/lib.rs (/home/connor/chio-security-target-6d-final/debug/deps/chio_settle-5494a8b6cf84e973)

running 2 tests
test finding_enforcement::observation_source::original_input_tests::original_observation_failure_preserves_native_source ... FAILED
test retry::original_record_tests::original_dead_letter_rejects_zero_attempts ... FAILED

failures:

---- finding_enforcement::observation_source::original_input_tests::original_observation_failure_preserves_native_source stdout ----

thread 'finding_enforcement::observation_source::original_input_tests::original_observation_failure_preserves_native_source' (3908511) panicked at crates/economy/chio-settle/src/finding_enforcement/observation_source.rs:629:9:
assertion failed: std::error::Error::source(&error).is_some()
note: run with `RUST_BACKTRACE=1` environment variable to display a backtrace

---- retry::original_record_tests::original_dead_letter_rejects_zero_attempts stdout ----

thread 'retry::original_record_tests::original_dead_letter_rejects_zero_attempts' (3908512) panicked at crates/economy/chio-settle/src/retry.rs:666:22:
zero-attempt terminal record accepted


failures:
    finding_enforcement::observation_source::original_input_tests::original_observation_failure_preserves_native_source
    retry::original_record_tests::original_dead_letter_rejects_zero_attempts

test result: FAILED. 0 passed; 2 failed; 0 ignored; 0 measured; 252 filtered out; finished in 0.03s

error: test failed, to rerun pass `-p chio-settle --lib`
error: 3 targets failed:
    `-p chio-anchor --lib`
    `-p chio-open-market --lib`
    `-p chio-settle --lib`
