warning: patch `cmpv2 v0.2.0 (/tmp/arc-security-launch/third_party/cmpv2-chio)` was not used in the crate graph
warning: patch `crmf v0.2.0 (/tmp/arc-security-launch/third_party/crmf-chio)` was not used in the crate graph
warning: patch `ignore v0.4.32 (/tmp/arc-security-launch/third_party/ignore-chio)` was not used in the crate graph
warning: patch `nono v0.53.0 (/tmp/arc-security-launch/third_party/nono-upstream-chio)` was not used in the crate graph
warning: patch `regress v0.11.1 (/tmp/arc-security-launch/third_party/regress-chio)` was not used in the crate graph
warning: patch `sigstore-crypto v0.6.6 (/tmp/arc-security-launch/third_party/sigstore-crypto-chio)` was not used in the crate graph
warning: patch `sigstore-merkle v0.6.6 (/tmp/arc-security-launch/third_party/sigstore-merkle-chio)` was not used in the crate graph
warning: patch `sigstore-trust-root v0.6.3 (/tmp/arc-security-launch/third_party/sigstore-trust-root-chio)` was not used in the crate graph
warning: patch `sigstore-verify v0.6.3 (/tmp/arc-security-launch/third_party/sigstore-verify-chio)` was not used in the crate graph
help: Check that the patched package version and available features are compatible
      with the dependency requirements. If the patch has a different version from
      what is locked in the Cargo.lock file, run `cargo update` to use the new
      version. This may also occur with an optional dependency that is not enabled.
   Compiling chio-settle v0.1.0 (/tmp/arc-security-launch/crates/economy/chio-settle)
   Compiling chio-link v0.1.0 (/tmp/arc-security-launch/crates/economy/chio-link)
   Compiling chio-kernel v0.1.0 (/tmp/arc-security-launch/crates/kernel/chio-kernel)
   Compiling chio-anchor v0.1.0 (/tmp/arc-security-launch/crates/economy/chio-anchor)
    Finished `test` profile [unoptimized] target(s) in 1m 09s
     Running unittests src/lib.rs (/home/connor/chio-security-target-6d-final/debug/deps/chio_anchor-223e69c543cfdea9)

running 0 tests

test result: ok. 0 passed; 0 failed; 0 ignored; 0 measured; 124 filtered out; finished in 0.00s

     Running unittests src/lib.rs (/home/connor/chio-security-target-6d-final/debug/deps/chio_credit-1766d829a1ff7a50)

running 0 tests

test result: ok. 0 passed; 0 failed; 0 ignored; 0 measured; 58 filtered out; finished in 0.00s

     Running unittests src/lib.rs (/home/connor/chio-security-target-6d-final/debug/deps/chio_fiscal-506ace82a32e9dc1)

running 0 tests

test result: ok. 0 passed; 0 failed; 0 ignored; 0 measured; 31 filtered out; finished in 0.00s

     Running unittests src/lib.rs (/home/connor/chio-security-target-6d-final/debug/deps/chio_link-854d545cd4f596c7)

running 2 tests
test chainlink::tests::original_rpc_failure_keeps_native_cause_and_hides_payload ... FAILED
test chainlink::tests::original_rpc_ignored_duplicate_keys_fail_before_raw_value_projection ... FAILED

failures:

---- chainlink::tests::original_rpc_failure_keeps_native_cause_and_hides_payload stdout ----

thread 'chainlink::tests::original_rpc_failure_keeps_native_cause_and_hides_payload' (3921311) panicked at crates/economy/chio-link/src/chainlink.rs:367:13:
assertion failed: std::error::Error::source(&error).is_some()
note: run with `RUST_BACKTRACE=1` environment variable to display a backtrace

---- chainlink::tests::original_rpc_ignored_duplicate_keys_fail_before_raw_value_projection stdout ----

thread 'chainlink::tests::original_rpc_ignored_duplicate_keys_fail_before_raw_value_projection' (3921312) panicked at crates/economy/chio-link/src/chainlink.rs:349:36:
ambiguous original response: unexpected Ok(..)


failures:
    chainlink::tests::original_rpc_failure_keeps_native_cause_and_hides_payload
    chainlink::tests::original_rpc_ignored_duplicate_keys_fail_before_raw_value_projection

test result: FAILED. 0 passed; 2 failed; 0 ignored; 0 measured; 51 filtered out; finished in 0.11s

error: test failed, to rerun pass `-p chio-link --lib`
     Running unittests src/lib.rs (/home/connor/chio-security-target-6d-final/debug/deps/chio_listing-bef73684d206d427)

running 0 tests

test result: ok. 0 passed; 0 failed; 0 ignored; 0 measured; 40 filtered out; finished in 0.00s

     Running unittests src/lib.rs (/home/connor/chio-security-target-6d-final/debug/deps/chio_market-179afb500c6438ae)

running 0 tests

test result: ok. 0 passed; 0 failed; 0 ignored; 0 measured; 75 filtered out; finished in 0.00s

     Running unittests src/lib.rs (/home/connor/chio-security-target-6d-final/debug/deps/chio_open_market-706de0c36e04e4df)

running 0 tests

test result: ok. 0 passed; 0 failed; 0 ignored; 0 measured; 47 filtered out; finished in 0.00s

     Running unittests src/lib.rs (/home/connor/chio-security-target-6d-final/debug/deps/chio_settle-28aade0c6cdc1f53)

running 0 tests

test result: ok. 0 passed; 0 failed; 0 ignored; 0 measured; 255 filtered out; finished in 0.00s

error: 1 target failed:
    `-p chio-link --lib`
