warning: patch `cmpv2 v0.2.0 (/tmp/arc-security-launch/third_party/cmpv2-chio)` was not used in the crate graph
warning: patch `crmf v0.2.0 (/tmp/arc-security-launch/third_party/crmf-chio)` was not used in the crate graph
warning: patch `ignore v0.4.32 (/tmp/arc-security-launch/third_party/ignore-chio)` was not used in the crate graph
warning: patch `nono v0.53.0 (/tmp/arc-security-launch/third_party/nono-upstream-chio)` was not used in the crate graph
warning: patch `regress v0.11.1 (/tmp/arc-security-launch/third_party/regress-chio)` was not used in the crate graph
warning: patch `sigstore-crypto v0.6.6 (/tmp/arc-security-launch/third_party/sigstore-crypto-chio)` was not used in the crate graph
warning: patch `sigstore-merkle v0.6.6 (/tmp/arc-security-launch/third_party/sigstore-merkle-chio)` was not used in the crate graph
warning: patch `sigstore-trust-root v0.6.3 (/tmp/arc-security-launch/third_party/sigstore-trust-root-chio)` was not used in the crate graph
warning: patch `sigstore-verify v0.6.3 (/tmp/arc-security-launch/third_party/sigstore-verify-chio)` was not used in the crate graph
help: Check that the patched package version and available features are compatible
      with the dependency requirements. If the patch has a different version from
      what is locked in the Cargo.lock file, run `cargo update` to use the new
      version. This may also occur with an optional dependency that is not enabled.
   Compiling chio-manifest v0.1.0 (/tmp/arc-security-launch/crates/platform/chio-manifest)
   Compiling chio-settle v0.1.0 (/tmp/arc-security-launch/crates/economy/chio-settle)
   Compiling chio-tool-call-fabric v0.1.0 (/tmp/arc-security-launch/crates/protocol/chio-tool-call-fabric)
   Compiling chio-kernel v0.1.0 (/tmp/arc-security-launch/crates/kernel/chio-kernel)
   Compiling chio-anchor v0.1.0 (/tmp/arc-security-launch/crates/economy/chio-anchor)
    Finished `test` profile [unoptimized] target(s) in 1m 10s
     Running unittests src/lib.rs (/home/connor/chio-security-target-6d-final/debug/deps/chio_settle-3ede951e30e6d30e)

running 1 test
test channel::rail::identity_fixture_tests::shared_identifiers_match_canonical_fixture ... ok

test result: ok. 1 passed; 0 failed; 0 ignored; 0 measured; 254 filtered out; finished in 0.01s

