warning: patch `cmpv2 v0.2.0 (/tmp/arc-security-launch/third_party/cmpv2-chio)` was not used in the crate graph
warning: patch `crmf v0.2.0 (/tmp/arc-security-launch/third_party/crmf-chio)` was not used in the crate graph
warning: patch `ignore v0.4.32 (/tmp/arc-security-launch/third_party/ignore-chio)` was not used in the crate graph
warning: patch `nono v0.53.0 (/tmp/arc-security-launch/third_party/nono-upstream-chio)` was not used in the crate graph
warning: patch `regress v0.11.1 (/tmp/arc-security-launch/third_party/regress-chio)` was not used in the crate graph
warning: patch `sigstore-crypto v0.6.6 (/tmp/arc-security-launch/third_party/sigstore-crypto-chio)` was not used in the crate graph
warning: patch `sigstore-merkle v0.6.6 (/tmp/arc-security-launch/third_party/sigstore-merkle-chio)` was not used in the crate graph
warning: patch `sigstore-trust-root v0.6.3 (/tmp/arc-security-launch/third_party/sigstore-trust-root-chio)` was not used in the crate graph
warning: patch `sigstore-verify v0.6.3 (/tmp/arc-security-launch/third_party/sigstore-verify-chio)` was not used in the crate graph
help: Check that the patched package version and available features are compatible
      with the dependency requirements. If the patch has a different version from
      what is locked in the Cargo.lock file, run `cargo update` to use the new
      version. This may also occur with an optional dependency that is not enabled.
   Compiling chio-open-market v0.1.0 (/tmp/arc-security-launch/crates/economy/chio-open-market)
   Compiling chio-underwriting v0.1.0 (/tmp/arc-security-launch/crates/economy/chio-underwriting)
   Compiling sigstore v0.14.0
   Compiling chio-fiscal v0.1.0 (/tmp/arc-security-launch/crates/economy/chio-fiscal)
   Compiling chio-federation v0.1.0 (/tmp/arc-security-launch/crates/trust/chio-federation)
   Compiling chio-listing v0.1.0 (/tmp/arc-security-launch/crates/economy/chio-listing)
   Compiling chio-attest-verify v0.1.0 (/tmp/arc-security-launch/crates/trust/chio-attest-verify)
   Compiling chio-weights v0.1.0 (/tmp/arc-security-launch/crates/trust/chio-weights)
   Compiling chio-credit v0.1.0 (/tmp/arc-security-launch/crates/economy/chio-credit)
   Compiling chio-market v0.1.0 (/tmp/arc-security-launch/crates/economy/chio-market)
   Compiling chio-web3 v0.1.0 (/tmp/arc-security-launch/crates/economy/chio-web3)
   Compiling chio-autonomy v0.1.0 (/tmp/arc-security-launch/crates/economy/chio-autonomy)
   Compiling chio-core v0.1.0 (/tmp/arc-security-launch/crates/core/chio-core)
   Compiling chio-manifest v0.1.0 (/tmp/arc-security-launch/crates/platform/chio-manifest)
   Compiling chio-link v0.1.0 (/tmp/arc-security-launch/crates/economy/chio-link)
   Compiling chio-settle v0.1.0 (/tmp/arc-security-launch/crates/economy/chio-settle)
warning: unused import: `SettlementFailureCode`
  --> crates/economy/chio-settle/src/retry.rs:23:29
   |
23 |     SettlementFailureClass, SettlementFailureCode, SettlementFailureReason, SettlementSkipReason,
   |                             ^^^^^^^^^^^^^^^^^^^^^
   |
   = note: `#[warn(unused_imports)]` (part of `#[warn(unused)]`) on by default

   Compiling chio-tool-call-fabric v0.1.0 (/tmp/arc-security-launch/crates/protocol/chio-tool-call-fabric)
   Compiling chio-kernel v0.1.0 (/tmp/arc-security-launch/crates/kernel/chio-kernel)
warning: `chio-settle` (lib) generated 1 warning (run `cargo fix --lib -p chio-settle` to apply 1 suggestion)
   Compiling chio-anchor v0.1.0 (/tmp/arc-security-launch/crates/economy/chio-anchor)
    Finished `test` profile [unoptimized] target(s) in 1m 37s
     Running unittests src/lib.rs (/home/connor/chio-security-target-6d-final/debug/deps/chio_anchor-74e8aa1927a02bdd)

running 5 tests
test witness::rekor::original_input_tests::original_nested_rekor_body_rejects_ignored_duplicate_keys ... FAILED
test witness::rekor::ingress_tests::original_witness_proof_decode_is_bounded ... FAILED
test witness::rekor::ingress_tests::original_rekor_rejects_authenticated_future_time ... FAILED
test witness::rekor::ingress_tests::original_rekor_receipt_timestamp_is_bound_to_signed_entry ... FAILED
test witness::rekor::ingress_tests::original_rekor_response_budget_precedes_projection ... FAILED

failures:

---- witness::rekor::original_input_tests::original_nested_rekor_body_rejects_ignored_duplicate_keys stdout ----

thread 'witness::rekor::original_input_tests::original_nested_rekor_body_rejects_ignored_duplicate_keys' (3918438) panicked at crates/economy/chio-anchor/src/witness/rekor.rs:1440:22:
ambiguous original Rekor body accepted
note: run with `RUST_BACKTRACE=1` environment variable to display a backtrace

---- witness::rekor::ingress_tests::original_witness_proof_decode_is_bounded stdout ----

thread 'witness::rekor::ingress_tests::original_witness_proof_decode_is_bounded' (3918437) panicked at crates/economy/chio-anchor/src/witness/rekor/ingress_tests.rs:75:5:
assertion failed: matches!(serde_json::from_value::<WitnessReceipt>(value), Err(error) if
    error.to_string().contains("bound"))

---- witness::rekor::ingress_tests::original_rekor_rejects_authenticated_future_time stdout ----

thread 'witness::rekor::ingress_tests::original_rekor_rejects_authenticated_future_time' (3918435) panicked at crates/economy/chio-anchor/src/witness/rekor/ingress_tests.rs:42:5:
assertion failed: matches!(result, Err(error) if error.to_string().contains("not yet valid"))

---- witness::rekor::ingress_tests::original_rekor_receipt_timestamp_is_bound_to_signed_entry stdout ----

thread 'witness::rekor::ingress_tests::original_rekor_receipt_timestamp_is_bound_to_signed_entry' (3918434) panicked at crates/economy/chio-anchor/src/witness/rekor/ingress_tests.rs:54:5:
assertion failed: matches!(result, Err(error) if error.to_string().contains("timestamp"))

---- witness::rekor::ingress_tests::original_rekor_response_budget_precedes_projection stdout ----

thread 'witness::rekor::ingress_tests::original_rekor_response_budget_precedes_projection' (3918436) panicked at crates/economy/chio-anchor/src/witness/rekor/ingress_tests.rs:66:5:
assertion failed: matches!(result, Err(error) if error.to_string().contains("too-large"))


failures:
    witness::rekor::ingress_tests::original_rekor_receipt_timestamp_is_bound_to_signed_entry
    witness::rekor::ingress_tests::original_rekor_rejects_authenticated_future_time
    witness::rekor::ingress_tests::original_rekor_response_budget_precedes_projection
    witness::rekor::ingress_tests::original_witness_proof_decode_is_bounded
    witness::rekor::original_input_tests::original_nested_rekor_body_rejects_ignored_duplicate_keys

test result: FAILED. 0 passed; 5 failed; 0 ignored; 0 measured; 116 filtered out; finished in 0.31s

error: test failed, to rerun pass `-p chio-anchor --lib`
     Running unittests src/lib.rs (/home/connor/chio-security-target-6d-final/debug/deps/chio_credit-1766d829a1ff7a50)

running 1 test
test factor::original_input_tests::original_factor_input_preserves_native_cause ... ok

test result: ok. 1 passed; 0 failed; 0 ignored; 0 measured; 57 filtered out; finished in 0.01s

     Running unittests src/lib.rs (/home/connor/chio-security-target-6d-final/debug/deps/chio_fiscal-506ace82a32e9dc1)

running 0 tests

test result: ok. 0 passed; 0 failed; 0 ignored; 0 measured; 31 filtered out; finished in 0.00s

     Running unittests src/lib.rs (/home/connor/chio-security-target-6d-final/debug/deps/chio_link-854d545cd4f596c7)

running 0 tests

test result: ok. 0 passed; 0 failed; 0 ignored; 0 measured; 51 filtered out; finished in 0.00s

     Running unittests src/lib.rs (/home/connor/chio-security-target-6d-final/debug/deps/chio_listing-bef73684d206d427)

running 0 tests

test result: ok. 0 passed; 0 failed; 0 ignored; 0 measured; 40 filtered out; finished in 0.00s

     Running unittests src/lib.rs (/home/connor/chio-security-target-6d-final/debug/deps/chio_market-179afb500c6438ae)

running 0 tests

test result: ok. 0 passed; 0 failed; 0 ignored; 0 measured; 75 filtered out; finished in 0.00s

     Running unittests src/lib.rs (/home/connor/chio-security-target-6d-final/debug/deps/chio_open_market-706de0c36e04e4df)

running 2 tests
test recovery::original_input_tests::original_recovery_member_preserves_external_contract_and_cause ... ok
test purchase_verification::original_input_tests::original_purchase_member_cannot_normalize_duplicate_fields ... ok

test result: ok. 2 passed; 0 failed; 0 ignored; 0 measured; 45 filtered out; finished in 0.01s

     Running unittests src/lib.rs (/home/connor/chio-security-target-6d-final/debug/deps/chio_settle-973ff662902b62ff)

running 3 tests
test finding_enforcement::observation_source::original_input_tests::original_observation_failure_preserves_native_source ... ok
test retry::original_record_tests::original_dead_letter_rejects_zero_attempts ... ok
test finding_enforcement::publish::remote_tests::original_alternate_transport_response_is_bounded ... ok

test result: ok. 3 passed; 0 failed; 0 ignored; 0 measured; 252 filtered out; finished in 0.05s

error: 1 target failed:
    `-p chio-anchor --lib`
