21955 fcntl(3, F_GETFD)                 = 0x1 (flags FD_CLOEXEC)
21955 fcntl(0, F_GETFD)                 = 0
21955 fcntl(1, F_GETFD)                 = 0
21955 fcntl(2, F_GETFD)                 = 0
21956 fcntl(3, F_GETFD)                 = 0x1 (flags FD_CLOEXEC)
21956 fcntl(3, F_GETFD)                 = 0x1 (flags FD_CLOEXEC)
21956 fcntl(3, F_GETFD)                 = 0x1 (flags FD_CLOEXEC)
21956 fcntl(3, F_GETFD)                 = 0x1 (flags FD_CLOEXEC)
21956 fcntl(3, F_GETFD)                 = 0x1 (flags FD_CLOEXEC)
21956 fcntl(5, F_GETFD)                 = 0x1 (flags FD_CLOEXEC)
21956 fcntl(3, F_GETFD)                 = 0x1 (flags FD_CLOEXEC)
21956 fcntl(6, F_GETFD)                 = 0x1 (flags FD_CLOEXEC)
21956 fcntl(7, F_GETFD)                 = 0x1 (flags FD_CLOEXEC)
21956 fcntl(3, F_GETFD)                 = 0x1 (flags FD_CLOEXEC)
21956 fcntl(8, F_GETFD)                 = 0x1 (flags FD_CLOEXEC)
21956 fcntl(3, F_GETFD)                 = 0x1 (flags FD_CLOEXEC)
21956 fcntl(9, F_GETFD)                 = 0x1 (flags FD_CLOEXEC)
21956 fcntl(3, F_GETFD)                 = 0x1 (flags FD_CLOEXEC)
21956 fcntl(10, F_GETFD)                = 0x1 (flags FD_CLOEXEC)
21956 fcntl(3, F_GETFD)                 = 0x1 (flags FD_CLOEXEC)
21956 fcntl(11, F_GETFD)                = 0x1 (flags FD_CLOEXEC)
21956 fcntl(3, F_GETFD)                 = 0x1 (flags FD_CLOEXEC)
21956 fcntl(3, F_GETFD)                 = 0x1 (flags FD_CLOEXEC)
21956 fcntl(3, F_GETFD)                 = 0x1 (flags FD_CLOEXEC)
21956 fcntl(3, F_GETFD)                 = 0x1 (flags FD_CLOEXEC)
21956 fcntl(3, F_GETFD)                 = 0x1 (flags FD_CLOEXEC)
21956 fcntl(3, F_GETFD)                 = 0x1 (flags FD_CLOEXEC)
21956 fcntl(3, F_GETFD)                 = 0x1 (flags FD_CLOEXEC)
21956 fcntl(3, F_GETFD)                 = 0x1 (flags FD_CLOEXEC)
21956 fcntl(16, F_GETFD)                = 0x1 (flags FD_CLOEXEC)
21956 fcntl(16, F_GETFD)                = 0x1 (flags FD_CLOEXEC)
21956 fcntl(16, F_GETFD)                = 0x1 (flags FD_CLOEXEC)
21956 fcntl(16, F_GETFD)                = 0x1 (flags FD_CLOEXEC)
21956 fcntl(16, F_GETFD)                = 0x1 (flags FD_CLOEXEC)
21956 fcntl(16, F_GETFD)                = 0x1 (flags FD_CLOEXEC)
21956 fcntl(16, F_GETFD)                = 0x1 (flags FD_CLOEXEC)
21956 fcntl(16, F_GETFD)                = 0x1 (flags FD_CLOEXEC)
21956 fcntl(16, F_GETFD)                = 0x1 (flags FD_CLOEXEC)
21956 fcntl(16, F_GETFD)                = 0x1 (flags FD_CLOEXEC)
21956 fcntl(16, F_GETFD)                = 0x1 (flags FD_CLOEXEC)
21956 fcntl(16, F_GETFD)                = 0x1 (flags FD_CLOEXEC)
21956 fcntl(16, F_GETFD)                = 0x1 (flags FD_CLOEXEC)
21956 fcntl(16, F_GETFD)                = 0x1 (flags FD_CLOEXEC)
21956 fcntl(16, F_GETFD)                = 0x1 (flags FD_CLOEXEC)
21956 fcntl(16, F_GETFD)                = 0x1 (flags FD_CLOEXEC)
21956 fcntl(16, F_GETFD)                = 0x1 (flags FD_CLOEXEC)
21956 fcntl(16, F_GETFD)                = 0x1 (flags FD_CLOEXEC)
21956 fcntl(16, F_GETFD)                = 0x1 (flags FD_CLOEXEC)
21956 fcntl(16, F_GETFD)                = 0x1 (flags FD_CLOEXEC)
21956 fcntl(16, F_GETFD)                = 0x1 (flags FD_CLOEXEC)
21956 fcntl(16, F_GETFD)                = 0x1 (flags FD_CLOEXEC)
21956 fcntl(16, F_GETFD)                = 0x1 (flags FD_CLOEXEC)
21956 fcntl(16, F_ADD_SEALS, F_SEAL_SEAL|F_SEAL_SHRINK|F_SEAL_GROW|F_SEAL_WRITE) = 0
21956 fcntl(17, F_GETFD)                = 0x1 (flags FD_CLOEXEC)
21956 fcntl(17, F_GETFD)                = 0x1 (flags FD_CLOEXEC)
21956 fcntl(17, F_GETFD)                = 0x1 (flags FD_CLOEXEC)
21956 fcntl(17, F_GETFD)                = 0x1 (flags FD_CLOEXEC)
21956 fcntl(17, F_GETFD)                = 0x1 (flags FD_CLOEXEC)
21956 fcntl(17, F_GETFD)                = 0x1 (flags FD_CLOEXEC)
21956 fcntl(17, F_GETFD)                = 0x1 (flags FD_CLOEXEC)
21956 fcntl(17, F_GETFD)                = 0x1 (flags FD_CLOEXEC)
21956 fcntl(17, F_GETFD)                = 0x1 (flags FD_CLOEXEC)
21956 fcntl(17, F_GETFD)                = 0x1 (flags FD_CLOEXEC)
21956 fcntl(17, F_GETFD)                = 0x1 (flags FD_CLOEXEC)
21956 fcntl(17, F_GETFD)                = 0x1 (flags FD_CLOEXEC)
21956 fcntl(17, F_GETFD)                = 0x1 (flags FD_CLOEXEC)
21956 fcntl(17, F_GETFD)                = 0x1 (flags FD_CLOEXEC)
21956 fcntl(16, F_GET_SEALS)            = 0xf (seals F_SEAL_SEAL|F_SEAL_SHRINK|F_SEAL_GROW|F_SEAL_WRITE)
21956 fcntl(17, F_GETFD)                = 0x1 (flags FD_CLOEXEC)
21956 fcntl(17, F_GETFD)                = 0x1 (flags FD_CLOEXEC)
21956 fcntl(17, F_GETFD)                = 0x1 (flags FD_CLOEXEC)
21956 fcntl(17, F_GETFD)                = 0x1 (flags FD_CLOEXEC)
21956 fcntl(17, F_GETFD)                = 0x1 (flags FD_CLOEXEC)
21956 fcntl(17, F_GETFD)                = 0x1 (flags FD_CLOEXEC)
21956 fcntl(17, F_GETFD)                = 0x1 (flags FD_CLOEXEC)
21956 fcntl(17, F_GETFD)                = 0x1 (flags FD_CLOEXEC)
21956 fcntl(17, F_GETFD)                = 0x1 (flags FD_CLOEXEC)
21956 fcntl(17, F_GETFD)                = 0x1 (flags FD_CLOEXEC)
21956 fcntl(17, F_GETFD)                = 0x1 (flags FD_CLOEXEC)
21956 fcntl(17, F_GETFD)                = 0x1 (flags FD_CLOEXEC)
21956 fcntl(17, F_GETFD)                = 0x1 (flags FD_CLOEXEC)
21956 fcntl(17, F_GETFD)                = 0x1 (flags FD_CLOEXEC)
21956 fcntl(16, F_GET_SEALS)            = 0xf (seals F_SEAL_SEAL|F_SEAL_SHRINK|F_SEAL_GROW|F_SEAL_WRITE)
21956 fcntl(17, F_GETFL)                = 0x2 (flags O_RDWR)
21956 fcntl(17, F_SETFL, O_RDWR|O_NONBLOCK) = 0
21956 fcntl(8, F_DUPFD_CLOEXEC, 256)    = 256
21956 fcntl(18, F_GETFD)                = 0x1 (flags FD_CLOEXEC)
21956 fcntl(256, F_GETFD)               = 0x1 (flags FD_CLOEXEC)
21958 fcntl(0, F_DUPFD_CLOEXEC, 256)    = 256
21958 fcntl(256, F_SETFD, FD_CLOEXEC)   = 0
21958 fcntl(3, F_GETFD)                 = 0x1 (flags FD_CLOEXEC)
21958 fcntl(3, F_SETFD, FD_CLOEXEC)     = 0
21956 fcntl(20, F_GETFD)                = 0x1 (flags FD_CLOEXEC)
21956 fcntl(19, F_GETFD)                = 0x1 (flags FD_CLOEXEC)
21958 fcntl(3, F_GET_SEALS)             = 0xf (seals F_SEAL_SEAL|F_SEAL_SHRINK|F_SEAL_GROW|F_SEAL_WRITE)
21958 fcntl(13, F_SETFD, FD_CLOEXEC)    = 0
21958 fcntl(13, F_GETFD)                = 0x1 (flags FD_CLOEXEC)
21958 fcntl(13, F_SETFD, FD_CLOEXEC)    = 0
21958 fcntl(13, F_GETFD)                = 0x1 (flags FD_CLOEXEC)
21958 fcntl(13, F_SETFD, FD_CLOEXEC)    = 0
21958 fcntl(13, F_GETFD)                = 0x1 (flags FD_CLOEXEC)
21958 fcntl(13, F_SETFD, FD_CLOEXEC)    = 0
21958 fcntl(13, F_GETFD)                = 0x1 (flags FD_CLOEXEC)
21958 fcntl(13, F_SETFD, FD_CLOEXEC)    = 0
21958 fcntl(13, F_GETFD)                = 0x1 (flags FD_CLOEXEC)
21958 fcntl(13, F_SETFD, FD_CLOEXEC)    = 0
21958 fcntl(13, F_GETFD)                = 0x1 (flags FD_CLOEXEC)
21958 fcntl(13, F_SETFD, FD_CLOEXEC)    = 0
21958 fcntl(13, F_GETFD)                = 0x1 (flags FD_CLOEXEC)
21958 fcntl(13, F_SETFD, FD_CLOEXEC)    = 0
21958 fcntl(13, F_GETFD)                = 0x1 (flags FD_CLOEXEC)
21958 fcntl(13, F_SETFD, FD_CLOEXEC)    = 0
21958 fcntl(13, F_GETFD)                = 0x1 (flags FD_CLOEXEC)
21958 fcntl(13, F_SETFD, FD_CLOEXEC)    = 0
21958 fcntl(14, F_SETFD, FD_CLOEXEC)    = 0
21958 fcntl(14, F_GETFD)                = 0x1 (flags FD_CLOEXEC)
21958 fcntl(14, F_SETFD, FD_CLOEXEC)    = 0
21958 fcntl(14, F_GETFD)                = 0x1 (flags FD_CLOEXEC)
21958 fcntl(13, F_GETFD)                = 0x1 (flags FD_CLOEXEC)
21958 fcntl(4, F_GETFD)                 = 0x1 (flags FD_CLOEXEC)
21958 fcntl(5, F_GETFD)                 = 0x1 (flags FD_CLOEXEC)
21958 fcntl(6, F_GETFD)                 = 0x1 (flags FD_CLOEXEC)
21958 fcntl(7, F_GETFD)                 = 0x1 (flags FD_CLOEXEC)
21958 fcntl(8, F_GETFD)                 = 0x1 (flags FD_CLOEXEC)
21958 fcntl(9, F_GETFD)                 = 0x1 (flags FD_CLOEXEC)
21958 fcntl(10, F_GETFD)                = 0x1 (flags FD_CLOEXEC)
21958 fcntl(11, F_GETFD)                = 0x1 (flags FD_CLOEXEC)
21958 fcntl(12, F_GETFD)                = 0x1 (flags FD_CLOEXEC)
21958 fcntl(3, F_GETFD)                 = 0x1 (flags FD_CLOEXEC)
21958 fcntl(0, F_GETFD)                 = 0
21958 +++ exited with 127 +++
21956 --- SIGCHLD {si_signo=SIGCHLD, si_code=CLD_EXITED, si_pid=21958, si_uid=1001, si_status=127, si_utime=0, si_stime=0} ---
21956 fcntl(17, F_GETFD)                = 0x1 (flags FD_CLOEXEC)
21956 fcntl(16, F_GETFD <unfinished ...>
21957 fcntl(18, F_GETFD <unfinished ...>
21956 <... fcntl resumed>)              = 0x1 (flags FD_CLOEXEC)
21957 <... fcntl resumed>)              = 0x1 (flags FD_CLOEXEC)
21956 fcntl(5, F_GETFD)                 = 0x1 (flags FD_CLOEXEC)
21956 fcntl(6, F_GETFD)                 = 0x1 (flags FD_CLOEXEC)
21956 fcntl(7, F_GETFD)                 = 0x1 (flags FD_CLOEXEC)
21956 fcntl(4, F_GETFD)                 = 0x1 (flags FD_CLOEXEC)
21956 fcntl(8, F_GETFD)                 = 0x1 (flags FD_CLOEXEC)
21956 fcntl(9, F_GETFD)                 = 0x1 (flags FD_CLOEXEC)
21956 fcntl(10, F_GETFD)                = 0x1 (flags FD_CLOEXEC)
21956 fcntl(3, F_GETFD)                 = 0x1 (flags FD_CLOEXEC)
21956 fcntl(12, F_GETFD)                = 0x1 (flags FD_CLOEXEC)
21956 fcntl(14, F_GETFD)                = 0x1 (flags FD_CLOEXEC)
21956 fcntl(11, F_GETFD)                = 0x1 (flags FD_CLOEXEC)
21956 fcntl(13, F_GETFD)                = 0x1 (flags FD_CLOEXEC)
21956 fcntl(15, F_GETFD)                = 0x1 (flags FD_CLOEXEC)
21957 +++ exited with 1 +++
21956 +++ exited with 1 +++
21955 --- SIGCHLD {si_signo=SIGCHLD, si_code=CLD_EXITED, si_pid=21956, si_uid=1001, si_status=1, si_utime=35 /* 0.35 s */, si_stime=13 /* 0.13 s */} ---
21955 fcntl(3, F_DUPFD_CLOEXEC, 0)      = 4
21955 fcntl(4, F_GETFL)                 = 0x8800 (flags O_RDONLY|O_NONBLOCK|O_LARGEFILE)
21955 fcntl(4, F_SETFD, FD_CLOEXEC)     = 0
21955 fcntl(4, F_DUPFD_CLOEXEC, 0)      = 5
21955 fcntl(5, F_GETFL)                 = 0x8800 (flags O_RDONLY|O_NONBLOCK|O_LARGEFILE)
21955 fcntl(5, F_SETFD, FD_CLOEXEC)     = 0
21955 fcntl(4, F_DUPFD_CLOEXEC, 0)      = 5
21955 fcntl(5, F_GETFL)                 = 0x8800 (flags O_RDONLY|O_NONBLOCK|O_LARGEFILE)
21955 fcntl(5, F_SETFD, FD_CLOEXEC)     = 0
21955 fcntl(4, F_DUPFD_CLOEXEC, 0)      = 5
21955 fcntl(5, F_GETFL)                 = 0x8800 (flags O_RDONLY|O_NONBLOCK|O_LARGEFILE)
21955 fcntl(5, F_SETFD, FD_CLOEXEC)     = 0
21955 fcntl(3, F_DUPFD_CLOEXEC, 0)      = 4
21955 fcntl(4, F_GETFL)                 = 0x8000 (flags O_RDONLY|O_LARGEFILE)
21955 fcntl(3, F_DUPFD_CLOEXEC, 0)      = 4
21955 fcntl(4, F_GETFL)                 = 0x8000 (flags O_RDONLY|O_LARGEFILE)
21955 fcntl(3, F_DUPFD_CLOEXEC, 0)      = 4
21955 fcntl(4, F_GETFL)                 = 0x8000 (flags O_RDONLY|O_LARGEFILE)
21955 fcntl(3, F_DUPFD_CLOEXEC, 0)      = 4
21955 fcntl(4, F_GETFL)                 = 0x8000 (flags O_RDONLY|O_LARGEFILE)
21955 fcntl(3, F_DUPFD_CLOEXEC, 0)      = 4
21955 fcntl(4, F_GETFL)                 = 0x8000 (flags O_RDONLY|O_LARGEFILE)
21955 +++ exited with 1 +++
21954 --- SIGCHLD {si_signo=SIGCHLD, si_code=CLD_EXITED, si_pid=21955, si_uid=1001, si_status=1, si_utime=11 /* 0.11 s */, si_stime=6 /* 0.06 s */} ---
21954 +++ exited with 0 +++
21953 +++ exited with 101 +++
