warning: patch `cmpv2 v0.2.0 (/home/ubuntu/arc-native-consumers-20260929/third_party/cmpv2-chio)` was not used in the crate graph
warning: patch `crmf v0.2.0 (/home/ubuntu/arc-native-consumers-20260929/third_party/crmf-chio)` was not used in the crate graph
warning: patch `ignore v0.4.32 (/home/ubuntu/arc-native-consumers-20260929/third_party/ignore-chio)` was not used in the crate graph
warning: patch `nono v0.53.0 (/home/ubuntu/arc-native-consumers-20260929/third_party/nono-upstream-chio)` was not used in the crate graph
warning: patch `regress v0.11.1 (/home/ubuntu/arc-native-consumers-20260929/third_party/regress-chio)` was not used in the crate graph
warning: patch `sigstore-crypto v0.6.6 (/home/ubuntu/arc-native-consumers-20260929/third_party/sigstore-crypto-chio)` was not used in the crate graph
warning: patch `sigstore-merkle v0.6.6 (/home/ubuntu/arc-native-consumers-20260929/third_party/sigstore-merkle-chio)` was not used in the crate graph
warning: patch `sigstore-trust-root v0.6.3 (/home/ubuntu/arc-native-consumers-20260929/third_party/sigstore-trust-root-chio)` was not used in the crate graph
warning: patch `sigstore-verify v0.6.3 (/home/ubuntu/arc-native-consumers-20260929/third_party/sigstore-verify-chio)` was not used in the crate graph
help: Check that the patched package version and available features are compatible
      with the dependency requirements. If the patch has a different version from
      what is locked in the Cargo.lock file, run `cargo update` to use the new
      version. This may also occur with an optional dependency that is not enabled.
   Compiling typenum v1.20.0
   Compiling smallvec v1.15.1
   Compiling libc v0.2.189
   Compiling percent-encoding v2.3.2
   Compiling memchr v2.8.0
   Compiling zeroize v1.9.0
   Compiling curve25519-dalek v4.1.3
   Compiling signature v2.2.0
   Compiling serde v1.0.228
   Compiling thiserror v1.0.69
   Compiling enumflags2 v0.7.12
   Compiling zerofrom v0.1.6
   Compiling thiserror v2.0.18
   Compiling hex v0.4.3
   Compiling yoke v0.8.1
   Compiling ed25519 v2.2.3
   Compiling form_urlencoded v1.2.2
   Compiling zerovec v0.11.5
   Compiling zerotrie v0.2.3
   Compiling generic-array v0.14.7
   Compiling serde_json v1.0.149
   Compiling tinystr v0.8.2
   Compiling potential_utf v0.1.4
   Compiling icu_collections v2.1.1
   Compiling icu_locale_core v2.1.1
   Compiling getrandom v0.2.17
   Compiling landlock v0.4.4
   Compiling seccompiler v0.5.0 (/home/ubuntu/arc-native-consumers-20260929/third_party/seccompiler-chio)
   Compiling crypto-common v0.1.7
   Compiling block-buffer v0.10.4
   Compiling digest v0.10.7
   Compiling rand_core v0.6.4
   Compiling sha2 v0.10.9
   Compiling nono-chio v0.53.0-chio.3 (/home/ubuntu/arc-native-consumers-20260929/third_party/nono-chio)
   Compiling chio-security-types v0.1.0 (/home/ubuntu/arc-native-consumers-20260929/crates/security/chio-security-types)
   Compiling icu_provider v2.1.1
   Compiling icu_normalizer v2.1.1
   Compiling icu_properties v2.1.2
   Compiling ed25519-dalek v2.2.0
   Compiling idna_adapter v1.2.1
   Compiling idna v1.1.0
   Compiling url v2.5.8
   Compiling chio-core-types v0.1.0 (/home/ubuntu/arc-native-consumers-20260929/crates/core/chio-core-types)
   Compiling chio-cage-plan v0.1.0 (/home/ubuntu/arc-native-consumers-20260929/crates/security/chio-cage-plan)
   Compiling chio-cage-init v0.1.0 (/home/ubuntu/arc-native-consumers-20260929/crates/security/chio-cage-init)
    Finished `dev` profile [unoptimized] target(s) in 18.28s
