
running 196 tests
test dispatch_cli::proof::unit_tests::enterprise_artifact_loader_includes_retained_jurisdiction_receipts ... ok
test dispatch_cli::proof::assemble::tests::proof_assemble_maps_public_settlement_bundle_schema_to_public_role ... ok
test dispatch_cli::proof::unit_tests::agent_web_receipt_scope_uses_schema_not_fixture_filename ... ok
test dispatch_cli::proof::unit_tests::runtime_artifact_loader_includes_policy_activation_receipt ... ok
test dispatch_cli::proof::unit_tests::trust_market_artifact_loader_includes_retained_receipts ... ok
test dispatch_cli::proof::proof_env::tests::profile_governance_must_differ_from_verifier_signer ... ok
test dispatch_cli::proof::fixture::fixture_agent_web::tests::receipt_ref_must_match_canonical_file_stem ... ok
test dispatch_cli::proof::proof_env::tests::verifier_status_authority_must_differ_from_verifier_signer ... ok
test dispatch_cli::proof::unit_tests::merge_family_reports_rejects_ok_but_unverified_family_report ... ok
test dispatch_cli::proof::unit_tests::only_verified_finding_claim_set_rows_force_cognition_market_routing ... ok
test dispatch_cli::proof::proof_env::tests::proof_environment_rejects_unsupported_required_profile_facets ... ok
test input::tests::original_document_numbers_and_private_causes_are_preserved ... ok
test input::tests::regular_file_limit_applies_before_decoding ... ok
test dispatch_cli::proof::unit_tests::cognition_market_trust_loads_status_for_profile_liveness_floor ... ok
test process_host::native_broker::classification::tests::request_and_response_body_findings_bind_the_original_envelope ... ok
test process_host::call_evidence::tests::real_interrupted_call_keeps_its_original_signed_custody_reference ... ok
test process_host::call_evidence::tests::real_denial_after_nonce_issuance_keeps_custody_without_an_admission_projection ... ok
test process_host::call_evidence::tests::real_unknown_call_preserves_uncertainty_and_retained_custody ... ok
test process_host::call_evidence::outcomes::tests::historical_network_outcomes_cannot_claim_current_host_acceptance ... ok
test process_host::call_evidence::outcomes::native::tests::historical_signed_outcomes_do_not_qualify_current_enforcement ... ok
test dispatch_cli::proof::unit_tests::later_root_claim_failure_does_not_reserve_agent_web_replay_ids ... ok
test process_host::runner::container::tests::observed_container_states ... ok
test process_host::call_evidence::outcomes::native::tests::retained_crash_outcomes_bind_actual_launches_without_inventing_exits ... ok
test process_host::state::tests::config_request_timeout_rejects_out_of_range_values ... ok
test process_host::state::tests::server_request_timeout_defaults_and_boundaries ... ok
test process_host::state::tests::server_request_timeout_rejects_invalid_types_and_unknown_fields ... ok
test process_response_verify::checked_json::tests::ordinary_worker_numbers_accept_equivalent_decimal_spellings_without_rounding ... ok
test replay_cli::bless::replay_bless_tests::bless_dispatch_requires_tenant_pubkey ... ok
chio replay bless: wrote family/name to /tmp/.tmp7mcgQE/family/name
  frames:        1 input, 1 after dedupe
  receipts:      1
  root:          36ba05b845e5d88889669fc2b0de266b8d74e7d5f0fb6202616b96010f53b201
test replay_cli::bless::replay_bless_tests::bless_dispatch_writes_fixture_when_capability_is_present ... ok
test replay_cli::bless_fixture_layout::replay_bless_layout_tests::into_path_accepts_existing_fixture_files ... ok
test replay_cli::bless_fixture_layout::replay_bless_layout_tests::into_path_rejects_existing_file_target ... ok
test replay_cli::bless_fixture_layout::replay_bless_layout_tests::into_path_rejects_unexpected_existing_entries ... ok
test replay_cli::bless_fixture_layout::replay_bless_layout_tests::into_path_yields_family_and_name ... ok
test replay_cli::bless_strip::replay_bless_capability_tests::bless_capability_constant_is_pinned ... ok
test replay_cli::bless_strip::replay_bless_capability_tests::bless_capability_guard_accepts_exact_value ... ok
test replay_cli::bless_strip::replay_bless_capability_tests::bless_capability_guard_rejects_missing_value ... ok
test replay_cli::diff::replay_diff_human::replay_diff_human_tests::replay_diff_human_groups_by_drift_class ... ok
test replay_cli::diff::replay_diff_json::replay_diff_json_tests::replay_diff_json_serializes_schema_and_group_classes ... ok
test replay_cli::diff::replay_diff_tests::replay_diff_error_outcomes_are_separate_from_drift_classes ... ok
test replay_cli::diff::replay_diff_tests::replay_diff_groups_allow_deny_guard_and_reason_drift ... ok
test replay_cli::execute::replay_execute_tests::frame_replay_outcome_serializes_namespace_under_replay_prefix ... ok
test replay_cli::execute::replay_execute_tests::replay_diff_reason_attribution_splits_guard_reason_codes ... ok
test replay_cli::execute::replay_execute_tests::replay_report_ok_returns_false_on_drift ... ok
test replay_cli::execute::replay_execute_tests::replay_report_ok_returns_false_on_error ... ok
test replay_cli::execute::replay_execute_tests::replay_report_ok_returns_true_when_no_drift_or_errors ... ok
test replay_cli::execute::replay_execute_tests::run_traffic_replay_aggregates_total_and_outcomes ... ok
test replay_cli::execute::replay_execute_tests::run_traffic_replay_emits_namespaced_receipt_ids ... ok
test replay_cli::execute::replay_execute_tests::run_traffic_replay_ndjson_parse_error_routes_to_errors_bucket ... ok
test replay_cli::execute::replay_execute_tests::run_traffic_replay_partition_fences_production_writes ... ok
test replay_cli::execute::replay_execute_tests::run_traffic_replay_propagates_workspace_load_error ... ok
test replay_cli::execute::replay_execute_tests::run_traffic_replay_rejects_post_output_guard_in_pre_output_mode ... ok
test replay_cli::execute::replay_execute_tests::run_traffic_replay_rejects_server_scoped_policy_in_pre_output_mode ... ok
test replay_cli::execute::replay_execute_tests::run_traffic_replay_requires_tenant_key_before_policy_io ... ok
test replay_cli::merkle::replay_merkle_tests::append_empty_slice_is_no_op_for_bytes_but_advances_count ... ok
test replay_cli::merkle::replay_merkle_tests::append_single_receipt_matches_one_shot ... ok
test replay_cli::merkle::replay_merkle_tests::append_three_receipts_matches_concatenation ... ok
test replay_cli::merkle::replay_merkle_tests::empty_accumulator_returns_empty_sha256 ... ok
test replay_cli::merkle::replay_merkle_tests::finalize_hex_is_lowercase_64_chars ... ok
test replay_cli::merkle::replay_merkle_tests::incremental_matches_one_shot_over_one_thousand_receipts ... ok
test replay_cli::ndjson::replay_ndjson_tests::empty_stream_yields_nothing ... ok
test replay_cli::ndjson::replay_ndjson_tests::line_numbering_is_1_based ... ok
test replay_cli::ndjson::replay_ndjson_tests::malformed_line_returns_structured_error ... ok
test replay_cli::ndjson::replay_ndjson_tests::ndjson_error_exposes_line_number ... ok
test replay_cli::ndjson::replay_ndjson_tests::oversized_or_ambiguous_frames_are_rejected_at_original_boundary ... ok
test replay_cli::ndjson::replay_ndjson_tests::skips_blank_lines ... ok
test replay_cli::ndjson::replay_ndjson_tests::yields_typed_records_in_order ... ok
test replay_cli::policy_ref::replay_policy_ref_tests::bare_at_token_falls_through_to_path_when_semver_invalid ... ok
test replay_cli::policy_ref::replay_policy_ref_tests::empty_string_falls_through_to_empty_path ... ok
test replay_cli::policy_ref::replay_policy_ref_tests::explicit_version_prefix_with_bad_semver_errors ... ok
test replay_cli::policy_ref::replay_policy_ref_tests::is_lower_hex_64_helper_rejects_off_by_one_lengths ... ok
test replay_cli::policy_ref::replay_policy_ref_tests::label_round_trips_for_workspace_path ... ok
test replay_cli::policy_ref::replay_policy_ref_tests::parses_explicit_path_prefix ... ok
test replay_cli::policy_ref::replay_policy_ref_tests::parses_relative_path_default_arm ... ok
test replay_cli::policy_ref::replay_policy_ref_tests::rejects_bare_64_char_lower_hex_manifest_ref ... ok
test replay_cli::policy_ref::replay_policy_ref_tests::rejects_explicit_sha256_prefix ... ok
test replay_cli::policy_ref::replay_policy_ref_tests::rejects_package_at_semver ... ok
test replay_cli::policy_ref::replay_policy_ref_tests::rejects_package_with_explicit_version_prefix ... ok
test replay_cli::policy_ref::replay_policy_ref_tests::rejects_short_hex_with_explicit_prefix ... ok
test replay_cli::policy_ref::replay_policy_ref_tests::rejects_uppercase_hex_to_keep_canonical_lower_only ... ok
test replay_cli::policy_ref::replay_policy_ref_tests::workspace_path_resolve_load_failure_surfaces_load_error ... ok
test replay_cli::reader::replay_reader_tests::iter_directory_malformed_reports_originating_file ... ok
test replay_cli::reader::replay_reader_tests::iter_directory_mode_lex_order ... ok
test replay_cli::reader::replay_reader_tests::iter_directory_mode_mixed_json_and_ndjson ... ok
test replay_cli::reader::replay_reader_tests::iter_directory_mode_skips_hidden_and_unrelated ... ok
test replay_cli::reader::replay_reader_tests::iter_directory_mode_two_ndjson_files ... ok
test replay_cli::reader::replay_reader_tests::iter_empty_directory_returns_empty_error ... ok
test replay_cli::reader::replay_reader_tests::iter_empty_file_returns_empty_error ... ok
test replay_cli::reader::replay_reader_tests::iter_file_mode_skips_blank_lines ... ok
test replay_cli::reader::replay_reader_tests::iter_file_mode_yields_three_receipts ... ok
test replay_cli::reader::replay_reader_tests::iter_malformed_line_reports_line_number ... ok
test replay_cli::reader::replay_reader_tests::open_detects_directory_mode ... ok
test replay_cli::reader::replay_reader_tests::open_detects_file_mode ... ok
test replay_cli::reader::replay_reader_tests::open_rejects_missing_path ... ok
test replay_cli::reader::replay_reader_tests::replay_corpus_checks_original_keys_and_shared_record_budget ... ok
test replay_cli::receipt_partition::replay_receipt_partition_tests::production_partition_compatible_with_itself ... ok
test replay_cli::receipt_partition::replay_receipt_partition_tests::production_partition_run_id_returns_none ... ok
test replay_cli::receipt_partition::replay_receipt_partition_tests::production_refuses_replay_writes_bidirectionally ... ok
test replay_cli::receipt_partition::replay_receipt_partition_tests::random_run_id_yields_replay_partition ... ok
test replay_cli::receipt_partition::replay_receipt_partition_tests::replay_partition_compatible_with_replay ... ok
test replay_cli::receipt_partition::replay_receipt_partition_tests::replay_partition_constructor_accepts_replay ... ok
test replay_cli::receipt_partition::replay_receipt_partition_tests::replay_partition_constructor_rejects_production ... ok
test replay_cli::receipt_partition::replay_receipt_partition_tests::replay_partition_run_id_returns_some ... ok
test replay_cli::receipt_partition::replay_receipt_partition_tests::replay_receipt_id_function_matches_method ... ok
test replay_cli::receipt_partition::replay_receipt_partition_tests::replay_receipt_id_method_rejects_empty_frame_id ... ok
test replay_cli::receipt_partition::replay_receipt_partition_tests::replay_receipt_id_method_uses_namespaced_format ... ok
test replay_cli::receipt_partition::replay_receipt_partition_tests::replay_receipt_id_uses_run_frame_format ... ok
test replay_cli::receipt_partition::replay_receipt_partition_tests::replay_refuses_production_writes_bidirectionally ... ok
test replay_cli::receipt_partition::replay_receipt_partition_tests::replay_run_ids_are_unique_across_random_calls ... ok
test replay_cli::receipt_partition::replay_receipt_partition_tests::user_supplied_empty_run_id_rejected ... ok
test replay_cli::receipt_partition::replay_receipt_partition_tests::user_supplied_run_id_rejects_non_ascii_token_chars ... ok
test replay_cli::receipt_partition::replay_receipt_partition_tests::user_supplied_run_id_round_trips ... ok
test replay_cli::replay_parser_tests::replay_parses_bless_flag ... ok
test replay_cli::replay_parser_tests::replay_parses_bless_into_flag ... ok
test replay_cli::replay_parser_tests::replay_parses_expect_root_flag ... ok
test replay_cli::replay_parser_tests::replay_parses_from_tee_and_json_flags ... ok
test replay_cli::replay_parser_tests::replay_parses_log_argument ... ok
test replay_cli::replay_parser_tests::replay_parses_traffic_against_and_run_id_flags ... ok
test replay_cli::replay_parser_tests::replay_parses_traffic_full_flag_set ... ok
test replay_cli::replay_parser_tests::replay_parses_traffic_subcommand ... ok
test replay_cli::report::replay_report_tests::clean_report_serializes_with_null_divergence_and_exit_zero ... ok
test replay_cli::report::replay_report_tests::clean_report_with_no_expected_root_serializes_null ... ok
test replay_cli::report::replay_report_tests::divergence_kinds_round_trip_through_serde ... ok
test replay_cli::report::replay_report_tests::divergence_kinds_serialize_as_snake_case ... ok
test replay_cli::report::replay_report_tests::divergence_optional_fields_omitted_when_none ... ok
test replay_cli::report::replay_report_tests::exit_code_mapping_matches_canonical_registry ... ok
test replay_cli::report::replay_report_tests::merkle_mismatch_report_carries_root_pair ... ok
test replay_cli::report::replay_report_tests::parse_error_report_omits_receipt_id ... ok
test replay_cli::report::replay_report_tests::render_json_string_matches_render_json_minus_newline ... ok
test replay_cli::report::replay_report_tests::render_json_writes_single_line_with_trailing_newline ... ok
test replay_cli::report::replay_report_tests::report_round_trips_through_serde ... ok
test replay_cli::report::replay_report_tests::schema_field_is_first_byte_string_in_serialized_output ... ok
test replay_cli::report::replay_report_tests::schema_file_on_disk_pins_schema_id ... ok
test replay_cli::report::replay_report_tests::schema_id_is_chio_replay_report_v1 ... ok
test replay_cli::report::replay_report_tests::signature_mismatch_report_omits_pointer_and_carries_signer_in_detail ... ok
test replay_cli::report::replay_report_tests::verdict_drift_report_serializes_full_shape ... ok
test replay_cli::schema_gate::replay_schema_gate_tests::redaction_gate_accepts_supported_pass_id ... ok
test replay_cli::schema_gate::replay_schema_gate_tests::redaction_gate_accepts_value_without_metadata ... ok
test replay_cli::schema_gate::replay_schema_gate_tests::redaction_gate_accepts_value_without_pass_id ... ok
test replay_cli::schema_gate::replay_schema_gate_tests::redaction_gate_rejects_unsupported_pass_id ... ok
test replay_cli::schema_gate::replay_schema_gate_tests::schema_gate_accepts_canonical_schema_version ... ok
test replay_cli::schema_gate::replay_schema_gate_tests::schema_gate_accepts_value_without_schema_version ... ok
test replay_cli::schema_gate::replay_schema_gate_tests::schema_gate_rejects_unknown_schema_version ... ok
test replay_cli::traffic::replay_traffic_tests::exit_parse_error_constant_matches_canonical_registry ... ok
{"first_error":null,"from":"/tmp/.tmpennM9R/capture.ndjson","ok":true,"passes":1,"schema":"chio-tee-frame.v1","total":1}
test replay_cli::traffic::replay_traffic_tests::full_pipeline_passes_on_signed_frame ... ok
{"first_error":null,"from":"/tmp/.tmpadehpc/capture.ndjson","ok":true,"passes":1,"schema":"chio-tee-frame.v1","total":1}
test replay_cli::traffic::replay_traffic_tests::pipeline_skips_signature_when_pubkey_absent ... ok
{"first_error":{"exit_code":20,"line":1,"message":"tenant signature verification failed: signature verify failed: signature error: Verification equation was not satisfied"},"from":"/tmp/.tmpppzcLA/capture.ndjson","ok":false,"passes":0,"schema":"chio-tee-frame.v1","total":1}
test replay_cli::traffic::replay_traffic_tests::pipeline_surfaces_first_failure_when_signature_tampered ... ok
{"first_error":{"exit_code":30,"line":1,"message":"ndjson parse error on line 1: urn:chio:error:attest:signed-json-invalid-input"},"from":"/tmp/.tmpWeGLBi/capture.ndjson","ok":false,"passes":0,"schema":"chio-tee-frame.v1","total":1}
test replay_cli::traffic::replay_traffic_tests::pipeline_surfaces_parse_error_for_malformed_line ... ok
test replay_cli::validate::replay_validate_tests::exit_code_constants_match_canonical_registry ... ok
test replay_cli::validate::replay_validate_tests::frame_validation_pass_and_fail_constructors ... ok
test replay_cli::validate::replay_validate_tests::invocation_validator_accepts_canonical ... ok
test replay_cli::validate::replay_validate_tests::invocation_validator_rejects_non_toolinvocation_value ... ok
test replay_cli::validate::replay_validate_tests::invocation_validator_rejects_noncanonical_argument_bytes ... ok
test replay_cli::validate::replay_validate_tests::load_tenant_pubkey_reads_hex ... ok
test replay_cli::validate::replay_validate_tests::load_tenant_pubkey_reads_raw_bytes ... ok
test replay_cli::validate::replay_validate_tests::load_tenant_pubkey_rejects_garbage ... ok
test replay_cli::validate::replay_validate_tests::schema_version_gate_accepts_pinned_v1 ... ok
test replay_cli::validate::replay_validate_tests::schema_version_gate_rejects_invalid_inner_invariant ... ok
test replay_cli::validate::replay_validate_tests::schema_version_gate_rejects_unknown_schema_name ... ok
test replay_cli::validate::replay_validate_tests::schema_version_gate_rejects_wrong_wire_version ... ok
test replay_cli::validate::replay_validate_tests::tenant_sig_verifier_accepts_valid_signature ... ok
test replay_cli::validate::replay_validate_tests::tenant_sig_verifier_rejects_missing_prefix ... ok
test replay_cli::validate::replay_validate_tests::tenant_sig_verifier_rejects_tampered_body ... ok
test replay_cli::validate::replay_validate_tests::tenant_sig_verifier_rejects_wrong_key ... ok
test replay_cli::validate::replay_validate_tests::validate_frame_runs_full_pipeline ... ok
test replay_cli::validate::replay_validate_tests::validate_frame_skips_sig_when_pubkey_absent ... ok
test replay_cli::verdict::replay_verdict_tests::compare_verdicts_detects_allow_to_deny_drift ... ok
test replay_cli::verdict::replay_verdict_tests::compare_verdicts_detects_deny_to_allow_drift ... ok
test replay_cli::verdict::replay_verdict_tests::compare_verdicts_matching_labels_succeeds ... ok
test replay_cli::verdict::replay_verdict_tests::drift_error_message_includes_both_decisions ... ok
test replay_cli::verdict::replay_verdict_tests::eval_failed_error_carries_detail ... ok
test replay_cli::verdict::replay_verdict_tests::exit_verdict_drift_constant_is_ten ... ok
test replay_cli::verdict::replay_verdict_tests::missing_decision_error_message_attributes_receipt ... ok
test replay_cli::verdict::replay_verdict_tests::outcome_clone_and_eq_round_trip ... ok
test replay_cli::verdict::replay_verdict_tests::rederive_cancelled_receipt_without_live_context_fails_closed ... ok
test replay_cli::verdict::replay_verdict_tests::rederive_deny_receipt_without_live_context_fails_closed ... ok
test replay_cli::verdict::replay_verdict_tests::rederive_drift_marker_guard_forces_drift ... ok
test replay_cli::verdict::replay_verdict_tests::rederive_incomplete_receipt_without_live_context_fails_closed ... ok
test replay_cli::verdict::replay_verdict_tests::rederive_rejects_mutated_receipt_with_empty_id ... ok
test replay_cli::verdict::replay_verdict_tests::rederive_without_live_context_fails_closed ... ok
test replay_cli::verify::replay_verify_tests::exit_bad_signature_constant_is_twenty ... ok
test replay_cli::verify::replay_verify_tests::verify_receipt_accepts_good_signature ... ok
test replay_cli::verify::replay_verify_tests::verify_receipt_rejects_malformed_json ... ok
test replay_cli::verify::replay_verify_tests::verify_receipt_rejects_mismatched_parameter_hash ... ok
test replay_cli::verify::replay_verify_tests::verify_receipt_rejects_tampered_signature ... ok
test replay_cli::verify::replay_verify_tests::verify_receipt_rejects_unpinned_signer ... ok
test process_host::native_broker::classification::tests::large_broker_body_preserves_complete_classification_and_original_digest ... ok
test dispatch_cli::proof::unit_tests::proof_collect_consumes_replays_only_after_sealing_succeeds ... ok
test dispatch_cli::proof::unit_tests::proof_verify_routes_finding_claims_through_the_cognition_verifier ... ok
test dispatch_cli::proof::unit_tests::cognition_market_trust_skips_status_configuration_for_non_status_claims ... ok
test process_host::runner::container::tests::diagnostic_failure_does_not_erase_completed_exit ... ok
test process_host::runner::container::tests::legacy_create_intent_migrates_without_rejection_authority ... ok
test process_host::runner::container::tests::ready_completion_is_durable_before_interruption ... ok
test process_host::runner::container::tests::completion_survives_cleanup_debt_and_restart ... ok
test process_host::runner::container::tests::controlled_limits_retain_worker_restart_budget ... ok
test process_host::runner::container::tests::create_rejection_requires_positive_empty_inventory ... ok
test process_host::runner::container::tests::attachment_error_preserves_authoritative_exit_and_uncertainty has been running for over 60 seconds
test process_host::runner::container::tests::attachment_error_preserves_authoritative_exit_and_uncertainty ... ok

test result: ok. 196 passed; 0 failed; 0 ignored; 0 measured; 474 filtered out; finished in 82.23s
