warning: patch `cmpv2 v0.2.0 (/tmp/arc-security-launch/third_party/cmpv2-chio)` was not used in the crate graph
warning: patch `crmf v0.2.0 (/tmp/arc-security-launch/third_party/crmf-chio)` was not used in the crate graph
warning: patch `ignore v0.4.32 (/tmp/arc-security-launch/third_party/ignore-chio)` was not used in the crate graph
warning: patch `nono v0.53.0 (/tmp/arc-security-launch/third_party/nono-upstream-chio)` was not used in the crate graph
warning: patch `regress v0.11.1 (/tmp/arc-security-launch/third_party/regress-chio)` was not used in the crate graph
warning: patch `sigstore-crypto v0.6.6 (/tmp/arc-security-launch/third_party/sigstore-crypto-chio)` was not used in the crate graph
warning: patch `sigstore-merkle v0.6.6 (/tmp/arc-security-launch/third_party/sigstore-merkle-chio)` was not used in the crate graph
warning: patch `sigstore-trust-root v0.6.3 (/tmp/arc-security-launch/third_party/sigstore-trust-root-chio)` was not used in the crate graph
warning: patch `sigstore-verify v0.6.3 (/tmp/arc-security-launch/third_party/sigstore-verify-chio)` was not used in the crate graph
help: Check that the patched package version and available features are compatible
      with the dependency requirements. If the patch has a different version from
      what is locked in the Cargo.lock file, run `cargo update` to use the new
      version. This may also occur with an optional dependency that is not enabled.
   Compiling serde_core v1.0.228
   Compiling ff v0.13.1
   Compiling rand_chacha v0.9.0
   Compiling group v0.13.0
   Compiling rand v0.9.2
   Compiling elliptic-curve v0.13.8
   Compiling pairing v0.23.0
   Compiling primeorder v0.13.6
   Compiling ecdsa v0.16.9
   Compiling p384 v0.13.1
   Compiling p256 v0.13.2
   Compiling serde v1.0.228
   Compiling serde_json v1.0.149
   Compiling ruint v1.20.0
   Compiling const-hex v1.18.1
   Compiling serde_path_to_error v0.1.20
   Compiling pem v3.0.6
   Compiling url v2.5.8
   Compiling bytes v1.11.1
   Compiling heapless v0.7.17
   Compiling serdect v0.2.0
   Compiling serde_urlencoded v0.7.1
   Compiling chrono v0.4.44
   Compiling serde-value v0.7.0
   Compiling chio-security-types v0.1.0 (/tmp/arc-security-launch/crates/security/chio-security-types)
   Compiling http v1.4.0
   Compiling tokio v1.50.0
   Compiling postcard v1.1.3
   Compiling alloy-primitives v1.5.7
   Compiling frost-core v3.0.0
   Compiling http-body v1.0.1
   Compiling http-body-util v0.1.3
   Compiling prost v0.14.3
   Compiling frost-rerandomized v3.0.0
   Compiling alloy-sol-type-parser v1.5.7
   Compiling frost-ed25519 v3.0.0
   Compiling prost-types v0.14.3
   Compiling olpc-cjson v0.1.4
   Compiling serde_plain v1.0.2
   Compiling alloy-json-abi v1.5.7
   Compiling oauth2 v5.0.0
   Compiling jsonwebtoken v10.4.0
   Compiling alloy-sol-types v1.5.7
   Compiling prost-reflect v0.16.3
   Compiling serde_with v3.18.0
   Compiling oci-spec v0.9.0
   Compiling tokio-util v0.7.18
   Compiling hyper v1.8.1
   Compiling tower v0.5.3
   Compiling hyper-util v0.1.20
   Compiling tower-http v0.6.8
   Compiling tokio-rustls v0.26.4
   Compiling fluent-uri v0.4.1
   Compiling toml_datetime v0.6.11
   Compiling ahash v0.8.12
   Compiling serde_spanned v0.6.9
   Compiling referencing v0.46.0
   Compiling hyper-rustls v0.27.7
   Compiling toml_edit v0.22.27
   Compiling reqwest v0.13.2
   Compiling tough v0.22.0
   Compiling openidconnect v4.0.1
   Compiling sigstore_protobuf_specs v0.5.1
   Compiling chio-core-types v0.1.0 (/tmp/arc-security-launch/crates/core/chio-core-types)
   Compiling oci-client v0.17.0
   Compiling alloy-core v1.5.7
   Compiling webbrowser v1.2.2
   Compiling serde_json_canonicalizer v0.3.2
   Compiling email_address v0.2.9
   Compiling jsonschema v0.46.0
   Compiling alloy v1.8.3
   Compiling toml v0.8.23
   Compiling sigstore v0.14.0
   Compiling chio-egress-contract v0.1.0 (/tmp/arc-security-launch/crates/protocol/chio-egress-contract)
   Compiling ciborium v0.2.2
   Compiling chio-web3-bindings v0.1.0 (/tmp/arc-security-launch/crates/economy/chio-web3-bindings)
   Compiling jsonwebtoken v9.3.1
   Compiling coset v0.4.2
   Compiling chio-data-guards-redactors-default v0.1.0 (/tmp/arc-security-launch/crates/guards/chio-data-guards/redactors/default)
   Compiling secrecy v0.10.3
   Compiling chio-log-redact v0.1.0 (/tmp/arc-security-launch/crates/observability/chio-log-redact)
   Compiling ureq v2.12.1
   Compiling chio-supervisor v0.1.0 (/tmp/arc-security-launch/crates/core/chio-supervisor)
   Compiling axum-core v0.5.6
   Compiling chio-workflow-preflight v0.1.0 (/tmp/arc-security-launch/crates/platform/chio-workflow-preflight)
   Compiling bls12_381_plus v0.8.13
   Compiling axum v0.8.8
   Compiling affinidi-bbs v0.1.0
   Compiling chio-http-serve v0.1.0 (/tmp/arc-security-launch/crates/protocol/chio-http-serve)
   Compiling chio-listing v0.1.0 (/tmp/arc-security-launch/crates/economy/chio-listing)
   Compiling chio-revocation-oracle v0.1.0 (/tmp/arc-security-launch/crates/trust/chio-revocation-oracle)
   Compiling chio-pheromone v0.1.0 (/tmp/arc-security-launch/crates/trust/chio-pheromone)
   Compiling chio-did v0.1.0 (/tmp/arc-security-launch/crates/trust/chio-did)
   Compiling chio-fincred v0.1.0 (/tmp/arc-security-launch/crates/economy/chio-fincred)
   Compiling chio-cage-plan v0.1.0 (/tmp/arc-security-launch/crates/security/chio-cage-plan)
   Compiling chio-finding v0.1.0 (/tmp/arc-security-launch/crates/economy/chio-finding)
   Compiling chio-attest-verify v0.1.0 (/tmp/arc-security-launch/crates/trust/chio-attest-verify)
   Compiling chio-lineage v0.1.0 (/tmp/arc-security-launch/crates/observability/chio-lineage)
   Compiling chio-custody-hw v0.1.0 (/tmp/arc-security-launch/crates/trust/chio-custody-hw)
   Compiling chio-quarantine v0.1.0 (/tmp/arc-security-launch/crates/security/chio-quarantine)
   Compiling chio-fiscal v0.1.0 (/tmp/arc-security-launch/crates/economy/chio-fiscal)
   Compiling chio-governance v0.1.0 (/tmp/arc-security-launch/crates/trust/chio-governance)
   Compiling chio-weights v0.1.0 (/tmp/arc-security-launch/crates/trust/chio-weights)
   Compiling chio-kernel-core v0.1.0 (/tmp/arc-security-launch/crates/kernel/chio-kernel-core)
   Compiling chio-disclosure-lineage v0.1.0 (/tmp/arc-security-launch/crates/trust/chio-disclosure-lineage)
   Compiling chio-swarm-authority v0.1.0 (/tmp/arc-security-launch/crates/kernel/chio-swarm-authority)
   Compiling chio-appraisal v0.1.0 (/tmp/arc-security-launch/crates/economy/chio-appraisal)
   Compiling chio-open-market v0.1.0 (/tmp/arc-security-launch/crates/economy/chio-open-market)
   Compiling chio-runtime-proof-parity v0.1.0 (/tmp/arc-security-launch/crates/kernel/chio-runtime-proof-parity)
   Compiling chio-underwriting v0.1.0 (/tmp/arc-security-launch/crates/economy/chio-underwriting)
   Compiling chio-federation v0.1.0 (/tmp/arc-security-launch/crates/trust/chio-federation)
   Compiling chio-credit v0.1.0 (/tmp/arc-security-launch/crates/economy/chio-credit)
   Compiling chio-market v0.1.0 (/tmp/arc-security-launch/crates/economy/chio-market)
   Compiling chio-web3 v0.1.0 (/tmp/arc-security-launch/crates/economy/chio-web3)
   Compiling chio-autonomy v0.1.0 (/tmp/arc-security-launch/crates/economy/chio-autonomy)
   Compiling chio-core v0.1.0 (/tmp/arc-security-launch/crates/core/chio-core)
   Compiling chio-manifest v0.1.0 (/tmp/arc-security-launch/crates/platform/chio-manifest)
   Compiling chio-settle v0.1.0 (/tmp/arc-security-launch/crates/economy/chio-settle)
   Compiling chio-link v0.1.0 (/tmp/arc-security-launch/crates/economy/chio-link)
   Compiling chio-workflow v0.1.0 (/tmp/arc-security-launch/crates/platform/chio-workflow)
   Compiling chio-selective-disclosure v0.1.0 (/tmp/arc-security-launch/crates/trust/chio-selective-disclosure)
   Compiling chio-tool-call-fabric v0.1.0 (/tmp/arc-security-launch/crates/protocol/chio-tool-call-fabric)
   Compiling chio-kernel v0.1.0 (/tmp/arc-security-launch/crates/kernel/chio-kernel)
   Compiling chio-finding-verifier v0.1.0 (/tmp/arc-security-launch/crates/trust/chio-finding-verifier)
   Compiling chio-transaction-passport v0.1.0 (/tmp/arc-security-launch/crates/platform/chio-transaction-passport)
   Compiling chio-risk-comptroller v0.1.0 (/tmp/arc-security-launch/crates/platform/chio-risk-comptroller)
   Compiling chio-commerce-order v0.1.0 (/tmp/arc-security-launch/crates/platform/chio-commerce-order)
   Compiling chio-enterprise-export v0.1.0 (/tmp/arc-security-launch/crates/platform/chio-enterprise-export)
   Compiling chio-trust-market-context v0.1.0 (/tmp/arc-security-launch/crates/platform/chio-trust-market-context)
   Compiling chio-agent-web-interop v0.1.0 (/tmp/arc-security-launch/crates/platform/chio-agent-web-interop)
   Compiling chio-proof-room v0.1.0 (/tmp/arc-security-launch/crates/products/chio-proof-room)
    Finished `test` profile [unoptimized] target(s) in 1m 56s
   Doc-tests chio_proof_room

running 1 test
test crates/products/chio-proof-room/src/verified.rs - verified::VerifiedProofRoomBundle (line 7) - compile fail ... ok

test result: ok. 1 passed; 0 failed; 0 ignored; 0 measured; 0 filtered out; finished in 0.35s
