
running 19 tests
test security::adapters::effect_port::tests::global_readiness_probes_installed_backend_but_rejects_incomplete_matrix::global_readiness_probes_installed_backend_but_rejects_incomplete_matrix ... ok
test security::adapters::effect_port::tests::neutral_containment_commitments_match_the_legacy_adapter_domains::neutral_containment_commitments_match_the_legacy_adapter_domains ... ok
test security::adapters::effect_port::tests::completed_remove_can_be_retried_without_false_mutation::completed_remove_can_be_retried_without_false_mutation ... ok
test security::adapters::effect_port::tests::malformed_or_rebound_session_effects_fail_before_mutation::malformed_or_rebound_session_effects_fail_before_mutation ... ok
test security::adapters::effect_port::tests::overlapping_session_suspensions_remove_only_their_own_contribution::overlapping_session_suspensions_remove_only_their_own_contribution ... ok
test security::adapters::effect_port::tests::session_target_derivation_matches_the_enforcement_guard::session_target_derivation_matches_the_enforcement_guard ... ok
test security::adapters::effect_port::tests::alert_and_throttle_are_probed_but_cannot_make_an_incomplete_router_ready::alert_and_throttle_are_probed_but_cannot_make_an_incomplete_router_ready ... ok
test security::adapters::effect_port::tests::unsupported_effects_fail_closed_before_overlay_mutation::unsupported_effects_fail_closed_before_overlay_mutation ... ok
test security::adapters::effect_port::tests::suspend_session_apply_and_ack_loss_query_bind_the_exact_contribution::suspend_session_apply_and_ack_loss_query_bind_the_exact_contribution ... ok
test security::adapters::effect_port::tests::escalate_alert_exact_query_rejects_wrong_bindings_and_remove::escalate_alert_exact_query_rejects_wrong_bindings_and_remove ... ok
test security::adapters::effect_port::tests::throttle_backend_rejects_rebinding_noncanonical_limits_and_outage::throttle_backend_rejects_rebinding_noncanonical_limits_and_outage ... ok
test security::adapters::effect_port::tests::escalate_alert_pending_and_delivered_replay_return_one_stable_result::escalate_alert_pending_and_delivered_replay_return_one_stable_result ... ok
test security::adapters::effect_port::tests::escalate_alert_recovers_page_ack_loss_retry_and_backend_restart::escalate_alert_recovers_page_ack_loss_retry_and_backend_restart ... ok
test security::adapters::effect_port::tests::throttle_backend_recovers_apply_and_remove_ack_loss_across_restart::throttle_backend_recovers_apply_and_remove_ack_loss_across_restart ... ok
test security::adapters::effect_port::tests::escalate_alert_distinguishes_tamper_from_outbox_unavailability::escalate_alert_distinguishes_tamper_from_outbox_unavailability ... ok
test security::adapters::effect_port::tests::sqlite_escalate_alert_survives_restart_and_rejects_rehashed_storage_tamper::sqlite_escalate_alert_survives_restart_and_rejects_rehashed_storage_tamper ... ok
test security::adapters::native_evidence::tests::scheduler_health_page_projects_runtime_retry_and_plan_into_closed_receipt ... ok
test security::adapters::effect_port::tests::sqlite_overlay_executes_under_the_real_scheduler_fence::sqlite_overlay_executes_under_the_real_scheduler_fence ... ok
test security::adapters::effect_port::tests::restrict_egress_backend_is_canonical_ack_safe_and_destination_scoped::restrict_egress_backend_is_canonical_ack_safe_and_destination_scoped ... ok

test result: ok. 19 passed; 0 failed; 0 ignored; 0 measured; 1164 filtered out; finished in 0.26s

