warning: patch `cmpv2 v0.2.0 (/tmp/arc-security-launch/third_party/cmpv2-chio)` was not used in the crate graph
warning: patch `crmf v0.2.0 (/tmp/arc-security-launch/third_party/crmf-chio)` was not used in the crate graph
warning: patch `ignore v0.4.32 (/tmp/arc-security-launch/third_party/ignore-chio)` was not used in the crate graph
warning: patch `nono v0.53.0 (/tmp/arc-security-launch/third_party/nono-upstream-chio)` was not used in the crate graph
warning: patch `regress v0.11.1 (/tmp/arc-security-launch/third_party/regress-chio)` was not used in the crate graph
warning: patch `sigstore-crypto v0.6.6 (/tmp/arc-security-launch/third_party/sigstore-crypto-chio)` was not used in the crate graph
warning: patch `sigstore-merkle v0.6.6 (/tmp/arc-security-launch/third_party/sigstore-merkle-chio)` was not used in the crate graph
warning: patch `sigstore-trust-root v0.6.3 (/tmp/arc-security-launch/third_party/sigstore-trust-root-chio)` was not used in the crate graph
warning: patch `sigstore-verify v0.6.3 (/tmp/arc-security-launch/third_party/sigstore-verify-chio)` was not used in the crate graph
help: Check that the patched package version and available features are compatible
      with the dependency requirements. If the patch has a different version from
      what is locked in the Cargo.lock file, run `cargo update` to use the new
      version. This may also occur with an optional dependency that is not enabled.
   Compiling chio-control-plane v0.1.0 (/tmp/arc-security-launch/crates/platform/chio-control-plane)
    Finished `test` profile [unoptimized] target(s) in 1m 45s
     Running unittests src/lib.rs (target/debug/deps/chio_control_plane-6f473b5a99446578)

running 1 test

thread 'security::active_response::tests::lifecycle_trace::durable_lifecycle_trace_links_commits_effects_and_signed_receipts' (2074293) panicked at crates/platform/chio-control-plane/src/security/active_response/tests/lifecycle_trace.rs:182:9:
assertion `left == right` failed: every committed generation must be observed
  left: 0
 right: 10
note: run with `RUST_BACKTRACE=1` environment variable to display a backtrace
test security::active_response::tests::lifecycle_trace::durable_lifecycle_trace_links_commits_effects_and_signed_receipts ... FAILED

failures:

failures:
    security::active_response::tests::lifecycle_trace::durable_lifecycle_trace_links_commits_effects_and_signed_receipts

test result: FAILED. 0 passed; 1 failed; 0 ignored; 0 measured; 1182 filtered out; finished in 1.82s

error: test failed, to rerun pass `-p chio-control-plane --lib`
