warning: patch `cmpv2 v0.2.0 (/tmp/arc-security-launch/third_party/cmpv2-chio)` was not used in the crate graph
warning: patch `crmf v0.2.0 (/tmp/arc-security-launch/third_party/crmf-chio)` was not used in the crate graph
warning: patch `ignore v0.4.32 (/tmp/arc-security-launch/third_party/ignore-chio)` was not used in the crate graph
warning: patch `nono v0.53.0 (/tmp/arc-security-launch/third_party/nono-upstream-chio)` was not used in the crate graph
warning: patch `regress v0.11.1 (/tmp/arc-security-launch/third_party/regress-chio)` was not used in the crate graph
warning: patch `sigstore-crypto v0.6.6 (/tmp/arc-security-launch/third_party/sigstore-crypto-chio)` was not used in the crate graph
warning: patch `sigstore-merkle v0.6.6 (/tmp/arc-security-launch/third_party/sigstore-merkle-chio)` was not used in the crate graph
warning: patch `sigstore-trust-root v0.6.3 (/tmp/arc-security-launch/third_party/sigstore-trust-root-chio)` was not used in the crate graph
warning: patch `sigstore-verify v0.6.3 (/tmp/arc-security-launch/third_party/sigstore-verify-chio)` was not used in the crate graph
help: Check that the patched package version and available features are compatible
      with the dependency requirements. If the patch has a different version from
      what is locked in the Cargo.lock file, run `cargo update` to use the new
      version. This may also occur with an optional dependency that is not enabled.
    Checking chio-credit v0.1.0 (/tmp/arc-security-launch/crates/economy/chio-credit)
    Checking chio-finding-market-store-postgres v0.1.0 (/tmp/arc-security-launch/crates/platform/chio-finding-market-store-postgres)
error[E0493]: destructor of `HostedMarketStoreError` cannot be evaluated at compile-time
   --> crates/platform/chio-finding-market-store-postgres/src/ports.rs:131:20
    |
131 | const fn map_error(error: HostedMarketStoreError) -> HostedMarketPortError {
    |                    ^^^^^ the destructor for this type cannot be evaluated in constant functions
...
152 | }
    | - value is dropped here

For more information about this error, try `rustc --explain E0493`.
error: could not compile `chio-finding-market-store-postgres` (lib) due to 1 previous error
warning: build failed, waiting for other jobs to finish...
