warning: patch `cmpv2 v0.2.0 (/tmp/arc-security-launch/third_party/cmpv2-chio)` was not used in the crate graph
warning: patch `crmf v0.2.0 (/tmp/arc-security-launch/third_party/crmf-chio)` was not used in the crate graph
warning: patch `ignore v0.4.32 (/tmp/arc-security-launch/third_party/ignore-chio)` was not used in the crate graph
warning: patch `nono v0.53.0 (/tmp/arc-security-launch/third_party/nono-upstream-chio)` was not used in the crate graph
warning: patch `regress v0.11.1 (/tmp/arc-security-launch/third_party/regress-chio)` was not used in the crate graph
warning: patch `sigstore-crypto v0.6.6 (/tmp/arc-security-launch/third_party/sigstore-crypto-chio)` was not used in the crate graph
warning: patch `sigstore-merkle v0.6.6 (/tmp/arc-security-launch/third_party/sigstore-merkle-chio)` was not used in the crate graph
warning: patch `sigstore-trust-root v0.6.3 (/tmp/arc-security-launch/third_party/sigstore-trust-root-chio)` was not used in the crate graph
warning: patch `sigstore-verify v0.6.3 (/tmp/arc-security-launch/third_party/sigstore-verify-chio)` was not used in the crate graph
help: Check that the patched package version and available features are compatible
      with the dependency requirements. If the patch has a different version from
      what is locked in the Cargo.lock file, run `cargo update` to use the new
      version. This may also occur with an optional dependency that is not enabled.
    Blocking waiting for file lock on artifact directory
   Compiling chio-transaction-passport v0.1.0 (/tmp/arc-security-launch/crates/platform/chio-transaction-passport)
   Compiling chio-risk-comptroller v0.1.0 (/tmp/arc-security-launch/crates/platform/chio-risk-comptroller)
   Compiling chio-enterprise-export v0.1.0 (/tmp/arc-security-launch/crates/platform/chio-enterprise-export)
    Finished `test` profile [unoptimized] target(s) in 22.02s
     Running tests/enterprise_export.rs (/home/connor/chio-security-target-6d-final/debug/deps/enterprise_export-d3508ec5b90a8d46)

running 63 tests
test enterprise_export_rejects_blank_approvers ... ok
test enterprise_export_rejects_control_map_gate_for_wrong_claim ... ok
test enterprise_export_accepts_risk_settlement_counterparty_bound_claim_payout ... ok
test enterprise_export_accepts_valid_autonomous_commerce_fixture ... ok
test enterprise_export_accepts_reverse_slash_net_reconciliation ... ok
test enterprise_export_rejects_closed_risk_facility_with_unreconciled_reserve ... ok
test enterprise_export_rejects_control_map_gate_without_artifact ... ok
test enterprise_export_ignores_non_enterprise_required_claims ... ok
test enterprise_export_accepts_market_slash_with_sanction_bridge ... ok
test enterprise_export_rejects_approval_expired_before_export_issued ... ok
test enterprise_export_rejects_approval_replay_over_recomputed_export_bundle ... ok
test enterprise_export_accepts_risk_payout_matched_lifecycle ... ok
test enterprise_export_rejects_data_governance_retention_shorter_than_policy ... ok
test enterprise_export_rejects_duplicate_risk_coverage_claim_id ... ok
test enterprise_export_rejects_duplicate_risk_reserve_receipt_id ... ok
test enterprise_export_rejects_disclosure_capsule_export_bound_to_other_ref ... ok
test enterprise_export_rejects_export_issued_before_approval ... ok
test enterprise_export_rejects_forged_approval_signature ... ok
test enterprise_export_rejects_export_bundle_digest_mismatch ... ok
test enterprise_export_rejects_duplicate_approvers_for_quorum ... ok
test enterprise_export_rejects_market_slash_consuming_facility_reserve ... ok
test enterprise_export_rejects_data_governance_region_not_allowed ... ok
test enterprise_export_rejects_leakage_ledger_export_bound_to_other_ref ... ok
test enterprise_export_rejects_data_governance_legal_hold ... ok
test enterprise_export_rejects_missing_risk_ref_artifact ... ok
test enterprise_export_rejects_control_map_missing_gate ... ok
test enterprise_export_rejects_missing_approval_case ... ok
test enterprise_export_rejects_market_slash_missing_jurisdiction_ref ... ok
test enterprise_export_rejects_missing_risk_reserve_state ... ok
test enterprise_export_rejects_pii_overdisclosure ... ok
test enterprise_export_rejects_passport_export_bound_to_other_passport ... ok
test enterprise_export_rejects_open_appeal_claim_payout ... ok
test enterprise_export_rejects_risk_capital_adequacy_breach ... ok
test enterprise_export_rejects_open_appeal_write_off ... ok
test enterprise_export_rejects_open_appeal_reserve_release ... ok
test enterprise_export_rejects_risk_claim_outside_coverage ... ok
test enterprise_export_rejects_reverse_slash_exceeding_prior_penalty ... ok
test enterprise_export_rejects_reverse_slash_without_prior_penalty ... ok
test enterprise_export_rejects_risk_actuarial_backtest_breach ... ok
test enterprise_export_rejects_risk_claim_payout_without_counterparties ... ok
test enterprise_export_rejects_risk_facility_lifecycle_missing_authority ... ok
test enterprise_export_rejects_padded_duplicate_approvers_for_quorum ... ok
test enterprise_export_rejects_risk_capital_allocatable_without_lifecycle_replay ... ok
test enterprise_export_rejects_risk_coverage_subject_mismatch ... ok
test enterprise_export_rejects_risk_insurance_copy_exceeding_actuarial_support ... ok
test enterprise_export_rejects_risk_double_consumed_reserve ... ok
test enterprise_export_rejects_risk_exposure_exceeding_capital ... ok
test enterprise_export_rejects_tampered_transaction_passport_signature ... ok
test enterprise_export_rejects_risk_settlement_counterparty_mismatch ... ok
test enterprise_export_rejects_risk_facility_lifecycle_missing_evidence ... ok
test enterprise_export_rejects_unsigned_risk_comptroller_report ... ok
test enterprise_export_rejects_risk_settlement_counterparty_unbound_payee ... ok
test enterprise_export_rejects_untrusted_approval_signer ... ok
test enterprise_export_rejects_telemetry_signed_untrusted_receipt_ref ... ok
test enterprise_export_rejects_telemetry_siem_without_receipt ... ok
test enterprise_export_rejects_telemetry_passport_mismatch ... ok
test enterprise_export_rejects_telemetry_digest_mismatch ... ok
test enterprise_export_rejects_risk_portfolio_capital_overallocation ... ok
test enterprise_export_rejects_telemetry_receipt_content_hash_mismatch ... ok
test original_boundary_tests::original_auxiliary_risk_receipt_preserves_parser_cause ... ok
test original_boundary_tests::original_bundle_artifact_count_is_bounded_before_verification ... ok
test original_boundary_tests::enterprise_export_rejects_telemetry_schema_only_receipt_ref ... ok
test enterprise_export_selects_referenced_risk_report_when_unrelated_report_precedes_it ... ok

test result: ok. 63 passed; 0 failed; 0 ignored; 0 measured; 0 filtered out; finished in 0.09s

   Doc-tests chio_enterprise_export

running 0 tests

test result: ok. 0 passed; 0 failed; 0 ignored; 0 measured; 0 filtered out; finished in 0.00s

