warning: patch `cmpv2 v0.2.0 (/tmp/arc-security-launch/third_party/cmpv2-chio)` was not used in the crate graph
warning: patch `crmf v0.2.0 (/tmp/arc-security-launch/third_party/crmf-chio)` was not used in the crate graph
warning: patch `ignore v0.4.32 (/tmp/arc-security-launch/third_party/ignore-chio)` was not used in the crate graph
warning: patch `nono v0.53.0 (/tmp/arc-security-launch/third_party/nono-upstream-chio)` was not used in the crate graph
warning: patch `regress v0.11.1 (/tmp/arc-security-launch/third_party/regress-chio)` was not used in the crate graph
warning: patch `sigstore-crypto v0.6.6 (/tmp/arc-security-launch/third_party/sigstore-crypto-chio)` was not used in the crate graph
warning: patch `sigstore-merkle v0.6.6 (/tmp/arc-security-launch/third_party/sigstore-merkle-chio)` was not used in the crate graph
warning: patch `sigstore-trust-root v0.6.3 (/tmp/arc-security-launch/third_party/sigstore-trust-root-chio)` was not used in the crate graph
warning: patch `sigstore-verify v0.6.3 (/tmp/arc-security-launch/third_party/sigstore-verify-chio)` was not used in the crate graph
help: Check that the patched package version and available features are compatible
      with the dependency requirements. If the patch has a different version from
      what is locked in the Cargo.lock file, run `cargo update` to use the new
      version. This may also occur with an optional dependency that is not enabled.
    Blocking waiting for file lock on artifact directory
   Compiling chio-transaction-passport v0.1.0 (/tmp/arc-security-launch/crates/platform/chio-transaction-passport)
   Compiling chio-risk-comptroller v0.1.0 (/tmp/arc-security-launch/crates/platform/chio-risk-comptroller)
   Compiling chio-commerce-order v0.1.0 (/tmp/arc-security-launch/crates/platform/chio-commerce-order)
   Compiling chio-agent-web-interop v0.1.0 (/tmp/arc-security-launch/crates/platform/chio-agent-web-interop)
   Compiling chio-trust-market-context v0.1.0 (/tmp/arc-security-launch/crates/platform/chio-trust-market-context)
error[E0425]: cannot find value `node` in this scope
   --> crates/platform/chio-trust-market-context/src/evidence.rs:281:42
    |
274 |     _node: &TrustMarketEvidenceNode,
    |     ----- `_node` defined here
...
281 |         .ok_or_else(|| invalid_signature(node, "signature field missing"))?;
    |                                          ^^^^
    |
help: the leading underscore in `_node` marks it as unused, consider renaming it to `node`
    |
274 -     _node: &TrustMarketEvidenceNode,
274 +     node: &TrustMarketEvidenceNode,
    |

error[E0425]: cannot find value `node` in this scope
   --> crates/platform/chio-trust-market-context/src/evidence.rs:283:38
    |
274 |     _node: &TrustMarketEvidenceNode,
    |     ----- `_node` defined here
...
283 |         return Err(invalid_signature(node, "unsupported signature format"));
    |                                      ^^^^
    |
help: the leading underscore in `_node` marks it as unused, consider renaming it to `node`
    |
274 -     _node: &TrustMarketEvidenceNode,
274 +     node: &TrustMarketEvidenceNode,
    |

error[E0425]: cannot find value `node` in this scope
   --> crates/platform/chio-trust-market-context/src/evidence.rs:287:38
    |
274 |     _node: &TrustMarketEvidenceNode,
    |     ----- `_node` defined here
...
287 |         return Err(invalid_signature(node, "signing key missing"));
    |                                      ^^^^
    |
help: the leading underscore in `_node` marks it as unused, consider renaming it to `node`
    |
274 -     _node: &TrustMarketEvidenceNode,
274 +     node: &TrustMarketEvidenceNode,
    |

error[E0425]: cannot find value `node` in this scope
   --> crates/platform/chio-trust-market-context/src/evidence.rs:290:38
    |
274 |     _node: &TrustMarketEvidenceNode,
    |     ----- `_node` defined here
...
290 |         return Err(invalid_signature(node, "signature bytes missing"));
    |                                      ^^^^
    |
help: the leading underscore in `_node` marks it as unused, consider renaming it to `node`
    |
274 -     _node: &TrustMarketEvidenceNode,
274 +     node: &TrustMarketEvidenceNode,
    |

error[E0425]: cannot find value `node` in this scope
   --> crates/platform/chio-trust-market-context/src/evidence.rs:295:42
    |
274 |     _node: &TrustMarketEvidenceNode,
    |     ----- `_node` defined here
...
295 |         .ok_or_else(|| invalid_signature(node, "signing key is not trusted"))?;
    |                                          ^^^^
    |
help: the leading underscore in `_node` marks it as unused, consider renaming it to `node`
    |
274 -     _node: &TrustMarketEvidenceNode,
274 +     node: &TrustMarketEvidenceNode,
    |

error[E0425]: cannot find value `node` in this scope
   --> crates/platform/chio-trust-market-context/src/evidence.rs:297:44
    |
274 |     _node: &TrustMarketEvidenceNode,
    |     ----- `_node` defined here
...
297 |         .map_err(|error| invalid_signature(node, format!("signature decode failed: {error}")))?;
    |                                            ^^^^
    |
help: the leading underscore in `_node` marks it as unused, consider renaming it to `node`
    |
274 -     _node: &TrustMarketEvidenceNode,
274 +     node: &TrustMarketEvidenceNode,
    |

error[E0425]: cannot find value `node` in this scope
   --> crates/platform/chio-trust-market-context/src/evidence.rs:300:38
    |
274 |     _node: &TrustMarketEvidenceNode,
    |     ----- `_node` defined here
...
300 |         return Err(invalid_signature(node, "artifact must be an object"));
    |                                      ^^^^
    |
help: the leading underscore in `_node` marks it as unused, consider renaming it to `node`
    |
274 -     _node: &TrustMarketEvidenceNode,
274 +     node: &TrustMarketEvidenceNode,
    |

error[E0425]: cannot find value `node` in this scope
   --> crates/platform/chio-trust-market-context/src/evidence.rs:305:44
    |
274 |     _node: &TrustMarketEvidenceNode,
    |     ----- `_node` defined here
...
305 |         .map_err(|error| invalid_signature(node, format!("signature check failed: {error}")))?;
    |                                            ^^^^
    |
help: the leading underscore in `_node` marks it as unused, consider renaming it to `node`
    |
274 -     _node: &TrustMarketEvidenceNode,
274 +     node: &TrustMarketEvidenceNode,
    |

error[E0425]: cannot find value `node` in this scope
   --> crates/platform/chio-trust-market-context/src/evidence.rs:309:31
    |
274 |     _node: &TrustMarketEvidenceNode,
    |     ----- `_node` defined here
...
309 |         Err(invalid_signature(node, "signature check failed"))
    |                               ^^^^
    |
help: the leading underscore in `_node` marks it as unused, consider renaming it to `node`
    |
274 -     _node: &TrustMarketEvidenceNode,
274 +     node: &TrustMarketEvidenceNode,
    |

   Compiling chio-enterprise-export v0.1.0 (/tmp/arc-security-launch/crates/platform/chio-enterprise-export)
For more information about this error, try `rustc --explain E0425`.
error: could not compile `chio-trust-market-context` (lib) due to 9 previous errors
warning: build failed, waiting for other jobs to finish...
