warning: patch `cmpv2 v0.2.0 (/tmp/arc-security-launch/third_party/cmpv2-chio)` was not used in the crate graph
warning: patch `crmf v0.2.0 (/tmp/arc-security-launch/third_party/crmf-chio)` was not used in the crate graph
warning: patch `ignore v0.4.32 (/tmp/arc-security-launch/third_party/ignore-chio)` was not used in the crate graph
warning: patch `nono v0.53.0 (/tmp/arc-security-launch/third_party/nono-upstream-chio)` was not used in the crate graph
warning: patch `regress v0.11.1 (/tmp/arc-security-launch/third_party/regress-chio)` was not used in the crate graph
warning: patch `sigstore-crypto v0.6.6 (/tmp/arc-security-launch/third_party/sigstore-crypto-chio)` was not used in the crate graph
warning: patch `sigstore-merkle v0.6.6 (/tmp/arc-security-launch/third_party/sigstore-merkle-chio)` was not used in the crate graph
warning: patch `sigstore-trust-root v0.6.3 (/tmp/arc-security-launch/third_party/sigstore-trust-root-chio)` was not used in the crate graph
warning: patch `sigstore-verify v0.6.3 (/tmp/arc-security-launch/third_party/sigstore-verify-chio)` was not used in the crate graph
help: Check that the patched package version and available features are compatible
      with the dependency requirements. If the patch has a different version from
      what is locked in the Cargo.lock file, run `cargo update` to use the new
      version. This may also occur with an optional dependency that is not enabled.
    Blocking waiting for file lock on artifact directory
   Compiling chio-core-types v0.1.0 (/tmp/arc-security-launch/crates/core/chio-core-types)
   Compiling chio-listing v0.1.0 (/tmp/arc-security-launch/crates/economy/chio-listing)
   Compiling chio-fiscal v0.1.0 (/tmp/arc-security-launch/crates/economy/chio-fiscal)
   Compiling chio-revocation-oracle v0.1.0 (/tmp/arc-security-launch/crates/trust/chio-revocation-oracle)
   Compiling chio-finding v0.1.0 (/tmp/arc-security-launch/crates/economy/chio-finding)
   Compiling chio-governance v0.1.0 (/tmp/arc-security-launch/crates/trust/chio-governance)
   Compiling chio-pheromone v0.1.0 (/tmp/arc-security-launch/crates/trust/chio-pheromone)
   Compiling chio-open-market v0.1.0 (/tmp/arc-security-launch/crates/economy/chio-open-market)
   Compiling chio-appraisal v0.1.0 (/tmp/arc-security-launch/crates/economy/chio-appraisal)
   Compiling chio-federation v0.1.0 (/tmp/arc-security-launch/crates/trust/chio-federation)
   Compiling chio-underwriting v0.1.0 (/tmp/arc-security-launch/crates/economy/chio-underwriting)
   Compiling chio-fincred v0.1.0 (/tmp/arc-security-launch/crates/economy/chio-fincred)
   Compiling chio-did v0.1.0 (/tmp/arc-security-launch/crates/trust/chio-did)
   Compiling chio-credit v0.1.0 (/tmp/arc-security-launch/crates/economy/chio-credit)
   Compiling chio-egress-contract v0.1.0 (/tmp/arc-security-launch/crates/protocol/chio-egress-contract)
   Compiling chio-cage-plan v0.1.0 (/tmp/arc-security-launch/crates/security/chio-cage-plan)
   Compiling chio-lineage v0.1.0 (/tmp/arc-security-launch/crates/observability/chio-lineage)
   Compiling chio-attest-verify v0.1.0 (/tmp/arc-security-launch/crates/trust/chio-attest-verify)
   Compiling chio-weights v0.1.0 (/tmp/arc-security-launch/crates/trust/chio-weights)
   Compiling chio-custody-hw v0.1.0 (/tmp/arc-security-launch/crates/trust/chio-custody-hw)
   Compiling chio-quarantine v0.1.0 (/tmp/arc-security-launch/crates/security/chio-quarantine)
   Compiling chio-web3 v0.1.0 (/tmp/arc-security-launch/crates/economy/chio-web3)
   Compiling chio-market v0.1.0 (/tmp/arc-security-launch/crates/economy/chio-market)
   Compiling chio-swarm-authority v0.1.0 (/tmp/arc-security-launch/crates/kernel/chio-swarm-authority)
   Compiling chio-kernel-core v0.1.0 (/tmp/arc-security-launch/crates/kernel/chio-kernel-core)
   Compiling chio-autonomy v0.1.0 (/tmp/arc-security-launch/crates/economy/chio-autonomy)
   Compiling chio-disclosure-lineage v0.1.0 (/tmp/arc-security-launch/crates/trust/chio-disclosure-lineage)
   Compiling chio-core v0.1.0 (/tmp/arc-security-launch/crates/core/chio-core)
   Compiling chio-manifest v0.1.0 (/tmp/arc-security-launch/crates/platform/chio-manifest)
   Compiling chio-link v0.1.0 (/tmp/arc-security-launch/crates/economy/chio-link)
   Compiling chio-tool-call-fabric v0.1.0 (/tmp/arc-security-launch/crates/protocol/chio-tool-call-fabric)
   Compiling chio-settle v0.1.0 (/tmp/arc-security-launch/crates/economy/chio-settle)
   Compiling chio-workflow v0.1.0 (/tmp/arc-security-launch/crates/platform/chio-workflow)
   Compiling chio-selective-disclosure v0.1.0 (/tmp/arc-security-launch/crates/trust/chio-selective-disclosure)
   Compiling chio-attest-buyer-core v0.1.0 (/tmp/arc-security-launch/crates/trust/chio-attest-buyer-core)
   Compiling chio-federation-authority v0.1.0 (/tmp/arc-security-launch/crates/trust/chio-federation-authority)
   Compiling chio-kernel v0.1.0 (/tmp/arc-security-launch/crates/kernel/chio-kernel)
   Compiling chio-finding-verifier v0.1.0 (/tmp/arc-security-launch/crates/trust/chio-finding-verifier)
   Compiling chio-transaction-passport v0.1.0 (/tmp/arc-security-launch/crates/platform/chio-transaction-passport)
warning: unused variable: `label`
   --> crates/platform/chio-transaction-passport/src/evidence_graph.rs:917:5
    |
917 |     label: &'static str,
    |     ^^^^^ help: if this is intentional, prefix it with an underscore: `_label`
    |
    = note: `#[warn(unused_variables)]` (part of `#[warn(unused)]`) on by default

warning: function `project` is never used
  --> crates/platform/chio-transaction-passport/src/input.rs:42:15
   |
42 | pub(crate) fn project<T: DeserializeOwned>(
   |               ^^^^^^^
   |
   = note: `#[warn(dead_code)]` (part of `#[warn(unused)]`) on by default

warning: `chio-transaction-passport` (lib) generated 2 warnings (run `cargo fix --lib -p chio-transaction-passport` to apply 1 suggestion)
   Compiling chio-risk-comptroller v0.1.0 (/tmp/arc-security-launch/crates/platform/chio-risk-comptroller)
   Compiling chio-commerce-order v0.1.0 (/tmp/arc-security-launch/crates/platform/chio-commerce-order)
   Compiling chio-agent-web-interop v0.1.0 (/tmp/arc-security-launch/crates/platform/chio-agent-web-interop)
   Compiling chio-cross-protocol v0.1.0 (/tmp/arc-security-launch/crates/protocol/chio-cross-protocol)
   Compiling chio-http-core v0.1.0 (/tmp/arc-security-launch/crates/platform/chio-http-core)
   Compiling chio-store-sqlite v0.1.0 (/tmp/arc-security-launch/crates/platform/chio-store-sqlite)
    Finished `test` profile [unoptimized] target(s) in 3m 23s
     Running tests/emergency_endpoints.rs (/home/connor/chio-security-target-6d-final/debug/deps/emergency_endpoints-382c7dda621ab3a8)

running 2 tests
test original_ambiguous_stop_body_does_not_change_kernel_state ... FAILED
test original_oversized_stop_body_does_not_change_kernel_state ... FAILED

failures:

---- original_ambiguous_stop_body_does_not_change_kernel_state stdout ----

thread 'original_ambiguous_stop_body_does_not_change_kernel_state' (3845847) panicked at crates/platform/chio-http-core/tests/emergency_endpoints.rs:39:24:
duplicate original fields must reject: EmergencyStopResponse { stopped: true }
note: run with `RUST_BACKTRACE=1` environment variable to display a backtrace

---- original_oversized_stop_body_does_not_change_kernel_state stdout ----

thread 'original_oversized_stop_body_does_not_change_kernel_state' (3845848) panicked at crates/platform/chio-http-core/tests/emergency_endpoints.rs:51:10:
oversized original body must reject: EmergencyStopResponse { stopped: true }


failures:
    original_ambiguous_stop_body_does_not_change_kernel_state
    original_oversized_stop_body_does_not_change_kernel_state

test result: FAILED. 0 passed; 2 failed; 0 ignored; 0 measured; 9 filtered out; finished in 0.07s

error: test failed, to rerun pass `-p chio-http-core --test emergency_endpoints`
