warning: patch `cmpv2 v0.2.0 (/tmp/arc-security-launch/third_party/cmpv2-chio)` was not used in the crate graph
warning: patch `crmf v0.2.0 (/tmp/arc-security-launch/third_party/crmf-chio)` was not used in the crate graph
warning: patch `ignore v0.4.32 (/tmp/arc-security-launch/third_party/ignore-chio)` was not used in the crate graph
warning: patch `nono v0.53.0 (/tmp/arc-security-launch/third_party/nono-upstream-chio)` was not used in the crate graph
warning: patch `regress v0.11.1 (/tmp/arc-security-launch/third_party/regress-chio)` was not used in the crate graph
warning: patch `sigstore-crypto v0.6.6 (/tmp/arc-security-launch/third_party/sigstore-crypto-chio)` was not used in the crate graph
warning: patch `sigstore-merkle v0.6.6 (/tmp/arc-security-launch/third_party/sigstore-merkle-chio)` was not used in the crate graph
warning: patch `sigstore-trust-root v0.6.3 (/tmp/arc-security-launch/third_party/sigstore-trust-root-chio)` was not used in the crate graph
warning: patch `sigstore-verify v0.6.3 (/tmp/arc-security-launch/third_party/sigstore-verify-chio)` was not used in the crate graph
help: Check that the patched package version and available features are compatible
      with the dependency requirements. If the patch has a different version from
      what is locked in the Cargo.lock file, run `cargo update` to use the new
      version. This may also occur with an optional dependency that is not enabled.
   Compiling serde_json v1.0.149
   Compiling chio-security-types v0.1.0 (/tmp/arc-security-launch/crates/security/chio-security-types)
   Compiling reqwest v0.13.2
   Compiling olpc-cjson v0.1.4
   Compiling jsonwebtoken v10.4.0
   Compiling serde_with v3.18.0
   Compiling oci-spec v0.9.0
   Compiling oauth2 v5.0.0
   Compiling openidconnect v4.0.1
   Compiling tough v0.22.0
   Compiling oci-client v0.17.0
   Compiling referencing v0.46.0
   Compiling serde_json_canonicalizer v0.3.2
   Compiling sigstore_protobuf_specs v0.5.1
   Compiling jsonschema v0.46.0
   Compiling chio-web3-bindings v0.1.0 (/tmp/arc-security-launch/crates/economy/chio-web3-bindings)
   Compiling chio-core-types v0.1.0 (/tmp/arc-security-launch/crates/core/chio-core-types)
   Compiling sigstore v0.14.0
   Compiling chio-data-guards-redactors-default v0.1.0 (/tmp/arc-security-launch/crates/guards/chio-data-guards/redactors/default)
   Compiling jsonwebtoken v9.3.1
   Compiling chio-log-redact v0.1.0 (/tmp/arc-security-launch/crates/observability/chio-log-redact)
   Compiling ureq v2.12.1
   Compiling chio-workflow-preflight v0.1.0 (/tmp/arc-security-launch/crates/platform/chio-workflow-preflight)
   Compiling chio-listing v0.1.0 (/tmp/arc-security-launch/crates/economy/chio-listing)
   Compiling chio-revocation-oracle v0.1.0 (/tmp/arc-security-launch/crates/trust/chio-revocation-oracle)
   Compiling chio-pheromone v0.1.0 (/tmp/arc-security-launch/crates/trust/chio-pheromone)
   Compiling chio-finding v0.1.0 (/tmp/arc-security-launch/crates/economy/chio-finding)
   Compiling chio-did v0.1.0 (/tmp/arc-security-launch/crates/trust/chio-did)
   Compiling chio-fincred v0.1.0 (/tmp/arc-security-launch/crates/economy/chio-fincred)
   Compiling chio-fiscal v0.1.0 (/tmp/arc-security-launch/crates/economy/chio-fiscal)
   Compiling chio-governance v0.1.0 (/tmp/arc-security-launch/crates/trust/chio-governance)
   Compiling chio-cage-plan v0.1.0 (/tmp/arc-security-launch/crates/security/chio-cage-plan)
   Compiling chio-open-market v0.1.0 (/tmp/arc-security-launch/crates/economy/chio-open-market)
   Compiling chio-appraisal v0.1.0 (/tmp/arc-security-launch/crates/economy/chio-appraisal)
   Compiling chio-egress-contract v0.1.0 (/tmp/arc-security-launch/crates/protocol/chio-egress-contract)
   Compiling chio-attest-verify v0.1.0 (/tmp/arc-security-launch/crates/trust/chio-attest-verify)
   Compiling chio-lineage v0.1.0 (/tmp/arc-security-launch/crates/observability/chio-lineage)
   Compiling chio-underwriting v0.1.0 (/tmp/arc-security-launch/crates/economy/chio-underwriting)
   Compiling chio-federation v0.1.0 (/tmp/arc-security-launch/crates/trust/chio-federation)
   Compiling chio-weights v0.1.0 (/tmp/arc-security-launch/crates/trust/chio-weights)
   Compiling chio-custody-hw v0.1.0 (/tmp/arc-security-launch/crates/trust/chio-custody-hw)
   Compiling chio-quarantine v0.1.0 (/tmp/arc-security-launch/crates/security/chio-quarantine)
   Compiling chio-kernel-core v0.1.0 (/tmp/arc-security-launch/crates/kernel/chio-kernel-core)
   Compiling chio-swarm-authority v0.1.0 (/tmp/arc-security-launch/crates/kernel/chio-swarm-authority)
   Compiling chio-disclosure-lineage v0.1.0 (/tmp/arc-security-launch/crates/trust/chio-disclosure-lineage)
   Compiling chio-credit v0.1.0 (/tmp/arc-security-launch/crates/economy/chio-credit)
   Compiling chio-market v0.1.0 (/tmp/arc-security-launch/crates/economy/chio-market)
   Compiling chio-web3 v0.1.0 (/tmp/arc-security-launch/crates/economy/chio-web3)
   Compiling chio-autonomy v0.1.0 (/tmp/arc-security-launch/crates/economy/chio-autonomy)
   Compiling chio-core v0.1.0 (/tmp/arc-security-launch/crates/core/chio-core)
   Compiling chio-manifest v0.1.0 (/tmp/arc-security-launch/crates/platform/chio-manifest)
   Compiling chio-link v0.1.0 (/tmp/arc-security-launch/crates/economy/chio-link)
   Compiling chio-settle v0.1.0 (/tmp/arc-security-launch/crates/economy/chio-settle)
   Compiling chio-workflow v0.1.0 (/tmp/arc-security-launch/crates/platform/chio-workflow)
   Compiling chio-tool-call-fabric v0.1.0 (/tmp/arc-security-launch/crates/protocol/chio-tool-call-fabric)
   Compiling chio-selective-disclosure v0.1.0 (/tmp/arc-security-launch/crates/trust/chio-selective-disclosure)
   Compiling chio-attest-buyer-core v0.1.0 (/tmp/arc-security-launch/crates/trust/chio-attest-buyer-core)
   Compiling chio-federation-authority v0.1.0 (/tmp/arc-security-launch/crates/trust/chio-federation-authority)
   Compiling chio-kernel v0.1.0 (/tmp/arc-security-launch/crates/kernel/chio-kernel)
   Compiling chio-finding-verifier v0.1.0 (/tmp/arc-security-launch/crates/trust/chio-finding-verifier)
   Compiling chio-cross-protocol v0.1.0 (/tmp/arc-security-launch/crates/protocol/chio-cross-protocol)
   Compiling chio-transaction-passport v0.1.0 (/tmp/arc-security-launch/crates/platform/chio-transaction-passport)
   Compiling chio-http-core v0.1.0 (/tmp/arc-security-launch/crates/platform/chio-http-core)
   Compiling chio-risk-comptroller v0.1.0 (/tmp/arc-security-launch/crates/platform/chio-risk-comptroller)
   Compiling chio-commerce-order v0.1.0 (/tmp/arc-security-launch/crates/platform/chio-commerce-order)
   Compiling chio-enterprise-export v0.1.0 (/tmp/arc-security-launch/crates/platform/chio-enterprise-export)
error[E0433]: failed to resolve: use of undeclared type `TransactionPassportError`
  --> crates/platform/chio-enterprise-export/tests/enterprise_export/original_input.rs:81:30
   |
81 |     assert!(matches!(&error, TransactionPassportError::Input(_)));
   |                              ^^^^^^^^^^^^^^^^^^^^^^^^ use of undeclared type `TransactionPassportError`
   |
help: a struct with a similar name exists
   |
81 -     assert!(matches!(&error, TransactionPassportError::Input(_)));
81 +     assert!(matches!(&error, TransactionPassport::Input(_)));
   |
help: consider importing this enum
   |
 1 + use chio_transaction_passport::TransactionPassportError;
   |

   Compiling chio-agent-web-interop v0.1.0 (/tmp/arc-security-launch/crates/platform/chio-agent-web-interop)
For more information about this error, try `rustc --explain E0433`.
error: could not compile `chio-enterprise-export` (test "enterprise_export") due to 1 previous error
warning: build failed, waiting for other jobs to finish...
