warning: patch `cmpv2 v0.2.0 (/tmp/arc-security-launch/third_party/cmpv2-chio)` was not used in the crate graph
warning: patch `crmf v0.2.0 (/tmp/arc-security-launch/third_party/crmf-chio)` was not used in the crate graph
warning: patch `ignore v0.4.32 (/tmp/arc-security-launch/third_party/ignore-chio)` was not used in the crate graph
warning: patch `nono v0.53.0 (/tmp/arc-security-launch/third_party/nono-upstream-chio)` was not used in the crate graph
warning: patch `regress v0.11.1 (/tmp/arc-security-launch/third_party/regress-chio)` was not used in the crate graph
warning: patch `sigstore-crypto v0.6.6 (/tmp/arc-security-launch/third_party/sigstore-crypto-chio)` was not used in the crate graph
warning: patch `sigstore-merkle v0.6.6 (/tmp/arc-security-launch/third_party/sigstore-merkle-chio)` was not used in the crate graph
warning: patch `sigstore-trust-root v0.6.3 (/tmp/arc-security-launch/third_party/sigstore-trust-root-chio)` was not used in the crate graph
warning: patch `sigstore-verify v0.6.3 (/tmp/arc-security-launch/third_party/sigstore-verify-chio)` was not used in the crate graph
help: Check that the patched package version and available features are compatible
      with the dependency requirements. If the patch has a different version from
      what is locked in the Cargo.lock file, run `cargo update` to use the new
      version. This may also occur with an optional dependency that is not enabled.
   Compiling chio-transaction-passport v0.1.0 (/tmp/arc-security-launch/crates/platform/chio-transaction-passport)
   Compiling chio-risk-comptroller v0.1.0 (/tmp/arc-security-launch/crates/platform/chio-risk-comptroller)
   Compiling chio-commerce-order v0.1.0 (/tmp/arc-security-launch/crates/platform/chio-commerce-order)
   Compiling chio-enterprise-export v0.1.0 (/tmp/arc-security-launch/crates/platform/chio-enterprise-export)
   Compiling chio-trust-market-context v0.1.0 (/tmp/arc-security-launch/crates/platform/chio-trust-market-context)
    Finished `test` profile [unoptimized] target(s) in 15.59s
     Running unittests src/lib.rs (/home/connor/chio-security-target-6d-final/debug/deps/chio_commerce_order-a94e934cd0045cd8)

running 0 tests

test result: ok. 0 passed; 0 failed; 0 ignored; 0 measured; 0 filtered out; finished in 0.00s

     Running tests/commerce_order.rs (/home/connor/chio-security-target-6d-final/debug/deps/commerce_order-44a5b4f6dc71253a)

running 1 test
test original_authority_receipt_duplicate_schema_is_rejected ... FAILED

failures:

---- original_authority_receipt_duplicate_schema_is_rejected stdout ----

thread 'original_authority_receipt_duplicate_schema_is_rejected' (3850928) panicked at crates/platform/chio-commerce-order/tests/commerce_order.rs:1703:10:
duplicate receipt fields must reject before signature projection: expected Err(..), got Ok(..)
note: run with `RUST_BACKTRACE=1` environment variable to display a backtrace


failures:
    original_authority_receipt_duplicate_schema_is_rejected

test result: FAILED. 0 passed; 1 failed; 0 ignored; 0 measured; 53 filtered out; finished in 0.03s

error: test failed, to rerun pass `-p chio-commerce-order --test commerce_order`
