warning: patch `cmpv2 v0.2.0 (/tmp/arc-security-launch/third_party/cmpv2-chio)` was not used in the crate graph
warning: patch `crmf v0.2.0 (/tmp/arc-security-launch/third_party/crmf-chio)` was not used in the crate graph
warning: patch `ignore v0.4.32 (/tmp/arc-security-launch/third_party/ignore-chio)` was not used in the crate graph
warning: patch `nono v0.53.0 (/tmp/arc-security-launch/third_party/nono-upstream-chio)` was not used in the crate graph
warning: patch `regress v0.11.1 (/tmp/arc-security-launch/third_party/regress-chio)` was not used in the crate graph
warning: patch `sigstore-crypto v0.6.6 (/tmp/arc-security-launch/third_party/sigstore-crypto-chio)` was not used in the crate graph
warning: patch `sigstore-merkle v0.6.6 (/tmp/arc-security-launch/third_party/sigstore-merkle-chio)` was not used in the crate graph
warning: patch `sigstore-trust-root v0.6.3 (/tmp/arc-security-launch/third_party/sigstore-trust-root-chio)` was not used in the crate graph
warning: patch `sigstore-verify v0.6.3 (/tmp/arc-security-launch/third_party/sigstore-verify-chio)` was not used in the crate graph
help: Check that the patched package version and available features are compatible
      with the dependency requirements. If the patch has a different version from
      what is locked in the Cargo.lock file, run `cargo update` to use the new
      version. This may also occur with an optional dependency that is not enabled.
   Compiling chio-transaction-passport v0.1.0 (/tmp/arc-security-launch/crates/platform/chio-transaction-passport)
   Compiling chio-risk-comptroller v0.1.0 (/tmp/arc-security-launch/crates/platform/chio-risk-comptroller)
   Compiling chio-trust-market-context v0.1.0 (/tmp/arc-security-launch/crates/platform/chio-trust-market-context)
   Compiling chio-enterprise-export v0.1.0 (/tmp/arc-security-launch/crates/platform/chio-enterprise-export)
warning: unused variable: `node`
   --> crates/platform/chio-enterprise-export/src/evidence.rs:160:5
    |
160 |     node: &EnterpriseEvidenceNode,
    |     ^^^^ help: if this is intentional, prefix it with an underscore: `_node`
    |
    = note: `#[warn(unused_variables)]` (part of `#[warn(unused)]`) on by default

warning: unused variable: `node`
   --> crates/platform/chio-trust-market-context/src/evidence.rs:267:5
    |
267 |     node: &TrustMarketEvidenceNode,
    |     ^^^^ help: if this is intentional, prefix it with an underscore: `_node`
    |
    = note: `#[warn(unused_variables)]` (part of `#[warn(unused)]`) on by default

warning: `chio-enterprise-export` (lib) generated 1 warning (run `cargo fix --lib -p chio-enterprise-export` to apply 1 suggestion)
warning: `chio-enterprise-export` (lib test) generated 1 warning (1 duplicate)
warning: `chio-trust-market-context` (lib test) generated 1 warning (1 duplicate)
warning: `chio-trust-market-context` (lib) generated 1 warning (run `cargo fix --lib -p chio-trust-market-context` to apply 1 suggestion)
    Finished `test` profile [unoptimized] target(s) in 14.93s
     Running unittests src/lib.rs (/home/connor/chio-security-target-6d-final/debug/deps/chio_enterprise_export-670693dbca6fe94b)

running 0 tests

test result: ok. 0 passed; 0 failed; 0 ignored; 0 measured; 0 filtered out; finished in 0.00s

     Running tests/enterprise_export.rs (/home/connor/chio-security-target-6d-final/debug/deps/enterprise_export-d3508ec5b90a8d46)

running 1 test
test original_bundle_artifact_count_is_bounded_before_verification ... ok

test result: ok. 1 passed; 0 failed; 0 ignored; 0 measured; 61 filtered out; finished in 0.03s

     Running unittests src/lib.rs (/home/connor/chio-security-target-6d-final/debug/deps/chio_trust_market_context-ce61505b5bdbd715)

running 0 tests

test result: ok. 0 passed; 0 failed; 0 ignored; 0 measured; 0 filtered out; finished in 0.00s

     Running tests/trust_market_context.rs (/home/connor/chio-security-target-6d-final/debug/deps/trust_market_context-040e0845a1abf702)

running 1 test
test original_bundle_artifact_count_is_bounded_before_verification ... ok

test result: ok. 1 passed; 0 failed; 0 ignored; 0 measured; 49 filtered out; finished in 0.03s

