warning: patch `cmpv2 v0.2.0 (/tmp/arc-security-launch/third_party/cmpv2-chio)` was not used in the crate graph
warning: patch `crmf v0.2.0 (/tmp/arc-security-launch/third_party/crmf-chio)` was not used in the crate graph
warning: patch `ignore v0.4.32 (/tmp/arc-security-launch/third_party/ignore-chio)` was not used in the crate graph
warning: patch `nono v0.53.0 (/tmp/arc-security-launch/third_party/nono-upstream-chio)` was not used in the crate graph
warning: patch `regress v0.11.1 (/tmp/arc-security-launch/third_party/regress-chio)` was not used in the crate graph
warning: patch `sigstore-crypto v0.6.6 (/tmp/arc-security-launch/third_party/sigstore-crypto-chio)` was not used in the crate graph
warning: patch `sigstore-merkle v0.6.6 (/tmp/arc-security-launch/third_party/sigstore-merkle-chio)` was not used in the crate graph
warning: patch `sigstore-trust-root v0.6.3 (/tmp/arc-security-launch/third_party/sigstore-trust-root-chio)` was not used in the crate graph
warning: patch `sigstore-verify v0.6.3 (/tmp/arc-security-launch/third_party/sigstore-verify-chio)` was not used in the crate graph
help: Check that the patched package version and available features are compatible
      with the dependency requirements. If the patch has a different version from
      what is locked in the Cargo.lock file, run `cargo update` to use the new
      version. This may also occur with an optional dependency that is not enabled.
   Compiling displaydoc v0.2.5
   Compiling smallvec v1.15.1
   Compiling digest v0.10.7
   Compiling zeroize v1.9.0
   Compiling serde_json v1.0.149
   Compiling sha2 v0.10.9
   Compiling cc v1.2.57
   Compiling tinystr v0.8.2
   Compiling icu_locale_core v2.1.1
   Compiling zerotrie v0.2.3
   Compiling icu_collections v2.1.1
   Compiling curve25519-dalek v4.1.3
   Compiling icu_provider v2.1.1
   Compiling icu_properties v2.1.2
   Compiling icu_normalizer v2.1.1
   Compiling bytes v1.11.1
   Compiling ed25519-dalek v2.2.0
   Compiling ring v0.17.14
   Compiling chio-security-types v0.1.0 (/tmp/arc-security-launch/crates/security/chio-security-types)
   Compiling parking_lot_core v0.9.12
   Compiling parking_lot v0.12.5
   Compiling idna_adapter v1.2.1
   Compiling idna v1.1.0
   Compiling rustls-pki-types v1.14.0
   Compiling url v2.5.8
   Compiling either v1.15.0
   Compiling tokio v1.50.0
   Compiling rustls v0.23.45
   Compiling futures-util v0.3.32
   Compiling rustls-webpki v0.103.15
   Compiling ppv-lite86 v0.2.21
   Compiling webpki-roots v1.0.6
   Compiling webpki-roots v0.26.11
   Compiling rand_chacha v0.3.1
   Compiling tokio-stream v0.1.18
   Compiling futures-intrusive v0.5.0
   Compiling hmac v0.12.1
   Compiling sqlx-core v0.8.6
   Compiling hkdf v0.12.4
   Compiling rand v0.8.6
   Compiling atoi v2.0.0
   Compiling chio-core-types v0.1.0 (/tmp/arc-security-launch/crates/core/chio-core-types)
   Compiling futures-channel v0.3.32
   Compiling rs_merkle v1.5.0
   Compiling md-5 v0.10.6
   Compiling sqlx-macros-core v0.8.6
   Compiling nix v0.31.2
   Compiling sqlx-macros v0.8.6
   Compiling sqlx-postgres v0.8.6
   Compiling getrandom v0.4.2
   Compiling tempfile v3.27.0
   Compiling uuid v1.22.0
   Compiling tokio-util v0.7.18
   Compiling sqlx v0.8.6
   Compiling chio-finding-market-migrations v0.1.0 (/tmp/arc-security-launch/crates/platform/chio-finding-market-migrations)
   Compiling chio-listing v0.1.0 (/tmp/arc-security-launch/crates/economy/chio-listing)
   Compiling chio-revocation-oracle v0.1.0 (/tmp/arc-security-launch/crates/trust/chio-revocation-oracle)
   Compiling chio-pheromone v0.1.0 (/tmp/arc-security-launch/crates/trust/chio-pheromone)
   Compiling chio-finding v0.1.0 (/tmp/arc-security-launch/crates/economy/chio-finding)
   Compiling chio-finding-market-port v0.1.0 (/tmp/arc-security-launch/crates/platform/chio-finding-market-port)
   Compiling chio-fiscal v0.1.0 (/tmp/arc-security-launch/crates/economy/chio-fiscal)
   Compiling chio-governance v0.1.0 (/tmp/arc-security-launch/crates/trust/chio-governance)
   Compiling chio-open-market v0.1.0 (/tmp/arc-security-launch/crates/economy/chio-open-market)
   Compiling chio-finding-market-store-postgres v0.1.0 (/tmp/arc-security-launch/crates/platform/chio-finding-market-store-postgres)
   Compiling chio-finding-worker v0.1.0 (/tmp/arc-security-launch/crates/platform/chio-finding-worker)
    Finished `test` profile [unoptimized] target(s) in 42.07s
     Running unittests src/lib.rs (/home/connor/chio-security-target-6d-final/debug/deps/chio_finding_worker-16cdd2e5b9858549)

running 1 test
test protocol::tests::original_job_bytes_cannot_be_normalized_before_digest_binding ... FAILED

failures:

---- protocol::tests::original_job_bytes_cannot_be_normalized_before_digest_binding stdout ----

thread 'protocol::tests::original_job_bytes_cannot_be_normalized_before_digest_binding' (3855255) panicked at crates/platform/chio-finding-worker/src/protocol.rs:979:9:
assertion failed: authorized_attempt_limit(&job, &authority.public_key(), 10).is_err()
note: run with `RUST_BACKTRACE=1` environment variable to display a backtrace


failures:
    protocol::tests::original_job_bytes_cannot_be_normalized_before_digest_binding

test result: FAILED. 0 passed; 1 failed; 0 ignored; 0 measured; 24 filtered out; finished in 0.01s

error: test failed, to rerun pass `-p chio-finding-worker --lib`
