warning: patch `cmpv2 v0.2.0 (/tmp/arc-security-launch/third_party/cmpv2-chio)` was not used in the crate graph
warning: patch `crmf v0.2.0 (/tmp/arc-security-launch/third_party/crmf-chio)` was not used in the crate graph
warning: patch `ignore v0.4.32 (/tmp/arc-security-launch/third_party/ignore-chio)` was not used in the crate graph
warning: patch `nono v0.53.0 (/tmp/arc-security-launch/third_party/nono-upstream-chio)` was not used in the crate graph
warning: patch `regress v0.11.1 (/tmp/arc-security-launch/third_party/regress-chio)` was not used in the crate graph
warning: patch `sigstore-crypto v0.6.6 (/tmp/arc-security-launch/third_party/sigstore-crypto-chio)` was not used in the crate graph
warning: patch `sigstore-merkle v0.6.6 (/tmp/arc-security-launch/third_party/sigstore-merkle-chio)` was not used in the crate graph
warning: patch `sigstore-trust-root v0.6.3 (/tmp/arc-security-launch/third_party/sigstore-trust-root-chio)` was not used in the crate graph
warning: patch `sigstore-verify v0.6.3 (/tmp/arc-security-launch/third_party/sigstore-verify-chio)` was not used in the crate graph
help: Check that the patched package version and available features are compatible
      with the dependency requirements. If the patch has a different version from
      what is locked in the Cargo.lock file, run `cargo update` to use the new
      version. This may also occur with an optional dependency that is not enabled.
   Compiling chio-transaction-passport v0.1.0 (/tmp/arc-security-launch/crates/platform/chio-transaction-passport)
   Compiling chio-kernel-mobile v0.1.0 (/tmp/arc-security-launch/crates/kernel/chio-kernel-mobile)
   Compiling chio-attest-buyer v0.1.0 (/tmp/arc-security-launch/crates/trust/chio-attest-buyer)
   Compiling chio-finding-challenge v0.1.0 (/tmp/arc-security-launch/crates/trust/chio-finding-challenge)
   Compiling chio-federation-transport-iroh v0.1.0 (/tmp/arc-security-launch/crates/trust/chio-federation-transport-iroh)
   Compiling chio-risk-comptroller v0.1.0 (/tmp/arc-security-launch/crates/platform/chio-risk-comptroller)
   Compiling chio-commerce-order v0.1.0 (/tmp/arc-security-launch/crates/platform/chio-commerce-order)
   Compiling chio-agent-web-interop v0.1.0 (/tmp/arc-security-launch/crates/platform/chio-agent-web-interop)
   Compiling chio-store-sqlite v0.1.0 (/tmp/arc-security-launch/crates/platform/chio-store-sqlite)
   Compiling chio-weights v0.1.0 (/tmp/arc-security-launch/crates/trust/chio-weights)
   Compiling chio-reputation v0.1.0 (/tmp/arc-security-launch/crates/trust/chio-reputation)
   Compiling chio-credentials v0.1.0 (/tmp/arc-security-launch/crates/trust/chio-credentials)
   Compiling chio-pheromone-relay v0.1.0 (/tmp/arc-security-launch/crates/trust/chio-pheromone-relay)
   Compiling chio-pheromone-runtime v0.1.0 (/tmp/arc-security-launch/crates/trust/chio-pheromone-runtime)
   Compiling chio-federation v0.1.0 (/tmp/arc-security-launch/crates/trust/chio-federation)
error[E0277]: the trait bound `usize: ToSql` is not satisfied
    --> crates/trust/chio-pheromone-relay/src/store.rs:1355:17
     |
1353 |             .execute(
     |              ------- required by a bound introduced by this call
1354 |                 "UPDATE chio_pheromone_relay_inbox SET report_json = CAST(zeroblob(?1) AS TEXT)",
1355 |                 [crate::input::MAX_DOCUMENT_BYTES + 1],
     |                 ^^^^^^^^^^^^^^^^^^^^^^^^^^^^^^^^^^^^^^ the trait `ToSql` is not implemented for `usize`
     |
     = help: the following other types implement trait `ToSql`:
               f32
               f64
               i16
               i32
               i64
               i8
               isize
               u16
             and 2 others
     = note: required for `[usize; 1]` to implement `Params`
note: required by a bound in `Connection::execute`
    --> /home/connor/.cargo/registry/src/index.crates.io-1949cf8c6b5b557f/rusqlite-0.39.0/src/lib.rs:611:23
     |
 611 |     pub fn execute<P: Params>(&self, sql: &str, params: P) -> Result<usize> {
     |                       ^^^^^^ required by this bound in `Connection::execute`

For more information about this error, try `rustc --explain E0277`.
error: could not compile `chio-pheromone-relay` (lib test) due to 1 previous error
warning: build failed, waiting for other jobs to finish...
