warning: patch `cmpv2 v0.2.0 (/tmp/arc-security-launch/third_party/cmpv2-chio)` was not used in the crate graph
warning: patch `crmf v0.2.0 (/tmp/arc-security-launch/third_party/crmf-chio)` was not used in the crate graph
warning: patch `ignore v0.4.32 (/tmp/arc-security-launch/third_party/ignore-chio)` was not used in the crate graph
warning: patch `nono v0.53.0 (/tmp/arc-security-launch/third_party/nono-upstream-chio)` was not used in the crate graph
warning: patch `regress v0.11.1 (/tmp/arc-security-launch/third_party/regress-chio)` was not used in the crate graph
warning: patch `sigstore-crypto v0.6.6 (/tmp/arc-security-launch/third_party/sigstore-crypto-chio)` was not used in the crate graph
warning: patch `sigstore-merkle v0.6.6 (/tmp/arc-security-launch/third_party/sigstore-merkle-chio)` was not used in the crate graph
warning: patch `sigstore-trust-root v0.6.3 (/tmp/arc-security-launch/third_party/sigstore-trust-root-chio)` was not used in the crate graph
warning: patch `sigstore-verify v0.6.3 (/tmp/arc-security-launch/third_party/sigstore-verify-chio)` was not used in the crate graph
help: Check that the patched package version and available features are compatible
      with the dependency requirements. If the patch has a different version from
      what is locked in the Cargo.lock file, run `cargo update` to use the new
      version. This may also occur with an optional dependency that is not enabled.
   Compiling chio-finding-verifier v0.1.0 (/tmp/arc-security-launch/crates/trust/chio-finding-verifier)
   Compiling uniffi_build v0.32.0
   Compiling uniffi v0.32.0
   Compiling chio-attest-buyer v0.1.0 (/tmp/arc-security-launch/crates/trust/chio-attest-buyer)
   Compiling chio-credentials v0.1.0 (/tmp/arc-security-launch/crates/trust/chio-credentials)
   Compiling chio-federation-transport-iroh v0.1.0 (/tmp/arc-security-launch/crates/trust/chio-federation-transport-iroh)
error[E0433]: failed to resolve: use of unresolved module or unlinked crate `chio_core_types`
 --> crates/trust/chio-attest-buyer/src/input.rs:2:5
  |
2 | use chio_core_types::canonical::{UntrustedJsonError, UntrustedJsonText};
  |     ^^^^^^^^^^^^^^^ use of unresolved module or unlinked crate `chio_core_types`
  |
  = help: if you wanted to use a crate named `chio_core_types`, use `cargo add chio_core_types` to add it to your `Cargo.toml`

   Compiling chio-kernel-mobile v0.1.0 (/tmp/arc-security-launch/crates/kernel/chio-kernel-mobile)
For more information about this error, try `rustc --explain E0433`.
error: could not compile `chio-attest-buyer` (lib) due to 1 previous error
warning: build failed, waiting for other jobs to finish...
