Compiling 65 files with Solc 0.8.28
Solc 0.8.28 finished in 2.31s
Compiler run successful!

Ran 12 tests for test/ERC8183PaperComparison.t.sol:ERC8183PaperComparisonTest
[PASS] test_adminPauseBlocksRefundUntilUnpause() (gas: 589166)
Traces:
  [603566] ERC8183PaperComparisonTest::test_adminPauseBlocksRefundUntilUnpause()
    ├─ [0] VM::prank(buyer: [0x0fF93eDfa7FB7Ad5E962E4C0EdB9207C03a0fe02])
    │   └─ ← [Return]
    ├─ [162354] ERC1967Proxy::fallback(intermediary: [0xD20A6CAAA6194D7285C23b63681E2843126A7709], evaluator: [0xCA5453e74F0CCC802aDd48A547cd965512fFd45d], 1003600 [1.003e6], "paper fixture", 0x0000000000000000000000000000000000000000, 0)
    │   ├─ [134647] ERC8183::createJob(intermediary: [0xD20A6CAAA6194D7285C23b63681E2843126A7709], evaluator: [0xCA5453e74F0CCC802aDd48A547cd965512fFd45d], 1003600 [1.003e6], "paper fixture", 0x0000000000000000000000000000000000000000, 0) [delegatecall]
    │   │   ├─ emit JobCreated(jobId: 1, client: buyer: [0x0fF93eDfa7FB7Ad5E962E4C0EdB9207C03a0fe02], provider: intermediary: [0xD20A6CAAA6194D7285C23b63681E2843126A7709], evaluator: evaluator: [0xCA5453e74F0CCC802aDd48A547cd965512fFd45d], expiredAt: 1003600 [1.003e6], hook: 0x0000000000000000000000000000000000000000)
    │   │   └─ ← [Return] 1
    │   └─ ← [Return] 1
    ├─ [0] VM::prank(intermediary: [0xD20A6CAAA6194D7285C23b63681E2843126A7709])
    │   └─ ← [Return]
    ├─ [90456] ERC1967Proxy::fallback(1, MockUSDC: [0x5615dEB798BB3E4dFa0139dFa1b3D433Cc23b72f], 100, 0x)
    │   ├─ [63574] ERC8183::setBudget(1, MockUSDC: [0x5615dEB798BB3E4dFa0139dFa1b3D433Cc23b72f], 100, 0x) [delegatecall]
    │   │   ├─ emit BudgetSet(jobId: 1, token: MockUSDC: [0x5615dEB798BB3E4dFa0139dFa1b3D433Cc23b72f], amount: 100)
    │   │   └─ ← [Stop]
    │   └─ ← [Return]
    ├─ [0] VM::prank(buyer: [0x0fF93eDfa7FB7Ad5E962E4C0EdB9207C03a0fe02])
    │   └─ ← [Return]
    ├─ [86969] ERC1967Proxy::fallback(1, MockUSDC: [0x5615dEB798BB3E4dFa0139dFa1b3D433Cc23b72f], 100, 0x)
    │   ├─ [60087] ERC8183::fund(1, MockUSDC: [0x5615dEB798BB3E4dFa0139dFa1b3D433Cc23b72f], 100, 0x) [delegatecall]
    │   │   ├─ [2559] MockUSDC::balanceOf(ERC1967Proxy: [0xF62849F9A0B5Bf2913b396098F7c7019b51A820a]) [staticcall]
    │   │   │   └─ ← [Return] 0
    │   │   ├─ [30420] MockUSDC::transferFrom(buyer: [0x0fF93eDfa7FB7Ad5E962E4C0EdB9207C03a0fe02], ERC1967Proxy: [0xF62849F9A0B5Bf2913b396098F7c7019b51A820a], 100)
    │   │   │   ├─ emit Transfer(from: buyer: [0x0fF93eDfa7FB7Ad5E962E4C0EdB9207C03a0fe02], to: ERC1967Proxy: [0xF62849F9A0B5Bf2913b396098F7c7019b51A820a], amount: 100)
    │   │   │   └─ ← [Return] true
    │   │   ├─ [559] MockUSDC::balanceOf(ERC1967Proxy: [0xF62849F9A0B5Bf2913b396098F7c7019b51A820a]) [staticcall]
    │   │   │   └─ ← [Return] 100
    │   │   ├─ emit JobFunded(jobId: 1, client: buyer: [0x0fF93eDfa7FB7Ad5E962E4C0EdB9207C03a0fe02], amount: 100)
    │   │   └─ ← [Stop]
    │   └─ ← [Return]
    ├─ [0] VM::warp(1003600 [1.003e6])
    │   └─ ← [Return]
    ├─ [52042] ERC1967Proxy::fallback()
    │   ├─ [26100] ERC8183::pause() [delegatecall]
    │   │   ├─ emit Paused(account: ERC8183PaperComparisonTest: [0x7FA9385bE102ac3EAc297483Dd6233D62b3e1496])
    │   │   └─ ← [Stop]
    │   └─ ← [Return]
    ├─ [0] VM::expectRevert(EnforcedPause())
    │   └─ ← [Return]
    ├─ [28586] ERC1967Proxy::fallback(1)
    │   ├─ [2497] ERC8183::claimRefund(1) [delegatecall]
    │   │   └─ ← [Revert] EnforcedPause()
    │   └─ ← [Revert] EnforcedPause()
    ├─ [35010] ERC1967Proxy::fallback()
    │   ├─ [9068] ERC8183::unpause() [delegatecall]
    │   │   ├─ emit Unpaused(account: ERC8183PaperComparisonTest: [0x7FA9385bE102ac3EAc297483Dd6233D62b3e1496])
    │   │   └─ ← [Stop]
    │   └─ ← [Return]
    ├─ [83778] ERC1967Proxy::fallback(1)
    │   ├─ [57693] ERC8183::claimRefund(1) [delegatecall]
    │   │   ├─ [29981] MockUSDC::transfer(buyer: [0x0fF93eDfa7FB7Ad5E962E4C0EdB9207C03a0fe02], 100)
    │   │   │   ├─ emit Transfer(from: ERC1967Proxy: [0xF62849F9A0B5Bf2913b396098F7c7019b51A820a], to: buyer: [0x0fF93eDfa7FB7Ad5E962E4C0EdB9207C03a0fe02], amount: 100)
    │   │   │   └─ ← [Return] true
    │   │   ├─ emit Refunded(jobId: 1, client: buyer: [0x0fF93eDfa7FB7Ad5E962E4C0EdB9207C03a0fe02], amount: 100)
    │   │   ├─ emit JobExpired(jobId: 1)
    │   │   └─ ← [Stop]
    │   └─ ← [Return]
    ├─ [2559] MockUSDC::balanceOf(buyer: [0x0fF93eDfa7FB7Ad5E962E4C0EdB9207C03a0fe02]) [staticcall]
    │   └─ ← [Return] 100
    ├─ [2559] MockUSDC::balanceOf(intermediary: [0xD20A6CAAA6194D7285C23b63681E2843126A7709]) [staticcall]
    │   └─ ← [Return] 0
    ├─ [2559] MockUSDC::balanceOf(worker: [0x12C2e0AE414896CCA77C9D9fb8f0394ecfa7F7FC]) [staticcall]
    │   └─ ← [Return] 0
    ├─ [2559] MockUSDC::balanceOf(ERC1967Proxy: [0xF62849F9A0B5Bf2913b396098F7c7019b51A820a]) [staticcall]
    │   └─ ← [Return] 0
    ├─ [2325] MockUSDC::totalSupply() [staticcall]
    │   └─ ← [Return] 100
    └─ ← [Stop]

[PASS] test_afterGraceCompletionCanWinIfRefundHasNotExecuted() (gas: 602091)
Traces:
  [611691] ERC8183PaperComparisonTest::test_afterGraceCompletionCanWinIfRefundHasNotExecuted()
    ├─ [0] VM::prank(buyer: [0x0fF93eDfa7FB7Ad5E962E4C0EdB9207C03a0fe02])
    │   └─ ← [Return]
    ├─ [162354] ERC1967Proxy::fallback(intermediary: [0xD20A6CAAA6194D7285C23b63681E2843126A7709], evaluator: [0xCA5453e74F0CCC802aDd48A547cd965512fFd45d], 1003600 [1.003e6], "paper fixture", 0x0000000000000000000000000000000000000000, 0)
    │   ├─ [134647] ERC8183::createJob(intermediary: [0xD20A6CAAA6194D7285C23b63681E2843126A7709], evaluator: [0xCA5453e74F0CCC802aDd48A547cd965512fFd45d], 1003600 [1.003e6], "paper fixture", 0x0000000000000000000000000000000000000000, 0) [delegatecall]
    │   │   ├─ emit JobCreated(jobId: 1, client: buyer: [0x0fF93eDfa7FB7Ad5E962E4C0EdB9207C03a0fe02], provider: intermediary: [0xD20A6CAAA6194D7285C23b63681E2843126A7709], evaluator: evaluator: [0xCA5453e74F0CCC802aDd48A547cd965512fFd45d], expiredAt: 1003600 [1.003e6], hook: 0x0000000000000000000000000000000000000000)
    │   │   └─ ← [Return] 1
    │   └─ ← [Return] 1
    ├─ [0] VM::prank(intermediary: [0xD20A6CAAA6194D7285C23b63681E2843126A7709])
    │   └─ ← [Return]
    ├─ [90456] ERC1967Proxy::fallback(1, MockUSDC: [0x5615dEB798BB3E4dFa0139dFa1b3D433Cc23b72f], 100, 0x)
    │   ├─ [63574] ERC8183::setBudget(1, MockUSDC: [0x5615dEB798BB3E4dFa0139dFa1b3D433Cc23b72f], 100, 0x) [delegatecall]
    │   │   ├─ emit BudgetSet(jobId: 1, token: MockUSDC: [0x5615dEB798BB3E4dFa0139dFa1b3D433Cc23b72f], amount: 100)
    │   │   └─ ← [Stop]
    │   └─ ← [Return]
    ├─ [0] VM::prank(buyer: [0x0fF93eDfa7FB7Ad5E962E4C0EdB9207C03a0fe02])
    │   └─ ← [Return]
    ├─ [86969] ERC1967Proxy::fallback(1, MockUSDC: [0x5615dEB798BB3E4dFa0139dFa1b3D433Cc23b72f], 100, 0x)
    │   ├─ [60087] ERC8183::fund(1, MockUSDC: [0x5615dEB798BB3E4dFa0139dFa1b3D433Cc23b72f], 100, 0x) [delegatecall]
    │   │   ├─ [2559] MockUSDC::balanceOf(ERC1967Proxy: [0xF62849F9A0B5Bf2913b396098F7c7019b51A820a]) [staticcall]
    │   │   │   └─ ← [Return] 0
    │   │   ├─ [30420] MockUSDC::transferFrom(buyer: [0x0fF93eDfa7FB7Ad5E962E4C0EdB9207C03a0fe02], ERC1967Proxy: [0xF62849F9A0B5Bf2913b396098F7c7019b51A820a], 100)
    │   │   │   ├─ emit Transfer(from: buyer: [0x0fF93eDfa7FB7Ad5E962E4C0EdB9207C03a0fe02], to: ERC1967Proxy: [0xF62849F9A0B5Bf2913b396098F7c7019b51A820a], amount: 100)
    │   │   │   └─ ← [Return] true
    │   │   ├─ [559] MockUSDC::balanceOf(ERC1967Proxy: [0xF62849F9A0B5Bf2913b396098F7c7019b51A820a]) [staticcall]
    │   │   │   └─ ← [Return] 100
    │   │   ├─ emit JobFunded(jobId: 1, client: buyer: [0x0fF93eDfa7FB7Ad5E962E4C0EdB9207C03a0fe02], amount: 100)
    │   │   └─ ← [Stop]
    │   └─ ← [Return]
    ├─ [0] VM::prank(intermediary: [0xD20A6CAAA6194D7285C23b63681E2843126A7709])
    │   └─ ← [Return]
    ├─ [51922] ERC1967Proxy::fallback(1, 0x1758b2051aaebc7b303d6dcfe3910ad3d22e44de6ee6cbc7252135a77255e293, 0x)
    │   ├─ [25042] ERC8183::submit(1, 0x1758b2051aaebc7b303d6dcfe3910ad3d22e44de6ee6cbc7252135a77255e293, 0x) [delegatecall]
    │   │   ├─ emit JobSubmitted(jobId: 1, provider: intermediary: [0xD20A6CAAA6194D7285C23b63681E2843126A7709], deliverable: 0x1758b2051aaebc7b303d6dcfe3910ad3d22e44de6ee6cbc7252135a77255e293)
    │   │   └─ ← [Stop]
    │   └─ ← [Return]
    ├─ [5231] ERC1967Proxy::fallback() [staticcall]
    │   ├─ [350] ERC8183::EVALUATION_GRACE_PERIOD() [delegatecall]
    │   │   └─ ← [Return] 3600
    │   └─ ← [Return] 3600
    ├─ [0] VM::warp(1871200 [1.871e6])
    │   └─ ← [Return]
    ├─ [0] VM::prank(evaluator: [0xCA5453e74F0CCC802aDd48A547cd965512fFd45d])
    │   └─ ← [Return]
    ├─ [97480] ERC1967Proxy::fallback(1, 0x1bb1938abfadc7a5fce59d8d25ad567930abb3d51bc6ee51d4a1ebd1be2c4f64, 0x)
    │   ├─ [70600] ERC8183::complete(1, 0x1bb1938abfadc7a5fce59d8d25ad567930abb3d51bc6ee51d4a1ebd1be2c4f64, 0x) [delegatecall]
    │   │   ├─ [29981] MockUSDC::transfer(intermediary: [0xD20A6CAAA6194D7285C23b63681E2843126A7709], 100)
    │   │   │   ├─ emit Transfer(from: ERC1967Proxy: [0xF62849F9A0B5Bf2913b396098F7c7019b51A820a], to: intermediary: [0xD20A6CAAA6194D7285C23b63681E2843126A7709], amount: 100)
    │   │   │   └─ ← [Return] true
    │   │   ├─ emit PaymentReleased(jobId: 1, recipient: intermediary: [0xD20A6CAAA6194D7285C23b63681E2843126A7709], amount: 100)
    │   │   ├─ emit JobCompleted(jobId: 1, evaluator: evaluator: [0xCA5453e74F0CCC802aDd48A547cd965512fFd45d], reason: 0x1bb1938abfadc7a5fce59d8d25ad567930abb3d51bc6ee51d4a1ebd1be2c4f64)
    │   │   └─ ← [Stop]
    │   └─ ← [Return]
    ├─ [0] VM::expectRevert(WrongStatus())
    │   └─ ← [Return]
    ├─ [33669] ERC1967Proxy::fallback(1)
    │   ├─ [7580] ERC8183::claimRefund(1) [delegatecall]
    │   │   └─ ← [Revert] WrongStatus()
    │   └─ ← [Revert] WrongStatus()
    ├─ [2559] MockUSDC::balanceOf(buyer: [0x0fF93eDfa7FB7Ad5E962E4C0EdB9207C03a0fe02]) [staticcall]
    │   └─ ← [Return] 0
    ├─ [2559] MockUSDC::balanceOf(intermediary: [0xD20A6CAAA6194D7285C23b63681E2843126A7709]) [staticcall]
    │   └─ ← [Return] 100
    ├─ [2559] MockUSDC::balanceOf(worker: [0x12C2e0AE414896CCA77C9D9fb8f0394ecfa7F7FC]) [staticcall]
    │   └─ ← [Return] 0
    ├─ [2559] MockUSDC::balanceOf(ERC1967Proxy: [0xF62849F9A0B5Bf2913b396098F7c7019b51A820a]) [staticcall]
    │   └─ ← [Return] 0
    ├─ [2325] MockUSDC::totalSupply() [staticcall]
    │   └─ ← [Return] 100
    └─ ← [Stop]

[PASS] test_afterGraceRefundPreventsLaterCompletion() (gas: 588963)
Traces:
  [598563] ERC8183PaperComparisonTest::test_afterGraceRefundPreventsLaterCompletion()
    ├─ [0] VM::prank(buyer: [0x0fF93eDfa7FB7Ad5E962E4C0EdB9207C03a0fe02])
    │   └─ ← [Return]
    ├─ [162354] ERC1967Proxy::fallback(intermediary: [0xD20A6CAAA6194D7285C23b63681E2843126A7709], evaluator: [0xCA5453e74F0CCC802aDd48A547cd965512fFd45d], 1003600 [1.003e6], "paper fixture", 0x0000000000000000000000000000000000000000, 0)
    │   ├─ [134647] ERC8183::createJob(intermediary: [0xD20A6CAAA6194D7285C23b63681E2843126A7709], evaluator: [0xCA5453e74F0CCC802aDd48A547cd965512fFd45d], 1003600 [1.003e6], "paper fixture", 0x0000000000000000000000000000000000000000, 0) [delegatecall]
    │   │   ├─ emit JobCreated(jobId: 1, client: buyer: [0x0fF93eDfa7FB7Ad5E962E4C0EdB9207C03a0fe02], provider: intermediary: [0xD20A6CAAA6194D7285C23b63681E2843126A7709], evaluator: evaluator: [0xCA5453e74F0CCC802aDd48A547cd965512fFd45d], expiredAt: 1003600 [1.003e6], hook: 0x0000000000000000000000000000000000000000)
    │   │   └─ ← [Return] 1
    │   └─ ← [Return] 1
    ├─ [0] VM::prank(intermediary: [0xD20A6CAAA6194D7285C23b63681E2843126A7709])
    │   └─ ← [Return]
    ├─ [90456] ERC1967Proxy::fallback(1, MockUSDC: [0x5615dEB798BB3E4dFa0139dFa1b3D433Cc23b72f], 100, 0x)
    │   ├─ [63574] ERC8183::setBudget(1, MockUSDC: [0x5615dEB798BB3E4dFa0139dFa1b3D433Cc23b72f], 100, 0x) [delegatecall]
    │   │   ├─ emit BudgetSet(jobId: 1, token: MockUSDC: [0x5615dEB798BB3E4dFa0139dFa1b3D433Cc23b72f], amount: 100)
    │   │   └─ ← [Stop]
    │   └─ ← [Return]
    ├─ [0] VM::prank(buyer: [0x0fF93eDfa7FB7Ad5E962E4C0EdB9207C03a0fe02])
    │   └─ ← [Return]
    ├─ [86969] ERC1967Proxy::fallback(1, MockUSDC: [0x5615dEB798BB3E4dFa0139dFa1b3D433Cc23b72f], 100, 0x)
    │   ├─ [60087] ERC8183::fund(1, MockUSDC: [0x5615dEB798BB3E4dFa0139dFa1b3D433Cc23b72f], 100, 0x) [delegatecall]
    │   │   ├─ [2559] MockUSDC::balanceOf(ERC1967Proxy: [0xF62849F9A0B5Bf2913b396098F7c7019b51A820a]) [staticcall]
    │   │   │   └─ ← [Return] 0
    │   │   ├─ [30420] MockUSDC::transferFrom(buyer: [0x0fF93eDfa7FB7Ad5E962E4C0EdB9207C03a0fe02], ERC1967Proxy: [0xF62849F9A0B5Bf2913b396098F7c7019b51A820a], 100)
    │   │   │   ├─ emit Transfer(from: buyer: [0x0fF93eDfa7FB7Ad5E962E4C0EdB9207C03a0fe02], to: ERC1967Proxy: [0xF62849F9A0B5Bf2913b396098F7c7019b51A820a], amount: 100)
    │   │   │   └─ ← [Return] true
    │   │   ├─ [559] MockUSDC::balanceOf(ERC1967Proxy: [0xF62849F9A0B5Bf2913b396098F7c7019b51A820a]) [staticcall]
    │   │   │   └─ ← [Return] 100
    │   │   ├─ emit JobFunded(jobId: 1, client: buyer: [0x0fF93eDfa7FB7Ad5E962E4C0EdB9207C03a0fe02], amount: 100)
    │   │   └─ ← [Stop]
    │   └─ ← [Return]
    ├─ [0] VM::prank(intermediary: [0xD20A6CAAA6194D7285C23b63681E2843126A7709])
    │   └─ ← [Return]
    ├─ [51922] ERC1967Proxy::fallback(1, 0x1758b2051aaebc7b303d6dcfe3910ad3d22e44de6ee6cbc7252135a77255e293, 0x)
    │   ├─ [25042] ERC8183::submit(1, 0x1758b2051aaebc7b303d6dcfe3910ad3d22e44de6ee6cbc7252135a77255e293, 0x) [delegatecall]
    │   │   ├─ emit JobSubmitted(jobId: 1, provider: intermediary: [0xD20A6CAAA6194D7285C23b63681E2843126A7709], deliverable: 0x1758b2051aaebc7b303d6dcfe3910ad3d22e44de6ee6cbc7252135a77255e293)
    │   │   └─ ← [Stop]
    │   └─ ← [Return]
    ├─ [5231] ERC1967Proxy::fallback() [staticcall]
    │   ├─ [350] ERC8183::EVALUATION_GRACE_PERIOD() [delegatecall]
    │   │   └─ ← [Return] 3600
    │   └─ ← [Return] 3600
    ├─ [0] VM::warp(1007200 [1.007e6])
    │   └─ ← [Return]
    ├─ [84047] ERC1967Proxy::fallback(1)
    │   ├─ [57962] ERC8183::claimRefund(1) [delegatecall]
    │   │   ├─ [29981] MockUSDC::transfer(buyer: [0x0fF93eDfa7FB7Ad5E962E4C0EdB9207C03a0fe02], 100)
    │   │   │   ├─ emit Transfer(from: ERC1967Proxy: [0xF62849F9A0B5Bf2913b396098F7c7019b51A820a], to: buyer: [0x0fF93eDfa7FB7Ad5E962E4C0EdB9207C03a0fe02], amount: 100)
    │   │   │   └─ ← [Return] true
    │   │   ├─ emit Refunded(jobId: 1, client: buyer: [0x0fF93eDfa7FB7Ad5E962E4C0EdB9207C03a0fe02], amount: 100)
    │   │   ├─ emit JobExpired(jobId: 1)
    │   │   └─ ← [Stop]
    │   └─ ← [Return]
    ├─ [0] VM::expectRevert(WrongStatus())
    │   └─ ← [Return]
    ├─ [0] VM::prank(evaluator: [0xCA5453e74F0CCC802aDd48A547cd965512fFd45d])
    │   └─ ← [Return]
    ├─ [34282] ERC1967Proxy::fallback(1, 0x6c61746520616363657074616e63650000000000000000000000000000000000, 0x)
    │   ├─ [7602] ERC8183::complete(1, 0x6c61746520616363657074616e63650000000000000000000000000000000000, 0x) [delegatecall]
    │   │   └─ ← [Revert] WrongStatus()
    │   └─ ← [Revert] WrongStatus()
    ├─ [2559] MockUSDC::balanceOf(buyer: [0x0fF93eDfa7FB7Ad5E962E4C0EdB9207C03a0fe02]) [staticcall]
    │   └─ ← [Return] 100
    ├─ [2559] MockUSDC::balanceOf(intermediary: [0xD20A6CAAA6194D7285C23b63681E2843126A7709]) [staticcall]
    │   └─ ← [Return] 0
    ├─ [2559] MockUSDC::balanceOf(worker: [0x12C2e0AE414896CCA77C9D9fb8f0394ecfa7F7FC]) [staticcall]
    │   └─ ← [Return] 0
    ├─ [2559] MockUSDC::balanceOf(ERC1967Proxy: [0xF62849F9A0B5Bf2913b396098F7c7019b51A820a]) [staticcall]
    │   └─ ← [Return] 0
    ├─ [2325] MockUSDC::totalSupply() [staticcall]
    │   └─ ← [Return] 100
    └─ ← [Stop]

[PASS] test_approvedMilestoneSurvivesJobRejectionWithRemainingRefund() (gas: 788570)
Logs:
  ERC8183 single-job milestone: buyer refund=40 provider paid=60 escrow=0 supply=100

Traces:
  [802970] ERC8183PaperComparisonTest::test_approvedMilestoneSurvivesJobRejectionWithRemainingRefund()
    ├─ [0] VM::prank(buyer: [0x0fF93eDfa7FB7Ad5E962E4C0EdB9207C03a0fe02])
    │   └─ ← [Return]
    ├─ [162354] ERC1967Proxy::fallback(intermediary: [0xD20A6CAAA6194D7285C23b63681E2843126A7709], evaluator: [0xCA5453e74F0CCC802aDd48A547cd965512fFd45d], 1003600 [1.003e6], "paper fixture", 0x0000000000000000000000000000000000000000, 0)
    │   ├─ [134647] ERC8183::createJob(intermediary: [0xD20A6CAAA6194D7285C23b63681E2843126A7709], evaluator: [0xCA5453e74F0CCC802aDd48A547cd965512fFd45d], 1003600 [1.003e6], "paper fixture", 0x0000000000000000000000000000000000000000, 0) [delegatecall]
    │   │   ├─ emit JobCreated(jobId: 1, client: buyer: [0x0fF93eDfa7FB7Ad5E962E4C0EdB9207C03a0fe02], provider: intermediary: [0xD20A6CAAA6194D7285C23b63681E2843126A7709], evaluator: evaluator: [0xCA5453e74F0CCC802aDd48A547cd965512fFd45d], expiredAt: 1003600 [1.003e6], hook: 0x0000000000000000000000000000000000000000)
    │   │   └─ ← [Return] 1
    │   └─ ← [Return] 1
    ├─ [0] VM::prank(intermediary: [0xD20A6CAAA6194D7285C23b63681E2843126A7709])
    │   └─ ← [Return]
    ├─ [90456] ERC1967Proxy::fallback(1, MockUSDC: [0x5615dEB798BB3E4dFa0139dFa1b3D433Cc23b72f], 100, 0x)
    │   ├─ [63574] ERC8183::setBudget(1, MockUSDC: [0x5615dEB798BB3E4dFa0139dFa1b3D433Cc23b72f], 100, 0x) [delegatecall]
    │   │   ├─ emit BudgetSet(jobId: 1, token: MockUSDC: [0x5615dEB798BB3E4dFa0139dFa1b3D433Cc23b72f], amount: 100)
    │   │   └─ ← [Stop]
    │   └─ ← [Return]
    ├─ [0] VM::prank(buyer: [0x0fF93eDfa7FB7Ad5E962E4C0EdB9207C03a0fe02])
    │   └─ ← [Return]
    ├─ [86969] ERC1967Proxy::fallback(1, MockUSDC: [0x5615dEB798BB3E4dFa0139dFa1b3D433Cc23b72f], 100, 0x)
    │   ├─ [60087] ERC8183::fund(1, MockUSDC: [0x5615dEB798BB3E4dFa0139dFa1b3D433Cc23b72f], 100, 0x) [delegatecall]
    │   │   ├─ [2559] MockUSDC::balanceOf(ERC1967Proxy: [0xF62849F9A0B5Bf2913b396098F7c7019b51A820a]) [staticcall]
    │   │   │   └─ ← [Return] 0
    │   │   ├─ [30420] MockUSDC::transferFrom(buyer: [0x0fF93eDfa7FB7Ad5E962E4C0EdB9207C03a0fe02], ERC1967Proxy: [0xF62849F9A0B5Bf2913b396098F7c7019b51A820a], 100)
    │   │   │   ├─ emit Transfer(from: buyer: [0x0fF93eDfa7FB7Ad5E962E4C0EdB9207C03a0fe02], to: ERC1967Proxy: [0xF62849F9A0B5Bf2913b396098F7c7019b51A820a], amount: 100)
    │   │   │   └─ ← [Return] true
    │   │   ├─ [559] MockUSDC::balanceOf(ERC1967Proxy: [0xF62849F9A0B5Bf2913b396098F7c7019b51A820a]) [staticcall]
    │   │   │   └─ ← [Return] 100
    │   │   ├─ emit JobFunded(jobId: 1, client: buyer: [0x0fF93eDfa7FB7Ad5E962E4C0EdB9207C03a0fe02], amount: 100)
    │   │   └─ ← [Stop]
    │   └─ ← [Return]
    ├─ [0] VM::prank(intermediary: [0xD20A6CAAA6194D7285C23b63681E2843126A7709])
    │   └─ ← [Return]
    ├─ [92651] ERC1967Proxy::fallback(1, 60, 0x2d4d2d9b90b6f0da296c9949fd0a8e0e06bd306b40242908c5df973e1b7460bc, 0x)
    │   ├─ [65625] ERC8183::submitClaim(1, 60, 0x2d4d2d9b90b6f0da296c9949fd0a8e0e06bd306b40242908c5df973e1b7460bc, 0x) [delegatecall]
    │   │   ├─ emit ClaimSubmitted(jobId: 1, provider: intermediary: [0xD20A6CAAA6194D7285C23b63681E2843126A7709], cumulativeAmount: 60, delta: 60, deliverable: 0x2d4d2d9b90b6f0da296c9949fd0a8e0e06bd306b40242908c5df973e1b7460bc, optParams: 0x)
    │   │   └─ ← [Stop]
    │   └─ ← [Return]
    ├─ [0] VM::prank(evaluator: [0xCA5453e74F0CCC802aDd48A547cd965512fFd45d])
    │   └─ ← [Return]
    ├─ [122762] ERC1967Proxy::fallback(1, 60, 0x2d4d2d9b90b6f0da296c9949fd0a8e0e06bd306b40242908c5df973e1b7460bc, 0x)
    │   ├─ [95736] ERC8183::approveClaim(1, 60, 0x2d4d2d9b90b6f0da296c9949fd0a8e0e06bd306b40242908c5df973e1b7460bc, 0x) [delegatecall]
    │   │   ├─ [29981] MockUSDC::transfer(intermediary: [0xD20A6CAAA6194D7285C23b63681E2843126A7709], 60)
    │   │   │   ├─ emit Transfer(from: ERC1967Proxy: [0xF62849F9A0B5Bf2913b396098F7c7019b51A820a], to: intermediary: [0xD20A6CAAA6194D7285C23b63681E2843126A7709], amount: 60)
    │   │   │   └─ ← [Return] true
    │   │   ├─ emit PaymentReleased(jobId: 1, recipient: intermediary: [0xD20A6CAAA6194D7285C23b63681E2843126A7709], amount: 60)
    │   │   ├─ emit Settled(jobId: 1, cumulativeAmount: 60, delta: 60)
    │   │   ├─ emit ClaimApproved(jobId: 1, approver: evaluator: [0xCA5453e74F0CCC802aDd48A547cd965512fFd45d], cumulativeAmount: 60, delta: 60, deliverable: 0x2d4d2d9b90b6f0da296c9949fd0a8e0e06bd306b40242908c5df973e1b7460bc)
    │   │   └─ ← [Stop]
    │   └─ ← [Return]
    ├─ [28631] ERC1967Proxy::fallback(1) [staticcall]
    │   ├─ [23663] ERC8183::getJob(1) [delegatecall]
    │   │   └─ ← [Return] Job({ client: 0x0fF93eDfa7FB7Ad5E962E4C0EdB9207C03a0fe02, status: 1, provider: 0xD20A6CAAA6194D7285C23b63681E2843126A7709, expiredAt: 1003600 [1.003e6], evaluator: 0xCA5453e74F0CCC802aDd48A547cd965512fFd45d, submittedAt: 0, budget: 100, hook: 0x0000000000000000000000000000000000000000, paymentToken: 0x5615dEB798BB3E4dFa0139dFa1b3D433Cc23b72f, providerAgentId: 0, description: "paper fixture", settledAmount: 60, payoutReceiver: 0x0000000000000000000000000000000000000000 })
    │   └─ ← [Return] Job({ client: 0x0fF93eDfa7FB7Ad5E962E4C0EdB9207C03a0fe02, status: 1, provider: 0xD20A6CAAA6194D7285C23b63681E2843126A7709, expiredAt: 1003600 [1.003e6], evaluator: 0xCA5453e74F0CCC802aDd48A547cd965512fFd45d, submittedAt: 0, budget: 100, hook: 0x0000000000000000000000000000000000000000, paymentToken: 0x5615dEB798BB3E4dFa0139dFa1b3D433Cc23b72f, providerAgentId: 0, description: "paper fixture", settledAmount: 60, payoutReceiver: 0x0000000000000000000000000000000000000000 })
    ├─ [2559] MockUSDC::balanceOf(buyer: [0x0fF93eDfa7FB7Ad5E962E4C0EdB9207C03a0fe02]) [staticcall]
    │   └─ ← [Return] 0
    ├─ [2559] MockUSDC::balanceOf(intermediary: [0xD20A6CAAA6194D7285C23b63681E2843126A7709]) [staticcall]
    │   └─ ← [Return] 60
    ├─ [2559] MockUSDC::balanceOf(worker: [0x12C2e0AE414896CCA77C9D9fb8f0394ecfa7F7FC]) [staticcall]
    │   └─ ← [Return] 0
    ├─ [2559] MockUSDC::balanceOf(ERC1967Proxy: [0xF62849F9A0B5Bf2913b396098F7c7019b51A820a]) [staticcall]
    │   └─ ← [Return] 40
    ├─ [2325] MockUSDC::totalSupply() [staticcall]
    │   └─ ← [Return] 100
    ├─ [0] VM::prank(evaluator: [0xCA5453e74F0CCC802aDd48A547cd965512fFd45d])
    │   └─ ← [Return]
    ├─ [88028] ERC1967Proxy::fallback(1, 0x72656d61696e696e6720776f726b206661696c65640000000000000000000000, 0x)
    │   ├─ [61280] ERC8183::reject(1, 0x72656d61696e696e6720776f726b206661696c65640000000000000000000000, 0x) [delegatecall]
    │   │   ├─ [29981] MockUSDC::transfer(buyer: [0x0fF93eDfa7FB7Ad5E962E4C0EdB9207C03a0fe02], 40)
    │   │   │   ├─ emit Transfer(from: ERC1967Proxy: [0xF62849F9A0B5Bf2913b396098F7c7019b51A820a], to: buyer: [0x0fF93eDfa7FB7Ad5E962E4C0EdB9207C03a0fe02], amount: 40)
    │   │   │   └─ ← [Return] true
    │   │   ├─ emit Refunded(jobId: 1, client: buyer: [0x0fF93eDfa7FB7Ad5E962E4C0EdB9207C03a0fe02], amount: 40)
    │   │   ├─ emit JobRejected(jobId: 1, rejector: evaluator: [0xCA5453e74F0CCC802aDd48A547cd965512fFd45d], reason: 0x72656d61696e696e6720776f726b206661696c65640000000000000000000000)
    │   │   └─ ← [Stop]
    │   └─ ← [Return]
    ├─ [2559] MockUSDC::balanceOf(buyer: [0x0fF93eDfa7FB7Ad5E962E4C0EdB9207C03a0fe02]) [staticcall]
    │   └─ ← [Return] 40
    ├─ [2559] MockUSDC::balanceOf(intermediary: [0xD20A6CAAA6194D7285C23b63681E2843126A7709]) [staticcall]
    │   └─ ← [Return] 60
    ├─ [2559] MockUSDC::balanceOf(worker: [0x12C2e0AE414896CCA77C9D9fb8f0394ecfa7F7FC]) [staticcall]
    │   └─ ← [Return] 0
    ├─ [2559] MockUSDC::balanceOf(ERC1967Proxy: [0xF62849F9A0B5Bf2913b396098F7c7019b51A820a]) [staticcall]
    │   └─ ← [Return] 0
    ├─ [2325] MockUSDC::totalSupply() [staticcall]
    │   └─ ← [Return] 100
    ├─ emit log(val: "ERC8183 single-job milestone: buyer refund=40 provider paid=60 escrow=0 supply=100")
    └─ ← [Stop]

[PASS] test_clientCannotRejectFundedJobWhenEvaluatorIsDistinct() (gas: 434471)
Traces:
  [439271] ERC8183PaperComparisonTest::test_clientCannotRejectFundedJobWhenEvaluatorIsDistinct()
    ├─ [0] VM::prank(buyer: [0x0fF93eDfa7FB7Ad5E962E4C0EdB9207C03a0fe02])
    │   └─ ← [Return]
    ├─ [162354] ERC1967Proxy::fallback(intermediary: [0xD20A6CAAA6194D7285C23b63681E2843126A7709], evaluator: [0xCA5453e74F0CCC802aDd48A547cd965512fFd45d], 1003600 [1.003e6], "paper fixture", 0x0000000000000000000000000000000000000000, 0)
    │   ├─ [134647] ERC8183::createJob(intermediary: [0xD20A6CAAA6194D7285C23b63681E2843126A7709], evaluator: [0xCA5453e74F0CCC802aDd48A547cd965512fFd45d], 1003600 [1.003e6], "paper fixture", 0x0000000000000000000000000000000000000000, 0) [delegatecall]
    │   │   ├─ emit JobCreated(jobId: 1, client: buyer: [0x0fF93eDfa7FB7Ad5E962E4C0EdB9207C03a0fe02], provider: intermediary: [0xD20A6CAAA6194D7285C23b63681E2843126A7709], evaluator: evaluator: [0xCA5453e74F0CCC802aDd48A547cd965512fFd45d], expiredAt: 1003600 [1.003e6], hook: 0x0000000000000000000000000000000000000000)
    │   │   └─ ← [Return] 1
    │   └─ ← [Return] 1
    ├─ [0] VM::prank(intermediary: [0xD20A6CAAA6194D7285C23b63681E2843126A7709])
    │   └─ ← [Return]
    ├─ [90456] ERC1967Proxy::fallback(1, MockUSDC: [0x5615dEB798BB3E4dFa0139dFa1b3D433Cc23b72f], 100, 0x)
    │   ├─ [63574] ERC8183::setBudget(1, MockUSDC: [0x5615dEB798BB3E4dFa0139dFa1b3D433Cc23b72f], 100, 0x) [delegatecall]
    │   │   ├─ emit BudgetSet(jobId: 1, token: MockUSDC: [0x5615dEB798BB3E4dFa0139dFa1b3D433Cc23b72f], amount: 100)
    │   │   └─ ← [Stop]
    │   └─ ← [Return]
    ├─ [0] VM::prank(buyer: [0x0fF93eDfa7FB7Ad5E962E4C0EdB9207C03a0fe02])
    │   └─ ← [Return]
    ├─ [86969] ERC1967Proxy::fallback(1, MockUSDC: [0x5615dEB798BB3E4dFa0139dFa1b3D433Cc23b72f], 100, 0x)
    │   ├─ [60087] ERC8183::fund(1, MockUSDC: [0x5615dEB798BB3E4dFa0139dFa1b3D433Cc23b72f], 100, 0x) [delegatecall]
    │   │   ├─ [2559] MockUSDC::balanceOf(ERC1967Proxy: [0xF62849F9A0B5Bf2913b396098F7c7019b51A820a]) [staticcall]
    │   │   │   └─ ← [Return] 0
    │   │   ├─ [30420] MockUSDC::transferFrom(buyer: [0x0fF93eDfa7FB7Ad5E962E4C0EdB9207C03a0fe02], ERC1967Proxy: [0xF62849F9A0B5Bf2913b396098F7c7019b51A820a], 100)
    │   │   │   ├─ emit Transfer(from: buyer: [0x0fF93eDfa7FB7Ad5E962E4C0EdB9207C03a0fe02], to: ERC1967Proxy: [0xF62849F9A0B5Bf2913b396098F7c7019b51A820a], amount: 100)
    │   │   │   └─ ← [Return] true
    │   │   ├─ [559] MockUSDC::balanceOf(ERC1967Proxy: [0xF62849F9A0B5Bf2913b396098F7c7019b51A820a]) [staticcall]
    │   │   │   └─ ← [Return] 100
    │   │   ├─ emit JobFunded(jobId: 1, client: buyer: [0x0fF93eDfa7FB7Ad5E962E4C0EdB9207C03a0fe02], amount: 100)
    │   │   └─ ← [Stop]
    │   └─ ← [Return]
    ├─ [0] VM::expectRevert(Unauthorized())
    │   └─ ← [Return]
    ├─ [0] VM::prank(buyer: [0x0fF93eDfa7FB7Ad5E962E4C0EdB9207C03a0fe02])
    │   └─ ← [Return]
    ├─ [36615] ERC1967Proxy::fallback(1, 0x756e696c61746572616c2063616e63656c6c6174696f6e000000000000000000, 0x)
    │   ├─ [9839] ERC8183::reject(1, 0x756e696c61746572616c2063616e63656c6c6174696f6e000000000000000000, 0x) [delegatecall]
    │   │   └─ ← [Revert] Unauthorized()
    │   └─ ← [Revert] Unauthorized()
    ├─ [2559] MockUSDC::balanceOf(buyer: [0x0fF93eDfa7FB7Ad5E962E4C0EdB9207C03a0fe02]) [staticcall]
    │   └─ ← [Return] 0
    ├─ [2559] MockUSDC::balanceOf(intermediary: [0xD20A6CAAA6194D7285C23b63681E2843126A7709]) [staticcall]
    │   └─ ← [Return] 0
    ├─ [2559] MockUSDC::balanceOf(worker: [0x12C2e0AE414896CCA77C9D9fb8f0394ecfa7F7FC]) [staticcall]
    │   └─ ← [Return] 0
    ├─ [2559] MockUSDC::balanceOf(ERC1967Proxy: [0xF62849F9A0B5Bf2913b396098F7c7019b51A820a]) [staticcall]
    │   └─ ← [Return] 100
    ├─ [2325] MockUSDC::totalSupply() [staticcall]
    │   └─ ← [Return] 100
    └─ ← [Stop]

[PASS] test_evaluatorOutageRefundsSubmittedJobAfterGrace() (gas: 622172)
Traces:
  [631772] ERC8183PaperComparisonTest::test_evaluatorOutageRefundsSubmittedJobAfterGrace()
    ├─ [0] VM::prank(buyer: [0x0fF93eDfa7FB7Ad5E962E4C0EdB9207C03a0fe02])
    │   └─ ← [Return]
    ├─ [162354] ERC1967Proxy::fallback(intermediary: [0xD20A6CAAA6194D7285C23b63681E2843126A7709], evaluator: [0xCA5453e74F0CCC802aDd48A547cd965512fFd45d], 1003600 [1.003e6], "paper fixture", 0x0000000000000000000000000000000000000000, 0)
    │   ├─ [134647] ERC8183::createJob(intermediary: [0xD20A6CAAA6194D7285C23b63681E2843126A7709], evaluator: [0xCA5453e74F0CCC802aDd48A547cd965512fFd45d], 1003600 [1.003e6], "paper fixture", 0x0000000000000000000000000000000000000000, 0) [delegatecall]
    │   │   ├─ emit JobCreated(jobId: 1, client: buyer: [0x0fF93eDfa7FB7Ad5E962E4C0EdB9207C03a0fe02], provider: intermediary: [0xD20A6CAAA6194D7285C23b63681E2843126A7709], evaluator: evaluator: [0xCA5453e74F0CCC802aDd48A547cd965512fFd45d], expiredAt: 1003600 [1.003e6], hook: 0x0000000000000000000000000000000000000000)
    │   │   └─ ← [Return] 1
    │   └─ ← [Return] 1
    ├─ [0] VM::prank(intermediary: [0xD20A6CAAA6194D7285C23b63681E2843126A7709])
    │   └─ ← [Return]
    ├─ [90456] ERC1967Proxy::fallback(1, MockUSDC: [0x5615dEB798BB3E4dFa0139dFa1b3D433Cc23b72f], 100, 0x)
    │   ├─ [63574] ERC8183::setBudget(1, MockUSDC: [0x5615dEB798BB3E4dFa0139dFa1b3D433Cc23b72f], 100, 0x) [delegatecall]
    │   │   ├─ emit BudgetSet(jobId: 1, token: MockUSDC: [0x5615dEB798BB3E4dFa0139dFa1b3D433Cc23b72f], amount: 100)
    │   │   └─ ← [Stop]
    │   └─ ← [Return]
    ├─ [0] VM::prank(buyer: [0x0fF93eDfa7FB7Ad5E962E4C0EdB9207C03a0fe02])
    │   └─ ← [Return]
    ├─ [86969] ERC1967Proxy::fallback(1, MockUSDC: [0x5615dEB798BB3E4dFa0139dFa1b3D433Cc23b72f], 100, 0x)
    │   ├─ [60087] ERC8183::fund(1, MockUSDC: [0x5615dEB798BB3E4dFa0139dFa1b3D433Cc23b72f], 100, 0x) [delegatecall]
    │   │   ├─ [2559] MockUSDC::balanceOf(ERC1967Proxy: [0xF62849F9A0B5Bf2913b396098F7c7019b51A820a]) [staticcall]
    │   │   │   └─ ← [Return] 0
    │   │   ├─ [30420] MockUSDC::transferFrom(buyer: [0x0fF93eDfa7FB7Ad5E962E4C0EdB9207C03a0fe02], ERC1967Proxy: [0xF62849F9A0B5Bf2913b396098F7c7019b51A820a], 100)
    │   │   │   ├─ emit Transfer(from: buyer: [0x0fF93eDfa7FB7Ad5E962E4C0EdB9207C03a0fe02], to: ERC1967Proxy: [0xF62849F9A0B5Bf2913b396098F7c7019b51A820a], amount: 100)
    │   │   │   └─ ← [Return] true
    │   │   ├─ [559] MockUSDC::balanceOf(ERC1967Proxy: [0xF62849F9A0B5Bf2913b396098F7c7019b51A820a]) [staticcall]
    │   │   │   └─ ← [Return] 100
    │   │   ├─ emit JobFunded(jobId: 1, client: buyer: [0x0fF93eDfa7FB7Ad5E962E4C0EdB9207C03a0fe02], amount: 100)
    │   │   └─ ← [Stop]
    │   └─ ← [Return]
    ├─ [0] VM::prank(intermediary: [0xD20A6CAAA6194D7285C23b63681E2843126A7709])
    │   └─ ← [Return]
    ├─ [51922] ERC1967Proxy::fallback(1, 0x1758b2051aaebc7b303d6dcfe3910ad3d22e44de6ee6cbc7252135a77255e293, 0x)
    │   ├─ [25042] ERC8183::submit(1, 0x1758b2051aaebc7b303d6dcfe3910ad3d22e44de6ee6cbc7252135a77255e293, 0x) [delegatecall]
    │   │   ├─ emit JobSubmitted(jobId: 1, provider: intermediary: [0xD20A6CAAA6194D7285C23b63681E2843126A7709], deliverable: 0x1758b2051aaebc7b303d6dcfe3910ad3d22e44de6ee6cbc7252135a77255e293)
    │   │   └─ ← [Stop]
    │   └─ ← [Return]
    ├─ [0] VM::warp(1003600 [1.003e6])
    │   └─ ← [Return]
    ├─ [0] VM::expectRevert(GracePeriodActive())
    │   └─ ← [Return]
    ├─ [38246] ERC1967Proxy::fallback(1)
    │   ├─ [12157] ERC8183::claimRefund(1) [delegatecall]
    │   │   └─ ← [Revert] GracePeriodActive()
    │   └─ ← [Revert] GracePeriodActive()
    ├─ [5231] ERC1967Proxy::fallback() [staticcall]
    │   ├─ [350] ERC8183::EVALUATION_GRACE_PERIOD() [delegatecall]
    │   │   └─ ← [Return] 3600
    │   └─ ← [Return] 3600
    ├─ [0] VM::warp(1007200 [1.007e6])
    │   └─ ← [Return]
    ├─ [0] VM::prank(stranger: [0x49052147F5D97A723DEBdf07680fFFaDAd29A5dC])
    │   └─ ← [Return]
    ├─ [84047] ERC1967Proxy::fallback(1)
    │   ├─ [57962] ERC8183::claimRefund(1) [delegatecall]
    │   │   ├─ [29981] MockUSDC::transfer(buyer: [0x0fF93eDfa7FB7Ad5E962E4C0EdB9207C03a0fe02], 100)
    │   │   │   ├─ emit Transfer(from: ERC1967Proxy: [0xF62849F9A0B5Bf2913b396098F7c7019b51A820a], to: buyer: [0x0fF93eDfa7FB7Ad5E962E4C0EdB9207C03a0fe02], amount: 100)
    │   │   │   └─ ← [Return] true
    │   │   ├─ emit Refunded(jobId: 1, client: buyer: [0x0fF93eDfa7FB7Ad5E962E4C0EdB9207C03a0fe02], amount: 100)
    │   │   ├─ emit JobExpired(jobId: 1)
    │   │   └─ ← [Stop]
    │   └─ ← [Return]
    ├─ [28631] ERC1967Proxy::fallback(1) [staticcall]
    │   ├─ [23663] ERC8183::getJob(1) [delegatecall]
    │   │   └─ ← [Return] Job({ client: 0x0fF93eDfa7FB7Ad5E962E4C0EdB9207C03a0fe02, status: 5, provider: 0xD20A6CAAA6194D7285C23b63681E2843126A7709, expiredAt: 1003600 [1.003e6], evaluator: 0xCA5453e74F0CCC802aDd48A547cd965512fFd45d, submittedAt: 1000000 [1e6], budget: 100, hook: 0x0000000000000000000000000000000000000000, paymentToken: 0x5615dEB798BB3E4dFa0139dFa1b3D433Cc23b72f, providerAgentId: 0, description: "paper fixture", settledAmount: 0, payoutReceiver: 0x0000000000000000000000000000000000000000 })
    │   └─ ← [Return] Job({ client: 0x0fF93eDfa7FB7Ad5E962E4C0EdB9207C03a0fe02, status: 5, provider: 0xD20A6CAAA6194D7285C23b63681E2843126A7709, expiredAt: 1003600 [1.003e6], evaluator: 0xCA5453e74F0CCC802aDd48A547cd965512fFd45d, submittedAt: 1000000 [1e6], budget: 100, hook: 0x0000000000000000000000000000000000000000, paymentToken: 0x5615dEB798BB3E4dFa0139dFa1b3D433Cc23b72f, providerAgentId: 0, description: "paper fixture", settledAmount: 0, payoutReceiver: 0x0000000000000000000000000000000000000000 })
    ├─ [2559] MockUSDC::balanceOf(buyer: [0x0fF93eDfa7FB7Ad5E962E4C0EdB9207C03a0fe02]) [staticcall]
    │   └─ ← [Return] 100
    ├─ [2559] MockUSDC::balanceOf(intermediary: [0xD20A6CAAA6194D7285C23b63681E2843126A7709]) [staticcall]
    │   └─ ← [Return] 0
    ├─ [2559] MockUSDC::balanceOf(worker: [0x12C2e0AE414896CCA77C9D9fb8f0394ecfa7F7FC]) [staticcall]
    │   └─ ← [Return] 0
    ├─ [2559] MockUSDC::balanceOf(ERC1967Proxy: [0xF62849F9A0B5Bf2913b396098F7c7019b51A820a]) [staticcall]
    │   └─ ← [Return] 0
    ├─ [2325] MockUSDC::totalSupply() [staticcall]
    │   └─ ← [Return] 100
    └─ ← [Stop]

[PASS] test_independentChildCanCompleteAfterParentExpiryRefund() (gas: 1174408)
Logs:
  ERC8183 child completed after parent refund: buyer=100 intermediary=0 worker=60 escrow=0 supply=160

Traces:
  [1188808] ERC8183PaperComparisonTest::test_independentChildCanCompleteAfterParentExpiryRefund()
    ├─ [51255] MockUSDC::mint(intermediary: [0xD20A6CAAA6194D7285C23b63681E2843126A7709], 60)
    │   ├─ emit Transfer(from: 0x0000000000000000000000000000000000000000, to: intermediary: [0xD20A6CAAA6194D7285C23b63681E2843126A7709], amount: 60)
    │   └─ ← [Stop]
    ├─ [0] VM::prank(buyer: [0x0fF93eDfa7FB7Ad5E962E4C0EdB9207C03a0fe02])
    │   └─ ← [Return]
    ├─ [162354] ERC1967Proxy::fallback(intermediary: [0xD20A6CAAA6194D7285C23b63681E2843126A7709], evaluator: [0xCA5453e74F0CCC802aDd48A547cd965512fFd45d], 1003600 [1.003e6], "paper fixture", 0x0000000000000000000000000000000000000000, 0)
    │   ├─ [134647] ERC8183::createJob(intermediary: [0xD20A6CAAA6194D7285C23b63681E2843126A7709], evaluator: [0xCA5453e74F0CCC802aDd48A547cd965512fFd45d], 1003600 [1.003e6], "paper fixture", 0x0000000000000000000000000000000000000000, 0) [delegatecall]
    │   │   ├─ emit JobCreated(jobId: 1, client: buyer: [0x0fF93eDfa7FB7Ad5E962E4C0EdB9207C03a0fe02], provider: intermediary: [0xD20A6CAAA6194D7285C23b63681E2843126A7709], evaluator: evaluator: [0xCA5453e74F0CCC802aDd48A547cd965512fFd45d], expiredAt: 1003600 [1.003e6], hook: 0x0000000000000000000000000000000000000000)
    │   │   └─ ← [Return] 1
    │   └─ ← [Return] 1
    ├─ [0] VM::prank(intermediary: [0xD20A6CAAA6194D7285C23b63681E2843126A7709])
    │   └─ ← [Return]
    ├─ [90456] ERC1967Proxy::fallback(1, MockUSDC: [0x5615dEB798BB3E4dFa0139dFa1b3D433Cc23b72f], 100, 0x)
    │   ├─ [63574] ERC8183::setBudget(1, MockUSDC: [0x5615dEB798BB3E4dFa0139dFa1b3D433Cc23b72f], 100, 0x) [delegatecall]
    │   │   ├─ emit BudgetSet(jobId: 1, token: MockUSDC: [0x5615dEB798BB3E4dFa0139dFa1b3D433Cc23b72f], amount: 100)
    │   │   └─ ← [Stop]
    │   └─ ← [Return]
    ├─ [0] VM::prank(buyer: [0x0fF93eDfa7FB7Ad5E962E4C0EdB9207C03a0fe02])
    │   └─ ← [Return]
    ├─ [86969] ERC1967Proxy::fallback(1, MockUSDC: [0x5615dEB798BB3E4dFa0139dFa1b3D433Cc23b72f], 100, 0x)
    │   ├─ [60087] ERC8183::fund(1, MockUSDC: [0x5615dEB798BB3E4dFa0139dFa1b3D433Cc23b72f], 100, 0x) [delegatecall]
    │   │   ├─ [2559] MockUSDC::balanceOf(ERC1967Proxy: [0xF62849F9A0B5Bf2913b396098F7c7019b51A820a]) [staticcall]
    │   │   │   └─ ← [Return] 0
    │   │   ├─ [30420] MockUSDC::transferFrom(buyer: [0x0fF93eDfa7FB7Ad5E962E4C0EdB9207C03a0fe02], ERC1967Proxy: [0xF62849F9A0B5Bf2913b396098F7c7019b51A820a], 100)
    │   │   │   ├─ emit Transfer(from: buyer: [0x0fF93eDfa7FB7Ad5E962E4C0EdB9207C03a0fe02], to: ERC1967Proxy: [0xF62849F9A0B5Bf2913b396098F7c7019b51A820a], amount: 100)
    │   │   │   └─ ← [Return] true
    │   │   ├─ [559] MockUSDC::balanceOf(ERC1967Proxy: [0xF62849F9A0B5Bf2913b396098F7c7019b51A820a]) [staticcall]
    │   │   │   └─ ← [Return] 100
    │   │   ├─ emit JobFunded(jobId: 1, client: buyer: [0x0fF93eDfa7FB7Ad5E962E4C0EdB9207C03a0fe02], amount: 100)
    │   │   └─ ← [Stop]
    │   └─ ← [Return]
    ├─ [0] VM::prank(intermediary: [0xD20A6CAAA6194D7285C23b63681E2843126A7709])
    │   └─ ← [Return]
    ├─ [145254] ERC1967Proxy::fallback(worker: [0x12C2e0AE414896CCA77C9D9fb8f0394ecfa7F7FC], evaluator: [0xCA5453e74F0CCC802aDd48A547cd965512fFd45d], 1014400 [1.014e6], "paper fixture", 0x0000000000000000000000000000000000000000, 0)
    │   ├─ [117547] ERC8183::createJob(worker: [0x12C2e0AE414896CCA77C9D9fb8f0394ecfa7F7FC], evaluator: [0xCA5453e74F0CCC802aDd48A547cd965512fFd45d], 1014400 [1.014e6], "paper fixture", 0x0000000000000000000000000000000000000000, 0) [delegatecall]
    │   │   ├─ emit JobCreated(jobId: 2, client: intermediary: [0xD20A6CAAA6194D7285C23b63681E2843126A7709], provider: worker: [0x12C2e0AE414896CCA77C9D9fb8f0394ecfa7F7FC], evaluator: evaluator: [0xCA5453e74F0CCC802aDd48A547cd965512fFd45d], expiredAt: 1014400 [1.014e6], hook: 0x0000000000000000000000000000000000000000)
    │   │   └─ ← [Return] 2
    │   └─ ← [Return] 2
    ├─ [0] VM::prank(worker: [0x12C2e0AE414896CCA77C9D9fb8f0394ecfa7F7FC])
    │   └─ ← [Return]
    ├─ [90456] ERC1967Proxy::fallback(2, MockUSDC: [0x5615dEB798BB3E4dFa0139dFa1b3D433Cc23b72f], 60, 0x)
    │   ├─ [63574] ERC8183::setBudget(2, MockUSDC: [0x5615dEB798BB3E4dFa0139dFa1b3D433Cc23b72f], 60, 0x) [delegatecall]
    │   │   ├─ emit BudgetSet(jobId: 2, token: MockUSDC: [0x5615dEB798BB3E4dFa0139dFa1b3D433Cc23b72f], amount: 60)
    │   │   └─ ← [Stop]
    │   └─ ← [Return]
    ├─ [0] VM::prank(intermediary: [0xD20A6CAAA6194D7285C23b63681E2843126A7709])
    │   └─ ← [Return]
    ├─ [69869] ERC1967Proxy::fallback(2, MockUSDC: [0x5615dEB798BB3E4dFa0139dFa1b3D433Cc23b72f], 60, 0x)
    │   ├─ [42987] ERC8183::fund(2, MockUSDC: [0x5615dEB798BB3E4dFa0139dFa1b3D433Cc23b72f], 60, 0x) [delegatecall]
    │   │   ├─ [2559] MockUSDC::balanceOf(ERC1967Proxy: [0xF62849F9A0B5Bf2913b396098F7c7019b51A820a]) [staticcall]
    │   │   │   └─ ← [Return] 100
    │   │   ├─ [13320] MockUSDC::transferFrom(intermediary: [0xD20A6CAAA6194D7285C23b63681E2843126A7709], ERC1967Proxy: [0xF62849F9A0B5Bf2913b396098F7c7019b51A820a], 60)
    │   │   │   ├─ emit Transfer(from: intermediary: [0xD20A6CAAA6194D7285C23b63681E2843126A7709], to: ERC1967Proxy: [0xF62849F9A0B5Bf2913b396098F7c7019b51A820a], amount: 60)
    │   │   │   └─ ← [Return] true
    │   │   ├─ [559] MockUSDC::balanceOf(ERC1967Proxy: [0xF62849F9A0B5Bf2913b396098F7c7019b51A820a]) [staticcall]
    │   │   │   └─ ← [Return] 160
    │   │   ├─ emit JobFunded(jobId: 2, client: intermediary: [0xD20A6CAAA6194D7285C23b63681E2843126A7709], amount: 60)
    │   │   └─ ← [Stop]
    │   └─ ← [Return]
    ├─ [2559] MockUSDC::balanceOf(buyer: [0x0fF93eDfa7FB7Ad5E962E4C0EdB9207C03a0fe02]) [staticcall]
    │   └─ ← [Return] 0
    ├─ [2559] MockUSDC::balanceOf(intermediary: [0xD20A6CAAA6194D7285C23b63681E2843126A7709]) [staticcall]
    │   └─ ← [Return] 0
    ├─ [2559] MockUSDC::balanceOf(worker: [0x12C2e0AE414896CCA77C9D9fb8f0394ecfa7F7FC]) [staticcall]
    │   └─ ← [Return] 0
    ├─ [2559] MockUSDC::balanceOf(ERC1967Proxy: [0xF62849F9A0B5Bf2913b396098F7c7019b51A820a]) [staticcall]
    │   └─ ← [Return] 160
    ├─ [2325] MockUSDC::totalSupply() [staticcall]
    │   └─ ← [Return] 160
    ├─ [0] VM::prank(worker: [0x12C2e0AE414896CCA77C9D9fb8f0394ecfa7F7FC])
    │   └─ ← [Return]
    ├─ [51910] ERC1967Proxy::fallback(2, 0x56cc610c06132676ca5657c6870d3c5b397501364de5993f3700621288676456, 0x)
    │   ├─ [25042] ERC8183::submit(2, 0x56cc610c06132676ca5657c6870d3c5b397501364de5993f3700621288676456, 0x) [delegatecall]
    │   │   ├─ emit JobSubmitted(jobId: 2, provider: worker: [0x12C2e0AE414896CCA77C9D9fb8f0394ecfa7F7FC], deliverable: 0x56cc610c06132676ca5657c6870d3c5b397501364de5993f3700621288676456)
    │   │   └─ ← [Stop]
    │   └─ ← [Return]
    ├─ [0] VM::prank(intermediary: [0xD20A6CAAA6194D7285C23b63681E2843126A7709])
    │   └─ ← [Return]
    ├─ [51922] ERC1967Proxy::fallback(1, 0x1758b2051aaebc7b303d6dcfe3910ad3d22e44de6ee6cbc7252135a77255e293, 0x)
    │   ├─ [25042] ERC8183::submit(1, 0x1758b2051aaebc7b303d6dcfe3910ad3d22e44de6ee6cbc7252135a77255e293, 0x) [delegatecall]
    │   │   ├─ emit JobSubmitted(jobId: 1, provider: intermediary: [0xD20A6CAAA6194D7285C23b63681E2843126A7709], deliverable: 0x1758b2051aaebc7b303d6dcfe3910ad3d22e44de6ee6cbc7252135a77255e293)
    │   │   └─ ← [Stop]
    │   └─ ← [Return]
    ├─ [5231] ERC1967Proxy::fallback() [staticcall]
    │   ├─ [350] ERC8183::EVALUATION_GRACE_PERIOD() [delegatecall]
    │   │   └─ ← [Return] 3600
    │   └─ ← [Return] 3600
    ├─ [0] VM::warp(1007200 [1.007e6])
    │   └─ ← [Return]
    ├─ [0] VM::prank(stranger: [0x49052147F5D97A723DEBdf07680fFFaDAd29A5dC])
    │   └─ ← [Return]
    ├─ [84047] ERC1967Proxy::fallback(1)
    │   ├─ [57962] ERC8183::claimRefund(1) [delegatecall]
    │   │   ├─ [29981] MockUSDC::transfer(buyer: [0x0fF93eDfa7FB7Ad5E962E4C0EdB9207C03a0fe02], 100)
    │   │   │   ├─ emit Transfer(from: ERC1967Proxy: [0xF62849F9A0B5Bf2913b396098F7c7019b51A820a], to: buyer: [0x0fF93eDfa7FB7Ad5E962E4C0EdB9207C03a0fe02], amount: 100)
    │   │   │   └─ ← [Return] true
    │   │   ├─ emit Refunded(jobId: 1, client: buyer: [0x0fF93eDfa7FB7Ad5E962E4C0EdB9207C03a0fe02], amount: 100)
    │   │   ├─ emit JobExpired(jobId: 1)
    │   │   └─ ← [Stop]
    │   └─ ← [Return]
    ├─ [2559] MockUSDC::balanceOf(buyer: [0x0fF93eDfa7FB7Ad5E962E4C0EdB9207C03a0fe02]) [staticcall]
    │   └─ ← [Return] 100
    ├─ [2559] MockUSDC::balanceOf(intermediary: [0xD20A6CAAA6194D7285C23b63681E2843126A7709]) [staticcall]
    │   └─ ← [Return] 0
    ├─ [2559] MockUSDC::balanceOf(worker: [0x12C2e0AE414896CCA77C9D9fb8f0394ecfa7F7FC]) [staticcall]
    │   └─ ← [Return] 0
    ├─ [2559] MockUSDC::balanceOf(ERC1967Proxy: [0xF62849F9A0B5Bf2913b396098F7c7019b51A820a]) [staticcall]
    │   └─ ← [Return] 60
    ├─ [2325] MockUSDC::totalSupply() [staticcall]
    │   └─ ← [Return] 160
    ├─ [0] VM::prank(evaluator: [0xCA5453e74F0CCC802aDd48A547cd965512fFd45d])
    │   └─ ← [Return]
    ├─ [97480] ERC1967Proxy::fallback(2, 0xc831615256f0cfd2a7fdad1dc6a69ead35d34546604016f455fb0da061783ad6, 0x)
    │   ├─ [70600] ERC8183::complete(2, 0xc831615256f0cfd2a7fdad1dc6a69ead35d34546604016f455fb0da061783ad6, 0x) [delegatecall]
    │   │   ├─ [29981] MockUSDC::transfer(worker: [0x12C2e0AE414896CCA77C9D9fb8f0394ecfa7F7FC], 60)
    │   │   │   ├─ emit Transfer(from: ERC1967Proxy: [0xF62849F9A0B5Bf2913b396098F7c7019b51A820a], to: worker: [0x12C2e0AE414896CCA77C9D9fb8f0394ecfa7F7FC], amount: 60)
    │   │   │   └─ ← [Return] true
    │   │   ├─ emit PaymentReleased(jobId: 2, recipient: worker: [0x12C2e0AE414896CCA77C9D9fb8f0394ecfa7F7FC], amount: 60)
    │   │   ├─ emit JobCompleted(jobId: 2, evaluator: evaluator: [0xCA5453e74F0CCC802aDd48A547cd965512fFd45d], reason: 0xc831615256f0cfd2a7fdad1dc6a69ead35d34546604016f455fb0da061783ad6)
    │   │   └─ ← [Stop]
    │   └─ ← [Return]
    ├─ [2559] MockUSDC::balanceOf(buyer: [0x0fF93eDfa7FB7Ad5E962E4C0EdB9207C03a0fe02]) [staticcall]
    │   └─ ← [Return] 100
    ├─ [2559] MockUSDC::balanceOf(intermediary: [0xD20A6CAAA6194D7285C23b63681E2843126A7709]) [staticcall]
    │   └─ ← [Return] 0
    ├─ [2559] MockUSDC::balanceOf(worker: [0x12C2e0AE414896CCA77C9D9fb8f0394ecfa7F7FC]) [staticcall]
    │   └─ ← [Return] 60
    ├─ [2559] MockUSDC::balanceOf(ERC1967Proxy: [0xF62849F9A0B5Bf2913b396098F7c7019b51A820a]) [staticcall]
    │   └─ ← [Return] 0
    ├─ [2325] MockUSDC::totalSupply() [staticcall]
    │   └─ ← [Return] 160
    ├─ emit log(val: "ERC8183 child completed after parent refund: buyer=100 intermediary=0 worker=60 escrow=0 supply=160")
    └─ ← [Stop]

[PASS] test_independentChildPaymentSurvivesParentRejection() (gas: 1175164)
Logs:
  ERC8183 parent rejected after child paid: buyer=100 intermediary=0 worker=60 escrow=0 supply=160

Traces:
  [1189564] ERC8183PaperComparisonTest::test_independentChildPaymentSurvivesParentRejection()
    ├─ [51255] MockUSDC::mint(intermediary: [0xD20A6CAAA6194D7285C23b63681E2843126A7709], 60)
    │   ├─ emit Transfer(from: 0x0000000000000000000000000000000000000000, to: intermediary: [0xD20A6CAAA6194D7285C23b63681E2843126A7709], amount: 60)
    │   └─ ← [Stop]
    ├─ [0] VM::prank(buyer: [0x0fF93eDfa7FB7Ad5E962E4C0EdB9207C03a0fe02])
    │   └─ ← [Return]
    ├─ [162354] ERC1967Proxy::fallback(intermediary: [0xD20A6CAAA6194D7285C23b63681E2843126A7709], evaluator: [0xCA5453e74F0CCC802aDd48A547cd965512fFd45d], 1003600 [1.003e6], "paper fixture", 0x0000000000000000000000000000000000000000, 0)
    │   ├─ [134647] ERC8183::createJob(intermediary: [0xD20A6CAAA6194D7285C23b63681E2843126A7709], evaluator: [0xCA5453e74F0CCC802aDd48A547cd965512fFd45d], 1003600 [1.003e6], "paper fixture", 0x0000000000000000000000000000000000000000, 0) [delegatecall]
    │   │   ├─ emit JobCreated(jobId: 1, client: buyer: [0x0fF93eDfa7FB7Ad5E962E4C0EdB9207C03a0fe02], provider: intermediary: [0xD20A6CAAA6194D7285C23b63681E2843126A7709], evaluator: evaluator: [0xCA5453e74F0CCC802aDd48A547cd965512fFd45d], expiredAt: 1003600 [1.003e6], hook: 0x0000000000000000000000000000000000000000)
    │   │   └─ ← [Return] 1
    │   └─ ← [Return] 1
    ├─ [0] VM::prank(intermediary: [0xD20A6CAAA6194D7285C23b63681E2843126A7709])
    │   └─ ← [Return]
    ├─ [90456] ERC1967Proxy::fallback(1, MockUSDC: [0x5615dEB798BB3E4dFa0139dFa1b3D433Cc23b72f], 100, 0x)
    │   ├─ [63574] ERC8183::setBudget(1, MockUSDC: [0x5615dEB798BB3E4dFa0139dFa1b3D433Cc23b72f], 100, 0x) [delegatecall]
    │   │   ├─ emit BudgetSet(jobId: 1, token: MockUSDC: [0x5615dEB798BB3E4dFa0139dFa1b3D433Cc23b72f], amount: 100)
    │   │   └─ ← [Stop]
    │   └─ ← [Return]
    ├─ [0] VM::prank(buyer: [0x0fF93eDfa7FB7Ad5E962E4C0EdB9207C03a0fe02])
    │   └─ ← [Return]
    ├─ [86969] ERC1967Proxy::fallback(1, MockUSDC: [0x5615dEB798BB3E4dFa0139dFa1b3D433Cc23b72f], 100, 0x)
    │   ├─ [60087] ERC8183::fund(1, MockUSDC: [0x5615dEB798BB3E4dFa0139dFa1b3D433Cc23b72f], 100, 0x) [delegatecall]
    │   │   ├─ [2559] MockUSDC::balanceOf(ERC1967Proxy: [0xF62849F9A0B5Bf2913b396098F7c7019b51A820a]) [staticcall]
    │   │   │   └─ ← [Return] 0
    │   │   ├─ [30420] MockUSDC::transferFrom(buyer: [0x0fF93eDfa7FB7Ad5E962E4C0EdB9207C03a0fe02], ERC1967Proxy: [0xF62849F9A0B5Bf2913b396098F7c7019b51A820a], 100)
    │   │   │   ├─ emit Transfer(from: buyer: [0x0fF93eDfa7FB7Ad5E962E4C0EdB9207C03a0fe02], to: ERC1967Proxy: [0xF62849F9A0B5Bf2913b396098F7c7019b51A820a], amount: 100)
    │   │   │   └─ ← [Return] true
    │   │   ├─ [559] MockUSDC::balanceOf(ERC1967Proxy: [0xF62849F9A0B5Bf2913b396098F7c7019b51A820a]) [staticcall]
    │   │   │   └─ ← [Return] 100
    │   │   ├─ emit JobFunded(jobId: 1, client: buyer: [0x0fF93eDfa7FB7Ad5E962E4C0EdB9207C03a0fe02], amount: 100)
    │   │   └─ ← [Stop]
    │   └─ ← [Return]
    ├─ [0] VM::prank(intermediary: [0xD20A6CAAA6194D7285C23b63681E2843126A7709])
    │   └─ ← [Return]
    ├─ [145254] ERC1967Proxy::fallback(worker: [0x12C2e0AE414896CCA77C9D9fb8f0394ecfa7F7FC], evaluator: [0xCA5453e74F0CCC802aDd48A547cd965512fFd45d], 1014400 [1.014e6], "paper fixture", 0x0000000000000000000000000000000000000000, 0)
    │   ├─ [117547] ERC8183::createJob(worker: [0x12C2e0AE414896CCA77C9D9fb8f0394ecfa7F7FC], evaluator: [0xCA5453e74F0CCC802aDd48A547cd965512fFd45d], 1014400 [1.014e6], "paper fixture", 0x0000000000000000000000000000000000000000, 0) [delegatecall]
    │   │   ├─ emit JobCreated(jobId: 2, client: intermediary: [0xD20A6CAAA6194D7285C23b63681E2843126A7709], provider: worker: [0x12C2e0AE414896CCA77C9D9fb8f0394ecfa7F7FC], evaluator: evaluator: [0xCA5453e74F0CCC802aDd48A547cd965512fFd45d], expiredAt: 1014400 [1.014e6], hook: 0x0000000000000000000000000000000000000000)
    │   │   └─ ← [Return] 2
    │   └─ ← [Return] 2
    ├─ [0] VM::prank(worker: [0x12C2e0AE414896CCA77C9D9fb8f0394ecfa7F7FC])
    │   └─ ← [Return]
    ├─ [90456] ERC1967Proxy::fallback(2, MockUSDC: [0x5615dEB798BB3E4dFa0139dFa1b3D433Cc23b72f], 60, 0x)
    │   ├─ [63574] ERC8183::setBudget(2, MockUSDC: [0x5615dEB798BB3E4dFa0139dFa1b3D433Cc23b72f], 60, 0x) [delegatecall]
    │   │   ├─ emit BudgetSet(jobId: 2, token: MockUSDC: [0x5615dEB798BB3E4dFa0139dFa1b3D433Cc23b72f], amount: 60)
    │   │   └─ ← [Stop]
    │   └─ ← [Return]
    ├─ [0] VM::prank(intermediary: [0xD20A6CAAA6194D7285C23b63681E2843126A7709])
    │   └─ ← [Return]
    ├─ [69869] ERC1967Proxy::fallback(2, MockUSDC: [0x5615dEB798BB3E4dFa0139dFa1b3D433Cc23b72f], 60, 0x)
    │   ├─ [42987] ERC8183::fund(2, MockUSDC: [0x5615dEB798BB3E4dFa0139dFa1b3D433Cc23b72f], 60, 0x) [delegatecall]
    │   │   ├─ [2559] MockUSDC::balanceOf(ERC1967Proxy: [0xF62849F9A0B5Bf2913b396098F7c7019b51A820a]) [staticcall]
    │   │   │   └─ ← [Return] 100
    │   │   ├─ [13320] MockUSDC::transferFrom(intermediary: [0xD20A6CAAA6194D7285C23b63681E2843126A7709], ERC1967Proxy: [0xF62849F9A0B5Bf2913b396098F7c7019b51A820a], 60)
    │   │   │   ├─ emit Transfer(from: intermediary: [0xD20A6CAAA6194D7285C23b63681E2843126A7709], to: ERC1967Proxy: [0xF62849F9A0B5Bf2913b396098F7c7019b51A820a], amount: 60)
    │   │   │   └─ ← [Return] true
    │   │   ├─ [559] MockUSDC::balanceOf(ERC1967Proxy: [0xF62849F9A0B5Bf2913b396098F7c7019b51A820a]) [staticcall]
    │   │   │   └─ ← [Return] 160
    │   │   ├─ emit JobFunded(jobId: 2, client: intermediary: [0xD20A6CAAA6194D7285C23b63681E2843126A7709], amount: 60)
    │   │   └─ ← [Stop]
    │   └─ ← [Return]
    ├─ [2559] MockUSDC::balanceOf(buyer: [0x0fF93eDfa7FB7Ad5E962E4C0EdB9207C03a0fe02]) [staticcall]
    │   └─ ← [Return] 0
    ├─ [2559] MockUSDC::balanceOf(intermediary: [0xD20A6CAAA6194D7285C23b63681E2843126A7709]) [staticcall]
    │   └─ ← [Return] 0
    ├─ [2559] MockUSDC::balanceOf(worker: [0x12C2e0AE414896CCA77C9D9fb8f0394ecfa7F7FC]) [staticcall]
    │   └─ ← [Return] 0
    ├─ [2559] MockUSDC::balanceOf(ERC1967Proxy: [0xF62849F9A0B5Bf2913b396098F7c7019b51A820a]) [staticcall]
    │   └─ ← [Return] 160
    ├─ [2325] MockUSDC::totalSupply() [staticcall]
    │   └─ ← [Return] 160
    ├─ [0] VM::prank(worker: [0x12C2e0AE414896CCA77C9D9fb8f0394ecfa7F7FC])
    │   └─ ← [Return]
    ├─ [51910] ERC1967Proxy::fallback(2, 0x56cc610c06132676ca5657c6870d3c5b397501364de5993f3700621288676456, 0x)
    │   ├─ [25042] ERC8183::submit(2, 0x56cc610c06132676ca5657c6870d3c5b397501364de5993f3700621288676456, 0x) [delegatecall]
    │   │   ├─ emit JobSubmitted(jobId: 2, provider: worker: [0x12C2e0AE414896CCA77C9D9fb8f0394ecfa7F7FC], deliverable: 0x56cc610c06132676ca5657c6870d3c5b397501364de5993f3700621288676456)
    │   │   └─ ← [Stop]
    │   └─ ← [Return]
    ├─ [0] VM::prank(evaluator: [0xCA5453e74F0CCC802aDd48A547cd965512fFd45d])
    │   └─ ← [Return]
    ├─ [97480] ERC1967Proxy::fallback(2, 0xc831615256f0cfd2a7fdad1dc6a69ead35d34546604016f455fb0da061783ad6, 0x)
    │   ├─ [70600] ERC8183::complete(2, 0xc831615256f0cfd2a7fdad1dc6a69ead35d34546604016f455fb0da061783ad6, 0x) [delegatecall]
    │   │   ├─ [29981] MockUSDC::transfer(worker: [0x12C2e0AE414896CCA77C9D9fb8f0394ecfa7F7FC], 60)
    │   │   │   ├─ emit Transfer(from: ERC1967Proxy: [0xF62849F9A0B5Bf2913b396098F7c7019b51A820a], to: worker: [0x12C2e0AE414896CCA77C9D9fb8f0394ecfa7F7FC], amount: 60)
    │   │   │   └─ ← [Return] true
    │   │   ├─ emit PaymentReleased(jobId: 2, recipient: worker: [0x12C2e0AE414896CCA77C9D9fb8f0394ecfa7F7FC], amount: 60)
    │   │   ├─ emit JobCompleted(jobId: 2, evaluator: evaluator: [0xCA5453e74F0CCC802aDd48A547cd965512fFd45d], reason: 0xc831615256f0cfd2a7fdad1dc6a69ead35d34546604016f455fb0da061783ad6)
    │   │   └─ ← [Stop]
    │   └─ ← [Return]
    ├─ [0] VM::prank(intermediary: [0xD20A6CAAA6194D7285C23b63681E2843126A7709])
    │   └─ ← [Return]
    ├─ [51922] ERC1967Proxy::fallback(1, 0x1758b2051aaebc7b303d6dcfe3910ad3d22e44de6ee6cbc7252135a77255e293, 0x)
    │   ├─ [25042] ERC8183::submit(1, 0x1758b2051aaebc7b303d6dcfe3910ad3d22e44de6ee6cbc7252135a77255e293, 0x) [delegatecall]
    │   │   ├─ emit JobSubmitted(jobId: 1, provider: intermediary: [0xD20A6CAAA6194D7285C23b63681E2843126A7709], deliverable: 0x1758b2051aaebc7b303d6dcfe3910ad3d22e44de6ee6cbc7252135a77255e293)
    │   │   └─ ← [Stop]
    │   └─ ← [Return]
    ├─ [0] VM::prank(evaluator: [0xCA5453e74F0CCC802aDd48A547cd965512fFd45d])
    │   └─ ← [Return]
    ├─ [88129] ERC1967Proxy::fallback(1, 0x706172656e74206661696c656400000000000000000000000000000000000000, 0x)
    │   ├─ [61477] ERC8183::reject(1, 0x706172656e74206661696c656400000000000000000000000000000000000000, 0x) [delegatecall]
    │   │   ├─ [29981] MockUSDC::transfer(buyer: [0x0fF93eDfa7FB7Ad5E962E4C0EdB9207C03a0fe02], 100)
    │   │   │   ├─ emit Transfer(from: ERC1967Proxy: [0xF62849F9A0B5Bf2913b396098F7c7019b51A820a], to: buyer: [0x0fF93eDfa7FB7Ad5E962E4C0EdB9207C03a0fe02], amount: 100)
    │   │   │   └─ ← [Return] true
    │   │   ├─ emit Refunded(jobId: 1, client: buyer: [0x0fF93eDfa7FB7Ad5E962E4C0EdB9207C03a0fe02], amount: 100)
    │   │   ├─ emit JobRejected(jobId: 1, rejector: evaluator: [0xCA5453e74F0CCC802aDd48A547cd965512fFd45d], reason: 0x706172656e74206661696c656400000000000000000000000000000000000000)
    │   │   └─ ← [Stop]
    │   └─ ← [Return]
    ├─ [28631] ERC1967Proxy::fallback(1) [staticcall]
    │   ├─ [23663] ERC8183::getJob(1) [delegatecall]
    │   │   └─ ← [Return] Job({ client: 0x0fF93eDfa7FB7Ad5E962E4C0EdB9207C03a0fe02, status: 4, provider: 0xD20A6CAAA6194D7285C23b63681E2843126A7709, expiredAt: 1003600 [1.003e6], evaluator: 0xCA5453e74F0CCC802aDd48A547cd965512fFd45d, submittedAt: 1000000 [1e6], budget: 100, hook: 0x0000000000000000000000000000000000000000, paymentToken: 0x5615dEB798BB3E4dFa0139dFa1b3D433Cc23b72f, providerAgentId: 0, description: "paper fixture", settledAmount: 0, payoutReceiver: 0x0000000000000000000000000000000000000000 })
    │   └─ ← [Return] Job({ client: 0x0fF93eDfa7FB7Ad5E962E4C0EdB9207C03a0fe02, status: 4, provider: 0xD20A6CAAA6194D7285C23b63681E2843126A7709, expiredAt: 1003600 [1.003e6], evaluator: 0xCA5453e74F0CCC802aDd48A547cd965512fFd45d, submittedAt: 1000000 [1e6], budget: 100, hook: 0x0000000000000000000000000000000000000000, paymentToken: 0x5615dEB798BB3E4dFa0139dFa1b3D433Cc23b72f, providerAgentId: 0, description: "paper fixture", settledAmount: 0, payoutReceiver: 0x0000000000000000000000000000000000000000 })
    ├─ [28631] ERC1967Proxy::fallback(2) [staticcall]
    │   ├─ [23663] ERC8183::getJob(2) [delegatecall]
    │   │   └─ ← [Return] Job({ client: 0xD20A6CAAA6194D7285C23b63681E2843126A7709, status: 3, provider: 0x12C2e0AE414896CCA77C9D9fb8f0394ecfa7F7FC, expiredAt: 1014400 [1.014e6], evaluator: 0xCA5453e74F0CCC802aDd48A547cd965512fFd45d, submittedAt: 1000000 [1e6], budget: 60, hook: 0x0000000000000000000000000000000000000000, paymentToken: 0x5615dEB798BB3E4dFa0139dFa1b3D433Cc23b72f, providerAgentId: 0, description: "paper fixture", settledAmount: 0, payoutReceiver: 0x0000000000000000000000000000000000000000 })
    │   └─ ← [Return] Job({ client: 0xD20A6CAAA6194D7285C23b63681E2843126A7709, status: 3, provider: 0x12C2e0AE414896CCA77C9D9fb8f0394ecfa7F7FC, expiredAt: 1014400 [1.014e6], evaluator: 0xCA5453e74F0CCC802aDd48A547cd965512fFd45d, submittedAt: 1000000 [1e6], budget: 60, hook: 0x0000000000000000000000000000000000000000, paymentToken: 0x5615dEB798BB3E4dFa0139dFa1b3D433Cc23b72f, providerAgentId: 0, description: "paper fixture", settledAmount: 0, payoutReceiver: 0x0000000000000000000000000000000000000000 })
    ├─ [2559] MockUSDC::balanceOf(buyer: [0x0fF93eDfa7FB7Ad5E962E4C0EdB9207C03a0fe02]) [staticcall]
    │   └─ ← [Return] 100
    ├─ [2559] MockUSDC::balanceOf(intermediary: [0xD20A6CAAA6194D7285C23b63681E2843126A7709]) [staticcall]
    │   └─ ← [Return] 0
    ├─ [2559] MockUSDC::balanceOf(worker: [0x12C2e0AE414896CCA77C9D9fb8f0394ecfa7F7FC]) [staticcall]
    │   └─ ← [Return] 60
    ├─ [2559] MockUSDC::balanceOf(ERC1967Proxy: [0xF62849F9A0B5Bf2913b396098F7c7019b51A820a]) [staticcall]
    │   └─ ← [Return] 0
    ├─ [2325] MockUSDC::totalSupply() [staticcall]
    │   └─ ← [Return] 160
    ├─ emit log(val: "ERC8183 parent rejected after child paid: buyer=100 intermediary=0 worker=60 escrow=0 supply=160")
    └─ ← [Stop]

[PASS] test_pendingMilestoneOutageClientCanClearThenRefund() (gas: 669895)
Traces:
  [684295] ERC8183PaperComparisonTest::test_pendingMilestoneOutageClientCanClearThenRefund()
    ├─ [0] VM::prank(buyer: [0x0fF93eDfa7FB7Ad5E962E4C0EdB9207C03a0fe02])
    │   └─ ← [Return]
    ├─ [162354] ERC1967Proxy::fallback(intermediary: [0xD20A6CAAA6194D7285C23b63681E2843126A7709], evaluator: [0xCA5453e74F0CCC802aDd48A547cd965512fFd45d], 1003600 [1.003e6], "paper fixture", 0x0000000000000000000000000000000000000000, 0)
    │   ├─ [134647] ERC8183::createJob(intermediary: [0xD20A6CAAA6194D7285C23b63681E2843126A7709], evaluator: [0xCA5453e74F0CCC802aDd48A547cd965512fFd45d], 1003600 [1.003e6], "paper fixture", 0x0000000000000000000000000000000000000000, 0) [delegatecall]
    │   │   ├─ emit JobCreated(jobId: 1, client: buyer: [0x0fF93eDfa7FB7Ad5E962E4C0EdB9207C03a0fe02], provider: intermediary: [0xD20A6CAAA6194D7285C23b63681E2843126A7709], evaluator: evaluator: [0xCA5453e74F0CCC802aDd48A547cd965512fFd45d], expiredAt: 1003600 [1.003e6], hook: 0x0000000000000000000000000000000000000000)
    │   │   └─ ← [Return] 1
    │   └─ ← [Return] 1
    ├─ [0] VM::prank(intermediary: [0xD20A6CAAA6194D7285C23b63681E2843126A7709])
    │   └─ ← [Return]
    ├─ [90456] ERC1967Proxy::fallback(1, MockUSDC: [0x5615dEB798BB3E4dFa0139dFa1b3D433Cc23b72f], 100, 0x)
    │   ├─ [63574] ERC8183::setBudget(1, MockUSDC: [0x5615dEB798BB3E4dFa0139dFa1b3D433Cc23b72f], 100, 0x) [delegatecall]
    │   │   ├─ emit BudgetSet(jobId: 1, token: MockUSDC: [0x5615dEB798BB3E4dFa0139dFa1b3D433Cc23b72f], amount: 100)
    │   │   └─ ← [Stop]
    │   └─ ← [Return]
    ├─ [0] VM::prank(buyer: [0x0fF93eDfa7FB7Ad5E962E4C0EdB9207C03a0fe02])
    │   └─ ← [Return]
    ├─ [86969] ERC1967Proxy::fallback(1, MockUSDC: [0x5615dEB798BB3E4dFa0139dFa1b3D433Cc23b72f], 100, 0x)
    │   ├─ [60087] ERC8183::fund(1, MockUSDC: [0x5615dEB798BB3E4dFa0139dFa1b3D433Cc23b72f], 100, 0x) [delegatecall]
    │   │   ├─ [2559] MockUSDC::balanceOf(ERC1967Proxy: [0xF62849F9A0B5Bf2913b396098F7c7019b51A820a]) [staticcall]
    │   │   │   └─ ← [Return] 0
    │   │   ├─ [30420] MockUSDC::transferFrom(buyer: [0x0fF93eDfa7FB7Ad5E962E4C0EdB9207C03a0fe02], ERC1967Proxy: [0xF62849F9A0B5Bf2913b396098F7c7019b51A820a], 100)
    │   │   │   ├─ emit Transfer(from: buyer: [0x0fF93eDfa7FB7Ad5E962E4C0EdB9207C03a0fe02], to: ERC1967Proxy: [0xF62849F9A0B5Bf2913b396098F7c7019b51A820a], amount: 100)
    │   │   │   └─ ← [Return] true
    │   │   ├─ [559] MockUSDC::balanceOf(ERC1967Proxy: [0xF62849F9A0B5Bf2913b396098F7c7019b51A820a]) [staticcall]
    │   │   │   └─ ← [Return] 100
    │   │   ├─ emit JobFunded(jobId: 1, client: buyer: [0x0fF93eDfa7FB7Ad5E962E4C0EdB9207C03a0fe02], amount: 100)
    │   │   └─ ← [Stop]
    │   └─ ← [Return]
    ├─ [0] VM::prank(intermediary: [0xD20A6CAAA6194D7285C23b63681E2843126A7709])
    │   └─ ← [Return]
    ├─ [92651] ERC1967Proxy::fallback(1, 60, 0xdde2e3d128a3d767db0f999e21a44df2be2709747cc3d5f74639eed8f5f4d96b, 0x)
    │   ├─ [65625] ERC8183::submitClaim(1, 60, 0xdde2e3d128a3d767db0f999e21a44df2be2709747cc3d5f74639eed8f5f4d96b, 0x) [delegatecall]
    │   │   ├─ emit ClaimSubmitted(jobId: 1, provider: intermediary: [0xD20A6CAAA6194D7285C23b63681E2843126A7709], cumulativeAmount: 60, delta: 60, deliverable: 0xdde2e3d128a3d767db0f999e21a44df2be2709747cc3d5f74639eed8f5f4d96b, optParams: 0x)
    │   │   └─ ← [Stop]
    │   └─ ← [Return]
    ├─ [5231] ERC1967Proxy::fallback() [staticcall]
    │   ├─ [350] ERC8183::EVALUATION_GRACE_PERIOD() [delegatecall]
    │   │   └─ ← [Return] 3600
    │   └─ ← [Return] 3600
    ├─ [0] VM::warp(1007200 [1.007e6])
    │   └─ ← [Return]
    ├─ [0] VM::expectRevert(PendingClaimExists())
    │   └─ ← [Return]
    ├─ [35872] ERC1967Proxy::fallback(1)
    │   ├─ [9783] ERC8183::claimRefund(1) [delegatecall]
    │   │   └─ ← [Revert] PendingClaimExists()
    │   └─ ← [Revert] PendingClaimExists()
    ├─ [0] VM::prank(buyer: [0x0fF93eDfa7FB7Ad5E962E4C0EdB9207C03a0fe02])
    │   └─ ← [Return]
    ├─ [45521] ERC1967Proxy::fallback(1, 60, 0xdde2e3d128a3d767db0f999e21a44df2be2709747cc3d5f74639eed8f5f4d96b, 0x636c69656e742072656a65637465640000000000000000000000000000000000, 0x)
    │   ├─ [18181] ERC8183::rejectClaim(1, 60, 0xdde2e3d128a3d767db0f999e21a44df2be2709747cc3d5f74639eed8f5f4d96b, 0x636c69656e742072656a65637465640000000000000000000000000000000000, 0x) [delegatecall]
    │   │   ├─ emit ClaimRejected(jobId: 1, rejector: buyer: [0x0fF93eDfa7FB7Ad5E962E4C0EdB9207C03a0fe02], reason: 0x636c69656e742072656a65637465640000000000000000000000000000000000)
    │   │   └─ ← [Stop]
    │   └─ ← [Return]
    ├─ [83778] ERC1967Proxy::fallback(1)
    │   ├─ [57693] ERC8183::claimRefund(1) [delegatecall]
    │   │   ├─ [29981] MockUSDC::transfer(buyer: [0x0fF93eDfa7FB7Ad5E962E4C0EdB9207C03a0fe02], 100)
    │   │   │   ├─ emit Transfer(from: ERC1967Proxy: [0xF62849F9A0B5Bf2913b396098F7c7019b51A820a], to: buyer: [0x0fF93eDfa7FB7Ad5E962E4C0EdB9207C03a0fe02], amount: 100)
    │   │   │   └─ ← [Return] true
    │   │   ├─ emit Refunded(jobId: 1, client: buyer: [0x0fF93eDfa7FB7Ad5E962E4C0EdB9207C03a0fe02], amount: 100)
    │   │   ├─ emit JobExpired(jobId: 1)
    │   │   └─ ← [Stop]
    │   └─ ← [Return]
    ├─ [2559] MockUSDC::balanceOf(buyer: [0x0fF93eDfa7FB7Ad5E962E4C0EdB9207C03a0fe02]) [staticcall]
    │   └─ ← [Return] 100
    ├─ [2559] MockUSDC::balanceOf(intermediary: [0xD20A6CAAA6194D7285C23b63681E2843126A7709]) [staticcall]
    │   └─ ← [Return] 0
    ├─ [2559] MockUSDC::balanceOf(worker: [0x12C2e0AE414896CCA77C9D9fb8f0394ecfa7F7FC]) [staticcall]
    │   └─ ← [Return] 0
    ├─ [2559] MockUSDC::balanceOf(ERC1967Proxy: [0xF62849F9A0B5Bf2913b396098F7c7019b51A820a]) [staticcall]
    │   └─ ← [Return] 0
    ├─ [2325] MockUSDC::totalSupply() [staticcall]
    │   └─ ← [Return] 100
    └─ ← [Stop]

[PASS] test_sameOneHundredUnitsCannotFundTwoSixtyUnitJobs() (gas: 774531)
Traces:
  [774531] ERC8183PaperComparisonTest::test_sameOneHundredUnitsCannotFundTwoSixtyUnitJobs()
    ├─ [0] VM::prank(buyer: [0x0fF93eDfa7FB7Ad5E962E4C0EdB9207C03a0fe02])
    │   └─ ← [Return]
    ├─ [162354] ERC1967Proxy::fallback(intermediary: [0xD20A6CAAA6194D7285C23b63681E2843126A7709], evaluator: [0xCA5453e74F0CCC802aDd48A547cd965512fFd45d], 1003600 [1.003e6], "paper fixture", 0x0000000000000000000000000000000000000000, 0)
    │   ├─ [134647] ERC8183::createJob(intermediary: [0xD20A6CAAA6194D7285C23b63681E2843126A7709], evaluator: [0xCA5453e74F0CCC802aDd48A547cd965512fFd45d], 1003600 [1.003e6], "paper fixture", 0x0000000000000000000000000000000000000000, 0) [delegatecall]
    │   │   ├─ emit JobCreated(jobId: 1, client: buyer: [0x0fF93eDfa7FB7Ad5E962E4C0EdB9207C03a0fe02], provider: intermediary: [0xD20A6CAAA6194D7285C23b63681E2843126A7709], evaluator: evaluator: [0xCA5453e74F0CCC802aDd48A547cd965512fFd45d], expiredAt: 1003600 [1.003e6], hook: 0x0000000000000000000000000000000000000000)
    │   │   └─ ← [Return] 1
    │   └─ ← [Return] 1
    ├─ [0] VM::prank(intermediary: [0xD20A6CAAA6194D7285C23b63681E2843126A7709])
    │   └─ ← [Return]
    ├─ [90456] ERC1967Proxy::fallback(1, MockUSDC: [0x5615dEB798BB3E4dFa0139dFa1b3D433Cc23b72f], 60, 0x)
    │   ├─ [63574] ERC8183::setBudget(1, MockUSDC: [0x5615dEB798BB3E4dFa0139dFa1b3D433Cc23b72f], 60, 0x) [delegatecall]
    │   │   ├─ emit BudgetSet(jobId: 1, token: MockUSDC: [0x5615dEB798BB3E4dFa0139dFa1b3D433Cc23b72f], amount: 60)
    │   │   └─ ← [Stop]
    │   └─ ← [Return]
    ├─ [0] VM::prank(buyer: [0x0fF93eDfa7FB7Ad5E962E4C0EdB9207C03a0fe02])
    │   └─ ← [Return]
    ├─ [86969] ERC1967Proxy::fallback(1, MockUSDC: [0x5615dEB798BB3E4dFa0139dFa1b3D433Cc23b72f], 60, 0x)
    │   ├─ [60087] ERC8183::fund(1, MockUSDC: [0x5615dEB798BB3E4dFa0139dFa1b3D433Cc23b72f], 60, 0x) [delegatecall]
    │   │   ├─ [2559] MockUSDC::balanceOf(ERC1967Proxy: [0xF62849F9A0B5Bf2913b396098F7c7019b51A820a]) [staticcall]
    │   │   │   └─ ← [Return] 0
    │   │   ├─ [30420] MockUSDC::transferFrom(buyer: [0x0fF93eDfa7FB7Ad5E962E4C0EdB9207C03a0fe02], ERC1967Proxy: [0xF62849F9A0B5Bf2913b396098F7c7019b51A820a], 60)
    │   │   │   ├─ emit Transfer(from: buyer: [0x0fF93eDfa7FB7Ad5E962E4C0EdB9207C03a0fe02], to: ERC1967Proxy: [0xF62849F9A0B5Bf2913b396098F7c7019b51A820a], amount: 60)
    │   │   │   └─ ← [Return] true
    │   │   ├─ [559] MockUSDC::balanceOf(ERC1967Proxy: [0xF62849F9A0B5Bf2913b396098F7c7019b51A820a]) [staticcall]
    │   │   │   └─ ← [Return] 60
    │   │   ├─ emit JobFunded(jobId: 1, client: buyer: [0x0fF93eDfa7FB7Ad5E962E4C0EdB9207C03a0fe02], amount: 60)
    │   │   └─ ← [Stop]
    │   └─ ← [Return]
    ├─ [0] VM::prank(buyer: [0x0fF93eDfa7FB7Ad5E962E4C0EdB9207C03a0fe02])
    │   └─ ← [Return]
    ├─ [145254] ERC1967Proxy::fallback(worker: [0x12C2e0AE414896CCA77C9D9fb8f0394ecfa7F7FC], evaluator: [0xCA5453e74F0CCC802aDd48A547cd965512fFd45d], 1003600 [1.003e6], "paper fixture", 0x0000000000000000000000000000000000000000, 0)
    │   ├─ [117547] ERC8183::createJob(worker: [0x12C2e0AE414896CCA77C9D9fb8f0394ecfa7F7FC], evaluator: [0xCA5453e74F0CCC802aDd48A547cd965512fFd45d], 1003600 [1.003e6], "paper fixture", 0x0000000000000000000000000000000000000000, 0) [delegatecall]
    │   │   ├─ emit JobCreated(jobId: 2, client: buyer: [0x0fF93eDfa7FB7Ad5E962E4C0EdB9207C03a0fe02], provider: worker: [0x12C2e0AE414896CCA77C9D9fb8f0394ecfa7F7FC], evaluator: evaluator: [0xCA5453e74F0CCC802aDd48A547cd965512fFd45d], expiredAt: 1003600 [1.003e6], hook: 0x0000000000000000000000000000000000000000)
    │   │   └─ ← [Return] 2
    │   └─ ← [Return] 2
    ├─ [0] VM::prank(worker: [0x12C2e0AE414896CCA77C9D9fb8f0394ecfa7F7FC])
    │   └─ ← [Return]
    ├─ [90456] ERC1967Proxy::fallback(2, MockUSDC: [0x5615dEB798BB3E4dFa0139dFa1b3D433Cc23b72f], 60, 0x)
    │   ├─ [63574] ERC8183::setBudget(2, MockUSDC: [0x5615dEB798BB3E4dFa0139dFa1b3D433Cc23b72f], 60, 0x) [delegatecall]
    │   │   ├─ emit BudgetSet(jobId: 2, token: MockUSDC: [0x5615dEB798BB3E4dFa0139dFa1b3D433Cc23b72f], amount: 60)
    │   │   └─ ← [Stop]
    │   └─ ← [Return]
    ├─ [0] VM::expectRevert(ERC20InsufficientBalance(0x0fF93eDfa7FB7Ad5E962E4C0EdB9207C03a0fe02, 40, 60))
    │   └─ ← [Return]
    ├─ [0] VM::prank(buyer: [0x0fF93eDfa7FB7Ad5E962E4C0EdB9207C03a0fe02])
    │   └─ ← [Return]
    ├─ [58357] ERC1967Proxy::fallback(2, MockUSDC: [0x5615dEB798BB3E4dFa0139dFa1b3D433Cc23b72f], 60, 0x)
    │   ├─ [31462] ERC8183::fund(2, MockUSDC: [0x5615dEB798BB3E4dFa0139dFa1b3D433Cc23b72f], 60, 0x) [delegatecall]
    │   │   ├─ [2559] MockUSDC::balanceOf(ERC1967Proxy: [0xF62849F9A0B5Bf2913b396098F7c7019b51A820a]) [staticcall]
    │   │   │   └─ ← [Return] 60
    │   │   ├─ [5333] MockUSDC::transferFrom(buyer: [0x0fF93eDfa7FB7Ad5E962E4C0EdB9207C03a0fe02], ERC1967Proxy: [0xF62849F9A0B5Bf2913b396098F7c7019b51A820a], 60)
    │   │   │   └─ ← [Revert] ERC20InsufficientBalance(0x0fF93eDfa7FB7Ad5E962E4C0EdB9207C03a0fe02, 40, 60)
    │   │   └─ ← [Revert] ERC20InsufficientBalance(0x0fF93eDfa7FB7Ad5E962E4C0EdB9207C03a0fe02, 40, 60)
    │   └─ ← [Revert] ERC20InsufficientBalance(0x0fF93eDfa7FB7Ad5E962E4C0EdB9207C03a0fe02, 40, 60)
    ├─ [28631] ERC1967Proxy::fallback(1) [staticcall]
    │   ├─ [23663] ERC8183::getJob(1) [delegatecall]
    │   │   └─ ← [Return] Job({ client: 0x0fF93eDfa7FB7Ad5E962E4C0EdB9207C03a0fe02, status: 1, provider: 0xD20A6CAAA6194D7285C23b63681E2843126A7709, expiredAt: 1003600 [1.003e6], evaluator: 0xCA5453e74F0CCC802aDd48A547cd965512fFd45d, submittedAt: 0, budget: 60, hook: 0x0000000000000000000000000000000000000000, paymentToken: 0x5615dEB798BB3E4dFa0139dFa1b3D433Cc23b72f, providerAgentId: 0, description: "paper fixture", settledAmount: 0, payoutReceiver: 0x0000000000000000000000000000000000000000 })
    │   └─ ← [Return] Job({ client: 0x0fF93eDfa7FB7Ad5E962E4C0EdB9207C03a0fe02, status: 1, provider: 0xD20A6CAAA6194D7285C23b63681E2843126A7709, expiredAt: 1003600 [1.003e6], evaluator: 0xCA5453e74F0CCC802aDd48A547cd965512fFd45d, submittedAt: 0, budget: 60, hook: 0x0000000000000000000000000000000000000000, paymentToken: 0x5615dEB798BB3E4dFa0139dFa1b3D433Cc23b72f, providerAgentId: 0, description: "paper fixture", settledAmount: 0, payoutReceiver: 0x0000000000000000000000000000000000000000 })
    ├─ [28631] ERC1967Proxy::fallback(2) [staticcall]
    │   ├─ [23663] ERC8183::getJob(2) [delegatecall]
    │   │   └─ ← [Return] Job({ client: 0x0fF93eDfa7FB7Ad5E962E4C0EdB9207C03a0fe02, status: 0, provider: 0x12C2e0AE414896CCA77C9D9fb8f0394ecfa7F7FC, expiredAt: 1003600 [1.003e6], evaluator: 0xCA5453e74F0CCC802aDd48A547cd965512fFd45d, submittedAt: 0, budget: 60, hook: 0x0000000000000000000000000000000000000000, paymentToken: 0x5615dEB798BB3E4dFa0139dFa1b3D433Cc23b72f, providerAgentId: 0, description: "paper fixture", settledAmount: 0, payoutReceiver: 0x0000000000000000000000000000000000000000 })
    │   └─ ← [Return] Job({ client: 0x0fF93eDfa7FB7Ad5E962E4C0EdB9207C03a0fe02, status: 0, provider: 0x12C2e0AE414896CCA77C9D9fb8f0394ecfa7F7FC, expiredAt: 1003600 [1.003e6], evaluator: 0xCA5453e74F0CCC802aDd48A547cd965512fFd45d, submittedAt: 0, budget: 60, hook: 0x0000000000000000000000000000000000000000, paymentToken: 0x5615dEB798BB3E4dFa0139dFa1b3D433Cc23b72f, providerAgentId: 0, description: "paper fixture", settledAmount: 0, payoutReceiver: 0x0000000000000000000000000000000000000000 })
    ├─ [2559] MockUSDC::balanceOf(buyer: [0x0fF93eDfa7FB7Ad5E962E4C0EdB9207C03a0fe02]) [staticcall]
    │   └─ ← [Return] 40
    ├─ [2559] MockUSDC::balanceOf(intermediary: [0xD20A6CAAA6194D7285C23b63681E2843126A7709]) [staticcall]
    │   └─ ← [Return] 0
    ├─ [2559] MockUSDC::balanceOf(worker: [0x12C2e0AE414896CCA77C9D9fb8f0394ecfa7F7FC]) [staticcall]
    │   └─ ← [Return] 0
    ├─ [2559] MockUSDC::balanceOf(ERC1967Proxy: [0xF62849F9A0B5Bf2913b396098F7c7019b51A820a]) [staticcall]
    │   └─ ← [Return] 60
    ├─ [2325] MockUSDC::totalSupply() [staticcall]
    │   └─ ← [Return] 100
    └─ ← [Stop]

[PASS] test_successfulParentAndChildExchangePaysImmediately() (gas: 1205310)
Logs:
  ERC8183 success: buyer=0 intermediary=100 worker=60 escrow=0 supply=160

Traces:
  [1219710] ERC8183PaperComparisonTest::test_successfulParentAndChildExchangePaysImmediately()
    ├─ [51255] MockUSDC::mint(intermediary: [0xD20A6CAAA6194D7285C23b63681E2843126A7709], 60)
    │   ├─ emit Transfer(from: 0x0000000000000000000000000000000000000000, to: intermediary: [0xD20A6CAAA6194D7285C23b63681E2843126A7709], amount: 60)
    │   └─ ← [Stop]
    ├─ [0] VM::prank(buyer: [0x0fF93eDfa7FB7Ad5E962E4C0EdB9207C03a0fe02])
    │   └─ ← [Return]
    ├─ [162354] ERC1967Proxy::fallback(intermediary: [0xD20A6CAAA6194D7285C23b63681E2843126A7709], evaluator: [0xCA5453e74F0CCC802aDd48A547cd965512fFd45d], 1003600 [1.003e6], "paper fixture", 0x0000000000000000000000000000000000000000, 0)
    │   ├─ [134647] ERC8183::createJob(intermediary: [0xD20A6CAAA6194D7285C23b63681E2843126A7709], evaluator: [0xCA5453e74F0CCC802aDd48A547cd965512fFd45d], 1003600 [1.003e6], "paper fixture", 0x0000000000000000000000000000000000000000, 0) [delegatecall]
    │   │   ├─ emit JobCreated(jobId: 1, client: buyer: [0x0fF93eDfa7FB7Ad5E962E4C0EdB9207C03a0fe02], provider: intermediary: [0xD20A6CAAA6194D7285C23b63681E2843126A7709], evaluator: evaluator: [0xCA5453e74F0CCC802aDd48A547cd965512fFd45d], expiredAt: 1003600 [1.003e6], hook: 0x0000000000000000000000000000000000000000)
    │   │   └─ ← [Return] 1
    │   └─ ← [Return] 1
    ├─ [0] VM::prank(intermediary: [0xD20A6CAAA6194D7285C23b63681E2843126A7709])
    │   └─ ← [Return]
    ├─ [90456] ERC1967Proxy::fallback(1, MockUSDC: [0x5615dEB798BB3E4dFa0139dFa1b3D433Cc23b72f], 100, 0x)
    │   ├─ [63574] ERC8183::setBudget(1, MockUSDC: [0x5615dEB798BB3E4dFa0139dFa1b3D433Cc23b72f], 100, 0x) [delegatecall]
    │   │   ├─ emit BudgetSet(jobId: 1, token: MockUSDC: [0x5615dEB798BB3E4dFa0139dFa1b3D433Cc23b72f], amount: 100)
    │   │   └─ ← [Stop]
    │   └─ ← [Return]
    ├─ [0] VM::prank(buyer: [0x0fF93eDfa7FB7Ad5E962E4C0EdB9207C03a0fe02])
    │   └─ ← [Return]
    ├─ [86969] ERC1967Proxy::fallback(1, MockUSDC: [0x5615dEB798BB3E4dFa0139dFa1b3D433Cc23b72f], 100, 0x)
    │   ├─ [60087] ERC8183::fund(1, MockUSDC: [0x5615dEB798BB3E4dFa0139dFa1b3D433Cc23b72f], 100, 0x) [delegatecall]
    │   │   ├─ [2559] MockUSDC::balanceOf(ERC1967Proxy: [0xF62849F9A0B5Bf2913b396098F7c7019b51A820a]) [staticcall]
    │   │   │   └─ ← [Return] 0
    │   │   ├─ [30420] MockUSDC::transferFrom(buyer: [0x0fF93eDfa7FB7Ad5E962E4C0EdB9207C03a0fe02], ERC1967Proxy: [0xF62849F9A0B5Bf2913b396098F7c7019b51A820a], 100)
    │   │   │   ├─ emit Transfer(from: buyer: [0x0fF93eDfa7FB7Ad5E962E4C0EdB9207C03a0fe02], to: ERC1967Proxy: [0xF62849F9A0B5Bf2913b396098F7c7019b51A820a], amount: 100)
    │   │   │   └─ ← [Return] true
    │   │   ├─ [559] MockUSDC::balanceOf(ERC1967Proxy: [0xF62849F9A0B5Bf2913b396098F7c7019b51A820a]) [staticcall]
    │   │   │   └─ ← [Return] 100
    │   │   ├─ emit JobFunded(jobId: 1, client: buyer: [0x0fF93eDfa7FB7Ad5E962E4C0EdB9207C03a0fe02], amount: 100)
    │   │   └─ ← [Stop]
    │   └─ ← [Return]
    ├─ [0] VM::prank(intermediary: [0xD20A6CAAA6194D7285C23b63681E2843126A7709])
    │   └─ ← [Return]
    ├─ [145254] ERC1967Proxy::fallback(worker: [0x12C2e0AE414896CCA77C9D9fb8f0394ecfa7F7FC], evaluator: [0xCA5453e74F0CCC802aDd48A547cd965512fFd45d], 1014400 [1.014e6], "paper fixture", 0x0000000000000000000000000000000000000000, 0)
    │   ├─ [117547] ERC8183::createJob(worker: [0x12C2e0AE414896CCA77C9D9fb8f0394ecfa7F7FC], evaluator: [0xCA5453e74F0CCC802aDd48A547cd965512fFd45d], 1014400 [1.014e6], "paper fixture", 0x0000000000000000000000000000000000000000, 0) [delegatecall]
    │   │   ├─ emit JobCreated(jobId: 2, client: intermediary: [0xD20A6CAAA6194D7285C23b63681E2843126A7709], provider: worker: [0x12C2e0AE414896CCA77C9D9fb8f0394ecfa7F7FC], evaluator: evaluator: [0xCA5453e74F0CCC802aDd48A547cd965512fFd45d], expiredAt: 1014400 [1.014e6], hook: 0x0000000000000000000000000000000000000000)
    │   │   └─ ← [Return] 2
    │   └─ ← [Return] 2
    ├─ [0] VM::prank(worker: [0x12C2e0AE414896CCA77C9D9fb8f0394ecfa7F7FC])
    │   └─ ← [Return]
    ├─ [90456] ERC1967Proxy::fallback(2, MockUSDC: [0x5615dEB798BB3E4dFa0139dFa1b3D433Cc23b72f], 60, 0x)
    │   ├─ [63574] ERC8183::setBudget(2, MockUSDC: [0x5615dEB798BB3E4dFa0139dFa1b3D433Cc23b72f], 60, 0x) [delegatecall]
    │   │   ├─ emit BudgetSet(jobId: 2, token: MockUSDC: [0x5615dEB798BB3E4dFa0139dFa1b3D433Cc23b72f], amount: 60)
    │   │   └─ ← [Stop]
    │   └─ ← [Return]
    ├─ [0] VM::prank(intermediary: [0xD20A6CAAA6194D7285C23b63681E2843126A7709])
    │   └─ ← [Return]
    ├─ [69869] ERC1967Proxy::fallback(2, MockUSDC: [0x5615dEB798BB3E4dFa0139dFa1b3D433Cc23b72f], 60, 0x)
    │   ├─ [42987] ERC8183::fund(2, MockUSDC: [0x5615dEB798BB3E4dFa0139dFa1b3D433Cc23b72f], 60, 0x) [delegatecall]
    │   │   ├─ [2559] MockUSDC::balanceOf(ERC1967Proxy: [0xF62849F9A0B5Bf2913b396098F7c7019b51A820a]) [staticcall]
    │   │   │   └─ ← [Return] 100
    │   │   ├─ [13320] MockUSDC::transferFrom(intermediary: [0xD20A6CAAA6194D7285C23b63681E2843126A7709], ERC1967Proxy: [0xF62849F9A0B5Bf2913b396098F7c7019b51A820a], 60)
    │   │   │   ├─ emit Transfer(from: intermediary: [0xD20A6CAAA6194D7285C23b63681E2843126A7709], to: ERC1967Proxy: [0xF62849F9A0B5Bf2913b396098F7c7019b51A820a], amount: 60)
    │   │   │   └─ ← [Return] true
    │   │   ├─ [559] MockUSDC::balanceOf(ERC1967Proxy: [0xF62849F9A0B5Bf2913b396098F7c7019b51A820a]) [staticcall]
    │   │   │   └─ ← [Return] 160
    │   │   ├─ emit JobFunded(jobId: 2, client: intermediary: [0xD20A6CAAA6194D7285C23b63681E2843126A7709], amount: 60)
    │   │   └─ ← [Stop]
    │   └─ ← [Return]
    ├─ [2559] MockUSDC::balanceOf(buyer: [0x0fF93eDfa7FB7Ad5E962E4C0EdB9207C03a0fe02]) [staticcall]
    │   └─ ← [Return] 0
    ├─ [2559] MockUSDC::balanceOf(intermediary: [0xD20A6CAAA6194D7285C23b63681E2843126A7709]) [staticcall]
    │   └─ ← [Return] 0
    ├─ [2559] MockUSDC::balanceOf(worker: [0x12C2e0AE414896CCA77C9D9fb8f0394ecfa7F7FC]) [staticcall]
    │   └─ ← [Return] 0
    ├─ [2559] MockUSDC::balanceOf(ERC1967Proxy: [0xF62849F9A0B5Bf2913b396098F7c7019b51A820a]) [staticcall]
    │   └─ ← [Return] 160
    ├─ [2325] MockUSDC::totalSupply() [staticcall]
    │   └─ ← [Return] 160
    ├─ [0] VM::prank(worker: [0x12C2e0AE414896CCA77C9D9fb8f0394ecfa7F7FC])
    │   └─ ← [Return]
    ├─ [51910] ERC1967Proxy::fallback(2, 0x56cc610c06132676ca5657c6870d3c5b397501364de5993f3700621288676456, 0x)
    │   ├─ [25042] ERC8183::submit(2, 0x56cc610c06132676ca5657c6870d3c5b397501364de5993f3700621288676456, 0x) [delegatecall]
    │   │   ├─ emit JobSubmitted(jobId: 2, provider: worker: [0x12C2e0AE414896CCA77C9D9fb8f0394ecfa7F7FC], deliverable: 0x56cc610c06132676ca5657c6870d3c5b397501364de5993f3700621288676456)
    │   │   └─ ← [Stop]
    │   └─ ← [Return]
    ├─ [0] VM::prank(evaluator: [0xCA5453e74F0CCC802aDd48A547cd965512fFd45d])
    │   └─ ← [Return]
    ├─ [97480] ERC1967Proxy::fallback(2, 0xc831615256f0cfd2a7fdad1dc6a69ead35d34546604016f455fb0da061783ad6, 0x)
    │   ├─ [70600] ERC8183::complete(2, 0xc831615256f0cfd2a7fdad1dc6a69ead35d34546604016f455fb0da061783ad6, 0x) [delegatecall]
    │   │   ├─ [29981] MockUSDC::transfer(worker: [0x12C2e0AE414896CCA77C9D9fb8f0394ecfa7F7FC], 60)
    │   │   │   ├─ emit Transfer(from: ERC1967Proxy: [0xF62849F9A0B5Bf2913b396098F7c7019b51A820a], to: worker: [0x12C2e0AE414896CCA77C9D9fb8f0394ecfa7F7FC], amount: 60)
    │   │   │   └─ ← [Return] true
    │   │   ├─ emit PaymentReleased(jobId: 2, recipient: worker: [0x12C2e0AE414896CCA77C9D9fb8f0394ecfa7F7FC], amount: 60)
    │   │   ├─ emit JobCompleted(jobId: 2, evaluator: evaluator: [0xCA5453e74F0CCC802aDd48A547cd965512fFd45d], reason: 0xc831615256f0cfd2a7fdad1dc6a69ead35d34546604016f455fb0da061783ad6)
    │   │   └─ ← [Stop]
    │   └─ ← [Return]
    ├─ [28631] ERC1967Proxy::fallback(2) [staticcall]
    │   ├─ [23663] ERC8183::getJob(2) [delegatecall]
    │   │   └─ ← [Return] Job({ client: 0xD20A6CAAA6194D7285C23b63681E2843126A7709, status: 3, provider: 0x12C2e0AE414896CCA77C9D9fb8f0394ecfa7F7FC, expiredAt: 1014400 [1.014e6], evaluator: 0xCA5453e74F0CCC802aDd48A547cd965512fFd45d, submittedAt: 1000000 [1e6], budget: 60, hook: 0x0000000000000000000000000000000000000000, paymentToken: 0x5615dEB798BB3E4dFa0139dFa1b3D433Cc23b72f, providerAgentId: 0, description: "paper fixture", settledAmount: 0, payoutReceiver: 0x0000000000000000000000000000000000000000 })
    │   └─ ← [Return] Job({ client: 0xD20A6CAAA6194D7285C23b63681E2843126A7709, status: 3, provider: 0x12C2e0AE414896CCA77C9D9fb8f0394ecfa7F7FC, expiredAt: 1014400 [1.014e6], evaluator: 0xCA5453e74F0CCC802aDd48A547cd965512fFd45d, submittedAt: 1000000 [1e6], budget: 60, hook: 0x0000000000000000000000000000000000000000, paymentToken: 0x5615dEB798BB3E4dFa0139dFa1b3D433Cc23b72f, providerAgentId: 0, description: "paper fixture", settledAmount: 0, payoutReceiver: 0x0000000000000000000000000000000000000000 })
    ├─ [2559] MockUSDC::balanceOf(buyer: [0x0fF93eDfa7FB7Ad5E962E4C0EdB9207C03a0fe02]) [staticcall]
    │   └─ ← [Return] 0
    ├─ [2559] MockUSDC::balanceOf(intermediary: [0xD20A6CAAA6194D7285C23b63681E2843126A7709]) [staticcall]
    │   └─ ← [Return] 0
    ├─ [2559] MockUSDC::balanceOf(worker: [0x12C2e0AE414896CCA77C9D9fb8f0394ecfa7F7FC]) [staticcall]
    │   └─ ← [Return] 60
    ├─ [2559] MockUSDC::balanceOf(ERC1967Proxy: [0xF62849F9A0B5Bf2913b396098F7c7019b51A820a]) [staticcall]
    │   └─ ← [Return] 100
    ├─ [2325] MockUSDC::totalSupply() [staticcall]
    │   └─ ← [Return] 160
    ├─ [0] VM::prank(intermediary: [0xD20A6CAAA6194D7285C23b63681E2843126A7709])
    │   └─ ← [Return]
    ├─ [51922] ERC1967Proxy::fallback(1, 0x1758b2051aaebc7b303d6dcfe3910ad3d22e44de6ee6cbc7252135a77255e293, 0x)
    │   ├─ [25042] ERC8183::submit(1, 0x1758b2051aaebc7b303d6dcfe3910ad3d22e44de6ee6cbc7252135a77255e293, 0x) [delegatecall]
    │   │   ├─ emit JobSubmitted(jobId: 1, provider: intermediary: [0xD20A6CAAA6194D7285C23b63681E2843126A7709], deliverable: 0x1758b2051aaebc7b303d6dcfe3910ad3d22e44de6ee6cbc7252135a77255e293)
    │   │   └─ ← [Stop]
    │   └─ ← [Return]
    ├─ [0] VM::prank(evaluator: [0xCA5453e74F0CCC802aDd48A547cd965512fFd45d])
    │   └─ ← [Return]
    ├─ [97480] ERC1967Proxy::fallback(1, 0x1bb1938abfadc7a5fce59d8d25ad567930abb3d51bc6ee51d4a1ebd1be2c4f64, 0x)
    │   ├─ [70600] ERC8183::complete(1, 0x1bb1938abfadc7a5fce59d8d25ad567930abb3d51bc6ee51d4a1ebd1be2c4f64, 0x) [delegatecall]
    │   │   ├─ [29981] MockUSDC::transfer(intermediary: [0xD20A6CAAA6194D7285C23b63681E2843126A7709], 100)
    │   │   │   ├─ emit Transfer(from: ERC1967Proxy: [0xF62849F9A0B5Bf2913b396098F7c7019b51A820a], to: intermediary: [0xD20A6CAAA6194D7285C23b63681E2843126A7709], amount: 100)
    │   │   │   └─ ← [Return] true
    │   │   ├─ emit PaymentReleased(jobId: 1, recipient: intermediary: [0xD20A6CAAA6194D7285C23b63681E2843126A7709], amount: 100)
    │   │   ├─ emit JobCompleted(jobId: 1, evaluator: evaluator: [0xCA5453e74F0CCC802aDd48A547cd965512fFd45d], reason: 0x1bb1938abfadc7a5fce59d8d25ad567930abb3d51bc6ee51d4a1ebd1be2c4f64)
    │   │   └─ ← [Stop]
    │   └─ ← [Return]
    ├─ [2559] MockUSDC::balanceOf(buyer: [0x0fF93eDfa7FB7Ad5E962E4C0EdB9207C03a0fe02]) [staticcall]
    │   └─ ← [Return] 0
    ├─ [2559] MockUSDC::balanceOf(intermediary: [0xD20A6CAAA6194D7285C23b63681E2843126A7709]) [staticcall]
    │   └─ ← [Return] 100
    ├─ [2559] MockUSDC::balanceOf(worker: [0x12C2e0AE414896CCA77C9D9fb8f0394ecfa7F7FC]) [staticcall]
    │   └─ ← [Return] 60
    ├─ [2559] MockUSDC::balanceOf(ERC1967Proxy: [0xF62849F9A0B5Bf2913b396098F7c7019b51A820a]) [staticcall]
    │   └─ ← [Return] 0
    ├─ [2325] MockUSDC::totalSupply() [staticcall]
    │   └─ ← [Return] 160
    ├─ emit log(val: "ERC8183 success: buyer=0 intermediary=100 worker=60 escrow=0 supply=160")
    └─ ← [Stop]

[PASS] test_unsettledParentBudgetCannotFundChildWithoutWorkingCapital() (gas: 697135)
Traces:
  [701935] ERC8183PaperComparisonTest::test_unsettledParentBudgetCannotFundChildWithoutWorkingCapital()
    ├─ [0] VM::prank(buyer: [0x0fF93eDfa7FB7Ad5E962E4C0EdB9207C03a0fe02])
    │   └─ ← [Return]
    ├─ [162354] ERC1967Proxy::fallback(intermediary: [0xD20A6CAAA6194D7285C23b63681E2843126A7709], evaluator: [0xCA5453e74F0CCC802aDd48A547cd965512fFd45d], 1003600 [1.003e6], "paper fixture", 0x0000000000000000000000000000000000000000, 0)
    │   ├─ [134647] ERC8183::createJob(intermediary: [0xD20A6CAAA6194D7285C23b63681E2843126A7709], evaluator: [0xCA5453e74F0CCC802aDd48A547cd965512fFd45d], 1003600 [1.003e6], "paper fixture", 0x0000000000000000000000000000000000000000, 0) [delegatecall]
    │   │   ├─ emit JobCreated(jobId: 1, client: buyer: [0x0fF93eDfa7FB7Ad5E962E4C0EdB9207C03a0fe02], provider: intermediary: [0xD20A6CAAA6194D7285C23b63681E2843126A7709], evaluator: evaluator: [0xCA5453e74F0CCC802aDd48A547cd965512fFd45d], expiredAt: 1003600 [1.003e6], hook: 0x0000000000000000000000000000000000000000)
    │   │   └─ ← [Return] 1
    │   └─ ← [Return] 1
    ├─ [0] VM::prank(intermediary: [0xD20A6CAAA6194D7285C23b63681E2843126A7709])
    │   └─ ← [Return]
    ├─ [90456] ERC1967Proxy::fallback(1, MockUSDC: [0x5615dEB798BB3E4dFa0139dFa1b3D433Cc23b72f], 100, 0x)
    │   ├─ [63574] ERC8183::setBudget(1, MockUSDC: [0x5615dEB798BB3E4dFa0139dFa1b3D433Cc23b72f], 100, 0x) [delegatecall]
    │   │   ├─ emit BudgetSet(jobId: 1, token: MockUSDC: [0x5615dEB798BB3E4dFa0139dFa1b3D433Cc23b72f], amount: 100)
    │   │   └─ ← [Stop]
    │   └─ ← [Return]
    ├─ [0] VM::prank(buyer: [0x0fF93eDfa7FB7Ad5E962E4C0EdB9207C03a0fe02])
    │   └─ ← [Return]
    ├─ [86969] ERC1967Proxy::fallback(1, MockUSDC: [0x5615dEB798BB3E4dFa0139dFa1b3D433Cc23b72f], 100, 0x)
    │   ├─ [60087] ERC8183::fund(1, MockUSDC: [0x5615dEB798BB3E4dFa0139dFa1b3D433Cc23b72f], 100, 0x) [delegatecall]
    │   │   ├─ [2559] MockUSDC::balanceOf(ERC1967Proxy: [0xF62849F9A0B5Bf2913b396098F7c7019b51A820a]) [staticcall]
    │   │   │   └─ ← [Return] 0
    │   │   ├─ [30420] MockUSDC::transferFrom(buyer: [0x0fF93eDfa7FB7Ad5E962E4C0EdB9207C03a0fe02], ERC1967Proxy: [0xF62849F9A0B5Bf2913b396098F7c7019b51A820a], 100)
    │   │   │   ├─ emit Transfer(from: buyer: [0x0fF93eDfa7FB7Ad5E962E4C0EdB9207C03a0fe02], to: ERC1967Proxy: [0xF62849F9A0B5Bf2913b396098F7c7019b51A820a], amount: 100)
    │   │   │   └─ ← [Return] true
    │   │   ├─ [559] MockUSDC::balanceOf(ERC1967Proxy: [0xF62849F9A0B5Bf2913b396098F7c7019b51A820a]) [staticcall]
    │   │   │   └─ ← [Return] 100
    │   │   ├─ emit JobFunded(jobId: 1, client: buyer: [0x0fF93eDfa7FB7Ad5E962E4C0EdB9207C03a0fe02], amount: 100)
    │   │   └─ ← [Stop]
    │   └─ ← [Return]
    ├─ [0] VM::prank(intermediary: [0xD20A6CAAA6194D7285C23b63681E2843126A7709])
    │   └─ ← [Return]
    ├─ [145254] ERC1967Proxy::fallback(worker: [0x12C2e0AE414896CCA77C9D9fb8f0394ecfa7F7FC], evaluator: [0xCA5453e74F0CCC802aDd48A547cd965512fFd45d], 1003600 [1.003e6], "paper fixture", 0x0000000000000000000000000000000000000000, 0)
    │   ├─ [117547] ERC8183::createJob(worker: [0x12C2e0AE414896CCA77C9D9fb8f0394ecfa7F7FC], evaluator: [0xCA5453e74F0CCC802aDd48A547cd965512fFd45d], 1003600 [1.003e6], "paper fixture", 0x0000000000000000000000000000000000000000, 0) [delegatecall]
    │   │   ├─ emit JobCreated(jobId: 2, client: intermediary: [0xD20A6CAAA6194D7285C23b63681E2843126A7709], provider: worker: [0x12C2e0AE414896CCA77C9D9fb8f0394ecfa7F7FC], evaluator: evaluator: [0xCA5453e74F0CCC802aDd48A547cd965512fFd45d], expiredAt: 1003600 [1.003e6], hook: 0x0000000000000000000000000000000000000000)
    │   │   └─ ← [Return] 2
    │   └─ ← [Return] 2
    ├─ [0] VM::prank(worker: [0x12C2e0AE414896CCA77C9D9fb8f0394ecfa7F7FC])
    │   └─ ← [Return]
    ├─ [90456] ERC1967Proxy::fallback(2, MockUSDC: [0x5615dEB798BB3E4dFa0139dFa1b3D433Cc23b72f], 60, 0x)
    │   ├─ [63574] ERC8183::setBudget(2, MockUSDC: [0x5615dEB798BB3E4dFa0139dFa1b3D433Cc23b72f], 60, 0x) [delegatecall]
    │   │   ├─ emit BudgetSet(jobId: 2, token: MockUSDC: [0x5615dEB798BB3E4dFa0139dFa1b3D433Cc23b72f], amount: 60)
    │   │   └─ ← [Stop]
    │   └─ ← [Return]
    ├─ [0] VM::expectRevert(ERC20InsufficientBalance(0xD20A6CAAA6194D7285C23b63681E2843126A7709, 0, 60))
    │   └─ ← [Return]
    ├─ [0] VM::prank(intermediary: [0xD20A6CAAA6194D7285C23b63681E2843126A7709])
    │   └─ ← [Return]
    ├─ [58357] ERC1967Proxy::fallback(2, MockUSDC: [0x5615dEB798BB3E4dFa0139dFa1b3D433Cc23b72f], 60, 0x)
    │   ├─ [31462] ERC8183::fund(2, MockUSDC: [0x5615dEB798BB3E4dFa0139dFa1b3D433Cc23b72f], 60, 0x) [delegatecall]
    │   │   ├─ [2559] MockUSDC::balanceOf(ERC1967Proxy: [0xF62849F9A0B5Bf2913b396098F7c7019b51A820a]) [staticcall]
    │   │   │   └─ ← [Return] 100
    │   │   ├─ [5333] MockUSDC::transferFrom(intermediary: [0xD20A6CAAA6194D7285C23b63681E2843126A7709], ERC1967Proxy: [0xF62849F9A0B5Bf2913b396098F7c7019b51A820a], 60)
    │   │   │   └─ ← [Revert] ERC20InsufficientBalance(0xD20A6CAAA6194D7285C23b63681E2843126A7709, 0, 60)
    │   │   └─ ← [Revert] ERC20InsufficientBalance(0xD20A6CAAA6194D7285C23b63681E2843126A7709, 0, 60)
    │   └─ ← [Revert] ERC20InsufficientBalance(0xD20A6CAAA6194D7285C23b63681E2843126A7709, 0, 60)
    ├─ [2559] MockUSDC::balanceOf(buyer: [0x0fF93eDfa7FB7Ad5E962E4C0EdB9207C03a0fe02]) [staticcall]
    │   └─ ← [Return] 0
    ├─ [2559] MockUSDC::balanceOf(intermediary: [0xD20A6CAAA6194D7285C23b63681E2843126A7709]) [staticcall]
    │   └─ ← [Return] 0
    ├─ [2559] MockUSDC::balanceOf(worker: [0x12C2e0AE414896CCA77C9D9fb8f0394ecfa7F7FC]) [staticcall]
    │   └─ ← [Return] 0
    ├─ [2559] MockUSDC::balanceOf(ERC1967Proxy: [0xF62849F9A0B5Bf2913b396098F7c7019b51A820a]) [staticcall]
    │   └─ ← [Return] 100
    ├─ [2325] MockUSDC::totalSupply() [staticcall]
    │   └─ ← [Return] 100
    └─ ← [Stop]

Suite result: ok. 12 passed; 0 failed; 0 skipped; finished in 17.18ms (12.00ms CPU time)

Ran 1 test suite in 31.11ms (17.18ms CPU time): 12 tests passed, 0 failed, 0 skipped (12 total tests)
