Compiling 76 files with Solc 0.8.28
Solc 0.8.28 finished in 7.50s
Compiler run successful!

Ran 25 tests for test/ERC8183WithAuthorization.t.sol:ERC8183WithAuthorizationTest
[PASS] test_acceptsMaximumUint72NonceAndStoresPackedKey() (gas: 237830)
[PASS] test_allowsDifferentSignersToUseSameNumericNonce() (gas: 391929)
[PASS] test_authorizationNonceStorageStartsAfterBaseGap() (gas: 242778)
[PASS] test_cancelAuthorizationBurnsSignerNonce() (gas: 132553)
[PASS] test_cancelAuthorizationRejectsUsedNonce() (gas: 91475)
[PASS] test_claimAuthorizationRejectsCrossFunctionReplayWithSameLayout() (gas: 579745)
[PASS] test_claimAuthorizationTypehashesArePublic() (gas: 87065)
[PASS] test_completeWithAuthorization_RevertsWhenSignedBeforeSubmission() (gas: 577862)
[PASS] test_createJobWithAuthorizationLeavesPayoutReceiverUnset() (gas: 273150)
[PASS] test_domainSeparatorUsesERC8183ProtocolDomain() (gas: 19096)
[PASS] test_fundWithAuthorization_RevertsWhenPaymentTokenChangesAfterSigning() (gas: 658049)
[PASS] test_rejectWithAuthorization_RevertsWhenSignedBeforeSubmission() (gas: 577870)
[PASS] test_rejectsERC1271InvalidSignatureAndRollsBackNonce() (gas: 105241)
[PASS] test_rejectsExpiredAuthorizations() (gas: 58714)
[PASS] test_rejectsReplayedAuthorizations() (gas: 284324)
[PASS] test_rejectsTamperedAuthorizations() (gas: 103006)
[PASS] test_relaysClientAuthorizedSetProvider() (gas: 376965)
[PASS] test_relaysClientAuthorizedSettleClaimFastPath() (gas: 574987)
[PASS] test_relaysEvaluatorAuthorizedReject() (gas: 592036)
[PASS] test_relaysFullSignedJobFlow() (gas: 858290)
[PASS] test_relaysProviderAuthorizedClaimIntoPendingStateAndApproval() (gas: 788711)
[PASS] test_relaysProviderAuthorizedClaimRejectionClearsPendingState() (gas: 596447)
[PASS] test_reservesPackedNonceBeforeERC1271SignatureValidation() (gas: 265372)
[PASS] test_setPayoutReceiverWithAuthorization_ProviderOnlyOpenOnlyAndLocksAfterFund() (gas: 834404)
[PASS] test_upgradeInitializerSetsERC8183DomainForAuthorizationExtension() (gas: 783602)
Suite result: ok. 25 passed; 0 failed; 0 skipped; finished in 43.40ms (55.12ms CPU time)

Ran 51 tests for test/ERC8183.t.sol:ERC8183Test
[PASS] test_agentId_StoredAndEmitted() (gas: 717928)
[PASS] test_claimRefund_AfterGracePeriod() (gas: 526017)
[PASS] test_claimRefund_NoGraceForFundedJobs() (gas: 473052)
[PASS] test_claimRefund_RevertsDuringGracePeriod() (gas: 579210)
[PASS] test_claims_ApproveClaimRevertsWhenClaimBindingDiffers() (gas: 531343)
[PASS] test_claims_ApproveClaimRevertsWhenNoPendingClaimAfterReject() (gas: 528055)
[PASS] test_claims_ApproveClaimRevertsWhenReceiverDisburserRevertsStrictly() (gas: 1186643)
[PASS] test_claims_ApprovedNonzeroDeliverableSettlementPaysReceiverAndFiresDisbursement() (gas: 1256501)
[PASS] test_claims_ClientSettleClaimFastPathReleasesDelta() (gas: 575159)
[PASS] test_claims_CompletePaysOnlyUnsettledRemainderAfterPartialSettlement() (gas: 683080)
[PASS] test_claims_DeadPendingClaimCanBeRejectedThenRefunded() (gas: 835491)
[PASS] test_claims_NonzeroDeliverableRecordsPendingHashAndSettlesOnApproval() (gas: 751189)
[PASS] test_claims_PendingClaimBlocksRefundUntilResolved() (gas: 665417)
[PASS] test_claims_ProviderCanRejectOwnPendingClaimAndSubmitNewClaim() (gas: 663361)
[PASS] test_claims_RejectFundedJobClearsPendingClaim() (gas: 622681)
[PASS] test_claims_RejectPendingClaimAfterExpiryThenRefundsRemainingEscrow() (gas: 671376)
[PASS] test_claims_SettleClaimAppliesConfiguredFeesToDelta() (gas: 713148)
[PASS] test_claims_SettleClaimContinuesWhilePendingClaimExists() (gas: 814321)
[PASS] test_claims_SettleClaimPaysReceiverAndFiresDisbursement() (gas: 1149064)
[PASS] test_claims_SettleClaimRevertsAtExpiry() (gas: 391074)
[PASS] test_claims_SettleClaimRevertsWhenCumulativeAmountExceedsBudget() (gas: 435674)
[PASS] test_claims_SettleClaimRevertsWhenReceiverDisburserRevertsStrictly() (gas: 1066674)
[PASS] test_claims_SettleClaimSkipsPaymentAndCallbackWhenNetZero() (gas: 1040738)
[PASS] test_claims_SubmitClaimRejectsZeroDeliverableAndPendingOverwrite() (gas: 524782)
[PASS] test_claims_SubmitClaimRevertsAtExpiry() (gas: 391213)
[PASS] test_claims_SubmitClearsPendingClaimAndCompletesFullEscrow() (gas: 750007)
[PASS] test_claims_SubmitClearsPendingClaimBeforeHook() (gas: 906968)
[PASS] test_complete_RevertsWhenReceiverDisburserRevertsStrictly() (gas: 1072179)
[PASS] test_e2e_FullHappyPath() (gas: 826222)
[PASS] test_e2e_TwoJobsDifferentTokens() (gas: 1802501)
[PASS] test_fund_RevertsForFeeOnTransferTokens() (gas: 1128410)
[PASS] test_fund_RevertsWhenExpectedTokenMismatchesCurrentBudgetToken() (gas: 1127983)
[PASS] test_payoutReceiver_CompletionPaysFeesAndReceiverGetsOnlyNet() (gas: 1285972)
[PASS] test_payoutReceiver_DisburserContractReceivesFundsAndCallback() (gas: 1144866)
[PASS] test_payoutReceiver_EOAReceiverReceivesFundsWithoutCallback() (gas: 573247)
[PASS] test_payoutReceiver_NonDisburserContractReceivesFundsWithoutCallback() (gas: 683017)
[PASS] test_payoutReceiver_ReentrantDisburserCannotReenterClaimRefund() (gas: 1328337)
[PASS] test_payoutReceiver_ReentrantDisburserCannotReenterComplete() (gas: 1356995)
[PASS] test_payoutReceiver_ReentrantDisburserCannotReenterSettleClaim() (gas: 1350726)
[PASS] test_payoutReceiver_RefundsClientWhenReceiverIsSet() (gas: 564921)
[PASS] test_payoutReceiver_RevertsWhenReceiverIsEscrow() (gas: 216954)
[PASS] test_payoutReceiver_RevertsWhenReceiverIsPaymentTokenAfterBudget() (gas: 310755)
[PASS] test_payoutReceiver_ZeroAddressKeepsPayProviderDirectlyBehavior() (gas: 550787)
[PASS] test_setBudget_RevertsWhenExistingReceiverIsPaymentToken() (gas: 285637)
[PASS] test_setBudget_RevertsWhenTokenNotAllowed() (gas: 758450)
[PASS] test_setPaymentTokenAllowed_Authorization() (gas: 741935)
[PASS] test_setPayoutReceiver_AssignedProviderCanSetReceiver() (gas: 321806)
[PASS] test_setPayoutReceiver_ProviderOnlyOpenOnlyAcceptsPlainContractsAndLocksAfterFund() (gas: 1256479)
[PASS] test_setPayoutReceiver_RevertsAfterExpiry() (gas: 216381)
[PASS] test_setPayoutReceiver_RevertsForInvalidJob() (gas: 42115)
[PASS] test_setProvider_RevertsWhenProviderIsClient() (gas: 213088)
Suite result: ok. 51 passed; 0 failed; 0 skipped; finished in 48.52ms (61.93ms CPU time)

Ran 2 test suites in 54.17ms (91.92ms CPU time): 76 tests passed, 0 failed, 0 skipped (76 total tests)
