{
  "administration": "one operator, local in-process tools",
  "balances": [
    0,
    950,
    0,
    30,
    20,
    0
  ],
  "native_dispatches_for_selected_work": 1,
  "output": {
    "count": 3
  },
  "payment": "fixture balances; no real funds moved",
  "receipt": {
    "action": {
      "parameter_hash": "4656fe727c41b78054727c4942dd333d8d5988b4389fffc7fadac0e1ef0cf503",
      "parameters": {
        "allocation": {
          "body": {
            "allocation_hash": "a8c3c65b099d570aaea7f8e692810b93c4cc681f331cd8e196709162482acdd4",
            "issued_at": 1791171451,
            "root_id": "root",
            "selection": {
              "body": {
                "capability_hash": "f6db603b288081b6a4011f30c67ce2e110fabedf238ddb6cf2db66449ff9e177",
                "expected_revision": 1,
                "offer": {
                  "body": {
                    "allocation_hash": "a8c3c65b099d570aaea7f8e692810b93c4cc681f331cd8e196709162482acdd4",
                    "arguments_hash": "08d0646d213c5589e2d7d7571070d41098af09529d07ba260142247060718d8f",
                    "contract_hash": "2b6481b5649c49a3e78149c85721e0ba77f9558a0fe21b31e1727ef0998c46f4",
                    "effect": {
                      "server": "research",
                      "tool": "analyze"
                    },
                    "expires_at": 1791175048,
                    "price_units": 20,
                    "receiver": "ca93ac1705187071d67b83c7ff0efe8108e8ec4530575d7726879333dbdabe7c",
                    "slot_id": "specialist"
                  },
                  "signature": "a453702d00ec25256613fe1fd9458592d81c73c46f425e0a6395401848168671899014a5285ce5b343e4c58735311d9eba0df7f85b51504b1251751fa8e80d0a",
                  "signer": "ca93ac1705187071d67b83c7ff0efe8108e8ec4530575d7726879333dbdabe7c"
                },
                "request_id": "selected-b"
              },
              "signature": "1c1cbf41fd4b1b962374a9a7b8a34a630dad841a6175dac708cad4702622d781d395e86123f25499969bd704ad564d84987035e2e33eedf87b0bbb99d1a68d02",
              "signer": "8139770ea87d175f56a35466c34c7ecccb8d8a91b4ee37a25df60f5b8fc9b394"
            },
            "slot": {
              "contract": {
                "acceptance": {
                  "clauses": [
                    {
                      "kind": "integer_range",
                      "max": 10,
                      "min": 1,
                      "pointer": "/count"
                    }
                  ]
                },
                "currency": "USD",
                "depth": 1,
                "effects": [
                  {
                    "server": "research",
                    "tool": "analyze"
                  }
                ],
                "expires_at": 1791175048,
                "max_units": 30,
                "readers": [
                  "6e7a1cdd29b0b78fd13af4c5598feff4ef2a97166e3ca6f2e4fbfccd80505bf1",
                  "8139770ea87d175f56a35466c34c7ecccb8d8a91b4ee37a25df60f5b8fc9b394",
                  "8a88e3dd7409f195fd52db2d3cba5d72ca6709bf1d94121bf3748801b40f6f5c",
                  "ca93ac1705187071d67b83c7ff0efe8108e8ec4530575d7726879333dbdabe7c",
                  "ed4928c628d1c2c6eae90338905995612959273a5c63f93636c14614ac8737d1"
                ]
              },
              "holder": "8139770ea87d175f56a35466c34c7ecccb8d8a91b4ee37a25df60f5b8fc9b394",
              "id": "specialist"
            }
          },
          "signature": "056eff5573f84b4d8d11195305b58f503eae01de19d719a296b660bff1ac55bec229711b7e9faafe432afda2c9e97d2fa759731774a3541dd468544c415aac01",
          "signer": "8a88e3dd7409f195fd52db2d3cba5d72ca6709bf1d94121bf3748801b40f6f5c"
        },
        "payload": [
          "a",
          "b",
          "c"
        ],
        "slot_id": "specialist"
      }
    },
    "boundary_class": "prevent",
    "capability_id": "cap-01a10a23-5878-75ec-b5e6-0d337cc02203",
    "content_hash": "0c07187ea6d064441225b3cba26a7b1e8bc702fcf332b457dae8e26892ba68a6",
    "decision": {
      "verdict": "allow"
    },
    "id": "b172b2b8f1fc2f40d5ec1f3197ab3cccda87142bfd6c1cc117484e05346b0944",
    "kernel_key": "ca93ac1705187071d67b83c7ff0efe8108e8ec4530575d7726879333dbdabe7c",
    "metadata": {
      "admission_operation": {
        "compensation_status": "not_compensated",
        "coordinator_lease_epoch": 1,
        "coordinator_lease_id": "01a10a23-59b2-7301-a40d-8e92019b4485",
        "operation_id": "f3b932baf0e104e872f97f0a62ff68e1d11c7eebc3fb7f85728f23361d0df171",
        "projected_dispatch_state": "terminal",
        "projected_operation_version": 8,
        "projected_state": "completed",
        "request_binding_hash": "de99128d46de315ca1bedf770af2ee91439efcd19907a23370b3574c3375f248",
        "request_id": "selected-b",
        "request_namespace_digest": "3100cab76183b86f59f4be43fa065b95f20ff58c25d80750b4a9cf4559012820",
        "retained_dispatch_commit": {
          "committed_version": 6,
          "coordinator_lease_epoch": 1,
          "coordinator_lease_id": "01a10a23-59b2-7301-a40d-8e92019b4485",
          "provider_attempt": {
            "attempt_id": "attempt:f3b932baf0e104e872f97f0a62ff68e1d11c7eebc3fb7f85728f23361d0df171",
            "operation_id": "f3b932baf0e104e872f97f0a62ff68e1d11c7eebc3fb7f85728f23361d0df171",
            "transport_id": "kernel-tool-server:research",
            "transport_key_epoch": 1
          },
          "store_fence": {
            "lease_id": "01a10a23-59b2-7301-a40d-8e92019b4485",
            "owner_epoch": 1,
            "store_uuid": "01a10a23-55ab-72f0-984c-e6f69dadfb8a"
          }
        },
        "schema": "chio.admission-receipt.v1",
        "store_fence": {
          "lease_id": "01a10a23-59b2-7301-a40d-8e92019b4485",
          "owner_epoch": 1,
          "store_uuid": "01a10a23-55ab-72f0-984c-e6f69dadfb8a"
        },
        "tool_outcome_id": "a5104db458ae84288a2197d83d0a73827bb7411650d94f489624615996277d98",
        "tool_outcome_version": 2,
        "trusted_time_unix_ms": 1791171451999
      },
      "attribution": {
        "delegation_depth": 0,
        "grant_index": 0,
        "issuer_key": "ca93ac1705187071d67b83c7ff0efe8108e8ec4530575d7726879333dbdabe7c",
        "subject_key": "8139770ea87d175f56a35466c34c7ecccb8d8a91b4ee37a25df60f5b8fc9b394"
      },
      "chio_receipt_signing_nonce": "rcpt-01a10a23-5c64-7d51-b677-8dfda427d517",
      "financial": {
        "budget_remaining": 0,
        "budget_total": 20,
        "cost_breakdown": {
          "payment": {
            "authorization_id": "f3b932baf0e104e872f97f0a62ff68e1d11c7eebc3fb7f85728f23361d0df171",
            "contractual_resolution": null,
            "preauthorized_units": 20,
            "rail": "dynamic-work-local-test-rail",
            "rail_mode": "reversible_hold",
            "recorded_units": 20,
            "transaction_id": "f3b932baf0e104e872f97f0a62ff68e1d11c7eebc3fb7f85728f23361d0df171"
          }
        },
        "cost_charged": 20,
        "currency": "USD",
        "delegation_depth": 0,
        "grant_index": 0,
        "payment_reference": "f3b932baf0e104e872f97f0a62ff68e1d11c7eebc3fb7f85728f23361d0df171",
        "root_budget_holder": "ca93ac1705187071d67b83c7ff0efe8108e8ec4530575d7726879333dbdabe7c",
        "settlement_status": "settled"
      },
      "receipt_context": {
        "request_id": "selected-b"
      }
    },
    "policy_hash": "3f19fa3b4cb4a25868d2047434e5e26b185820976cfa4e28244b8dbe149e52b1",
    "receipt_kind": "mediated_decision",
    "redaction_mode": "none",
    "signature": "6f871191f9607b09d806a7e408cc67a54558fa0cd5c0208fc2b28b9cf6b97a9010de8c516a1acf5de652d79fbbe002647bfcc1a6cdd37385e690ace593867a04",
    "timestamp": 1791171451,
    "tool_name": "analyze",
    "tool_origin": "caller_executed",
    "tool_server": "research",
    "trust_level": "mediated"
  },
  "replacement_after_dispatch_rejected": true,
  "replay_dispatches": 0,
  "selected_receiver": "ca93ac1705187071d67b83c7ff0efe8108e8ec4530575d7726879333dbdabe7c",
  "sibling_completed": true,
  "sibling_receipt": {
    "action": {
      "parameter_hash": "944657547f9280fd3d445e8faee02d6282f50c506a84a201e53cf3fb1125c12b",
      "parameters": {
        "allocation": {
          "body": {
            "allocation_hash": "f05f11acf5030202b42efb8d10e5662c90d4d100875997978711848f516ef2df",
            "issued_at": 1791171452,
            "root_id": "root",
            "selection": {
              "body": {
                "capability_hash": "663455e96e7ae8144d3f9804e89db0f691354e1afc8d80e0d569add9bcfdb40f",
                "expected_revision": 0,
                "offer": {
                  "body": {
                    "allocation_hash": "f05f11acf5030202b42efb8d10e5662c90d4d100875997978711848f516ef2df",
                    "arguments_hash": "2d9e4d8e8241256496472fa0c6c596a5ff9b091583e53ca05de49068d0913503",
                    "contract_hash": "efd0e9be26a72da6c29eaf09f85b6829016ed5c08bd2bf03dc9b502b112964fb",
                    "effect": {
                      "server": "research",
                      "tool": "analyze"
                    },
                    "expires_at": 1791175048,
                    "price_units": 30,
                    "receiver": "ed4928c628d1c2c6eae90338905995612959273a5c63f93636c14614ac8737d1",
                    "slot_id": "independent"
                  },
                  "signature": "2b211c9e1a200c582474c5c28d652e2f5fb53ba9bb4c18c256b8bb9b40cc5ae19b8d3e86fc81ccc6e9361e431c5aff8f57ee2f4db7600395bd06f19c6a580c08",
                  "signer": "ed4928c628d1c2c6eae90338905995612959273a5c63f93636c14614ac8737d1"
                },
                "request_id": "sibling"
              },
              "signature": "eb3890fbb4430804739cb0f4822e1a3616747daaf22fcc002b0cbd2721e75a1a6b33163b4b0b387efba5620c59fda9601cf7808bfce501420adc52ede85da807",
              "signer": "8a88e3dd7409f195fd52db2d3cba5d72ca6709bf1d94121bf3748801b40f6f5c"
            },
            "slot": {
              "contract": {
                "acceptance": {
                  "clauses": [
                    {
                      "kind": "integer_range",
                      "max": 10,
                      "min": 1,
                      "pointer": "/count"
                    }
                  ]
                },
                "currency": "USD",
                "depth": 2,
                "effects": [
                  {
                    "server": "research",
                    "tool": "analyze"
                  }
                ],
                "expires_at": 1791175048,
                "max_units": 40,
                "readers": [
                  "6e7a1cdd29b0b78fd13af4c5598feff4ef2a97166e3ca6f2e4fbfccd80505bf1",
                  "8139770ea87d175f56a35466c34c7ecccb8d8a91b4ee37a25df60f5b8fc9b394",
                  "8a88e3dd7409f195fd52db2d3cba5d72ca6709bf1d94121bf3748801b40f6f5c",
                  "ca93ac1705187071d67b83c7ff0efe8108e8ec4530575d7726879333dbdabe7c",
                  "ed4928c628d1c2c6eae90338905995612959273a5c63f93636c14614ac8737d1"
                ]
              },
              "holder": "8a88e3dd7409f195fd52db2d3cba5d72ca6709bf1d94121bf3748801b40f6f5c",
              "id": "independent"
            }
          },
          "signature": "627e989eff4544ce53554488fffd6aee6bb69f1ebbbcb5945c28ea8bedeeba59218cce19853a6222c6edbbef842f301ebc38e04d5433bd8a6101484bce30fd05",
          "signer": "8a88e3dd7409f195fd52db2d3cba5d72ca6709bf1d94121bf3748801b40f6f5c"
        },
        "payload": [
          "a",
          "b",
          "c"
        ],
        "slot_id": "independent"
      }
    },
    "boundary_class": "prevent",
    "capability_id": "cap-01a10a23-5c60-7ad4-b158-de65bc85bada",
    "content_hash": "0c07187ea6d064441225b3cba26a7b1e8bc702fcf332b457dae8e26892ba68a6",
    "decision": {
      "verdict": "allow"
    },
    "id": "d1f77e85831e4dc2fabcbb227b6b0bd70f5285a7c8c6cda4e573741ee2c94fff",
    "kernel_key": "ed4928c628d1c2c6eae90338905995612959273a5c63f93636c14614ac8737d1",
    "metadata": {
      "admission_operation": {
        "compensation_status": "not_compensated",
        "coordinator_lease_epoch": 1,
        "coordinator_lease_id": "01a10a23-532c-75f1-a3fc-91969dca42f7",
        "operation_id": "e2419890b98c5041a538a4ccd937fa5c974d26822e25ade0521851062f968f2a",
        "projected_dispatch_state": "terminal",
        "projected_operation_version": 8,
        "projected_state": "completed",
        "request_binding_hash": "5e43e70e123979d70c05978b1c85b60226a5ea35561cd7b460ca1f4dee3bdff1",
        "request_id": "sibling",
        "request_namespace_digest": "a18f738be9502fd0eb9725106b646b8e4c599fa7b479bc74d050ca8c1b86f9a4",
        "retained_dispatch_commit": {
          "committed_version": 6,
          "coordinator_lease_epoch": 1,
          "coordinator_lease_id": "01a10a23-532c-75f1-a3fc-91969dca42f7",
          "provider_attempt": {
            "attempt_id": "attempt:e2419890b98c5041a538a4ccd937fa5c974d26822e25ade0521851062f968f2a",
            "operation_id": "e2419890b98c5041a538a4ccd937fa5c974d26822e25ade0521851062f968f2a",
            "transport_id": "kernel-tool-server:research",
            "transport_key_epoch": 1
          },
          "store_fence": {
            "lease_id": "01a10a23-532c-75f1-a3fc-91969dca42f7",
            "owner_epoch": 1,
            "store_uuid": "01a10a23-4f00-7bd0-ab3b-26f6a959b813"
          }
        },
        "schema": "chio.admission-receipt.v1",
        "store_fence": {
          "lease_id": "01a10a23-532c-75f1-a3fc-91969dca42f7",
          "owner_epoch": 1,
          "store_uuid": "01a10a23-4f00-7bd0-ab3b-26f6a959b813"
        },
        "tool_outcome_id": "c0c8f4e5c8a40c30b85aab23b42e3292f10f62c2b362dbf17bef267bdad3af99",
        "tool_outcome_version": 2,
        "trusted_time_unix_ms": 1791171453191
      },
      "attribution": {
        "delegation_depth": 0,
        "grant_index": 0,
        "issuer_key": "ed4928c628d1c2c6eae90338905995612959273a5c63f93636c14614ac8737d1",
        "subject_key": "8a88e3dd7409f195fd52db2d3cba5d72ca6709bf1d94121bf3748801b40f6f5c"
      },
      "chio_receipt_signing_nonce": "rcpt-01a10a23-610c-77a0-8397-7a310fe33ea0",
      "financial": {
        "budget_remaining": 0,
        "budget_total": 30,
        "cost_breakdown": {
          "payment": {
            "authorization_id": "e2419890b98c5041a538a4ccd937fa5c974d26822e25ade0521851062f968f2a",
            "contractual_resolution": null,
            "preauthorized_units": 30,
            "rail": "dynamic-work-local-test-rail",
            "rail_mode": "reversible_hold",
            "recorded_units": 30,
            "transaction_id": "e2419890b98c5041a538a4ccd937fa5c974d26822e25ade0521851062f968f2a"
          }
        },
        "cost_charged": 30,
        "currency": "USD",
        "delegation_depth": 0,
        "grant_index": 0,
        "payment_reference": "e2419890b98c5041a538a4ccd937fa5c974d26822e25ade0521851062f968f2a",
        "root_budget_holder": "ed4928c628d1c2c6eae90338905995612959273a5c63f93636c14614ac8737d1",
        "settlement_status": "settled"
      },
      "receipt_context": {
        "request_id": "sibling"
      }
    },
    "policy_hash": "3f19fa3b4cb4a25868d2047434e5e26b185820976cfa4e28244b8dbe149e52b1",
    "receipt_kind": "mediated_decision",
    "redaction_mode": "none",
    "signature": "99b23543f1429baf3bf35d1b6f243e2a358e5c3b3d25f5a699c4dee70424965c3e5b4078ac8d4920539723f4c0e9d609958a4f8ded8e62d271b057088f3e1307",
    "timestamp": 1791171453,
    "tool_name": "analyze",
    "tool_origin": "caller_executed",
    "tool_server": "research",
    "trust_level": "mediated"
  }
}
