warning: patch `cmpv2 v0.2.0 (/tmp/arc-security-launch/third_party/cmpv2-chio)` was not used in the crate graph
warning: patch `crmf v0.2.0 (/tmp/arc-security-launch/third_party/crmf-chio)` was not used in the crate graph
warning: patch `ignore v0.4.32 (/tmp/arc-security-launch/third_party/ignore-chio)` was not used in the crate graph
warning: patch `nono v0.53.0 (/tmp/arc-security-launch/third_party/nono-upstream-chio)` was not used in the crate graph
warning: patch `regress v0.11.1 (/tmp/arc-security-launch/third_party/regress-chio)` was not used in the crate graph
warning: patch `sigstore-crypto v0.6.6 (/tmp/arc-security-launch/third_party/sigstore-crypto-chio)` was not used in the crate graph
warning: patch `sigstore-merkle v0.6.6 (/tmp/arc-security-launch/third_party/sigstore-merkle-chio)` was not used in the crate graph
warning: patch `sigstore-trust-root v0.6.3 (/tmp/arc-security-launch/third_party/sigstore-trust-root-chio)` was not used in the crate graph
warning: patch `sigstore-verify v0.6.3 (/tmp/arc-security-launch/third_party/sigstore-verify-chio)` was not used in the crate graph
help: Check that the patched package version and available features are compatible
      with the dependency requirements. If the patch has a different version from
      what is locked in the Cargo.lock file, run `cargo update` to use the new
      version. This may also occur with an optional dependency that is not enabled.
   Compiling chio-http-session v0.1.0 (/tmp/arc-security-launch/crates/platform/chio-http-session)
   Compiling chio-config v0.1.0 (/tmp/arc-security-launch/crates/platform/chio-config)
   Compiling chio-finding-verifier v0.1.0 (/tmp/arc-security-launch/crates/trust/chio-finding-verifier)
   Compiling bollard-stubs v1.52.1-rc.29.1.3
   Compiling docker_credential v1.3.2
   Compiling etcetera v0.11.0
   Compiling chio-decoy v0.1.0 (/tmp/arc-security-launch/crates/security/chio-decoy)
   Compiling sqlparser v0.61.0
   Compiling chio-guards v0.1.0 (/tmp/arc-security-launch/crates/guards/chio-guards)
   Compiling chio-transaction-passport v0.1.0 (/tmp/arc-security-launch/crates/platform/chio-transaction-passport)
   Compiling chio-guard-registry v0.1.0 (/tmp/arc-security-launch/crates/guards/chio-guard-registry)
error[E0521]: borrowed data escapes outside of method
   --> crates/guards/chio-guard-registry/src/download.rs:193:9
    |
164 |         name: &'static str,
    |         ---- `name` declared here, outside of the method body
165 |         descriptor: &OciDescriptor,
    |         ----------  - let's call the lifetime of this reference `'1`
    |         |
    |         `descriptor` is a reference that is only valid in the method body
...
193 |         validate_descriptor(name, descriptor, &descriptor.media_type, &bytes)?;
    |         ^^^^^^^^^^^^^^^^^^^^^^^^^^^^^^^^^^^^^^^^^^^^^^^^^^^^^^^^^^^^^^^^^^^^^
    |         |
    |         `descriptor` escapes the method body here
    |         argument requires that `'1` must outlive `'static`

For more information about this error, try `rustc --explain E0521`.
error: could not compile `chio-guard-registry` (lib) due to 1 previous error
warning: build failed, waiting for other jobs to finish...
