warning: patch `cmpv2 v0.2.0 (/tmp/arc-security-launch/third_party/cmpv2-chio)` was not used in the crate graph
warning: patch `crmf v0.2.0 (/tmp/arc-security-launch/third_party/crmf-chio)` was not used in the crate graph
warning: patch `ignore v0.4.32 (/tmp/arc-security-launch/third_party/ignore-chio)` was not used in the crate graph
warning: patch `nono v0.53.0 (/tmp/arc-security-launch/third_party/nono-upstream-chio)` was not used in the crate graph
warning: patch `regress v0.11.1 (/tmp/arc-security-launch/third_party/regress-chio)` was not used in the crate graph
warning: patch `sigstore-crypto v0.6.6 (/tmp/arc-security-launch/third_party/sigstore-crypto-chio)` was not used in the crate graph
warning: patch `sigstore-merkle v0.6.6 (/tmp/arc-security-launch/third_party/sigstore-merkle-chio)` was not used in the crate graph
warning: patch `sigstore-trust-root v0.6.3 (/tmp/arc-security-launch/third_party/sigstore-trust-root-chio)` was not used in the crate graph
warning: patch `sigstore-verify v0.6.3 (/tmp/arc-security-launch/third_party/sigstore-verify-chio)` was not used in the crate graph
help: Check that the patched package version and available features are compatible
      with the dependency requirements. If the patch has a different version from
      what is locked in the Cargo.lock file, run `cargo update` to use the new
      version. This may also occur with an optional dependency that is not enabled.
   Compiling serde_core v1.0.228
   Compiling syn v2.0.117
   Compiling serde v1.0.228
   Compiling serde_json v1.0.149
   Compiling regress v0.10.5
   Compiling fancy-regex v0.17.0
   Compiling signature v2.2.0
   Compiling ed25519 v2.2.3
   Compiling proptest v1.10.0
   Compiling hex v0.4.3
   Compiling semver v1.0.27
   Compiling rustc_version v0.4.1
   Compiling curve25519-dalek v4.1.3
   Compiling synstructure v0.13.2
   Compiling serde_derive_internals v0.29.1
   Compiling ed25519-dalek v2.2.0
   Compiling serde_derive v1.0.228
   Compiling zerofrom-derive v0.1.6
   Compiling yoke-derive v0.8.1
   Compiling zerovec-derive v0.11.2
   Compiling displaydoc v0.2.5
   Compiling schemars_derive v0.8.22
   Compiling thiserror-impl v2.0.18
   Compiling ref-cast-impl v1.0.25
   Compiling thiserror-impl v1.0.69
   Compiling zerofrom v0.1.6
   Compiling yoke v0.8.1
   Compiling ref-cast v1.0.25
   Compiling zerovec v0.11.5
   Compiling zerotrie v0.2.3
   Compiling thiserror v2.0.18
   Compiling tinystr v0.8.2
   Compiling potential_utf v0.1.4
   Compiling icu_collections v2.1.1
   Compiling icu_locale_core v2.1.1
   Compiling thiserror v1.0.69
   Compiling schemars v0.8.22
   Compiling serde_tokenstream v0.2.3
   Compiling serde_spanned v0.6.9
   Compiling fluent-uri v0.4.1
   Compiling icu_provider v2.1.1
   Compiling toml_datetime v0.6.11
   Compiling icu_properties v2.1.2
   Compiling icu_normalizer v2.1.1
   Compiling ahash v0.8.12
   Compiling referencing v0.46.0
   Compiling toml_edit v0.22.27
   Compiling typify-impl v0.4.3
   Compiling email_address v0.2.9
   Compiling idna_adapter v1.2.1
   Compiling idna v1.1.0
   Compiling chio-security-types v0.1.0 (/tmp/arc-security-launch/crates/security/chio-security-types)
   Compiling jsonschema v0.46.0
   Compiling url v2.5.8
   Compiling toml v0.8.23
   Compiling typify-macro v0.4.3
   Compiling typify v0.4.3
   Compiling chio-spec-codegen v0.1.0 (/tmp/arc-security-launch/crates/tooling/chio-spec-codegen)
   Compiling chio-core-types v0.1.0 (/tmp/arc-security-launch/crates/core/chio-core-types)
    Finished `test` profile [unoptimized] target(s) in 40.62s
     Running unittests src/lib.rs (/home/connor/chio-security-target-6d-final/debug/deps/chio_core_types-3a3d6e9c28d76a63)

running 1 test
test canonical::untrusted::document_tests::unsigned_floats_do_not_relax_signed_numeric_or_duplicate_contracts ... ok

test result: ok. 1 passed; 0 failed; 0 ignored; 0 measured; 409 filtered out; finished in 0.01s

