
running 245 tests
test archive::tests::safe_archive_helper_rejects_backslash_and_colon ... ok
test chio_dispatch::pheromone::assurance::reports::archive_restore_input_tests::archive_restore_inputs_drop_report_json_when_no_tarballs_are_present ... ok
test chio_dispatch::pheromone::assurance::reports::archive_restore_input_tests::archive_restore_inputs_keep_only_tarballs_when_json_reports_are_present ... ok
test archive::tests::safe_archive_helper_rejects_traversal_path ... ok
test archive::namespace::tests::explicit_parent_after_child_is_valid_but_a_duplicate_is_not ... ok
test archive::tests::safe_archive_helper_rejects_symlink_parent_on_refresh ... ok
test archive::tests::safe_archive_helper_rejects_symlink_target_on_refresh ... ok
test archive::namespace::tests::collisions_fail_before_creating_output ... ok
test archive::tests::safe_archive_helper_rejects_symlink_member_on_read ... ok
test archive::tests::safe_archive_helper_rejects_casefold_collision ... ok
test archive::tests::safe_archive_helper_roundtrips_regular_files ... ok
test chio_dispatch::pheromone::assurance::support::tests::output_directory_errors_use_chio_boundary_label ... ok
test archive::tests::safe_archive_helper_rejects_duplicate_member ... ok
test archive::tests::safe_archive_helper_rejects_decompression_ratio_bomb ... ok
test archive::tests::safe_archive_helper_counts_directory_members ... ok
test chio_dispatch::pheromone::assurance::reports::archive_restore_input_tests::archive_restore_source_reports_match_by_canonical_hash ... ok
test chio_dispatch::pheromone::io::tests::directory_read_errors_use_chio_boundary_label ... FAILED
test chio_dispatch::pheromone::io::tests::relay_signing_key_errors_use_chio_boundary_label ... FAILED
test chio_dispatch::pheromone::assurance::reports::archive_restore_input_tests::archive_restore_rejects_unverified_standalone_package_report_json ... ok
test chio_dispatch::pheromone::assurance::reports::archive_restore_input_tests::archive_restore_tarball_prefers_hash_stable_sidecar_report ... ok
test chio_dispatch::pheromone::iroh_mount::tests::directory_reload_rejects_rollback_and_keeps_last_good ... ok
test chio_dispatch::pheromone::assurance::reports::archive_restore_input_tests::archive_restore_tarball_rejects_mismatched_sidecar_report ... ok
test chio_dispatch::pheromone::iroh_mount::tests::directory_reload_fails_closed_when_successor_rotates_local_binding ... ok
test chio_dispatch::pheromone::iroh_mount::tests::disabled_loads_no_inputs_and_touches_nothing ... ok
test chio_dispatch::pheromone::iroh_mount::tests::directory_reload_denies_unchanged_directory_below_raised_min_version ... ok
test chio_dispatch::pheromone::iroh_mount::tests::enable_without_transport_directory_fails_closed ... ok
test chio_dispatch::pheromone::iroh_mount::tests::build_iroh_router_rejects_relay_vs_transport_local_id_mismatch ... ok
test chio_dispatch::pheromone::iroh_mount::tests::directory_reload_fails_closed_when_below_floor_running_directory_has_an_invalid_successor ... ok
test chio_dispatch::pheromone::iroh_mount::tests::invalid_transport_directory_bundle_fails_closed ... ok
test chio_dispatch::pheromone::iroh_mount::tests::bundle_below_trusted_issuer_min_version_is_rejected_without_state_file ... ok
test chio_dispatch::pheromone::iroh_mount::tests::directory_reload_fails_closed_when_successor_reassigns_bound_endpoint ... ok
test chio_dispatch::pheromone::iroh_mount::tests::directory_reload_advances_chain_after_local_binding_revoked ... ok
test chio_dispatch::pheromone::iroh_mount::tests::directory_reload_denies_newer_successor_below_raised_min_version ... ok
test chio_dispatch::pheromone::iroh_mount::tests::directory_reload_swaps_in_successor_and_evicts_tombstoned_peer ... ok
test chio_dispatch::pheromone::iroh_mount::tests::local_kernel_without_directory_binding_fails_closed ... ok
test chio_dispatch::pheromone::iroh_mount::tests::directory_reloader_self_heals_after_expiry_lapse ... ok
test chio_dispatch::pheromone::iroh_mount::tests::reloader_rechecks_immediately_when_a_live_directory_expires_mid_cycle ... ok
test chio_dispatch::pheromone::iroh_mount::tests::revocation_and_bilateral_lanes_are_rejected_fail_closed ... ok
test chio_dispatch::pheromone::iroh_mount::tests::reloader_wakes_at_expiry_before_the_fixed_interval ... ok
test chio_dispatch::pheromone::iroh_mount::tests::matching_local_transport_key_binding_loads ... ok
test chio_dispatch::pheromone::iroh_mount::tests::reload_rejects_successor_that_reassigns_local_kernel_id ... ok
test chio_dispatch::pheromone::iroh_mount::tests::watchdog_flips_gauge_and_alarms_on_death ... ok
test chio_dispatch::pheromone::iroh_mount::tests::successor_bundle_accepted_with_rotation_state_supplied ... ok
test chio_dispatch::pheromone::iroh_mount::tests::reload_rejects_unchanged_bundle_when_signing_issuer_leaves_trust_roots ... ok
test chio_dispatch::pheromone::relay::tests::local_dev_relay_service_limits_keep_existing_body_bound ... ok
test chio_dispatch::pheromone::relay::tests::parse_iroh_peer_addr_book_is_empty_for_no_entries ... ok
test chio_dispatch::pheromone::iroh_mount::tests::reload_denies_same_version_bundle_whose_body_was_replaced ... ok
test chio_dispatch::pheromone::relay::tests::production_relay_service_limits_use_profile_body_bound ... ok
test chio_dispatch::pheromone::relay::tests::parse_iroh_peer_addr_book_parses_and_groups_multi_homed_recipients ... ok
test chio_dispatch::pheromone::iroh_mount::tests::directory_reload_self_heals_across_below_floor_successors ... ok
test chio_dispatch::pheromone::relay::tests::parse_iroh_peer_addr_book_rejects_malformed_entries_fail_closed ... ok
test chio_dispatch::pheromone::iroh_mount::tests::local_transport_key_mismatch_fails_closed ... ok
test chio_dispatch::pheromone::relay::tests::iroh_tick::direct_address_book_threads_the_socket_onto_the_resolved_endpoint ... ok
test dispatch_cli::finding_cmd::finding_hosted::tests::missing_secret_references_fail_closed ... ok
test dispatch_cli::finding_cmd::finding_operator::tests::package_failures_are_reclaimable_while_admission_failures_remain_retryable ... ok
test chio_dispatch::pheromone::iroh_mount::tests::reload_expiry_is_checked_before_the_unchanged_fast_path ... ok
test chio_dispatch::pheromone::relay::tests::iroh_tick::iroh_tick_drains_the_outbox_and_folds_an_unresolvable_recipient_into_retry ... FAILED
test dispatch_cli::finding_cmd::finding_operator::tests::retraction_bundle_failures_preserve_missing_retryable_and_integrity_classes ... ok
test dispatch_cli::finding_cmd::finding_operator::tests::retraction_status_failures_preserve_retryable_operator_responses ... ok
test dispatch_cli::finding_cmd::finding_verified_fix::sandbox::rlimit_tests::host_user_process_count_is_not_used_as_the_sandbox_bound ... ok
test dispatch_cli::finding_cmd::finding_operator::tests::failed_verified_fix_jobs_reclaim_only_nonrecoverable_files ... ok
test chio_dispatch::pheromone::iroh_mount::tests::reload_fails_closed_when_trusted_issuers_becomes_empty ... ok
test chio_dispatch::treaty::tests::treaty_admit_rejects_malformed_evidence_token ... ok
test chio_dispatch::treaty::tests::treaty_admit_returns_error_when_report_denies ... ok
test dispatch_cli::finding_cmd::finding_operator::tests::seller_repository_is_confined_to_the_configured_root ... ok
test chio_dispatch::treaty::tests::buyer_verify_packet_returns_error_when_report_denies ... ok
test dispatch_cli::finding_cmd::finding_verified_fix::sandbox::rust_runtime::tests::rust_runtime_rejects_filesystem_root ... ok
test dispatch_cli::finding_cmd::finding_verified_fix::sandbox::rust_runtime::tests::rust_runtime_dependency_resolves_host_symlinks_before_parent_components ... ok
test dispatch_cli::finding_cmd::finding_verified_fix::sandbox::rust_runtime::tests::rust_runtime_relocates_only_its_own_dependency_paths ... ok
test dispatch_cli::finding_cmd::finding_verified_fix::sandbox::rust_runtime::tests::rust_runtime_excludes_ambient_bin_lib_and_documentation ... ok
test dispatch_cli::finding_cmd::finding_verified_fix::sandbox::rust_runtime::tests::rust_runtime_resolves_internal_file_and_directory_aliases ... ok
test dispatch_cli::finding_cmd::finding_verified_fix::sandbox::rust_runtime::tests::rust_runtime_rejects_missing_required_components_without_partial_mounts ... ok
test dispatch_cli::finding_cmd::finding_verified_fix::sandbox::rust_runtime::tests::rust_runtime_rejects_redirected_rustlib_without_changing_existing_mounts ... ok
test dispatch_cli::finding_cmd::finding_verified_fix::sandbox::rust_runtime::tests::rust_runtime_rejects_component_symlink_escapes_and_cycles ... ok
test dispatch_cli::finding_cmd::finding_verified_fix::sandbox::tests::aggregate_deadline_caps_each_remaining_command ... ok
test dispatch_cli::finding_cmd::finding_verified_fix::tests::admission_reconciliation_continues_after_one_job_fails ... ok
test dispatch_cli::finding_cmd::finding_verified_fix::tests::failed_repository_staging_removes_its_partial_root ... ok
test dispatch_cli::finding_cmd::finding_verified_fix::tests::expired_package_deadline_stops_before_repository_staging ... ok
test dispatch_cli::finding_cmd::finding_verified_fix::tests::paid_terminal_uses_its_authenticated_historical_verification_time ... ok
hint: Using 'master' as the name for the initial branch. This default branch name
hint: is subject to change. To configure the initial branch name to use in all
hint: of your new repositories, which will suppress this warning, call:
hint:
hint: 	git config --global init.defaultBranch <name>
hint:
hint: Names commonly chosen instead of 'master' are 'main', 'trunk' and
hint: 'development'. The just-created branch can be renamed via this command:
hint:
hint: 	git branch -m <name>
Initialized empty Git repository in /tmp/.tmpcRNOp2/.git/
test chio_dispatch::pheromone::iroh_mount::tests::tick_outbound_endpoint_uses_ephemeral_port_not_the_serving_bind_addr ... ok
test dispatch_cli::finding_cmd::finding_verified_fix::tests::private_new_output_is_published_only_after_complete_write ... ok
test dispatch_cli::finding_cmd::finding_operator::tests::seller_submission_capacity_bounds_jobs_and_storage ... ok
test dispatch_cli::finding_cmd::finding_verified_fix::admission_lock::tests::admission_job_lock_serializes_independent_open_files ... ok
hint: Using 'master' as the name for the initial branch. This default branch name
hint: is subject to change. To configure the initial branch name to use in all
hint: of your new repositories, which will suppress this warning, call:
hint:
hint: 	git config --global init.defaultBranch <name>
hint:
hint: Names commonly chosen instead of 'master' are 'main', 'trunk' and
hint: 'development'. The just-created branch can be renamed via this command:
hint:
hint: 	git branch -m <name>
Initialized empty Git repository in /tmp/.tmpeJwSuz/approved/source/.git/
test chio_dispatch::pheromone::iroh_mount::tests::iroh_ingress_rejects_out_of_scope_sender_before_the_receiver ... ok
test dispatch_cli::finding_cmd::finding_verify::tests::evidence_report_rejects_a_failed_optional_facet ... ok
test dispatch_cli::finding_cmd::finding_verify::tests::finding_verify_binds_status_freshness_to_report_clock ... ok
test dispatch_cli::finding_cmd::finding_verified_fix::tests::source_git_sandbox_rejects_repository_config_includes ... ok
test chio_dispatch::pheromone::iroh_mount::tests::build_iroh_router_succeeds_and_403s_unadmitted_over_loopback ... ok
test dispatch_cli::finding_cmd::finding_verify::tests::finding_verify_preserves_exact_canonical_status_proof_bytes ... ok
test dispatch_cli::finding_cmd::finding_verified_fix::tests::repository_identity_strips_remote_credentials_and_url_secrets ... ok
test dispatch_cli::finding_cmd::finding_verify::tests::finding_verify_rejects_status_proof_without_pinned_trust ... ok
test dispatch_cli::finding_cmd::finding_verify::tests::finding_verify_does_not_persist_retraction_without_authenticated_operator_standing ... ok
test dispatch_cli::finding_cmd::finding_verify::tests::resolver_policy_records_resolved_nonce_evidence ... ok
test dispatch_cli::finding_cmd::publish_binding_tests::publish_response_binds_both_identifier_and_original_digest ... ok
test dispatch_cli::finding_cmd::finding_verify::tests::finding_verify_requires_a_durable_status_floor ... ok
test dispatch_cli::finding_cmd::unit_tests::buy_requires_a_venue_url_and_service_token ... ok
hint: Using 'master' as the name for the initial branch. This default branch name
hint: is subject to change. To configure the initial branch name to use in all
hint: of your new repositories, which will suppress this warning, call:
hint:
hint: 	git config --global init.defaultBranch <name>
hint:
hint: Names commonly chosen instead of 'master' are 'main', 'trunk' and
hint: 'development'. The just-created branch can be renamed via this command:
hint:
hint: 	git branch -m <name>
hint: Using 'master' as the name for the initial branch. This default branch name
hint: is subject to change. To configure the initial branch name to use in all
hint: of your new repositories, which will suppress this warning, call:
hint:
hint: 	git config --global init.defaultBranch <name>
hint:
hint: Names commonly chosen instead of 'master' are 'main', 'trunk' and
hint: 'development'. The just-created branch can be renamed via this command:
hint:
hint: 	git branch -m <name>
Initialized empty Git repository in /tmp/.tmp06NtyG/approved/source/.git/
Initialized empty Git repository in /tmp/.tmpDiwZ0S/worktree/.git/
test dispatch_cli::finding_cmd::finding_verified_fix::tests::patch_output_runner_enforces_deadline_and_output_bound ... ok
hint: Using 'master' as the name for the initial branch. This default branch name
hint: is subject to change. To configure the initial branch name to use in all
hint: of your new repositories, which will suppress this warning, call:
hint:
hint: 	git config --global init.defaultBranch <name>
hint:
hint: Names commonly chosen instead of 'master' are 'main', 'trunk' and
hint: 'development'. The just-created branch can be renamed via this command:
hint:
hint: 	git branch -m <name>
Initialized empty Git repository in /tmp/.tmp06NtyG/outside/.git/
test dispatch_cli::finding_cmd::finding_verified_fix::tests::repository_staging_enforces_deadline_and_aggregate_storage ... ok
test dispatch_cli::finding_cmd::unit_tests::buy_subcommand_parses ... ok
[master (root-commit) f299939] secret
 1 file changed, 1 insertion(+)
 create mode 100644 secret.txt
hint: Using 'master' as the name for the initial branch. This default branch name
hint: is subject to change. To configure the initial branch name to use in all
hint: of your new repositories, which will suppress this warning, call:
hint:
hint: 	git config --global init.defaultBranch <name>
hint:
hint: Names commonly chosen instead of 'master' are 'main', 'trunk' and
hint: 'development'. The just-created branch can be renamed via this command:
hint:
hint: 	git branch -m <name>
test dispatch_cli::finding_cmd::finding_verify::tests::finding_verify_rejects_a_verified_epoch_below_its_durable_floor ... ok
Initialized empty Git repository in /tmp/.tmppCT6go/source/.git/
test dispatch_cli::finding_cmd::finding_verified_fix::tests::source_git_sandbox_rejects_an_external_alternate_object_store ... ok
test dispatch_cli::finding_cmd::finding_verify::tests::finding_verify_persists_an_authenticated_retraction_before_failure ... ok
test dispatch_cli::finding_cmd::unit_tests::challenge_refuses_a_buyer_submission_without_a_challenger_key ... ok
test dispatch_cli::finding_cmd::unit_tests::challenge_evidence_invalid_class_parses ... ok
[master (root-commit) a297525] test
 1 file changed, 1 insertion(+)
 create mode 100644 file.txt
test dispatch_cli::finding_cmd::unit_tests::challenge_refuses_a_class_the_document_does_not_carry ... ok
test dispatch_cli::finding_cmd::unit_tests::challenge_dry_run_emits_the_canonical_challenge_without_transmitting ... FAILED
test dispatch_cli::finding_cmd::unit_tests::challenge_refuses_a_body_the_registered_schema_rejects ... ok
test dispatch_cli::finding_cmd::unit_tests::challenge_refuses_a_malformed_evidence_document ... ok
test dispatch_cli::finding_cmd::unit_tests::buy_drives_the_authenticated_live_purchase_roundtrip ... ok
test dispatch_cli::finding_cmd::unit_tests::challenge_refuses_a_non_canonical_evidence_document ... ok
test dispatch_cli::finding_cmd::unit_tests::challenge_refuses_a_challenger_key_with_a_venue_audit ... ok
test dispatch_cli::finding_cmd::unit_tests::challenge_refuses_a_venue_audit_over_a_buyer_submission ... ok
test dispatch_cli::finding_cmd::unit_tests::challenge_refuses_an_audit_document_without_the_audit_flag ... ok
test dispatch_cli::finding_cmd::unit_tests::challenge_dry_run_digests_match_an_independent_computation ... FAILED
test dispatch_cli::finding_cmd::unit_tests::challenge_refuses_an_evidence_document_above_the_ingest_bound ... FAILED
test dispatch_cli::finding_cmd::unit_tests::challenge_requires_a_venue_url ... ok
test dispatch_cli::finding_cmd::unit_tests::challenge_accepts_every_class_against_a_compatible_finding ... FAILED
test dispatch_cli::finding_cmd::unit_tests::challenge_subcommand_parses ... ok
test dispatch_cli::finding_cmd::unit_tests::challenge_rejects_an_unknown_class ... ok
test dispatch_cli::finding_cmd::unit_tests::challenge_refuses_a_key_that_is_not_the_named_challenger ... FAILED
test dispatch_cli::finding_cmd::unit_tests::finding_ids_must_be_lowercase_content_addresses ... ok
test dispatch_cli::finding_cmd::unit_tests::finding_plain_text_escapes_terminal_controls ... ok
test dispatch_cli::finding_cmd::unit_tests::live_challenge_requires_service_authorization_before_contacting_the_venue ... ok
test dispatch_cli::finding_cmd::unit_tests::challenge_venue_audit_subcommand_parses ... ok
test dispatch_cli::finding_cmd::unit_tests::live_venue_audit_is_reserved_for_the_pinned_scheduler ... ok
test dispatch_cli::finding_cmd::unit_tests::publish_refuses_an_artifact_above_the_body_bound ... FAILED
test dispatch_cli::finding_cmd::unit_tests::publish_requires_a_service_token ... ok
test dispatch_cli::finding_cmd::unit_tests::publish_requires_a_venue_url ... ok
test dispatch_cli::finding_cmd::unit_tests::challenge_venue_audit_carries_no_signature ... ok
test dispatch_cli::finding_cmd::unit_tests::publish_subcommand_parses ... ok
test dispatch_cli::finding_cmd::unit_tests::search_rejects_a_malformed_context_digest ... ok
test dispatch_cli::finding_cmd::unit_tests::search_requires_a_venue_url ... ok
test dispatch_cli::finding_cmd::unit_tests::challenge_without_dry_run_posts_the_exact_canonical_envelope ... FAILED
test dispatch_cli::finding_cmd::unit_tests::challenge_requires_the_class_finding_and_evidence_flags ... ok
test dispatch_cli::finding_cmd::unit_tests::search_subcommand_parses ... ok
test dispatch_cli::finding_cmd::unit_tests::status_floor::status_floor_lock_recovers_from_stale_sidecar_and_excludes_live_writer ... ok
test dispatch_cli::finding_cmd::unit_tests::search_encodes_the_index_query_parameters ... ok
test dispatch_cli::finding_cmd::unit_tests::publish_sends_the_artifact_bytes_verbatim_under_the_service_token ... FAILED
test dispatch_cli::finding_cmd::unit_tests::challenge_signs_under_the_challenger_the_document_names ... FAILED
test dispatch_cli::finding_cmd::unit_tests::challenge_refuses_a_class_the_targeted_finding_forbids ... FAILED
test dispatch_cli::finding_cmd::unit_tests::status_floor::status_floor_persists_trusted_time_before_any_verified_epoch ... ok
test dispatch_cli::finding_cmd::unit_tests::status_floor::status_floor_rejects_obsolete_schema_without_mutating_retained_state ... ok
test dispatch_cli::finding_cmd::unit_tests::status_floor::status_rejects_a_projected_digest_that_does_not_hash_the_proof_bytes ... ok
test dispatch_cli::finding_cmd::unit_tests::status_floor::status_rejects_oversized_encoded_proof_before_decoding ... ok
test dispatch_cli::finding_cmd::unit_tests::status_floor::status_operator_authorization_is_loaded_out_of_band_and_feed_pinned ... ok
test dispatch_cli::finding_cmd::unit_tests::status_floor::status_floor_rejects_rollback_and_same_epoch_equivocation ... ok
test dispatch_cli::finding_cmd::unit_tests::status_requires_a_venue_url ... ok
test dispatch_cli::finding_cmd::unit_tests::status_floor::status_service_bond_is_canonical_operator_bound_and_current ... ok
test dispatch_cli::finding_cmd::unit_tests::status_floor::status_floor_keeps_retractions_sticky_per_finding ... ok
test dispatch_cli::finding_cmd::unit_tests::status_floor::status_floor_requires_a_pinned_operator_key ... ok
test dispatch_cli::finding_cmd::unit_tests::verify_accepts_the_canonical_artifact_under_integrity_only ... ok
test dispatch_cli::finding_cmd::unit_tests::status_subcommand_parses ... ok
test dispatch_cli::finding_cmd::unit_tests::status_floor::status_floor_accepts_same_key_authorization_refresh_and_rejects_key_equivocation ... ok
test dispatch_cli::finding_cmd::unit_tests::verify_by_id_rejects_a_different_valid_artifact ... ok
test dispatch_cli::finding_cmd::unit_tests::verify_refuses_both_artifact_sources ... ok
test dispatch_cli::finding_cmd::unit_tests::verify_integrity_only_parses ... ok
test dispatch_cli::finding_cmd::unit_tests::verify_rejects_bytes_that_are_not_the_canonical_serialization ... ok
test dispatch_cli::finding_cmd::unit_tests::verify_requires_exactly_one_artifact_source ... ok
test dispatch_cli::finding_cmd::unit_tests::verify_resolves_bounded_signed_execution_nonce_evidence ... ok
test dispatch_cli::finding_cmd::unit_tests::verify_caps_every_support_file_before_parsing ... FAILED
test dispatch_cli::finding_cmd::unit_tests::verify_refuses_evidence_inputs_with_integrity_only ... ok
test dispatch_cli::finding_cmd::unit_tests::verify_by_id_runs_the_strict_ingress_over_the_served_bytes ... ok
test dispatch_cli::finding_cmd::unit_tests::verify_names_every_required_facet_it_could_not_establish ... ok
test dispatch_cli::finding_cmd::unit_tests::verify_refuses_to_call_integrity_alone_evidence_verification ... ok
test input::boundary_tests::collection_limits_charge_retained_bytes_entries_and_depth ... ok
test dispatch_cli::finding_cmd::unit_tests::verify_subcommand_parses ... ok
test input::boundary_tests::enums_are_literals_and_not_json_fragments ... ok
test input::boundary_tests::collection_rejects_symlinks_and_nonregular_files ... ok
test input::boundary_tests::streams_reject_the_first_byte_over_the_bound ... ok
test input::collection::failed_budget_tests::oversized_candidate_exhausts_shared_budget_before_next_open ... ok
test input::boundary_tests::signing_custody_is_existing_private_bounded_and_not_aliased ... ok
test input::collection::remaining_reader_tests::repeated_members_consume_the_same_actual_byte_budget ... ok
test input::collection::remaining_reader_tests::directories_and_members_reject_stable_symlink_escapes ... ok
test input::tests::original_document_numbers_and_private_causes_are_preserved ... ok
test input::time::tests::clock_faults_never_mint_zero_or_reset_high_water ... ok
test input::time::tests::deadline_checks_zero_overflow_and_exact_maximum ... ok
test input::boundary_tests::selected_formats_never_fall_back_after_ambiguous_json ... ok
test input::tests::regular_file_limit_applies_before_decoding ... ok
test lineage::tests::query_forward_finds_receipts_from_capability ... ok
test lineage::tests::roots_handles_empty_dir ... ok
test lineage::tests::diff_emits_stable_schema ... ok
test market::tests::catalog_pricing_rejects_non_canonical_currency ... ok
test market::tests::duplicate_catalog_references_are_rejected ... ok
test market::tests::info_emits_effective_price_and_credit_limit ... ok
test input::private::tests::private_json_rejects_duplicates_unknowns_permissions_and_links ... ok
test market::tests::install_denied_below_floor ... ok
test market::tests::info_below_floor_returns_unknown_reference ... ok
test market::tests::info_unknown_reference_errors ... ok
test market::tests::install_record_path_is_deterministic ... ok
test market::tests::install_denied_when_publisher_revoked ... ok
test market::tests::install_record_path_distinguishes_punctuation_variants ... ok
test market::tests::install_record_path_traversal_inputs_stay_in_bundle_dir ... ok
test market::tests::list_filters_by_reputation_tier ... ok
test market::tests::list_includes_higher_floor_for_higher_tier ... ok
test input::boundary_tests::snapshots_reject_collisions_amplification_and_preserve_captured_bytes ... ok
test input::boundary_tests::yaml_expansion_and_depth_have_shared_bounds ... ok
test market::tests::install_is_idempotent_on_replay ... ok
test market::tests::install_replay_does_not_rewrite_existing_record ... ok
test market::tests::retained_install_must_bind_requested_tenant_reference_and_schema ... ok
test mcp_cli::cage_policy::evidence::tests::native_observation_keeps_missing_exit_distinct_and_rejects_substituted_terminal ... ok
test mcp_cli::cage_policy::tests::brokered_profile_without_authenticated_broker_binding_is_rejected ... ok
test mcp_cli::cage_policy::evidence::tests::native_policy_verification_rejects_legacy_and_mismatched_terminal_commitments ... ok
test mcp_cli::cage_policy::tests::cage_policy_requires_canonical_deny_unknown_json ... ok
test mcp_cli::cage_policy::evidence::tests::native_run_evidence_requires_external_policy_pin_and_same_observed_launch ... ok
test mcp_cli::cage_policy::tests::independent_operator_ceiling_rejection_precedes_runtime_launch ... ok
test mcp_cli::cage_policy::tests::inactive_signed_policies_cannot_prepare_native_launches ... ok
test mcp_cli::cage_policy::tests::live_registry_rejects_replayed_policy_manifest_before_compilation ... ok
test mcp_cli::cage_policy::tests::launch_factory_pins_verified_policy_bytes_at_construction ... ok
test mcp_cli::cage_policy::tests::migration_posture_changes_with_every_authority_component ... ok
test mcp_cli::cage_policy::tests::operator_runtime_file_cannot_widen_verified_manifest_authority ... ok
test mcp_cli::provision::authority_paths::tests::authority_is_excluded_before_creation_and_on_restart ... ok
test mcp_cli::provision::authority_paths::tests::deployed_policy_does_not_require_the_staging_filesystem ... ok
test mcp_cli::cage_policy::evidence::tests::native_start_verification_binds_original_receipt_without_claiming_exit ... ok
test mcp_cli::provision::discovery::transport::tests::discovery_rejects_ambiguous_unversioned_and_conflicting_replies ... ok
test mcp_cli::cage_policy::tests::unprotected_wrapper_uses_signed_registry_flow_requirement ... ok
test mcp_cli::provision::discovery::transport::tests::expired_launch_deadline_is_not_reset_for_the_mcp_handshake ... ok
test mcp_cli::provision::linkage::tests::dynamic_images_report_their_interpreter_and_shared_objects ... ok
test mcp_cli::provision::linkage::tests::static_images_are_recognized_by_type ... ok
test mcp_cli::provision::linkage::tests::malformed_images_are_refused ... ok
test mcp_cli::provision::runtime_linkage_tests::elf_loader_alias_requires_the_exact_declared_file ... ok
test mcp_cli::wrap::wrap_tests::malformed_original_frames_never_reach_the_verdict_gate ... ok
test mcp_cli::wrap::wrap_tests::wrap_loop_maps_kernel_runtime_errors_to_kernel_denial_code ... ok
test mcp_cli::wrap::wrap_tests::wrap_loop_rejects_oversized_json_rpc_frame ... ok
test runtime_cli::runtime_local_error_domain_tests::durable_receipt_path_boots_without_the_ephemeral_optin ... ok
test runtime_cli::runtime_local_error_domain_tests::in_memory_receipt_store_boots_only_with_the_ephemeral_optin ... ok
test runtime_cli::runtime_local_error_domain_tests::in_memory_receipt_store_is_not_carried_through_as_durable ... ok
test runtime_cli::runtime_local_error_domain_tests::in_memory_receipt_store_is_refused_without_ephemeral_optin ... ok
test runtime_cli::runtime_local_error_domain_tests::missing_local_receipt_db_uses_cli_domain ... ok
test runtime_cli::runtime_local_error_domain_tests::partial_credit_loss_lifecycle_amount_uses_cli_domain ... ok
test runtime_cli::runtime_local_error_domain_tests::remote_mcp_auth_contract_is_derived_from_external_auth_urls ... ok
test runtime_cli::runtime_local_error_domain_tests::remote_mcp_auth_contract_permits_explicit_loopback_auth_url ... ok
test runtime_cli::runtime_local_error_domain_tests::tenant_read_token_mapping_rejects_control_characters ... ok
test runtime_cli::runtime_local_error_domain_tests::tenant_read_token_mapping_rejects_surrounding_whitespace ... ok
test runtime_cli::trusted_issuer_tests::the_pinned_control_authority_is_a_trusted_issuer ... ok
test mcp_cli::provision::discovery::transport::tests::blocked_handshake_and_open_descendant_pipes_respect_the_deadline ... ok
test mcp_cli::cage_policy::evidence::tests::native_policy_substitutions_by_the_same_operator_fail_all_verifiers ... ok
test mcp_cli::provision::linkage::tests::the_test_executable_is_dynamically_linked ... ok
test mcp_cli::cage_policy::tests::cage_migration_revalidates_after_preparation_and_recovers_only_by_rebuild ... ok
test dispatch_cli::finding_cmd::finding_verified_fix::tests::staged_worktree_disables_source_repository_hooks ... ok
test mcp_cli::cage_policy::receipt_tests::cage_receipt_persistence_requires_the_independent_anchor ... ok
test dispatch_cli::finding_cmd::finding_verified_fix::sandbox::rust_runtime::tests::rust_runtime_keeps_the_selected_tree_entry_bound ... ok
test dispatch_cli::finding_cmd::unit_tests::status_floor::status_floor_partitions_retractions_without_growing_the_epoch_document ... ok
test dispatch_cli::finding_cmd::finding_verified_fix::tests::sandbox_mounts_only_explicit_runtime_components ... ok
test dispatch_cli::finding_cmd::finding_verified_fix::tests::isolated_test_cannot_read_operator_sibling_and_has_a_deadline ... ok
test dispatch_cli::finding_cmd::finding_verified_fix::tests::isolated_test_supports_offline_path_vendored_rust ... ok

failures:

---- chio_dispatch::pheromone::io::tests::directory_read_errors_use_chio_boundary_label stdout ----

thread 'chio_dispatch::pheromone::io::tests::directory_read_errors_use_chio_boundary_label' (3247923) panicked at crates/products/chio-cli/src/bin/../cli/chio/dispatch/pheromone/io.rs:84:9:
assertion failed: error.contains("Chio relay event dir")
note: run with `RUST_BACKTRACE=1` environment variable to display a backtrace

---- chio_dispatch::pheromone::io::tests::relay_signing_key_errors_use_chio_boundary_label stdout ----

thread 'chio_dispatch::pheromone::io::tests::relay_signing_key_errors_use_chio_boundary_label' (3247924) panicked at crates/products/chio-cli/src/bin/../cli/chio/dispatch/pheromone/io.rs:98:9:
assertion failed: error.contains("Chio relay signing key")

---- chio_dispatch::pheromone::relay::tests::iroh_tick::iroh_tick_drains_the_outbox_and_folds_an_unresolvable_recipient_into_retry stdout ----

thread 'chio_dispatch::pheromone::relay::tests::iroh_tick::iroh_tick_drains_the_outbox_and_folds_an_unresolvable_recipient_into_retry' (3247957) panicked at crates/products/chio-cli/src/bin/../cli/chio/dispatch/pheromone/relay.rs:1341:14:
iroh inputs load: Chio(ChioError { diagnostic: Diagnostic { code: Code("urn:chio:error:cli:io"), domain: Cli, severity: Error, message: "authority seed must be singly linked with mode 0600 or stricter", help: Some("Check the path, permissions, and filesystem state before retrying.") } })

---- dispatch_cli::finding_cmd::unit_tests::challenge_dry_run_emits_the_canonical_challenge_without_transmitting stdout ----

thread 'dispatch_cli::finding_cmd::unit_tests::challenge_dry_run_emits_the_canonical_challenge_without_transmitting' (3248105) panicked at crates/products/chio-cli/src/bin/../cli/dispatch/finding/unit_tests.rs:1885:6:
called `Result::unwrap()` on an `Err` value: Chio(ChioError { diagnostic: Diagnostic { code: Code("urn:chio:error:cli:io"), domain: Cli, severity: Error, message: "authority seed must be singly linked with mode 0600 or stricter", help: Some("Check the path, permissions, and filesystem state before retrying.") } })

---- dispatch_cli::finding_cmd::unit_tests::challenge_dry_run_digests_match_an_independent_computation stdout ----

thread 'dispatch_cli::finding_cmd::unit_tests::challenge_dry_run_digests_match_an_independent_computation' (3248103) panicked at crates/products/chio-cli/src/bin/../cli/dispatch/finding/unit_tests.rs:1828:69:
called `Result::unwrap()` on an `Err` value: Chio(ChioError { diagnostic: Diagnostic { code: Code("urn:chio:error:cli:io"), domain: Cli, severity: Error, message: "authority seed must be singly linked with mode 0600 or stricter", help: Some("Check the path, permissions, and filesystem state before retrying.") } })

---- dispatch_cli::finding_cmd::unit_tests::challenge_refuses_an_evidence_document_above_the_ingest_bound stdout ----

thread 'dispatch_cli::finding_cmd::unit_tests::challenge_refuses_an_evidence_document_above_the_ingest_bound' (3248171) panicked at crates/products/chio-cli/src/bin/../cli/dispatch/finding/unit_tests.rs:1697:5:
unexpected error: i/o error: urn:chio:error:attest:signed-json-too-large

---- dispatch_cli::finding_cmd::unit_tests::challenge_accepts_every_class_against_a_compatible_finding stdout ----

thread 'dispatch_cli::finding_cmd::unit_tests::challenge_accepts_every_class_against_a_compatible_finding' (3248085) panicked at crates/products/chio-cli/src/bin/../cli/dispatch/finding/unit_tests.rs:1742:37:
DigestMismatch rejected: urn:chio:error:cli:io [cli:error]: authority seed must be singly linked with mode 0600 or stricter (Check the path, permissions, and filesystem state before retrying.)

---- dispatch_cli::finding_cmd::unit_tests::challenge_refuses_a_key_that_is_not_the_named_challenger stdout ----

thread 'dispatch_cli::finding_cmd::unit_tests::challenge_refuses_a_key_that_is_not_the_named_challenger' (3248160) panicked at crates/products/chio-cli/src/bin/../cli/dispatch/finding/unit_tests.rs:1641:5:
unexpected error: urn:chio:error:cli:io [cli:error]: authority seed must be singly linked with mode 0600 or stricter (Check the path, permissions, and filesystem state before retrying.)

---- dispatch_cli::finding_cmd::unit_tests::publish_refuses_an_artifact_above_the_body_bound stdout ----

thread 'dispatch_cli::finding_cmd::unit_tests::publish_refuses_an_artifact_above_the_body_bound' (3248219) panicked at crates/products/chio-cli/src/bin/../cli/dispatch/finding/unit_tests.rs:572:5:
unexpected error: i/o error: urn:chio:error:attest:signed-json-too-large

---- dispatch_cli::finding_cmd::unit_tests::challenge_without_dry_run_posts_the_exact_canonical_envelope stdout ----

thread 'dispatch_cli::finding_cmd::unit_tests::challenge_without_dry_run_posts_the_exact_canonical_envelope' (3248195) panicked at crates/products/chio-cli/src/bin/../cli/dispatch/finding/unit_tests.rs:1958:6:
called `Result::unwrap()` on an `Err` value: Chio(ChioError { diagnostic: Diagnostic { code: Code("urn:chio:error:cli:io"), domain: Cli, severity: Error, message: "authority seed must be singly linked with mode 0600 or stricter", help: Some("Check the path, permissions, and filesystem state before retrying.") } })

---- dispatch_cli::finding_cmd::unit_tests::publish_sends_the_artifact_bytes_verbatim_under_the_service_token stdout ----

thread 'dispatch_cli::finding_cmd::unit_tests::publish_sends_the_artifact_bytes_verbatim_under_the_service_token' (3248222) panicked at crates/products/chio-cli/src/bin/../cli/dispatch/finding/unit_tests.rs:950:6:
called `Result::unwrap()` on an `Err` value: Chio(ChioError { diagnostic: Diagnostic { code: Code("urn:chio:error:transport:invalid-request-shape"), domain: Transport, severity: Error, message: "publish acknowledgement binds a different finding or artifact", help: Some("Correct the JSON-RPC or HTTP request shape before retrying.") } })

---- dispatch_cli::finding_cmd::unit_tests::challenge_signs_under_the_challenger_the_document_names stdout ----

thread 'dispatch_cli::finding_cmd::unit_tests::challenge_signs_under_the_challenger_the_document_names' (3248177) panicked at crates/products/chio-cli/src/bin/../cli/dispatch/finding/unit_tests.rs:1790:86:
called `Result::unwrap()` on an `Err` value: Chio(ChioError { diagnostic: Diagnostic { code: Code("urn:chio:error:cli:io"), domain: Cli, severity: Error, message: "authority seed must be singly linked with mode 0600 or stricter", help: Some("Check the path, permissions, and filesystem state before retrying.") } })

---- dispatch_cli::finding_cmd::unit_tests::challenge_refuses_a_class_the_targeted_finding_forbids stdout ----

thread 'dispatch_cli::finding_cmd::unit_tests::challenge_refuses_a_class_the_targeted_finding_forbids' (3248159) panicked at crates/products/chio-cli/src/bin/../cli/dispatch/finding/unit_tests.rs:1777:54:
called `Result::unwrap()` on an `Err` value: Chio(ChioError { diagnostic: Diagnostic { code: Code("urn:chio:error:cli:io"), domain: Cli, severity: Error, message: "authority seed must be singly linked with mode 0600 or stricter", help: Some("Check the path, permissions, and filesystem state before retrying.") } })

---- dispatch_cli::finding_cmd::unit_tests::verify_caps_every_support_file_before_parsing stdout ----

thread 'dispatch_cli::finding_cmd::unit_tests::verify_caps_every_support_file_before_parsing' (3248376) panicked at crates/products/chio-cli/src/bin/../cli/dispatch/finding/unit_tests.rs:700:9:
unexpected trust-roots error: i/o error: urn:chio:error:attest:signed-json-too-large


failures:
    chio_dispatch::pheromone::io::tests::directory_read_errors_use_chio_boundary_label
    chio_dispatch::pheromone::io::tests::relay_signing_key_errors_use_chio_boundary_label
    chio_dispatch::pheromone::relay::tests::iroh_tick::iroh_tick_drains_the_outbox_and_folds_an_unresolvable_recipient_into_retry
    dispatch_cli::finding_cmd::unit_tests::challenge_accepts_every_class_against_a_compatible_finding
    dispatch_cli::finding_cmd::unit_tests::challenge_dry_run_digests_match_an_independent_computation
    dispatch_cli::finding_cmd::unit_tests::challenge_dry_run_emits_the_canonical_challenge_without_transmitting
    dispatch_cli::finding_cmd::unit_tests::challenge_refuses_a_class_the_targeted_finding_forbids
    dispatch_cli::finding_cmd::unit_tests::challenge_refuses_a_key_that_is_not_the_named_challenger
    dispatch_cli::finding_cmd::unit_tests::challenge_refuses_an_evidence_document_above_the_ingest_bound
    dispatch_cli::finding_cmd::unit_tests::challenge_signs_under_the_challenger_the_document_names
    dispatch_cli::finding_cmd::unit_tests::challenge_without_dry_run_posts_the_exact_canonical_envelope
    dispatch_cli::finding_cmd::unit_tests::publish_refuses_an_artifact_above_the_body_bound
    dispatch_cli::finding_cmd::unit_tests::publish_sends_the_artifact_bytes_verbatim_under_the_service_token
    dispatch_cli::finding_cmd::unit_tests::verify_caps_every_support_file_before_parsing

test result: FAILED. 231 passed; 14 failed; 0 ignored; 0 measured; 494 filtered out; finished in 15.43s
