warning: patch `cmpv2 v0.2.0 (/tmp/chio-paper-security-integration/third_party/cmpv2-chio)` was not used in the crate graph
warning: patch `crmf v0.2.0 (/tmp/chio-paper-security-integration/third_party/crmf-chio)` was not used in the crate graph
warning: patch `ignore v0.4.32 (/tmp/chio-paper-security-integration/third_party/ignore-chio)` was not used in the crate graph
warning: patch `nono v0.53.0 (/tmp/chio-paper-security-integration/third_party/nono-upstream-chio)` was not used in the crate graph
warning: patch `regress v0.11.1 (/tmp/chio-paper-security-integration/third_party/regress-chio)` was not used in the crate graph
warning: patch `sigstore-crypto v0.6.6 (/tmp/chio-paper-security-integration/third_party/sigstore-crypto-chio)` was not used in the crate graph
warning: patch `sigstore-merkle v0.6.6 (/tmp/chio-paper-security-integration/third_party/sigstore-merkle-chio)` was not used in the crate graph
warning: patch `sigstore-trust-root v0.6.3 (/tmp/chio-paper-security-integration/third_party/sigstore-trust-root-chio)` was not used in the crate graph
warning: patch `sigstore-verify v0.6.3 (/tmp/chio-paper-security-integration/third_party/sigstore-verify-chio)` was not used in the crate graph
help: Check that the patched package version and available features are compatible
      with the dependency requirements. If the patch has a different version from
      what is locked in the Cargo.lock file, run `cargo update` to use the new
      version. This may also occur with an optional dependency that is not enabled.
   Compiling proc-macro2 v1.0.106
   Compiling quote v1.0.45
   Compiling unicode-ident v1.0.24
   Compiling serde_core v1.0.228
   Compiling serde v1.0.228
   Compiling memchr v2.8.0
   Compiling version_check v0.9.5
   Compiling libc v0.2.189
   Compiling stable_deref_trait v1.2.1
   Compiling zmij v1.0.21
   Compiling syn v2.0.117
   Compiling itoa v1.0.17
   Compiling cfg-if v1.0.4
   Compiling equivalent v1.0.2
   Compiling autocfg v1.5.0
   Compiling litemap v0.8.1
   Compiling writeable v0.6.2
   Compiling serde_json v1.0.149
   Compiling num-traits v0.2.19
   Compiling smallvec v1.15.1
   Compiling generic-array v0.14.7
   Compiling icu_properties_data v2.1.2
   Compiling icu_normalizer_data v2.1.1
   Compiling semver v1.0.27
   Compiling allocator-api2 v0.2.21
   Compiling typenum v1.20.0
   Compiling foldhash v0.2.0
   Compiling hashbrown v0.16.1
   Compiling synstructure v0.13.2
   Compiling serde_derive_internals v0.29.1
   Compiling num-integer v0.1.46
   Compiling percent-encoding v2.3.2
   Compiling schemars v0.8.22
   Compiling crypto-common v0.1.7
   Compiling block-buffer v0.10.4
   Compiling utf8_iter v1.0.4
   Compiling getrandom v0.3.4
   Compiling ref-cast v1.0.25
   Compiling thiserror v2.0.18
   Compiling parking_lot_core v0.9.12
   Compiling heck v0.5.0
   Compiling zerocopy v0.8.42
   Compiling serde_derive v1.0.228
   Compiling zerofrom-derive v0.1.6
   Compiling yoke-derive v0.8.1
   Compiling zerovec-derive v0.11.2
   Compiling displaydoc v0.2.5
   Compiling schemars_derive v0.8.22
   Compiling zerofrom v0.1.6
   Compiling yoke v0.8.1
   Compiling zerovec v0.11.5
   Compiling zerotrie v0.2.3
   Compiling tinystr v0.8.2
   Compiling potential_utf v0.1.4
   Compiling icu_locale_core v2.1.1
   Compiling icu_collections v2.1.1
   Compiling dyn-clone v1.0.20
   Compiling ref-cast-impl v1.0.25
   Compiling thiserror-impl v2.0.18
   Compiling icu_provider v2.1.1
   Compiling digest v0.10.7
   Compiling icu_normalizer v2.1.1
   Compiling icu_properties v2.1.2
   Compiling num-bigint v0.4.6
   Compiling rustc_version v0.4.1
   Compiling ahash v0.8.12
   Compiling aho-corasick v1.1.4
   Compiling regex-syntax v0.8.10
   Compiling idna_adapter v1.2.1
   Compiling idna v1.1.0
   Compiling scopeguard v1.2.0
   Compiling lock_api v0.4.14
   Compiling num-rational v0.4.2
   Compiling curve25519-dalek v4.1.3
   Compiling regex-automata v0.4.14
   Compiling num-iter v0.1.45
   Compiling regress v0.10.5
   Compiling num-complex v0.4.6
   Compiling cpufeatures v0.2.17
   Compiling unicode-general-category v1.1.0
   Compiling log v0.4.29
   Compiling bit-vec v0.8.0
   Compiling once_cell v1.21.4
   Compiling borrow-or-share v0.2.4
   Compiling hashbrown v0.17.0
   Compiling indexmap v2.14.1
   Compiling fluent-uri v0.4.1
   Compiling bit-set v0.8.0
   Compiling sha2 v0.10.9
   Compiling num v0.4.3
   Compiling parking_lot v0.12.5
   Compiling getrandom v0.2.17
   Compiling subtle v2.6.1
   Compiling signature v2.2.0
   Compiling utf8parse v0.2.2
   Compiling zeroize v1.9.0
   Compiling lazy_static v1.5.0
   Compiling micromap v0.3.0
   Compiling outref v0.5.2
   Compiling vsimd v0.8.0
   Compiling thiserror v1.0.69
   Compiling uuid-simd v0.8.0
   Compiling referencing v0.46.0
   Compiling fraction v0.15.3
   Compiling typify-impl v0.4.3
   Compiling anstyle-parse v1.0.0
   Compiling ed25519 v2.2.3
   Compiling rand_core v0.6.4
   Compiling fancy-regex v0.17.0
   Compiling regex v1.12.3
   Compiling serde_tokenstream v0.2.3
   Compiling serde_spanned v0.6.9
   Compiling toml_datetime v0.6.11
   Compiling email_address v0.2.9
   Compiling thiserror-impl v1.0.69
   Compiling form_urlencoded v1.2.2
   Compiling winnow v0.7.15
   Compiling data-encoding v2.11.0
   Compiling anstyle-query v1.1.5
   Compiling anstyle v1.0.14
   Compiling bytecount v0.6.9
   Compiling num-cmp v0.1.0
   Compiling colorchoice v1.0.5
   Compiling prettyplease v0.2.37
   Compiling is_terminal_polyfill v1.70.2
   Compiling toml_write v0.1.2
   Compiling ryu v1.0.23
   Compiling jsonschema v0.46.0
   Compiling toml_edit v0.22.27
   Compiling anstream v1.0.0
   Compiling typify-macro v0.4.3
   Compiling url v2.5.8
   Compiling ed25519-dalek v2.2.0
   Compiling chio-security-types v0.1.0 (/tmp/chio-paper-security-integration/crates/security/chio-security-types)
   Compiling hex v0.4.3
   Compiling strsim v0.11.1
   Compiling clap_lex v1.1.0
   Compiling clap_builder v4.6.0
   Compiling typify v0.4.3
   Compiling toml v0.8.23
   Compiling clap_derive v4.6.0
   Compiling unsafe-libyaml v0.2.11
   Compiling serde_yaml_ng v0.10.0
   Compiling clap v4.6.0
   Compiling chio-spec-codegen v0.1.0 (/tmp/chio-paper-security-integration/crates/tooling/chio-spec-codegen)
   Compiling chio-spec-validate v0.1.0 (/tmp/chio-paper-security-integration/crates/tooling/chio-spec-validate)
   Compiling chio-core-types v0.1.0 (/tmp/chio-paper-security-integration/crates/core/chio-core-types)
   Compiling chio-eval-receipt v0.1.0 (/tmp/chio-paper-security-integration/crates/sdk/chio-eval-receipt)
   Compiling xtask v0.1.0 (/tmp/chio-paper-security-integration/xtask)
    Finished `dev` profile [unoptimized] target(s) in 1m 13s
