
running 64 tests
test collect::proof_assemble_rejects_missing_required_receipt_without_partial_output ... ok
test collect::proof_assemble_rejects_reserved_roots_without_partial_output ... ok
test collect::proof_assemble_outputs_runtime_security_bundle_verifiable_by_runtime_requirement ... ok
test collect::proof_assemble_writes_deterministic_verifiable_passport_roots ... ok
test collect::proof_collect_agent_web_envelope_outputs_verifiable_external_envelope_bundle ... ok
test collect::proof_collect_accepts_launch_documented_collection_kinds ... ok
test collect::proof_collect_binds_bundle_signature_to_manifest_trust_roots ... FAILED
test collect::proof_collect_agent_web_envelope_requires_durable_replay_store ... ok
test collect::proof_collect_binds_catalog_semantic_negative_cases ... ok
test collect::proof_collect_binds_risk_catalog_semantic_negative_cases ... ok
test collect::proof_collect_binds_runtime_catalog_semantic_negative_cases ... ok
test collect::proof_collect_derives_receipt_coverage_for_each_terminal_status ... ok
test collect::proof_collect_consumes_replay_while_proof_verify_remains_idempotent ... ok
test collect::proof_collect_disclosure_agent_web_envelope_rejects_missing_disclosure_family ... ok
test collect::proof_collect_ioa_web3_outputs_verifiable_commerce_settlement_bundle ... ok
test collect::proof_collect_late_seal_failure_does_not_consume_replay ... ok
test collect::proof_collect_outputs_servable_bundle_for_passport_artifacts ... ok
test collect::proof_collect_preserves_domain_claims_in_manifest ... ok
test collect::proof_collect_records_receipt_coverage_exclusions_for_missing_terminal_statuses ... ok
test collect::proof_collect_rejects_catalog_negative_fixture_expected_failure_mismatch ... ok
test collect::proof_collect_rejects_catalog_negative_fixture_failure_prefix ... ok
test collect::proof_collect_rejects_existing_output_directory ... ok
test collect::proof_collect_rejects_unsafe_receipt_coverage_node_path ... FAILED
test collect::proof_collect_requires_configured_bundle_signer ... ok
test explain::proof_explain_rejects_unknown_claim_id ... ok
test explain::proof_explain_reports_agent_web_projection_reasoning ... ok
test explain::proof_explain_reports_claim_status_and_evidence_path ... ok
test explain::proof_explain_reports_domain_claim_evidence_graph ... ok
test explain::proof_explain_reports_negative_passport_verifier_failure ... ok
test explain::proof_explain_reports_proof_room_claim_sources ... ok
test explain::proof_explain_reports_proof_room_manifest_claim_metadata ... ok
test explain::proof_explain_reports_receipt_coverage_exclusions_for_matrix_claim ... ok
test explain::proof_explain_reports_risk_facility_reasoning ... ok
test collect::proof_collect_disclosure_agent_web_envelope_outputs_verifiable_combined_bundle ... ok
test explain::proof_explain_reports_runtime_proof_rejection_failure_code ... ok
test explain::proof_explain_reports_swarm_claims_as_verified ... ok
test explain::proof_explain_reports_unsupported_passport_schema_failure_code ... ok
test explain::proof_explain_text_reports_negative_passport_verifier_failure ... ok
test explain::proof_explain_reports_risk_sanction_reserve_ledger ... ok
test explain::proof_explain_text_reports_receipt_coverage_exclusions_for_matrix_claim ... ok
test export::proof_explain_rejects_invalid_proof_room_bundle ... FAILED
test export::proof_explain_accepts_exported_bundle ... ok
test export::proof_export_admin_full_evidence_v1_preserves_manifested_private_evidence ... ok
test export::proof_export_and_verify_support_tar_zst_bundle ... ok
test export::proof_export_public_redaction_excludes_manifested_internal_artifacts ... ok
test export::proof_export_public_redaction_excludes_manifested_receipt_log ... ok
test export::proof_export_public_redaction_honors_manifest_ref_paths_and_signature_ref ... ok
test export::proof_export_public_redaction_excludes_unmanifested_internal_files ... ok
test export::proof_export_public_redaction_requires_configured_signer ... ok
test export::proof_export_rejects_bundle_with_symlink_member ... FAILED
test export::proof_export_rejects_existing_output_archive ... ok
test export::proof_export_rejects_invalid_proof_room_bundle_without_archive ... FAILED
test export::proof_export_rejects_passport_directory_without_proof_room_manifest ... ok
test export::proof_export_rejects_unsupported_archive_extension ... ok
test export::proof_export_writes_tgz_bundle ... ok
test export::proof_verify_accepts_exported_tgz_bundle ... ok
test export::proof_verify_rejects_exported_bundle_symlink_member ... ok
test export::proof_verify_rejects_exported_zstd_bundle_symlink_member ... ok
test export::proof_verify_rejects_invalid_proof_room_bundle ... FAILED
test export::proof_export_public_redaction_preserves_collected_catalog_negative_artifacts ... ok
test export::proof_verify_rejects_proof_room_manifest_schema_drift ... FAILED
test export::proof_verify_rejects_proof_room_signature_payload_hash_mismatch ... FAILED
test export::proof_verify_root_passport_input_revalidates_enclosing_proof_room_bundle ... FAILED
test export::proof_verify_rejects_manifested_artifact_schema_drift ... FAILED

failures:

---- collect::proof_collect_binds_bundle_signature_to_manifest_trust_roots stdout ----

thread 'collect::proof_collect_binds_bundle_signature_to_manifest_trust_roots' (3211212) panicked at crates/products/chio-cli/tests/proof_cli_contract/support.rs:390:5:
expected failure to contain "proof-room.signature.signer-untrusted"
stdout:

stderr:
error [urn:chio:error:cli:other]: CLI returned an uncategorized compatibility error.
context: {"domain":"cli","severity":"error","stability":"deprecated","string_code":"CHIO-CLI-OTHER"}
suggested fix: Preserve the original message and migrate the call site to a specific registry code when touched.

note: run with `RUST_BACKTRACE=1` environment variable to display a backtrace

---- collect::proof_collect_rejects_unsafe_receipt_coverage_node_path stdout ----

thread 'collect::proof_collect_rejects_unsafe_receipt_coverage_node_path' (3211483) panicked at crates/products/chio-cli/tests/proof_cli_contract/support.rs:390:5:
expected failure to contain "proof-room.artifact.unsafe-path"
stdout:

stderr:
error [urn:chio:error:cli:other]: CLI returned an uncategorized compatibility error.
context: {"domain":"cli","severity":"error","stability":"deprecated","string_code":"CHIO-CLI-OTHER"}
suggested fix: Preserve the original message and migrate the call site to a specific registry code when touched.


---- export::proof_explain_rejects_invalid_proof_room_bundle stdout ----

thread 'export::proof_explain_rejects_invalid_proof_room_bundle' (3211525) panicked at crates/products/chio-cli/tests/proof_cli_contract/support.rs:390:5:
expected failure to contain "proof-room.first-run.authority-evidence-missing"
stdout:

stderr:
{"code":"urn:chio:error:cli:other","message":"CLI returned an uncategorized compatibility error.","context":{"domain":"cli","severity":"error","stability":"deprecated","string_code":"CHIO-CLI-OTHER"},"suggested_fix":"Preserve the original message and migrate the call site to a specific registry code when touched."}


---- export::proof_export_rejects_bundle_with_symlink_member stdout ----

thread 'export::proof_export_rejects_bundle_with_symlink_member' (3211591) panicked at crates/products/chio-cli/tests/proof_cli_contract/support.rs:390:5:
expected failure to contain "unsupported proof bundle file type"
stdout:

stderr:
error [urn:chio:error:cli:other]: artifact collection requires regular files and directories
context: {"domain":"cli","severity":"error","stability":"deprecated","string_code":"CHIO-CLI-OTHER"}
suggested fix: Preserve the original message and migrate the call site to a specific registry code when touched.


---- export::proof_export_rejects_invalid_proof_room_bundle_without_archive stdout ----

thread 'export::proof_export_rejects_invalid_proof_room_bundle_without_archive' (3211595) panicked at crates/products/chio-cli/tests/proof_cli_contract/support.rs:390:5:
expected failure to contain "proof-room.receipt-coverage.status-mismatch"
stdout:

stderr:
error [urn:chio:error:cli:other]: CLI returned an uncategorized compatibility error.
context: {"domain":"cli","severity":"error","stability":"deprecated","string_code":"CHIO-CLI-OTHER"}
suggested fix: Preserve the original message and migrate the call site to a specific registry code when touched.


---- export::proof_verify_rejects_invalid_proof_room_bundle stdout ----

thread 'export::proof_verify_rejects_invalid_proof_room_bundle' (3211638) panicked at crates/products/chio-cli/tests/proof_cli_contract/support.rs:390:5:
expected failure to contain "proof-room.report.hash-mismatch"
stdout:

stderr:
error [urn:chio:error:cli:other]: CLI returned an uncategorized compatibility error.
context: {"domain":"cli","severity":"error","stability":"deprecated","string_code":"CHIO-CLI-OTHER"}
suggested fix: Preserve the original message and migrate the call site to a specific registry code when touched.


---- export::proof_verify_rejects_proof_room_manifest_schema_drift stdout ----

thread 'export::proof_verify_rejects_proof_room_manifest_schema_drift' (3211644) panicked at crates/products/chio-cli/tests/proof_cli_contract/support.rs:390:5:
expected failure to contain "proof-room.schema-violation: manifest"
stdout:

stderr:
error [urn:chio:error:cli:other]: CLI returned an uncategorized compatibility error.
context: {"domain":"cli","severity":"error","stability":"deprecated","string_code":"CHIO-CLI-OTHER"}
suggested fix: Preserve the original message and migrate the call site to a specific registry code when touched.


---- export::proof_verify_rejects_proof_room_signature_payload_hash_mismatch stdout ----

thread 'export::proof_verify_rejects_proof_room_signature_payload_hash_mismatch' (3211648) panicked at crates/products/chio-cli/tests/proof_cli_contract/support.rs:390:5:
expected failure to contain "proof-room.signature.payload-hash-mismatch"
stdout:

stderr:
error [urn:chio:error:cli:other]: CLI returned an uncategorized compatibility error.
context: {"domain":"cli","severity":"error","stability":"deprecated","string_code":"CHIO-CLI-OTHER"}
suggested fix: Preserve the original message and migrate the call site to a specific registry code when touched.


---- export::proof_verify_root_passport_input_revalidates_enclosing_proof_room_bundle stdout ----

thread 'export::proof_verify_root_passport_input_revalidates_enclosing_proof_room_bundle' (3211650) panicked at crates/products/chio-cli/tests/proof_cli_contract/support.rs:390:5:
expected failure to contain "proof-room.signature.payload-hash-mismatch"
stdout:

stderr:
error [urn:chio:error:cli:other]: CLI returned an uncategorized compatibility error.
context: {"domain":"cli","severity":"error","stability":"deprecated","string_code":"CHIO-CLI-OTHER"}
suggested fix: Preserve the original message and migrate the call site to a specific registry code when touched.


---- export::proof_verify_rejects_manifested_artifact_schema_drift stdout ----

thread 'export::proof_verify_rejects_manifested_artifact_schema_drift' (3211643) panicked at crates/products/chio-cli/tests/proof_cli_contract/support.rs:390:5:
expected failure to contain "proof-room.schema-violation: artifact"
stdout:

stderr:
error [urn:chio:error:cli:other]: CLI returned an uncategorized compatibility error.
context: {"domain":"cli","severity":"error","stability":"deprecated","string_code":"CHIO-CLI-OTHER"}
suggested fix: Preserve the original message and migrate the call site to a specific registry code when touched.



failures:
    collect::proof_collect_binds_bundle_signature_to_manifest_trust_roots
    collect::proof_collect_rejects_unsafe_receipt_coverage_node_path
    export::proof_explain_rejects_invalid_proof_room_bundle
    export::proof_export_rejects_bundle_with_symlink_member
    export::proof_export_rejects_invalid_proof_room_bundle_without_archive
    export::proof_verify_rejects_invalid_proof_room_bundle
    export::proof_verify_rejects_manifested_artifact_schema_drift
    export::proof_verify_rejects_proof_room_manifest_schema_drift
    export::proof_verify_rejects_proof_room_signature_payload_hash_mismatch
    export::proof_verify_root_passport_input_revalidates_enclosing_proof_room_bundle

test result: FAILED. 54 passed; 10 failed; 0 ignored; 0 measured; 83 filtered out; finished in 36.03s
