
running 129 tests
test collect::proof_assemble_rejects_missing_required_receipt_without_partial_output ... ok
test collect::proof_assemble_rejects_reserved_roots_without_partial_output ... ok
test collect::proof_assemble_outputs_runtime_security_bundle_verifiable_by_runtime_requirement ... ok
test collect::proof_assemble_writes_deterministic_verifiable_passport_roots ... ok
test collect::proof_collect_agent_web_envelope_outputs_verifiable_external_envelope_bundle ... ok
test collect::proof_collect_accepts_launch_documented_collection_kinds ... ok
test collect::proof_collect_binds_bundle_signature_to_manifest_trust_roots ... ok
test collect::proof_collect_agent_web_envelope_requires_durable_replay_store ... ok
test collect::proof_collect_binds_catalog_semantic_negative_cases ... ok
test collect::proof_collect_binds_risk_catalog_semantic_negative_cases ... ok
test collect::proof_collect_binds_runtime_catalog_semantic_negative_cases ... ok
test collect::proof_collect_derives_receipt_coverage_for_each_terminal_status ... ok
test collect::proof_collect_consumes_replay_while_proof_verify_remains_idempotent ... ok
test collect::proof_collect_disclosure_agent_web_envelope_rejects_missing_disclosure_family ... ok
test collect::proof_collect_ioa_web3_outputs_verifiable_commerce_settlement_bundle ... ok
test collect::proof_collect_late_seal_failure_does_not_consume_replay ... ok
test collect::proof_collect_outputs_servable_bundle_for_passport_artifacts ... ok
test collect::proof_collect_preserves_domain_claims_in_manifest ... ok
test collect::proof_collect_records_receipt_coverage_exclusions_for_missing_terminal_statuses ... ok
test collect::proof_collect_rejects_catalog_negative_fixture_expected_failure_mismatch ... ok
test collect::proof_collect_rejects_catalog_negative_fixture_failure_prefix ... ok
test collect::proof_collect_rejects_existing_output_directory ... ok
test collect::proof_collect_rejects_unsafe_receipt_coverage_node_path ... ok
test collect::proof_collect_requires_configured_bundle_signer ... ok
test explain::proof_explain_rejects_unknown_claim_id ... ok
test explain::proof_explain_reports_agent_web_projection_reasoning ... ok
test explain::proof_explain_reports_claim_status_and_evidence_path ... ok
test explain::proof_explain_reports_domain_claim_evidence_graph ... ok
test explain::proof_explain_reports_negative_passport_verifier_failure ... ok
test explain::proof_explain_reports_proof_room_claim_sources ... ok
test explain::proof_explain_reports_proof_room_manifest_claim_metadata ... ok
test explain::proof_explain_reports_receipt_coverage_exclusions_for_matrix_claim ... ok
test explain::proof_explain_reports_risk_facility_reasoning ... ok
test collect::proof_collect_disclosure_agent_web_envelope_outputs_verifiable_combined_bundle ... ok
test explain::proof_explain_reports_runtime_proof_rejection_failure_code ... ok
test explain::proof_explain_reports_risk_sanction_reserve_ledger ... ok
test explain::proof_explain_reports_swarm_claims_as_verified ... ok
test explain::proof_explain_reports_unsupported_passport_schema_failure_code ... ok
test explain::proof_explain_text_reports_negative_passport_verifier_failure ... ok
test explain::proof_explain_text_reports_receipt_coverage_exclusions_for_matrix_claim ... ok
test export::proof_explain_rejects_invalid_proof_room_bundle ... ok
test export::proof_explain_accepts_exported_bundle ... ok
test export::proof_export_admin_full_evidence_v1_preserves_manifested_private_evidence ... ok
test export::proof_export_and_verify_support_tar_zst_bundle ... ok
test export::proof_export_public_redaction_excludes_manifested_internal_artifacts ... ok
test export::proof_export_public_redaction_excludes_manifested_receipt_log ... ok
test export::proof_export_public_redaction_honors_manifest_ref_paths_and_signature_ref ... ok
test export::proof_export_public_redaction_excludes_unmanifested_internal_files ... ok
test export::proof_export_public_redaction_requires_configured_signer ... ok
test export::proof_export_rejects_bundle_with_symlink_member ... ok
test export::proof_export_rejects_existing_output_archive ... ok
test export::proof_export_rejects_invalid_proof_room_bundle_without_archive ... ok
test export::proof_export_rejects_passport_directory_without_proof_room_manifest ... ok
test export::proof_export_rejects_unsupported_archive_extension ... ok
test export::proof_export_writes_tgz_bundle ... ok
test export::proof_verify_accepts_exported_tgz_bundle ... ok
test export::proof_export_public_redaction_preserves_collected_catalog_negative_artifacts ... ok
test export::proof_verify_rejects_exported_bundle_symlink_member ... ok
test export::proof_verify_rejects_exported_zstd_bundle_symlink_member ... ok
test export::proof_verify_rejects_invalid_proof_room_bundle ... ok
test export::proof_verify_rejects_proof_room_manifest_schema_drift ... ok
test export::proof_verify_rejects_proof_room_signature_payload_hash_mismatch ... ok
test export::proof_verify_root_passport_input_revalidates_enclosing_proof_room_bundle ... ok
test fixture::proof_fixture_generate_copies_crypto_context_fixture ... ok
test export::proof_verify_rejects_manifested_artifact_schema_drift ... ok
test fixture::proof_fixture_generate_copies_domain_passport_fixture ... ok
test fixture::proof_fixture_generate_keeps_commerce_stage_available_with_installed_fixture_root ... ok
test fixture::proof_fixture_generate_outputs_servable_enterprise_bundle ... ok
test fixture::proof_fixture_generate_refreshes_agent_web_subject_hashes ... ok
test fixture::proof_fixture_generate_rejects_existing_output_directory ... ok
test fixture::proof_fixture_generate_rejects_installed_catalog_path_escape ... ok
test fixture::proof_fixture_generate_rejects_negative_fixture_expected_failure_mismatch ... ok
test fixture::proof_fixture_generate_rejects_negative_fixture_failure_prefix ... ok
test fixture::proof_fixture_generate_reports_crypto_context_rejection_report ... ok
test fixture::proof_fixture_generate_reports_negative_fixture_expected_failure ... ok
test fixture::proof_fixture_generate_reports_runnable_workflow_preflight_denial ... ok
test fixture::proof_fixture_generate_reports_runnable_workflow_preflight_plan ... ok
test fixture::proof_fixture_generate_reports_runnable_workflow_preflight_scope_denial ... ok
test fixture::proof_fixture_generate_reports_verifiable_commerce_transaction_stage_entrypoint ... ok
test fixture::proof_fixture_generate_copies_runnable_negative_passport_fixtures ... ok
test fixture::proof_fixture_generate_reports_verifiable_recursive_runtime_swarm_stage_entrypoint ... ok
test fixture::proof_fixture_generate_reports_verifiable_single_call_authority_entrypoint ... ok
test fixture::proof_fixture_generate_uses_installed_fixture_catalog ... ok
test fixture::proof_fixture_generate_uses_installed_fixture_root ... ok
test fixture::proof_fixture_list_rejects_configured_fixture_root_without_catalog ... ok
test fixture::proof_fixture_list_reports_proof_fixtures ... ok
test fixture::proof_fixture_list_uses_installed_fixture_catalog ... ok
test fixture::proof_fixture_root_catalog_uses_registered_schema ... ok
test fixture::proof_room_negative_fixture_failure_codes_are_dotted ... ok
test fixture::proof_room_risk_negative_failure_codes_cover_launch_gates ... ok
test fixture::proof_verify_runtime_parity_rejects_tampered_regeneration_report ... ok
test verify::commerce_verify_exposes_dedicated_commerce_report_surface ... ok
test verify::proof_collect_runtime_spine_requires_delegation_and_runtime_parity ... ok
test verify::proof_verify_accepts_integrated_runtime_commerce_settlement_and_agent_web_claim_policy ... ok
test verify::proof_verify_accepts_mixed_runtime_and_commerce_claim_policy ... ok
test verify::proof_verify_commerce_rejects_untrusted_event_authority_root ... ok
test verify::proof_verify_commerce_rejects_untrusted_payment_signer_root ... ok
test verify::proof_verify_commerce_requires_dedicated_commerce_trust_roots ... ok
test verify::proof_verify_delegation_requirement_rejects_root_only_swarm ... ok
test verify::proof_verify_file_input_revalidates_sibling_manifest_before_denials_requirement ... ok
test verify::proof_verify_rejects_commerce_claim_set_required_claim_not_verified ... ok
test fixture::proof_fixture_generate_reports_verifiable_disclosure_agent_web_stage_entrypoint ... ok
test verify::proof_verify_rejects_commerce_payment_wrong_transfer_group ... ok
test verify::proof_verify_rejects_integrated_commerce_settlement_order_mismatch ... ok
test verify::proof_verify_rejects_standalone_risk_blank_approval_quorum ... ok
test verify::proof_verify_rejects_standalone_risk_approval_outside_validity_window ... ok
test verify::proof_verify_rejects_standalone_risk_denied_approval_case ... ok
test verify::proof_verify_rejects_standalone_risk_duplicate_approval_quorum ... ok
test verify::proof_verify_rejects_standalone_risk_tampered_supporting_evidence ... ok
test verify::proof_verify_rejects_standalone_risk_lifecycle_authority_wrong_evidence_kind ... ok
test verify::proof_verify_rejects_standalone_risk_with_unbound_evidence_ref ... ok
test verify::proof_verify_rejects_standalone_risk_with_unbound_reserve_ledger_refs ... ok
test verify::proof_verify_rejects_standalone_risk_with_uncovered_reserve_ledger_claim ... ok
test verify::proof_verify_requires_commerce_claims_when_requested ... ok
test verify::proof_verify_requires_denial_evidence_when_requested ... ok
test verify::proof_verify_requires_runtime_claims_when_requested ... ok
test verify::proof_verify_routes_risk_only_policy_through_domain_verifiers ... ok
test verify::proof_verify_routes_standalone_risk_policy_through_risk_comptroller ... ok
test verify::proof_verify_runtime_parity_accepts_evidence_graph_bound_report ... ok
test verify::proof_verify_runtime_parity_binds_report_hashes_to_regenerated_artifacts ... ok
test verify::proof_verify_runtime_parity_rejects_accepted_package_hash_drift ... ok
test verify::proof_verify_runtime_parity_rejects_failed_evidence_graph_bound_report ... ok
test verify::proof_verify_runtime_parity_requires_explicit_parity_evidence ... ok
test verify::proof_verify_runtime_parity_requires_regeneration_artifacts_when_report_is_present ... ok
test verify::proof_verify_runtime_requirement_rejects_advisory_only_runtime_claim ... ok
test verify::proof_verify_scopes_enterprise_verifier_to_enterprise_evidence ... ok
test verify::proof_verify_wraps_single_family_domain_report_with_machine_result_fields ... ok
test verify::proof_verify_writes_failed_transaction_report_to_out ... ok
test verify::proof_verify_requires_documented_claim_families_when_requested ... ok

test result: ok. 129 passed; 0 failed; 0 ignored; 0 measured; 18 filtered out; finished in 82.22s
