
running 89 tests
test active_defense_migration::tests::absent_legacy_session_evidence_assigns_top_and_preserves_principal_knowledge ... ok
test active_defense_migration::tests::backfill_requires_pinned_receipts_and_verified_v2_manifest_evidence ... ok
test active_defense_migration::tests::emits_all_shadow_metrics_without_embedding_promotion_thresholds ... ok
test active_defense_migration::tests::rejects_manifest_v1_even_with_an_authentic_signature ... ok
test active_defense_migration::tests::reports_egress_adapter_purpose_credential_and_cage_findings ... ok
test active_defense_migration::tests::strict_input_rejects_unknown_fields_and_atomic_failure_preserves_output ... ok
test active_defense_migration::tests::verifies_v2_against_the_registered_key_and_rejects_a_tampered_body ... ok
test active_defense_migration::tests::migration_command_writes_one_canonical_report_after_full_verification ... ok
test cert::tests::missing_receipt_table_is_not_an_empty_success ... ok
test active_response_authority::tests::authority_documents_require_exact_canonical_original_bytes ... FAILED
test cert::tests::session_query_includes_signed_enforced_receipts_with_real_capability_ids ... FAILED
test chio_dispatch::runtime::admission::tests::runtime_action_class_id_allows_wildcard_or_tool_scoped_policy_rules ... ok
test chio_dispatch::runtime::admission::tests::runtime_action_class_id_rejects_policy_rules_that_need_governance_id ... ok
test chio_dispatch::runtime::admission::tests::runtime_action_class_id_trims_explicit_cli_value ... ok
test chio_dispatch::runtime::admission::verifier_tests::pheromone_evaluation_rejects_mismatched_signed_verifiers ... ok
test chio_dispatch::runtime::admission::verifier_tests::pheromone_evaluation_uses_verifier_from_signed_inputs ... ok
test cert::tests::session_selection_is_exact_and_row_decoding_fails_closed ... ok
test chio_dispatch::runtime::chio_orchestration_cli_tests::runtime_orchestrate_drift_compares_every_run_in_window ... ok
test chio_dispatch::runtime::chio_orchestration_cli_tests::runtime_orchestrate_drift_rejects_stale_evidence_in_window ... ok
test chio_dispatch::runtime::chio_orchestration_cli_tests::runtime_orchestrate_drift_rejects_stale_profile_window ... ok
test chio_dispatch::runtime::chio_orchestration_cli_tests::runtime_orchestrate_resume_validates_corrupt_input ... ok
test chio_dispatch::runtime::chio_orchestration_cli_tests::runtime_orchestrate_resume_validates_forged_input ... ok
test chio_dispatch::runtime::chio_orchestration_cli_tests::runtime_ops_status_rejects_empty_evidence_root_when_store_has_runs ... ok
test chio_dispatch::runtime::chio_orchestration_cli_tests::runtime_orchestrate_run_emits_report_for_missing_manifest_artifact ... ok
test chio_dispatch::runtime::chio_orchestration_cli_tests::runtime_orchestrate_run_records_rejected_proof_without_verifier ... ok
test chio_dispatch::runtime::chio_orchestration_cli_tests::runtime_orchestrate_run_rejects_stale_evidence ... ok
test chio_dispatch::runtime::chio_orchestration_cli_tests::runtime_orchestrate_status_checks_every_recorded_run_directory ... ok
test chio_dispatch::runtime::chio_orchestration_cli_tests::runtime_orchestrate_status_rejects_corrupt_evidence ... ok
test chio_dispatch::runtime::chio_orchestration_cli_tests::runtime_orchestrate_status_rejects_missing_evidence ... ok
test dispatch_cli::proof::assemble::tests::proof_assemble_maps_public_settlement_bundle_schema_to_public_role ... ok
test chio_dispatch::runtime::chio_orchestration_cli_tests::runtime_orchestrate_status_rejects_stale_evidence ... ok
test dispatch_cli::proof::fixture::catalog_paths::tests::output_parent_symlinks_are_rejected ... ok
test dispatch_cli::proof::fixture::catalog_paths::tests::untrusted_catalog_ids_cannot_delete_outside_the_bundle ... ok
test dispatch_cli::proof::fixture::fixture_agent_web::tests::receipt_ref_must_match_canonical_file_stem ... ok
test dispatch_cli::proof::proof_env::rpc_tests::rpc_result_requires_protocol_request_identity_and_unambiguous_envelope ... ok
test dispatch_cli::proof::proof_env::tests::profile_governance_must_differ_from_verifier_signer ... ok
test dispatch_cli::proof::explain::capture_tests::presentation_uses_original_paths_without_rereading_original_documents ... ok
test dispatch_cli::proof::proof_env::tests::verifier_status_authority_must_differ_from_verifier_signer ... ok
test dispatch_cli::proof::unit_tests::agent_web_receipt_scope_uses_schema_not_fixture_filename ... ok
test dispatch_cli::proof::proof_env::tests::proof_environment_rejects_unsupported_required_profile_facets ... ok
test dispatch_cli::proof::unit_tests::cognition_market_trust_loads_status_for_profile_liveness_floor ... ok
test dispatch_cli::proof::unit_tests::enterprise_artifact_loader_includes_retained_jurisdiction_receipts ... ok
test dispatch_cli::proof::unit_tests::cognition_market_trust_skips_status_configuration_for_non_status_claims ... ok
test dispatch_cli::proof::unit_tests::merge_family_reports_rejects_ok_but_unverified_family_report ... ok
test dispatch_cli::proof::unit_tests::only_verified_finding_claim_set_rows_force_cognition_market_routing ... ok
test dispatch_cli::proof::unit_tests::later_root_claim_failure_does_not_reserve_agent_web_replay_ids ... ok
test dispatch_cli::proof::unit_tests::proof_collect_consumes_replays_only_after_sealing_succeeds ... ok
test dispatch_cli::proof::unit_tests::repeated_commerce_payload_references_consume_one_retention_budget ... ok
test dispatch_cli::proof::unit_tests::runtime_artifact_loader_includes_policy_activation_receipt ... ok
test dispatch_cli::proof::unit_tests::trust_market_artifact_loader_includes_retained_receipts ... ok
test input::boundary_tests::collection_limits_charge_retained_bytes_entries_and_depth ... ok
test input::boundary_tests::collection_rejects_symlinks_and_nonregular_files ... ok
test input::boundary_tests::enums_are_literals_and_not_json_fragments ... ok
test input::boundary_tests::selected_formats_never_fall_back_after_ambiguous_json ... ok
test input::boundary_tests::snapshots_reject_collisions_amplification_and_preserve_captured_bytes ... ok
test input::boundary_tests::streams_reject_the_first_byte_over_the_bound ... ok
test input::boundary_tests::yaml_expansion_and_depth_have_shared_bounds ... ok
test input::tests::original_document_numbers_and_private_causes_are_preserved ... ok
test input::tests::regular_file_limit_applies_before_decoding ... ok
test input::time::tests::clock_faults_never_mint_zero_or_reset_high_water ... ok
test input::time::tests::deadline_checks_zero_overflow_and_exact_maximum ... ok
test passport::http::tests::remote_document_limits_and_original_duplicate_rejection ... ok
test passport::passport_error_classification_tests::challenge_policy_path_and_id_conflict_is_cli_error ... ok
test passport::passport_error_classification_tests::credential_and_did_errors_keep_credential_domain ... ok
test passport::passport_error_classification_tests::issuer_metadata_never_creates_signing_custody ... ok
test passport::passport_error_classification_tests::local_passport_registry_prerequisites_are_cli_errors ... ok
test trust_commands_cli::receipt::explain::receipt_explain_tests::receipt_explain_match_collection_spans_pages ... ok
test trust_commands_cli::receipt::explain::receipt_explain_tests::receipt_explain_reports_semantic_authorization_fields ... ok
test trust_commands_cli::receipt::explain::receipt_explain_tests::receipt_value_matches_flat_and_nested_ids ... ok
test trust_commands_cli::receipt::explain::receipt_explain_tests::select_receipt_for_explain_requires_one_match ... ok
test trust_commands_cli::receipt::health::receipt_operator_tests::receipt_audit_repair_notice_is_offline_honest ... ok
test trust_commands_cli::receipt::health::receipt_operator_tests::receipt_audit_runs_full_verification_and_repair_reseeds ... ok
test trust_commands_cli::receipt::health::receipt_operator_tests::receipt_audit_without_repair_fails_closed_on_a_diverged_checkpoint ... ok
test trust_commands_cli::receipt::health::receipt_operator_tests::receipt_checkpoint_create_requires_existing_kernel_seed ... ok
test trust_commands_cli::receipt::health::receipt_operator_tests::receipt_health_samples_a_live_store_without_opening_another_writer ... ok
test trust_commands_cli::receipt::health::receipt_operator_tests::receipt_human_output_surfaces_retention_watermark ... ok
test trust_commands_cli::receipt::health::receipt_operator_tests::receipt_operator_commands_reject_missing_receipt_db_path ... ok
test trust_commands_cli::receipt::health::receipt_operator_tests::receipt_operator_commands_reject_remote_control_backend_first ... ok
test trust_commands_cli::receipt::health::receipt_operator_tests::receipt_operator_commands_reject_touched_empty_receipt_db_file ... ok
test trust_commands_cli::receipt::health::receipt_operator_tests::receipt_operator_commands_require_local_receipt_db ... ok
test trust_commands_cli::receipt::health::receipt_operator_tests::receipt_operator_entrypoints_reject_remote_control_backend_first ... ok
test trust_commands_cli::receipt::health::receipt_operator_tests::receipt_operator_entrypoints_work_against_local_temp_db ... ok
test trust_commands_cli::receipt::health::receipt_operator_tests::receipt_operator_human_output_includes_operational_fields ... ok
test trust_commands_cli::receipt::health::receipt_operator_tests::receipt_operator_json_envelope_includes_schema_and_null_fields ... ok
test trust_commands_cli::receipt::health::receipt_operator_tests::retention_repair_human_fails_closed_when_store_not_writable ... ok
test trust_commands_cli::receipt::health::receipt_operator_tests::retention_repair_human_output_reflects_actual_writability ... ok
test trust_commands_cli::receipt::health::receipt_operator_tests::retention_repair_json_fails_closed_when_store_not_writable ... ok
test trust_commands_cli::underwriting::trust_command_error_classification_tests::invalid_underwriting_outcome_literal_is_cli_error ... ok
test dispatch_cli::proof::unit_tests::proof_verify_routes_finding_claims_through_the_cognition_verifier ... ok

failures:

---- active_response_authority::tests::authority_documents_require_exact_canonical_original_bytes stdout ----

thread 'active_response_authority::tests::authority_documents_require_exact_canonical_original_bytes' (3207051) panicked at crates/products/chio-cli/src/bin/../active_response_authority.rs:96:13:
assertion failed: std::error::Error::source(&error).is_some()
note: run with `RUST_BACKTRACE=1` environment variable to display a backtrace

---- cert::tests::session_query_includes_signed_enforced_receipts_with_real_capability_ids stdout ----

thread 'cert::tests::session_query_includes_signed_enforced_receipts_with_real_capability_ids' (3207053) panicked at crates/products/chio-cli/src/bin/../cert.rs:343:10:
called `Result::unwrap()` on an `Err` value: CanonicalJson("trace_observation receipts require trust_level verified")


failures:
    active_response_authority::tests::authority_documents_require_exact_canonical_original_bytes
    cert::tests::session_query_includes_signed_enforced_receipts_with_real_capability_ids

test result: FAILED. 87 passed; 2 failed; 0 ignored; 0 measured; 601 filtered out; finished in 13.35s
