warning: patch `cmpv2 v0.2.0 (/tmp/chio-verifiable-work-paper/third_party/cmpv2-chio)` was not used in the crate graph
warning: patch `crmf v0.2.0 (/tmp/chio-verifiable-work-paper/third_party/crmf-chio)` was not used in the crate graph
warning: patch `ignore v0.4.32 (/tmp/chio-verifiable-work-paper/third_party/ignore-chio)` was not used in the crate graph
warning: patch `nono v0.53.0 (/tmp/chio-verifiable-work-paper/third_party/nono-upstream-chio)` was not used in the crate graph
warning: patch `regress v0.11.1 (/tmp/chio-verifiable-work-paper/third_party/regress-chio)` was not used in the crate graph
warning: patch `sigstore-crypto v0.6.6 (/tmp/chio-verifiable-work-paper/third_party/sigstore-crypto-chio)` was not used in the crate graph
warning: patch `sigstore-merkle v0.6.6 (/tmp/chio-verifiable-work-paper/third_party/sigstore-merkle-chio)` was not used in the crate graph
warning: patch `sigstore-trust-root v0.6.3 (/tmp/chio-verifiable-work-paper/third_party/sigstore-trust-root-chio)` was not used in the crate graph
warning: patch `sigstore-verify v0.6.3 (/tmp/chio-verifiable-work-paper/third_party/sigstore-verify-chio)` was not used in the crate graph
help: Check that the patched package version and available features are compatible
      with the dependency requirements. If the patch has a different version from
      what is locked in the Cargo.lock file, run `cargo update` to use the new
      version. This may also occur with an optional dependency that is not enabled.
   Compiling chio-runtime-core v0.1.0 (/tmp/chio-verifiable-work-paper/crates/kernel/chio-runtime-core)
    Finished `test` profile [unoptimized] target(s) in 24.98s
     Running tests/runtime_admission.rs (/tmp/chio-paper-target/debug/deps/runtime_admission-ef7a4ea6b7db4c90)

running 4 tests
test swarm_evolution::swarm_evolution_rejects_rewrite_without_installing_or_archiving ... ok
test swarm_evolution::swarm_evolution_retains_exact_versions_after_reopen ... ok
test swarm_evolution::swarm_evolution_serializes_competing_writers ... ok
test swarm_evolution::swarm_evolution_rejects_corrupt_historical_binding ... ok

test result: ok. 4 passed; 0 failed; 0 ignored; 0 measured; 92 filtered out; finished in 0.55s

