warning: patch `cmpv2 v0.2.0 (/tmp/chio-verifiable-work-paper/third_party/cmpv2-chio)` was not used in the crate graph
warning: patch `crmf v0.2.0 (/tmp/chio-verifiable-work-paper/third_party/crmf-chio)` was not used in the crate graph
warning: patch `ignore v0.4.32 (/tmp/chio-verifiable-work-paper/third_party/ignore-chio)` was not used in the crate graph
warning: patch `nono v0.53.0 (/tmp/chio-verifiable-work-paper/third_party/nono-upstream-chio)` was not used in the crate graph
warning: patch `regress v0.11.1 (/tmp/chio-verifiable-work-paper/third_party/regress-chio)` was not used in the crate graph
warning: patch `sigstore-crypto v0.6.6 (/tmp/chio-verifiable-work-paper/third_party/sigstore-crypto-chio)` was not used in the crate graph
warning: patch `sigstore-merkle v0.6.6 (/tmp/chio-verifiable-work-paper/third_party/sigstore-merkle-chio)` was not used in the crate graph
warning: patch `sigstore-trust-root v0.6.3 (/tmp/chio-verifiable-work-paper/third_party/sigstore-trust-root-chio)` was not used in the crate graph
warning: patch `sigstore-verify v0.6.3 (/tmp/chio-verifiable-work-paper/third_party/sigstore-verify-chio)` was not used in the crate graph
help: Check that the patched package version and available features are compatible
      with the dependency requirements. If the patch has a different version from
      what is locked in the Cargo.lock file, run `cargo update` to use the new
      version. This may also occur with an optional dependency that is not enabled.
   Compiling chio-swarm-authority v0.1.0 (/tmp/chio-verifiable-work-paper/crates/kernel/chio-swarm-authority)
   Compiling chio-runtime-proof-parity v0.1.0 (/tmp/chio-verifiable-work-paper/crates/kernel/chio-runtime-proof-parity)
   Compiling chio-attest-loopback v0.1.0 (/tmp/chio-verifiable-work-paper/crates/trust/chio-attest-loopback)
   Compiling chio-kernel v0.1.0 (/tmp/chio-verifiable-work-paper/crates/kernel/chio-kernel)
   Compiling chio-finding-verifier v0.1.0 (/tmp/chio-verifiable-work-paper/crates/trust/chio-finding-verifier)
   Compiling chio-transaction-passport v0.1.0 (/tmp/chio-verifiable-work-paper/crates/platform/chio-transaction-passport)
   Compiling chio-risk-comptroller v0.1.0 (/tmp/chio-verifiable-work-paper/crates/platform/chio-risk-comptroller)
   Compiling chio-commerce-order v0.1.0 (/tmp/chio-verifiable-work-paper/crates/platform/chio-commerce-order)
   Compiling chio-agent-web-interop v0.1.0 (/tmp/chio-verifiable-work-paper/crates/platform/chio-agent-web-interop)
   Compiling chio-store-sqlite v0.1.0 (/tmp/chio-verifiable-work-paper/crates/platform/chio-store-sqlite)
   Compiling chio-runtime-core v0.1.0 (/tmp/chio-verifiable-work-paper/crates/kernel/chio-runtime-core)
error[E0308]: mismatched types
  --> crates/kernel/chio-runtime-core/src/store/sqlite/outcome_continuation.rs:52:74
   |
52 |         serde_json::from_str(raw).map_err(|error| ChioRuntimeError::Json(error.to_string()))?;
   |                                                   ---------------------- ^^^^^^^^^^^^^^^^^ expected `Error`, found `String`
   |                                                   |
   |                                                   arguments to this enum variant are incorrect
   |
note: tuple variant defined here
  --> crates/kernel/chio-runtime-core/src/error.rs:16:5
   |
16 |     Json(#[from] serde_json::Error),
   |     ^^^^
help: try removing the method call
   |
52 -         serde_json::from_str(raw).map_err(|error| ChioRuntimeError::Json(error.to_string()))?;
52 +         serde_json::from_str(raw).map_err(|error| ChioRuntimeError::Json(error))?;
   |

error[E0308]: mismatched types
   --> crates/kernel/chio-runtime-core/src/store/sqlite/outcome_continuation.rs:137:53
    |
137 |             .map_err(|error| ChioRuntimeError::Json(error.to_string()))?;
    |                              ---------------------- ^^^^^^^^^^^^^^^^^ expected `Error`, found `String`
    |                              |
    |                              arguments to this enum variant are incorrect
    |
note: tuple variant defined here
   --> crates/kernel/chio-runtime-core/src/error.rs:16:5
    |
 16 |     Json(#[from] serde_json::Error),
    |     ^^^^
help: try removing the method call
    |
137 -             .map_err(|error| ChioRuntimeError::Json(error.to_string()))?;
137 +             .map_err(|error| ChioRuntimeError::Json(error))?;
    |

error[E0308]: mismatched types
   --> crates/kernel/chio-runtime-core/src/store/sqlite/outcome_continuation.rs:220:53
    |
220 |             .map_err(|error| ChioRuntimeError::Json(error.to_string()))?;
    |                              ---------------------- ^^^^^^^^^^^^^^^^^ expected `Error`, found `String`
    |                              |
    |                              arguments to this enum variant are incorrect
    |
note: tuple variant defined here
   --> crates/kernel/chio-runtime-core/src/error.rs:16:5
    |
 16 |     Json(#[from] serde_json::Error),
    |     ^^^^
help: try removing the method call
    |
220 -             .map_err(|error| ChioRuntimeError::Json(error.to_string()))?;
220 +             .map_err(|error| ChioRuntimeError::Json(error))?;
    |

error[E0308]: mismatched types
   --> crates/kernel/chio-runtime-core/src/store/sqlite/outcome_continuation.rs:249:53
    |
249 |             .map_err(|error| ChioRuntimeError::Json(error.to_string()))?;
    |                              ---------------------- ^^^^^^^^^^^^^^^^^ expected `Error`, found `String`
    |                              |
    |                              arguments to this enum variant are incorrect
    |
note: tuple variant defined here
   --> crates/kernel/chio-runtime-core/src/error.rs:16:5
    |
 16 |     Json(#[from] serde_json::Error),
    |     ^^^^
help: try removing the method call
    |
249 -             .map_err(|error| ChioRuntimeError::Json(error.to_string()))?;
249 +             .map_err(|error| ChioRuntimeError::Json(error))?;
    |

error[E0308]: mismatched types
   --> crates/kernel/chio-runtime-core/src/store/traits.rs:195:57
    |
195 |                 .map_err(|error| ChioRuntimeError::Json(error.to_string()))
    |                                  ---------------------- ^^^^^^^^^^^^^^^^^ expected `Error`, found `String`
    |                                  |
    |                                  arguments to this enum variant are incorrect
    |
note: tuple variant defined here
   --> crates/kernel/chio-runtime-core/src/error.rs:16:5
    |
 16 |     Json(#[from] serde_json::Error),
    |     ^^^^
help: try removing the method call
    |
195 -                 .map_err(|error| ChioRuntimeError::Json(error.to_string()))
195 +                 .map_err(|error| ChioRuntimeError::Json(error))
    |

For more information about this error, try `rustc --explain E0308`.
error: could not compile `chio-runtime-core` (lib) due to 5 previous errors
warning: build failed, waiting for other jobs to finish...
