warning: patch `cmpv2 v0.2.0 (/tmp/chio-verifiable-work-paper/third_party/cmpv2-chio)` was not used in the crate graph
warning: patch `crmf v0.2.0 (/tmp/chio-verifiable-work-paper/third_party/crmf-chio)` was not used in the crate graph
warning: patch `ignore v0.4.32 (/tmp/chio-verifiable-work-paper/third_party/ignore-chio)` was not used in the crate graph
warning: patch `nono v0.53.0 (/tmp/chio-verifiable-work-paper/third_party/nono-upstream-chio)` was not used in the crate graph
warning: patch `regress v0.11.1 (/tmp/chio-verifiable-work-paper/third_party/regress-chio)` was not used in the crate graph
warning: patch `sigstore-crypto v0.6.6 (/tmp/chio-verifiable-work-paper/third_party/sigstore-crypto-chio)` was not used in the crate graph
warning: patch `sigstore-merkle v0.6.6 (/tmp/chio-verifiable-work-paper/third_party/sigstore-merkle-chio)` was not used in the crate graph
warning: patch `sigstore-trust-root v0.6.3 (/tmp/chio-verifiable-work-paper/third_party/sigstore-trust-root-chio)` was not used in the crate graph
warning: patch `sigstore-verify v0.6.3 (/tmp/chio-verifiable-work-paper/third_party/sigstore-verify-chio)` was not used in the crate graph
help: Check that the patched package version and available features are compatible
      with the dependency requirements. If the patch has a different version from
      what is locked in the Cargo.lock file, run `cargo update` to use the new
      version. This may also occur with an optional dependency that is not enabled.
    Checking libc v0.2.189
    Checking zerofrom v0.1.6
    Checking yoke v0.8.1
    Checking zerovec v0.11.5
    Checking tinystr v0.8.2
    Checking icu_locale_core v2.1.1
    Checking zerotrie v0.2.3
    Checking potential_utf v0.1.4
    Checking icu_collections v2.1.1
    Checking icu_provider v2.1.1
    Checking cpufeatures v0.2.17
    Checking icu_normalizer v2.1.1
    Checking sha2 v0.10.9
    Checking icu_properties v2.1.2
    Checking getrandom v0.3.4
    Checking serde v1.0.228
    Checking rand_core v0.9.5
    Checking getrandom v0.2.17
    Checking zeroize v1.9.0
    Checking idna_adapter v1.2.1
    Checking curve25519-dalek v4.1.3
    Checking idna v1.1.0
    Checking rand_core v0.6.4
    Checking chio-security-types v0.1.0 (/tmp/chio-verifiable-work-paper/crates/security/chio-security-types)
    Checking zerocopy v0.8.42
    Checking getrandom v0.4.2
    Checking once_cell v1.21.4
    Checking tempfile v3.27.0
    Checking thiserror v1.0.69
    Checking ppv-lite86 v0.2.21
    Checking ed25519-dalek v2.2.0
    Checking url v2.5.8
    Checking wait-timeout v0.2.1
    Checking hex v0.4.3
    Checking rusty-fork v0.3.1
    Checking num-traits v0.2.19
    Checking rand_chacha v0.9.0
    Checking rand v0.9.2
    Checking rand_xorshift v0.4.0
    Checking proptest v1.10.0
    Checking chio-core-types v0.1.0 (/tmp/chio-verifiable-work-paper/crates/core/chio-core-types)
    Checking chio-test-support v0.1.0 (/tmp/chio-verifiable-work-paper/crates/tooling/chio-test-support)
    Checking chio-swarm-authority v0.1.0 (/tmp/chio-verifiable-work-paper/crates/kernel/chio-swarm-authority)
    Finished `dev` profile [unoptimized] target(s) in 34.70s
