warning: patch `cmpv2 v0.2.0 (/tmp/chio-verifiable-work-paper/third_party/cmpv2-chio)` was not used in the crate graph
warning: patch `crmf v0.2.0 (/tmp/chio-verifiable-work-paper/third_party/crmf-chio)` was not used in the crate graph
warning: patch `ignore v0.4.32 (/tmp/chio-verifiable-work-paper/third_party/ignore-chio)` was not used in the crate graph
warning: patch `nono v0.53.0 (/tmp/chio-verifiable-work-paper/third_party/nono-upstream-chio)` was not used in the crate graph
warning: patch `regress v0.11.1 (/tmp/chio-verifiable-work-paper/third_party/regress-chio)` was not used in the crate graph
warning: patch `sigstore-crypto v0.6.6 (/tmp/chio-verifiable-work-paper/third_party/sigstore-crypto-chio)` was not used in the crate graph
warning: patch `sigstore-merkle v0.6.6 (/tmp/chio-verifiable-work-paper/third_party/sigstore-merkle-chio)` was not used in the crate graph
warning: patch `sigstore-trust-root v0.6.3 (/tmp/chio-verifiable-work-paper/third_party/sigstore-trust-root-chio)` was not used in the crate graph
warning: patch `sigstore-verify v0.6.3 (/tmp/chio-verifiable-work-paper/third_party/sigstore-verify-chio)` was not used in the crate graph
help: Check that the patched package version and available features are compatible
      with the dependency requirements. If the patch has a different version from
      what is locked in the Cargo.lock file, run `cargo update` to use the new
      version. This may also occur with an optional dependency that is not enabled.
   Compiling chio-swarm-authority v0.1.0 (/tmp/chio-verifiable-work-paper/crates/kernel/chio-swarm-authority)
error[E0432]: unresolved import `chio_swarm_authority::verify_swarm_authority_extension`
 --> crates/kernel/chio-swarm-authority/tests/swarm_authority_stage0/evolution.rs:3:5
  |
3 |     verify_swarm_authority_extension, verify_swarm_authority_for_admission,
  |     ^^^^^^^^^^^^^^^^^^^^^^^^^^^^^^^^
  |     |
  |     no `verify_swarm_authority_extension` in the root
  |     help: a similar name exists in the module: `verify_swarm_authority_bundle`

For more information about this error, try `rustc --explain E0432`.
error: could not compile `chio-swarm-authority` (test "swarm_authority_stage0") due to 1 previous error
