bigint: Failed to load bindings, pure JS will be used (try npm run rebuild?)
This version of µWS is not compatible with your Node.js build:

Error: Cannot find module '../binaries/uws_linux_arm64_137.node'
Require stack:
- /home/connor/backbay/arc-agentic-work-plan/contracts/node_modules/.pnpm/@trufflesuite+uws-js-unofficial@20.30.0-unofficial.0/node_modules/@trufflesuite/uws-js-unofficial/src/uws.js
- /home/connor/backbay/arc-agentic-work-plan/contracts/node_modules/.pnpm/ganache@7.9.2/node_modules/ganache/dist/node/core.js
Falling back to a NodeJS implementation; performance may be degraded.


▶ model edge representatives agree with actual claim states and token balances
  ✔ 0: submit Funded -> Submitted (true) (260.766866ms)
  ✔ 1: submit Funded -> Funded (false) (162.102292ms)
  ✔ 2: decide Funded -> Funded (false) (210.817576ms)
  ✔ 3: decide Funded -> Funded (false) (179.969821ms)
  ✔ 4: pay Funded -> Funded (false) (125.419148ms)
  ✔ 5: pay Funded -> Funded (false) (118.425233ms)
  ✔ 6: refund Funded -> Funded (false) (122.400013ms)
  ✔ 7: expire Funded -> Funded (false) (150.607474ms)
  ✔ 8: submit Funded -> Submitted (true) (215.861281ms)
  ✔ 9: submit Funded -> Funded (false) (117.433828ms)
  ✔ 10: decide Funded -> Funded (false) (152.398363ms)
  ✔ 11: decide Funded -> Funded (false) (146.330212ms)
  ✔ 12: pay Funded -> Funded (false) (132.847305ms)
  ✔ 13: pay Funded -> Funded (false) (110.329833ms)
  ✔ 14: refund Funded -> Funded (false) (179.731019ms)
  ✔ 15: expire Funded -> Funded (false) (149.88567ms)
  ✔ 16: submit Submitted -> Submitted (true) (354.563296ms)
  ✔ 17: submit Submitted -> Submitted (false) (321.175209ms)
  ✔ 18: submit Submitted -> Submitted (false) (388.811787ms)
  ✔ 19: decide Submitted -> Submitted (false) (383.678121ms)
  ✔ 20: decide Submitted -> Submitted (false) (296.206763ms)
  ✔ 21: pay Submitted -> Submitted (false) (356.936827ms)
  ✔ 22: pay Submitted -> Submitted (false) (382.427395ms)
  ✔ 23: refund Submitted -> Submitted (false) (447.35668ms)
  ✔ 24: expire Submitted -> Submitted (false) (310.525075ms)
  ✔ 25: submit Submitted -> Submitted (true) (331.128538ms)
  ✔ 26: submit Submitted -> Submitted (false) (340.762306ms)
  ✔ 27: submit Submitted -> Submitted (false) (300.497185ms)
  ✔ 28: decide Submitted -> Submitted (false) (350.910197ms)
  ✔ 29: decide Submitted -> Submitted (false) (420.166904ms)
  ✔ 30: pay Submitted -> Submitted (false) (317.043988ms)
  ✔ 31: pay Submitted -> Submitted (false) (269.424869ms)
  ✔ 32: refund Submitted -> Submitted (false) (272.277803ms)
  ✔ 33: expire Submitted -> Submitted (false) (305.929811ms)
  ✔ 34: submit Funded -> Funded (false) (139.979461ms)
  ✔ 35: submit Funded -> Funded (false) (147.055697ms)
  ✔ 36: decide Submitted -> Payable (true) (1104.813012ms)
  ✔ 37: decide Submitted -> Rejected (true) (1064.789651ms)
  ✔ 38: decide Submitted -> Submitted (false) (391.346559ms)
  ✔ 39: decide Submitted -> Payable (true) (981.893637ms)
  ✔ 40: decide Submitted -> Rejected (true) (1148.677232ms)
  ✔ 41: decide Submitted -> Submitted (false) (548.057744ms)
  ✔ 42: submit Payable -> Payable (true) (1405.143876ms)
  ✔ 43: submit Payable -> Payable (false) (1079.020723ms)
  ✔ 44: submit Payable -> Payable (false) (1297.308536ms)
  ✔ 45: decide Payable -> Payable (true) (1478.762684ms)
  ✔ 46: decide Payable -> Payable (false) (1190.633442ms)
  ✔ 47: decide Payable -> Payable (false) (1409.613298ms)
  ✔ 48: decide Payable -> Payable (false) (1086.960203ms)
  ✔ 49: pay Payable -> Paid (true) (2096.251656ms)
  ✔ 50: pay Payable -> Payable (false) (1319.072566ms)
  ✔ 51: refund Payable -> Payable (false) (1607.121327ms)
  ✔ 52: expire Payable -> Payable (false) (1480.330693ms)
  ✔ 53: submit Rejected -> Rejected (true) (1468.178912ms)
  ✔ 54: submit Rejected -> Rejected (false) (1449.533899ms)
  ✔ 55: submit Rejected -> Rejected (false) (1358.744724ms)
  ✔ 56: decide Rejected -> Rejected (false) (1739.606471ms)
  ✔ 57: decide Rejected -> Rejected (true) (1488.699335ms)
  ✔ 58: decide Rejected -> Rejected (false) (1200.721613ms)
  ✔ 59: pay Rejected -> Rejected (false) (1106.922063ms)
  ✔ 60: pay Rejected -> Rejected (false) (1278.918045ms)
  ✔ 61: refund Rejected -> Refunded (true) (2109.182842ms)
  ✔ 62: expire Rejected -> Rejected (false) (1209.920979ms)
  ✔ 63: submit Payable -> Payable (true) (1227.456747ms)
  ✔ 64: submit Payable -> Payable (false) (1392.729455ms)
  ✔ 65: submit Payable -> Payable (false) (1392.100131ms)
  ✔ 66: decide Payable -> Payable (true) (1205.317996ms)
  ✔ 67: decide Payable -> Payable (false) (1209.376616ms)
  ✔ 68: decide Payable -> Payable (false) (1470.584965ms)
  ✔ 69: decide Payable -> Payable (false) (1210.0459ms)
  ✔ 70: pay Payable -> Paid (true) (2278.104329ms)
  ✔ 71: pay Payable -> Payable (false) (1098.762022ms)
  ✔ 72: refund Payable -> Payable (false) (1336.960616ms)
  ✔ 73: expire Payable -> Payable (false) (1342.268283ms)
  ✔ 74: submit Rejected -> Rejected (true) (1081.764058ms)
  ✔ 75: submit Rejected -> Rejected (false) (1614.234045ms)
  ✔ 76: submit Rejected -> Rejected (false) (1274.839385ms)
  ✔ 77: decide Rejected -> Rejected (false) (1293.236197ms)
  ✔ 78: decide Rejected -> Rejected (true) (1345.302138ms)
  ✔ 79: decide Rejected -> Rejected (false) (1327.173567ms)
  ✔ 80: pay Rejected -> Rejected (false) (1040.973334ms)
  ✔ 81: pay Rejected -> Rejected (false) (1353.154177ms)
  ✔ 82: refund Rejected -> Refunded (true) (1989.963247ms)
  ✔ 83: expire Rejected -> Rejected (false) (1459.35239ms)
  ✔ 84: submit Paid -> Paid (true) (2738.549476ms)
  ✔ 85: submit Paid -> Paid (false) (2945.372432ms)
  ✔ 86: submit Paid -> Paid (false) (2035.761717ms)
  ✔ 87: decide Paid -> Paid (true) (2556.877847ms)
  ✔ 88: decide Paid -> Paid (false) (2473.372069ms)
  ✔ 89: decide Paid -> Paid (false) (2637.065169ms)
  ✔ 90: decide Paid -> Paid (false) (2542.801337ms)
  ✔ 91: pay Paid -> Paid (false) (2169.216305ms)
  ✔ 92: pay Paid -> Paid (false) (2597.29061ms)
  ✔ 93: refund Paid -> Paid (false) (2297.655389ms)
  ✔ 94: expire Paid -> Paid (false) (2780.546328ms)
  ✔ 95: submit Refunded -> Refunded (true) (2242.936195ms)
  ✔ 96: submit Refunded -> Refunded (false) (2335.497819ms)
  ✔ 97: submit Refunded -> Refunded (false) (2392.909267ms)
  ✔ 98: decide Refunded -> Refunded (false) (2622.125135ms)
  ✔ 99: decide Refunded -> Refunded (true) (2480.943428ms)
  ✔ 100: decide Refunded -> Refunded (false) (2862.335419ms)
  ✔ 101: pay Refunded -> Refunded (false) (2390.340254ms)
  ✔ 102: pay Refunded -> Refunded (false) (2541.640933ms)
  ✔ 103: refund Refunded -> Refunded (false) (2404.571766ms)
  ✔ 104: expire Refunded -> Refunded (false) (2466.204475ms)
  ✔ 105: submit Paid -> Paid (true) (2902.29026ms)
  ✔ 106: submit Paid -> Paid (false) (2278.357774ms)
  ✔ 107: submit Paid -> Paid (false) (2749.704575ms)
  ✔ 108: decide Paid -> Paid (true) (2411.793003ms)
  ✔ 109: decide Paid -> Paid (false) (2657.621554ms)
  ✔ 110: decide Paid -> Paid (false) (1925.768568ms)
  ✔ 111: decide Paid -> Paid (false) (2737.155673ms)
  ✔ 112: pay Paid -> Paid (false) (2515.425723ms)
  ✔ 113: pay Paid -> Paid (false) (2413.466971ms)
  ✔ 114: refund Paid -> Paid (false) (2559.068102ms)
  ✔ 115: expire Paid -> Paid (false) (1995.84756ms)
  ✔ 116: submit Refunded -> Refunded (true) (2478.399297ms)
  ✔ 117: submit Refunded -> Refunded (false) (2233.845033ms)
  ✔ 118: submit Refunded -> Refunded (false) (2321.833713ms)
  ✔ 119: decide Refunded -> Refunded (false) (2142.076053ms)
  ✔ 120: decide Refunded -> Refunded (true) (2517.348893ms)
  ✔ 121: decide Refunded -> Refunded (false) (2637.980058ms)
  ✔ 122: pay Refunded -> Refunded (false) (2196.704247ms)
  ✔ 123: pay Refunded -> Refunded (false) (2051.076077ms)
  ✔ 124: refund Refunded -> Refunded (false) (2252.939849ms)
  ✔ 125: expire Refunded -> Refunded (false) (2072.901827ms)
  ✔ 126: submit Funded -> Funded (false) (276.209744ms)
  ✔ 127: submit Funded -> Funded (false) (224.806207ms)
  ✔ 128: decide Funded -> Funded (false) (265.42953ms)
  ✔ 129: decide Funded -> Funded (false) (213.208188ms)
  ✔ 130: pay Funded -> Funded (false) (311.767162ms)
  ✔ 131: pay Funded -> Funded (false) (136.696125ms)
  ✔ 132: refund Funded -> Refunded (true) (1037.723319ms)
  ✔ 133: expire Funded -> TimedOut (true) (260.010663ms)
  ✔ 134: submit Funded -> Funded (false) (288.673967ms)
  ✔ 135: submit Funded -> Funded (false) (236.902187ms)
  ✔ 136: decide Funded -> Funded (false) (403.22042ms)
  ✔ 137: decide Funded -> Funded (false) (249.270729ms)
  ✔ 138: pay Funded -> Funded (false) (210.723456ms)
  ✔ 139: pay Funded -> Funded (false) (247.644401ms)
  ✔ 140: refund Funded -> Refunded (true) (1467.637634ms)
  ✔ 141: expire Funded -> TimedOut (true) (322.594937ms)
  ✔ 142: submit Refunded -> Refunded (false) (1265.08606ms)
  ✔ 143: submit Refunded -> Refunded (false) (1598.714251ms)
  ✔ 144: decide Refunded -> Refunded (false) (1799.614337ms)
  ✔ 145: decide Refunded -> Refunded (false) (1353.896424ms)
  ✔ 146: pay Refunded -> Refunded (false) (1460.89756ms)
  ✔ 147: pay Refunded -> Refunded (false) (1748.628843ms)
  ✔ 148: refund Refunded -> Refunded (false) (1708.313361ms)
  ✔ 149: expire Refunded -> Refunded (false) (1355.727354ms)
  ✔ 150: submit TimedOut -> TimedOut (false) (550.192837ms)
  ✔ 151: submit TimedOut -> TimedOut (false) (498.309777ms)
  ✔ 152: decide TimedOut -> TimedOut (false) (404.529707ms)
  ✔ 153: decide TimedOut -> TimedOut (false) (653.079353ms)
  ✔ 154: pay TimedOut -> TimedOut (false) (557.963716ms)
  ✔ 155: pay TimedOut -> TimedOut (false) (424.270926ms)
  ✔ 156: refund TimedOut -> Refunded (true) (1545.808987ms)
  ✔ 157: expire TimedOut -> TimedOut (true) (553.610174ms)
  ✔ 158: submit Refunded -> Refunded (false) (1499.585675ms)
  ✔ 159: submit Refunded -> Refunded (false) (1238.228685ms)
  ✔ 160: decide Refunded -> Refunded (false) (1738.385591ms)
  ✔ 161: decide Refunded -> Refunded (false) (1239.957014ms)
  ✔ 162: pay Refunded -> Refunded (false) (1819.88184ms)
  ✔ 163: pay Refunded -> Refunded (false) (1555.854437ms)
  ✔ 164: refund Refunded -> Refunded (false) (1418.663909ms)
  ✔ 165: expire Refunded -> Refunded (false) (1259.431231ms)
  ✔ 166: submit TimedOut -> TimedOut (false) (360.646247ms)
  ✔ 167: submit TimedOut -> TimedOut (false) (424.771328ms)
  ✔ 168: decide TimedOut -> TimedOut (false) (452.713229ms)
  ✔ 169: decide TimedOut -> TimedOut (false) (381.408351ms)
  ✔ 170: pay TimedOut -> TimedOut (false) (423.537203ms)
  ✔ 171: pay TimedOut -> TimedOut (false) (442.143976ms)
  ✔ 172: refund TimedOut -> Refunded (true) (1130.964748ms)
  ✔ 173: expire TimedOut -> TimedOut (true) (590.044957ms)
  ✔ 174: submit Submitted -> Submitted (true) (475.490063ms)
  ✔ 175: submit Submitted -> Submitted (false) (458.609018ms)
  ✔ 176: submit Submitted -> Submitted (false) (483.591423ms)
  ✔ 177: decide Submitted -> Submitted (false) (590.825761ms)
  ✔ 178: decide Submitted -> Submitted (false) (546.967341ms)
  ✔ 179: pay Submitted -> Submitted (false) (499.349823ms)
  ✔ 180: pay Submitted -> Submitted (false) (523.565824ms)
  ✔ 181: refund Submitted -> Refunded (true) (1343.922575ms)
  ✔ 182: expire Submitted -> TimedOut (true) (512.989051ms)
  ✔ 183: submit Submitted -> Submitted (true) (634.395139ms)
  ✔ 184: submit Submitted -> Submitted (false) (450.140256ms)
  ✔ 185: submit Submitted -> Submitted (false) (431.661604ms)
  ✔ 186: decide Submitted -> Submitted (false) (492.623469ms)
  ✔ 187: decide Submitted -> Submitted (false) (432.264806ms)
  ✔ 188: pay Submitted -> Submitted (false) (429.883554ms)
  ✔ 189: pay Submitted -> Submitted (false) (498.86798ms)
  ✔ 190: refund Submitted -> Refunded (true) (1046.077603ms)
  ✔ 191: expire Submitted -> TimedOut (true) (506.675579ms)
  ✔ 192: submit Refunded -> Refunded (true) (1755.669199ms)
  ✔ 193: submit Refunded -> Refunded (false) (1521.487065ms)
  ✔ 194: submit TimedOut -> TimedOut (true) (837.602398ms)
  ✔ 195: submit TimedOut -> TimedOut (false) (791.079445ms)
  ✔ 196: submit Payable -> Payable (true) (1255.486572ms)
  ✔ 197: submit Payable -> Payable (false) (1742.944055ms)
  ✔ 198: submit Payable -> Payable (false) (1488.44438ms)
  ✔ 199: decide Payable -> Payable (true) (1519.911138ms)
  ✔ 200: decide Payable -> Payable (false) (1463.238294ms)
  ✔ 201: decide Payable -> Payable (false) (1507.396635ms)
  ✔ 202: decide Payable -> Payable (false) (1488.003057ms)
  ✔ 203: pay Payable -> Paid (true) (2239.189463ms)
  ✔ 204: pay Payable -> Payable (false) (1591.724898ms)
  ✔ 205: refund Payable -> Payable (false) (1320.221417ms)
  ✔ 206: expire Payable -> Payable (false) (1426.137908ms)
  ✔ 207: submit Rejected -> Rejected (true) (1423.275893ms)
  ✔ 208: submit Rejected -> Rejected (false) (1373.645965ms)
  ✔ 209: submit Rejected -> Rejected (false) (1258.232226ms)
  ✔ 210: decide Rejected -> Rejected (false) (1520.772062ms)
  ✔ 211: decide Rejected -> Rejected (true) (1704.382262ms)
  ✔ 212: decide Rejected -> Rejected (false) (1675.227596ms)
  ✔ 213: pay Rejected -> Rejected (false) (1280.475778ms)
  ✔ 214: pay Rejected -> Rejected (false) (1117.003599ms)
  ✔ 215: refund Rejected -> Refunded (true) (2143.934946ms)
  ✔ 216: expire Rejected -> Rejected (false) (1455.237574ms)
  ✔ 217: submit Refunded -> Refunded (true) (1849.48415ms)
  ✔ 218: submit Refunded -> Refunded (false) (1145.561382ms)
  ✔ 219: submit TimedOut -> TimedOut (true) (804.933434ms)
  ✔ 220: submit TimedOut -> TimedOut (false) (603.640665ms)
  ✔ 221: submit Payable -> Payable (true) (1442.906032ms)
  ✔ 222: submit Payable -> Payable (false) (1338.463869ms)
  ✔ 223: submit Payable -> Payable (false) (1344.413739ms)
  ✔ 224: decide Payable -> Payable (true) (1615.9945ms)
  ✔ 225: decide Payable -> Payable (false) (1451.923037ms)
  ✔ 226: decide Payable -> Payable (false) (1478.804652ms)
  ✔ 227: decide Payable -> Payable (false) (1352.967421ms)
  ✔ 228: pay Payable -> Paid (true) (2240.158908ms)
  ✔ 229: pay Payable -> Payable (false) (1292.125157ms)
  ✔ 230: refund Payable -> Payable (false) (1465.008064ms)
  ✔ 231: expire Payable -> Payable (false) (1467.991238ms)
  ✔ 232: submit Rejected -> Rejected (true) (1379.940037ms)
  ✔ 233: submit Rejected -> Rejected (false) (1339.795555ms)
  ✔ 234: submit Rejected -> Rejected (false) (1190.074046ms)
  ✔ 235: decide Rejected -> Rejected (false) (1279.854735ms)
  ✔ 236: decide Rejected -> Rejected (true) (1566.571413ms)
  ✔ 237: decide Rejected -> Rejected (false) (1354.650151ms)
  ✔ 238: pay Rejected -> Rejected (false) (1280.374658ms)
  ✔ 239: pay Rejected -> Rejected (false) (1196.443197ms)
  ✔ 240: refund Rejected -> Refunded (true) (1984.580388ms)
  ✔ 241: expire Rejected -> Rejected (false) (1483.711637ms)
  ✔ 242: submit Paid -> Paid (true) (2207.192025ms)
  ✔ 243: submit Paid -> Paid (false) (2482.422084ms)
  ✔ 244: submit Paid -> Paid (false) (2214.017379ms)
  ✔ 245: decide Paid -> Paid (true) (2245.451257ms)
  ✔ 246: decide Paid -> Paid (false) (2414.735145ms)
  ✔ 247: decide Paid -> Paid (false) (2687.668313ms)
  ✔ 248: decide Paid -> Paid (false) (2037.889176ms)
  ✔ 249: pay Paid -> Paid (false) (2366.176822ms)
  ✔ 250: pay Paid -> Paid (false) (2380.181172ms)
  ✔ 251: refund Paid -> Paid (false) (2679.286672ms)
  ✔ 252: expire Paid -> Paid (false) (2289.929999ms)
  ✔ 253: decide Refunded -> Refunded (false) (2556.029534ms)
  ✔ 254: decide Refunded -> Refunded (true) (2670.627349ms)
  ✔ 255: decide Refunded -> Refunded (false) (2466.555446ms)
  ✔ 256: submit Paid -> Paid (true) (2353.157117ms)
  ✔ 257: submit Paid -> Paid (false) (2612.029615ms)
  ✔ 258: submit Paid -> Paid (false) (2764.057257ms)
  ✔ 259: decide Paid -> Paid (true) (2639.182871ms)
  ✔ 260: decide Paid -> Paid (false) (2594.626488ms)
  ✔ 261: decide Paid -> Paid (false) (2732.801181ms)
  ✔ 262: decide Paid -> Paid (false) (2191.036865ms)
  ✔ 263: pay Paid -> Paid (false) (2382.026062ms)
  ✔ 264: pay Paid -> Paid (false) (2590.004065ms)
  ✔ 265: refund Paid -> Paid (false) (2044.667811ms)
  ✔ 266: expire Paid -> Paid (false) (2572.498777ms)
  ✔ 267: decide Refunded -> Refunded (false) (2546.407646ms)
  ✔ 268: decide Refunded -> Refunded (true) (2263.86727ms)
  ✔ 269: decide Refunded -> Refunded (false) (2225.496398ms)
✔ model edge representatives agree with actual claim states and token balances (373316.198453ms)
ℹ {"modelStates":5508,"modelTransitions":132192,"bytecodeTraceRepresentatives":270}
ℹ tests 271
ℹ suites 0
ℹ pass 271
ℹ fail 0
ℹ cancelled 0
ℹ skipped 0
ℹ todo 0
ℹ duration_ms 385398.661423
