
added 717 packages in 45s
checking TypeScript package @chio-protocol/node-http

> @chio-protocol/node-http@0.1.0 test
> vitest run --no-file-parallelism


 RUN  v3.2.6 /private/var/folders/jy/95wms_mn265f0bpj_v6wc4zh0000gn/T/chio-sdk-release.ATc317/repo/sdks/typescript/packages/node-http

 ✓ test/interceptor.test.ts (24 tests) 161ms
 ✓ test/sidecar-client.test.ts (30 tests) 373ms
 ✓ test/types.test.ts (10 tests) 3ms
 ✓ test/identity.test.ts (9 tests) 5ms

 Test Files  4 passed (4)
      Tests  73 passed (73)
   Start at  23:35:48
   Duration  5.05s (transform 657ms, setup 0ms, collect 767ms, tests 542ms, environment 0ms, prepare 629ms)


> @chio-protocol/node-http@0.1.0 build
> tsc && npm run build:cjs


> @chio-protocol/node-http@0.1.0 build:cjs
> esbuild src/index.ts --bundle --platform=node --format=cjs --packages=external --outfile=dist/index.cjs


  dist/index.cjs  33.1kb

⚡ Done in 6ms
/Users/connor/Medica/backbay/standalone/arc/.worktrees/kernel-release-audit-20260909/scripts/check-sdk-release.sh: line 708: install_arg_names[@]: unbound variable
