warning: patch `cmpv2 v0.2.0 (/tmp/arc-security-launch/third_party/cmpv2-chio)` was not used in the crate graph
warning: patch `crmf v0.2.0 (/tmp/arc-security-launch/third_party/crmf-chio)` was not used in the crate graph
warning: patch `ignore v0.4.32 (/tmp/arc-security-launch/third_party/ignore-chio)` was not used in the crate graph
warning: patch `nono v0.53.0 (/tmp/arc-security-launch/third_party/nono-upstream-chio)` was not used in the crate graph
warning: patch `regress v0.11.1 (/tmp/arc-security-launch/third_party/regress-chio)` was not used in the crate graph
warning: patch `sigstore-crypto v0.6.6 (/tmp/arc-security-launch/third_party/sigstore-crypto-chio)` was not used in the crate graph
warning: patch `sigstore-merkle v0.6.6 (/tmp/arc-security-launch/third_party/sigstore-merkle-chio)` was not used in the crate graph
warning: patch `sigstore-trust-root v0.6.3 (/tmp/arc-security-launch/third_party/sigstore-trust-root-chio)` was not used in the crate graph
warning: patch `sigstore-verify v0.6.3 (/tmp/arc-security-launch/third_party/sigstore-verify-chio)` was not used in the crate graph
help: Check that the patched package version and available features are compatible
      with the dependency requirements. If the patch has a different version from
      what is locked in the Cargo.lock file, run `cargo update` to use the new
      version. This may also occur with an optional dependency that is not enabled.
   Compiling chio-security-types v0.1.0 (/tmp/arc-security-launch/crates/security/chio-security-types)
   Compiling rusqlite v0.39.0
   Compiling r2d2_sqlite v0.33.0
   Compiling chio-sqlite-file-identity v0.1.0 (/tmp/arc-security-launch/crates/platform/chio-sqlite-file-identity)
   Compiling chio-core-types v0.1.0 (/tmp/arc-security-launch/crates/core/chio-core-types)
   Compiling chio-listing v0.1.0 (/tmp/arc-security-launch/crates/economy/chio-listing)
   Compiling chio-revocation-oracle v0.1.0 (/tmp/arc-security-launch/crates/trust/chio-revocation-oracle)
   Compiling chio-pheromone v0.1.0 (/tmp/arc-security-launch/crates/trust/chio-pheromone)
   Compiling chio-did v0.1.0 (/tmp/arc-security-launch/crates/trust/chio-did)
   Compiling chio-fincred v0.1.0 (/tmp/arc-security-launch/crates/economy/chio-fincred)
   Compiling chio-cage-plan v0.1.0 (/tmp/arc-security-launch/crates/security/chio-cage-plan)
   Compiling chio-finding v0.1.0 (/tmp/arc-security-launch/crates/economy/chio-finding)
   Compiling chio-attest-verify v0.1.0 (/tmp/arc-security-launch/crates/trust/chio-attest-verify)
   Compiling chio-lineage v0.1.0 (/tmp/arc-security-launch/crates/observability/chio-lineage)
   Compiling chio-custody-hw v0.1.0 (/tmp/arc-security-launch/crates/trust/chio-custody-hw)
   Compiling chio-swarm-authority v0.1.0 (/tmp/arc-security-launch/crates/kernel/chio-swarm-authority)
   Compiling chio-fiscal v0.1.0 (/tmp/arc-security-launch/crates/economy/chio-fiscal)
   Compiling chio-governance v0.1.0 (/tmp/arc-security-launch/crates/trust/chio-governance)
   Compiling chio-weights v0.1.0 (/tmp/arc-security-launch/crates/trust/chio-weights)
   Compiling chio-quarantine v0.1.0 (/tmp/arc-security-launch/crates/security/chio-quarantine)
   Compiling chio-kernel-core v0.1.0 (/tmp/arc-security-launch/crates/kernel/chio-kernel-core)
   Compiling chio-disclosure-lineage v0.1.0 (/tmp/arc-security-launch/crates/trust/chio-disclosure-lineage)
   Compiling chio-appraisal v0.1.0 (/tmp/arc-security-launch/crates/economy/chio-appraisal)
   Compiling chio-open-market v0.1.0 (/tmp/arc-security-launch/crates/economy/chio-open-market)
   Compiling chio-underwriting v0.1.0 (/tmp/arc-security-launch/crates/economy/chio-underwriting)
   Compiling chio-federation v0.1.0 (/tmp/arc-security-launch/crates/trust/chio-federation)
   Compiling chio-credit v0.1.0 (/tmp/arc-security-launch/crates/economy/chio-credit)
   Compiling chio-market v0.1.0 (/tmp/arc-security-launch/crates/economy/chio-market)
   Compiling chio-web3 v0.1.0 (/tmp/arc-security-launch/crates/economy/chio-web3)
   Compiling chio-autonomy v0.1.0 (/tmp/arc-security-launch/crates/economy/chio-autonomy)
   Compiling chio-core v0.1.0 (/tmp/arc-security-launch/crates/core/chio-core)
   Compiling chio-manifest v0.1.0 (/tmp/arc-security-launch/crates/platform/chio-manifest)
   Compiling chio-link v0.1.0 (/tmp/arc-security-launch/crates/economy/chio-link)
   Compiling chio-settle v0.1.0 (/tmp/arc-security-launch/crates/economy/chio-settle)
   Compiling chio-workflow v0.1.0 (/tmp/arc-security-launch/crates/platform/chio-workflow)
   Compiling chio-selective-disclosure v0.1.0 (/tmp/arc-security-launch/crates/trust/chio-selective-disclosure)
   Compiling chio-tool-call-fabric v0.1.0 (/tmp/arc-security-launch/crates/protocol/chio-tool-call-fabric)
   Compiling chio-attest-buyer-core v0.1.0 (/tmp/arc-security-launch/crates/trust/chio-attest-buyer-core)
   Compiling chio-federation-authority v0.1.0 (/tmp/arc-security-launch/crates/trust/chio-federation-authority)
   Compiling chio-kernel v0.1.0 (/tmp/arc-security-launch/crates/kernel/chio-kernel)
   Compiling chio-finding-verifier v0.1.0 (/tmp/arc-security-launch/crates/trust/chio-finding-verifier)
   Compiling chio-transaction-passport v0.1.0 (/tmp/arc-security-launch/crates/platform/chio-transaction-passport)
   Compiling chio-risk-comptroller v0.1.0 (/tmp/arc-security-launch/crates/platform/chio-risk-comptroller)
   Compiling chio-commerce-order v0.1.0 (/tmp/arc-security-launch/crates/platform/chio-commerce-order)
   Compiling chio-agent-web-interop v0.1.0 (/tmp/arc-security-launch/crates/platform/chio-agent-web-interop)
   Compiling chio-store-sqlite v0.1.0 (/tmp/arc-security-launch/crates/platform/chio-store-sqlite)
error[E0422]: cannot find struct, variant or union type `BudgetReconcileSpendRequest` in this scope
   --> crates/platform/chio-store-sqlite/src/budget_store/tests/statement_caching.rs:42:47
    |
 42 |             _ => store.reconcile_budget_spend(BudgetReconcileSpendRequest {
    |                                               ^^^^^^^^^^^^^^^^^^^^^^^^^^^
    |
   ::: crates/kernel/chio-kernel/src/budget_store.rs:500:1
    |
500 | pub struct BudgetReconcileHoldRequest {
    | ------------------------------------- similarly named struct `BudgetReconcileHoldRequest` defined here
    |
help: a struct with a similar name exists
    |
 42 -             _ => store.reconcile_budget_spend(BudgetReconcileSpendRequest {
 42 +             _ => store.reconcile_budget_spend(BudgetReconcileHoldRequest {
    |

error[E0599]: no method named `capture_budget_invocation` found for struct `budget_store::SqliteBudgetStore` in the current scope
   --> crates/platform/chio-store-sqlite/src/budget_store/tests/statement_caching.rs:26:19
    |
 26 |             store.capture_budget_invocation(BudgetCaptureInvocationRequest {
    |             ------^^^^^^^^^^^^^^^^^^^^^^^^^
    |
   ::: crates/platform/chio-store-sqlite/src/budget_store.rs:102:1
    |
102 | pub struct SqliteBudgetStore {
    | ---------------------------- method `capture_budget_invocation` not found for this struct
    |
help: there is a method `capture_budget_hold` with a similar name
    |
 26 -             store.capture_budget_invocation(BudgetCaptureInvocationRequest {
 26 +             store.capture_budget_hold(BudgetCaptureInvocationRequest {
    |

warning: use of deprecated method `rusqlite::trace::<impl rusqlite::Connection>::trace`: use trace_v2 instead
  --> crates/platform/chio-store-sqlite/src/budget_store/tests/statement_caching.rs:31:29
   |
31 |         store.connection()?.trace(Some(capture_sql));
   |                             ^^^^^
   |
   = note: `#[warn(deprecated)]` on by default

error[E0063]: missing field `expected_cumulative_approval_state` in initializer of `chio_kernel::budget_store::BudgetReverseHoldRequest`
  --> crates/platform/chio-store-sqlite/src/budget_store/tests/statement_caching.rs:34:52
   |
34 |             "reverse" => store.reverse_budget_hold(BudgetReverseHoldRequest {
   |                                                    ^^^^^^^^^^^^^^^^^^^^^^^^ missing `expected_cumulative_approval_state`

error[E0599]: no method named `reconcile_budget_spend` found for struct `budget_store::SqliteBudgetStore` in the current scope
   --> crates/platform/chio-store-sqlite/src/budget_store/tests/statement_caching.rs:42:24
    |
 42 |             _ => store.reconcile_budget_spend(BudgetReconcileSpendRequest {
    |                  ------^^^^^^^^^^^^^^^^^^^^^^
    |
   ::: crates/platform/chio-store-sqlite/src/budget_store.rs:102:1
    |
102 | pub struct SqliteBudgetStore {
    | ---------------------------- method `reconcile_budget_spend` not found for this struct
    |
help: there is a method `reconcile_budget_hold` with a similar name
    |
 42 -             _ => store.reconcile_budget_spend(BudgetReconcileSpendRequest {
 42 +             _ => store.reconcile_budget_hold(BudgetReconcileSpendRequest {
    |

warning: use of deprecated method `rusqlite::trace::<impl rusqlite::Connection>::trace`: use trace_v2 instead
  --> crates/platform/chio-store-sqlite/src/budget_store/tests/statement_caching.rs:59:29
   |
59 |         store.connection()?.trace(None);
   |                             ^^^^^

Some errors have detailed explanations: E0063, E0422, E0599.
For more information about an error, try `rustc --explain E0063`.
warning: `chio-store-sqlite` (lib test) generated 2 warnings
error: could not compile `chio-store-sqlite` (lib test) due to 4 previous errors; 2 warnings emitted
