warning: patch `cmpv2 v0.2.0 (/tmp/arc-security-launch/third_party/cmpv2-chio)` was not used in the crate graph
warning: patch `crmf v0.2.0 (/tmp/arc-security-launch/third_party/crmf-chio)` was not used in the crate graph
warning: patch `ignore v0.4.32 (/tmp/arc-security-launch/third_party/ignore-chio)` was not used in the crate graph
warning: patch `nono v0.53.0 (/tmp/arc-security-launch/third_party/nono-upstream-chio)` was not used in the crate graph
warning: patch `regress v0.11.1 (/tmp/arc-security-launch/third_party/regress-chio)` was not used in the crate graph
warning: patch `sigstore-crypto v0.6.6 (/tmp/arc-security-launch/third_party/sigstore-crypto-chio)` was not used in the crate graph
warning: patch `sigstore-merkle v0.6.6 (/tmp/arc-security-launch/third_party/sigstore-merkle-chio)` was not used in the crate graph
warning: patch `sigstore-trust-root v0.6.3 (/tmp/arc-security-launch/third_party/sigstore-trust-root-chio)` was not used in the crate graph
warning: patch `sigstore-verify v0.6.3 (/tmp/arc-security-launch/third_party/sigstore-verify-chio)` was not used in the crate graph
help: Check that the patched package version and available features are compatible
      with the dependency requirements. If the patch has a different version from
      what is locked in the Cargo.lock file, run `cargo update` to use the new
      version. This may also occur with an optional dependency that is not enabled.
   Compiling chio-store-sqlite v0.1.0 (/tmp/arc-security-launch/crates/platform/chio-store-sqlite)
    Finished `test` profile [unoptimized] target(s) in 1m 14s
     Running unittests src/lib.rs (target/debug/deps/chio_store_sqlite-c45af002eb0b1652)

running 1 test

thread 'budget_store::tests::statement_caching::hold_mutations_validate_one_snapshot_and_preserve_replay' (1975469) panicked at crates/platform/chio-store-sqlite/src/budget_store/tests/statement_caching.rs:48:9:
assertion `left == right` failed: reverse must reuse the hold validated inside its write transaction
  left: 3
 right: 1
note: run with `RUST_BACKTRACE=1` environment variable to display a backtrace
test budget_store::tests::statement_caching::hold_mutations_validate_one_snapshot_and_preserve_replay ... FAILED

failures:

failures:
    budget_store::tests::statement_caching::hold_mutations_validate_one_snapshot_and_preserve_replay

test result: FAILED. 0 passed; 1 failed; 0 ignored; 0 measured; 1894 filtered out; finished in 0.27s

error: test failed, to rerun pass `-p chio-store-sqlite --lib`
