TLC2 Version 2.19 of 08 August 2024
Running breadth-first search Model-Checking with fp 112 and seed 3923576932546926539 with 2 workers on 12 cores with 1820MB heap and 64MB offheap memory [pid: 2099280] (Linux 6.17.0-1020-oracle aarch64, Eclipse Adoptium 21.0.11 x86_64, MSBDiskFPSet, DiskStateQueue).
Parsing file /tmp/chio-response-model-aj5sri_f/ResponseLifecycleActivateUnacknowledgedBroken.tla
Parsing file /tmp/chio-response-model-aj5sri_f/ResponseLifecycle.tla
Parsing file /tmp/Naturals.tla
Parsing file /tmp/FiniteSets.tla
Parsing file /tmp/Sequences.tla
Semantic processing of module Naturals
Semantic processing of module Sequences
Semantic processing of module FiniteSets
Semantic processing of module ResponseLifecycle
Semantic processing of module ResponseLifecycleActivateUnacknowledgedBroken
Starting... (2026-09-29 11:24:13)
Computing initial states...
Computed 2 initial states...
Finished computing initial states: 4 distinct states generated at 2026-09-29 11:24:13.
Error: Invariant ReceiptStateTruthful is violated.
Error: The behavior up to this point is:
State 1: <Initial predicate>
/\ dispatch = <<"none", "none">>
/\ state = <<"planned", "planned">>
/\ overlay = <<{}, {}>>
/\ owner = <<0, 0>>
/\ mode = <<"live", "live">>
/\ restricted = <<FALSE, FALSE>>
/\ journal = <<<<"none", "none">>, <<"none", "none">>>>
/\ effect = <<<<"planned", "planned">>, <<"planned", "none">>>>
/\ clock = 0

State 2: <Dispatch line 179, col 5 to line 187, col 70 of module ResponseLifecycle>
/\ dispatch = <<"none", "committed">>
/\ state = <<"planned", "applying">>
/\ overlay = <<{}, {}>>
/\ owner = <<0, 1>>
/\ mode = <<"live", "live">>
/\ restricted = <<FALSE, FALSE>>
/\ journal = <<<<"none", "none">>, <<"none", "none">>>>
/\ effect = <<<<"planned", "planned">>, <<"planned", "none">>>>
/\ clock = 0

State 3: <RequestEffect line 190, col 5 to line 196, col 86 of module ResponseLifecycle>
/\ dispatch = <<"none", "committed">>
/\ state = <<"planned", "applying">>
/\ overlay = <<{}, {}>>
/\ owner = <<0, 1>>
/\ mode = <<"live", "live">>
/\ restricted = <<FALSE, FALSE>>
/\ journal = <<<<"none", "none">>, <<"none", "none">>>>
/\ effect = <<<<"planned", "planned">>, <<"requested", "none">>>>
/\ clock = 0

State 4: <Activate line 227, col 5 to line 233, col 87 of module ResponseLifecycle>
/\ dispatch = <<"none", "committed">>
/\ state = <<"planned", "active">>
/\ overlay = <<{}, {}>>
/\ owner = <<0, 1>>
/\ mode = <<"live", "live">>
/\ restricted = <<FALSE, FALSE>>
/\ journal = <<<<"none", "none">>, <<"none", "none">>>>
/\ effect = <<<<"planned", "planned">>, <<"requested", "none">>>>
/\ clock = 0

339 states generated, 178 distinct states found, 123 states left on queue.
The depth of the complete state graph search is 4.
The average outdegree of the complete state graph is 3 (minimum is 0, the maximum 7 and the 95th percentile is 6).
Finished in 01s at (2026-09-29 11:24:14)
