TLC2 Version 2.19 of 08 August 2024
Running breadth-first search Model-Checking with fp 111 and seed -4162244268805506413 with 2 workers on 12 cores with 1820MB heap and 64MB offheap memory [pid: 2091636] (Linux 6.17.0-1020-oracle aarch64, Eclipse Adoptium 21.0.11 x86_64, MSBDiskFPSet, DiskStateQueue).
Parsing file /tmp/chio-response-model-tafd6d49/ResponseLifecycleLiftUnrestoredBroken.tla
Parsing file /tmp/chio-response-model-tafd6d49/ResponseLifecycle.tla
Parsing file /tmp/Naturals.tla
Parsing file /tmp/FiniteSets.tla
Parsing file /tmp/Sequences.tla
Semantic processing of module Naturals
Semantic processing of module Sequences
Semantic processing of module FiniteSets
Semantic processing of module ResponseLifecycle
Semantic processing of module ResponseLifecycleLiftUnrestoredBroken
Starting... (2026-09-29 11:14:53)
Computing initial states...
Computed 2 initial states...
Finished computing initial states: 4 distinct states generated at 2026-09-29 11:14:54.
Error: Invariant NoFalseCleanLift is violated.
Error: The behavior up to this point is:
State 1: <Initial predicate>
/\ dispatch = <<"none", "none">>
/\ state = <<"planned", "planned">>
/\ overlay = <<{}, {}>>
/\ owner = <<0, 0>>
/\ mode = <<"live", "live">>
/\ restricted = <<FALSE, FALSE>>
/\ journal = <<<<"none", "none">>, <<"none", "none">>>>
/\ effect = <<<<"planned", "planned">>, <<"planned", "none">>>>
/\ clock = 0

State 2: <Dispatch line 179, col 5 to line 187, col 70 of module ResponseLifecycle>
/\ dispatch = <<"none", "committed">>
/\ state = <<"planned", "applying">>
/\ overlay = <<{}, {}>>
/\ owner = <<0, 1>>
/\ mode = <<"live", "live">>
/\ restricted = <<FALSE, FALSE>>
/\ journal = <<<<"none", "none">>, <<"none", "none">>>>
/\ effect = <<<<"planned", "planned">>, <<"planned", "none">>>>
/\ clock = 0

State 3: <RequestEffect line 190, col 5 to line 196, col 86 of module ResponseLifecycle>
/\ dispatch = <<"none", "committed">>
/\ state = <<"planned", "applying">>
/\ overlay = <<{}, {}>>
/\ owner = <<0, 1>>
/\ mode = <<"live", "live">>
/\ restricted = <<FALSE, FALSE>>
/\ journal = <<<<"none", "none">>, <<"none", "none">>>>
/\ effect = <<<<"planned", "planned">>, <<"requested", "none">>>>
/\ clock = 0

State 4: <ExecuteEffect line 201, col 5 to line 208, col 64 of module ResponseLifecycle>
/\ dispatch = <<"none", "committed">>
/\ state = <<"planned", "applying">>
/\ overlay = <<{2}, {}>>
/\ owner = <<0, 1>>
/\ mode = <<"live", "live">>
/\ restricted = <<TRUE, FALSE>>
/\ journal = <<<<"none", "none">>, <<"applied", "none">>>>
/\ effect = <<<<"planned", "planned">>, <<"requested", "none">>>>
/\ clock = 0

State 5: <AcknowledgeEffect line 211, col 5 to line 224, col 86 of module ResponseLifecycle>
/\ dispatch = <<"none", "committed">>
/\ state = <<"planned", "applying">>
/\ overlay = <<{2}, {}>>
/\ owner = <<0, 1>>
/\ mode = <<"live", "live">>
/\ restricted = <<TRUE, FALSE>>
/\ journal = <<<<"none", "none">>, <<"applied", "none">>>>
/\ effect = <<<<"planned", "planned">>, <<"applied", "none">>>>
/\ clock = 0

State 6: <Activate line 227, col 5 to line 233, col 87 of module ResponseLifecycle>
/\ dispatch = <<"none", "committed">>
/\ state = <<"planned", "active">>
/\ overlay = <<{2}, {}>>
/\ owner = <<0, 1>>
/\ mode = <<"live", "live">>
/\ restricted = <<TRUE, FALSE>>
/\ journal = <<<<"none", "none">>, <<"applied", "none">>>>
/\ effect = <<<<"planned", "planned">>, <<"applied", "none">>>>
/\ clock = 0

State 7: <BeginRollback line 279, col 5 to line 281, col 87 of module ResponseLifecycle>
/\ dispatch = <<"none", "committed">>
/\ state = <<"planned", "rolling_back">>
/\ overlay = <<{2}, {}>>
/\ owner = <<0, 1>>
/\ mode = <<"live", "live">>
/\ restricted = <<TRUE, FALSE>>
/\ journal = <<<<"none", "none">>, <<"applied", "none">>>>
/\ effect = <<<<"planned", "planned">>, <<"applied", "none">>>>
/\ clock = 0

State 8: <Lift line 316, col 5 to line 321, col 87 of module ResponseLifecycle>
/\ dispatch = <<"none", "committed">>
/\ state = <<"planned", "lifted">>
/\ overlay = <<{2}, {}>>
/\ owner = <<0, 1>>
/\ mode = <<"live", "live">>
/\ restricted = <<TRUE, FALSE>>
/\ journal = <<<<"none", "none">>, <<"applied", "none">>>>
/\ effect = <<<<"planned", "planned">>, <<"applied", "none">>>>
/\ clock = 0

8371 states generated, 2400 distinct states found, 989 states left on queue.
The depth of the complete state graph search is 8.
The average outdegree of the complete state graph is 2 (minimum is 0, the maximum 7 and the 95th percentile is 4).
Finished in 01s at (2026-09-29 11:14:54)
