error[E0425]: cannot find type `ChioError` in crate `chio_core`
  --> crates/protocol/chio-acp-proxy/src/clock.rs:48:34
   |
48 |     Canonical(#[from] chio_core::ChioError),
   |                                  ^^^^^^^^^ not found in `chio_core`


For more information about this error, try `rustc --explain E0425`.

Cargo build-finished: False

Cargo stderr:
warning: patch `cmpv2 v0.2.0 (/tmp/arc-security-launch/third_party/cmpv2-chio)` was not used in the crate graph
warning: patch `crmf v0.2.0 (/tmp/arc-security-launch/third_party/crmf-chio)` was not used in the crate graph
warning: patch `ignore v0.4.32 (/tmp/arc-security-launch/third_party/ignore-chio)` was not used in the crate graph
warning: patch `nono v0.53.0 (/tmp/arc-security-launch/third_party/nono-upstream-chio)` was not used in the crate graph
warning: patch `regress v0.11.1 (/tmp/arc-security-launch/third_party/regress-chio)` was not used in the crate graph
warning: patch `sigstore-crypto v0.6.6 (/tmp/arc-security-launch/third_party/sigstore-crypto-chio)` was not used in the crate graph
warning: patch `sigstore-merkle v0.6.6 (/tmp/arc-security-launch/third_party/sigstore-merkle-chio)` was not used in the crate graph
warning: patch `sigstore-trust-root v0.6.3 (/tmp/arc-security-launch/third_party/sigstore-trust-root-chio)` was not used in the crate graph
warning: patch `sigstore-verify v0.6.3 (/tmp/arc-security-launch/third_party/sigstore-verify-chio)` was not used in the crate graph
help: Check that the patched package version and available features are compatible
      with the dependency requirements. If the patch has a different version from
      what is locked in the Cargo.lock file, run `cargo update` to use the new
      version. This may also occur with an optional dependency that is not enabled.
    Checking chio-kernel v0.1.0 (/tmp/arc-security-launch/crates/kernel/chio-kernel)
    Checking chio-cross-protocol v0.1.0 (/tmp/arc-security-launch/crates/protocol/chio-cross-protocol)
    Checking chio-acp-proxy v0.1.0 (/tmp/arc-security-launch/crates/protocol/chio-acp-proxy)
error: could not compile `chio-acp-proxy` (lib test) due to 1 previous error
