{
  "administration": "one operator, local in-process tools",
  "balances": [
    0,
    950,
    0,
    30,
    20,
    0
  ],
  "native_dispatches_for_selected_work": 1,
  "output": {
    "count": 3
  },
  "payment": "fixture balances; no real funds moved",
  "receipt": {
    "action": {
      "parameter_hash": "700ae3d5d031b94beca0d6df37391c4490c2012623265a3a4e411a12b67b1f71",
      "parameters": {
        "allocation": {
          "body": {
            "allocation_hash": "23a732fd74467d2413acaadda3f88dbcef009cc3555766f68de19c4d6875dfab",
            "issued_at": 1791166919,
            "root_id": "root",
            "selection": {
              "body": {
                "capability_hash": "2944e35d49b8036eda237c1ff1f4f681650310baac5e8743f3a507551332411e",
                "expected_revision": 1,
                "offer": {
                  "body": {
                    "allocation_hash": "23a732fd74467d2413acaadda3f88dbcef009cc3555766f68de19c4d6875dfab",
                    "arguments_hash": "08d0646d213c5589e2d7d7571070d41098af09529d07ba260142247060718d8f",
                    "contract_hash": "ae6dc5ce6d67024168e4bd55b54920c468b2fed2375d129611213f99098882fd",
                    "effect": {
                      "server": "research",
                      "tool": "analyze"
                    },
                    "expires_at": 1791170515,
                    "price_units": 20,
                    "receiver": "ca93ac1705187071d67b83c7ff0efe8108e8ec4530575d7726879333dbdabe7c",
                    "slot_id": "specialist"
                  },
                  "signature": "a1ceca9c551a1d25202b9585ccafa6b3ddf15865d89240ff64f075a1b406c400b4a981051c2e2d9b32985a5ebe7cf6fa6697906964706eb6413b4550bc7d1b06",
                  "signer": "ca93ac1705187071d67b83c7ff0efe8108e8ec4530575d7726879333dbdabe7c"
                },
                "request_id": "selected-b"
              },
              "signature": "b529061c1dfa6a309ea8a381875ad21e712cb00c36e721b0477a468822183905a14192eb9415e251e3a6aa1fe7c346c09c88dc35f86cbd1087969d5b64171d09",
              "signer": "8139770ea87d175f56a35466c34c7ecccb8d8a91b4ee37a25df60f5b8fc9b394"
            },
            "slot": {
              "contract": {
                "acceptance": {
                  "clauses": [
                    {
                      "kind": "integer_range",
                      "max": 10,
                      "min": 1,
                      "pointer": "/count"
                    }
                  ]
                },
                "currency": "USD",
                "depth": 1,
                "effects": [
                  {
                    "server": "research",
                    "tool": "analyze"
                  }
                ],
                "expires_at": 1791170515,
                "max_units": 30,
                "readers": [
                  "6e7a1cdd29b0b78fd13af4c5598feff4ef2a97166e3ca6f2e4fbfccd80505bf1",
                  "8139770ea87d175f56a35466c34c7ecccb8d8a91b4ee37a25df60f5b8fc9b394",
                  "8a88e3dd7409f195fd52db2d3cba5d72ca6709bf1d94121bf3748801b40f6f5c",
                  "ca93ac1705187071d67b83c7ff0efe8108e8ec4530575d7726879333dbdabe7c",
                  "ed4928c628d1c2c6eae90338905995612959273a5c63f93636c14614ac8737d1"
                ]
              },
              "holder": "8139770ea87d175f56a35466c34c7ecccb8d8a91b4ee37a25df60f5b8fc9b394",
              "id": "specialist"
            }
          },
          "signature": "ed33f899f9655a9a59a98ce59f9745dface845782609f3a2c9a7a722304c4d2db727907af5fc452ac98958a599ebbc30534b2ce7157be3030418c0dfe5c83005",
          "signer": "8a88e3dd7409f195fd52db2d3cba5d72ca6709bf1d94121bf3748801b40f6f5c"
        },
        "payload": [
          "a",
          "b",
          "c"
        ],
        "slot_id": "specialist"
      }
    },
    "boundary_class": "prevent",
    "capability_id": "cap-01a109de-3158-7ee0-9dd5-21596e50d2c5",
    "content_hash": "0c07187ea6d064441225b3cba26a7b1e8bc702fcf332b457dae8e26892ba68a6",
    "decision": {
      "verdict": "allow"
    },
    "id": "dc7f3468f1b11cb7c8072e61618935c737fb4c86728090c016a28af77ead5d88",
    "kernel_key": "ca93ac1705187071d67b83c7ff0efe8108e8ec4530575d7726879333dbdabe7c",
    "metadata": {
      "admission_operation": {
        "compensation_status": "not_compensated",
        "coordinator_lease_epoch": 1,
        "coordinator_lease_id": "01a109de-31c4-7f60-9bf8-bb997f7b8617",
        "operation_id": "bac653a4f698d9e535a8ffa6d2c2204fa2d22c3d2375396525e5894049955c4c",
        "projected_dispatch_state": "terminal",
        "projected_operation_version": 8,
        "projected_state": "completed",
        "request_binding_hash": "b41209078ef1e892d7f80ab5458c8f330c05922c6d197fe6523a271e927c7362",
        "request_id": "selected-b",
        "request_namespace_digest": "743379efb5cea8b3629e9964379aa15cc8eef0e0b38e9c4b29dde369889c7f8e",
        "retained_dispatch_commit": {
          "committed_version": 6,
          "coordinator_lease_epoch": 1,
          "coordinator_lease_id": "01a109de-31c4-7f60-9bf8-bb997f7b8617",
          "provider_attempt": {
            "attempt_id": "attempt:bac653a4f698d9e535a8ffa6d2c2204fa2d22c3d2375396525e5894049955c4c",
            "operation_id": "bac653a4f698d9e535a8ffa6d2c2204fa2d22c3d2375396525e5894049955c4c",
            "transport_id": "kernel-tool-server:research",
            "transport_key_epoch": 1
          },
          "store_fence": {
            "lease_id": "01a109de-31c4-7f60-9bf8-bb997f7b8617",
            "owner_epoch": 1,
            "store_uuid": "01a109de-2d8d-78e2-a115-4efd6ce77332"
          }
        },
        "schema": "chio.admission-receipt.v1",
        "store_fence": {
          "lease_id": "01a109de-31c4-7f60-9bf8-bb997f7b8617",
          "owner_epoch": 1,
          "store_uuid": "01a109de-2d8d-78e2-a115-4efd6ce77332"
        },
        "tool_outcome_id": "14f7c33f6d8c2af0d59ae9b179523cbfff746923ccfd75a61c616d9a056d7e79",
        "tool_outcome_version": 2,
        "trusted_time_unix_ms": 1791166919951
      },
      "attribution": {
        "delegation_depth": 0,
        "grant_index": 0,
        "issuer_key": "ca93ac1705187071d67b83c7ff0efe8108e8ec4530575d7726879333dbdabe7c",
        "subject_key": "8139770ea87d175f56a35466c34c7ecccb8d8a91b4ee37a25df60f5b8fc9b394"
      },
      "chio_receipt_signing_nonce": "rcpt-01a109de-3514-7ac0-a7a8-240857087b09",
      "financial": {
        "budget_remaining": 0,
        "budget_total": 20,
        "cost_breakdown": {
          "payment": {
            "authorization_id": "bac653a4f698d9e535a8ffa6d2c2204fa2d22c3d2375396525e5894049955c4c",
            "contractual_resolution": null,
            "preauthorized_units": 20,
            "rail": "dynamic-work-local-test-rail",
            "rail_mode": "reversible_hold",
            "recorded_units": 20,
            "transaction_id": "bac653a4f698d9e535a8ffa6d2c2204fa2d22c3d2375396525e5894049955c4c"
          }
        },
        "cost_charged": 20,
        "currency": "USD",
        "delegation_depth": 0,
        "grant_index": 0,
        "payment_reference": "bac653a4f698d9e535a8ffa6d2c2204fa2d22c3d2375396525e5894049955c4c",
        "root_budget_holder": "ca93ac1705187071d67b83c7ff0efe8108e8ec4530575d7726879333dbdabe7c",
        "settlement_status": "settled"
      },
      "receipt_context": {
        "request_id": "selected-b"
      }
    },
    "policy_hash": "3f19fa3b4cb4a25868d2047434e5e26b185820976cfa4e28244b8dbe149e52b1",
    "receipt_kind": "mediated_decision",
    "redaction_mode": "none",
    "signature": "cba16e16026ba6800758e7e589704335c6cfaeec3bd30c590753db584513abcb64c23775ce0b66dd44b41044a2a2a8405ea0484f05be9074c5d4cf2fc370bf07",
    "timestamp": 1791166919,
    "tool_name": "analyze",
    "tool_origin": "caller_executed",
    "tool_server": "research",
    "trust_level": "mediated"
  },
  "replacement_after_dispatch_rejected": true,
  "replay_dispatches": 0,
  "selected_receiver": "ca93ac1705187071d67b83c7ff0efe8108e8ec4530575d7726879333dbdabe7c",
  "sibling_completed": true,
  "sibling_receipt": {
    "action": {
      "parameter_hash": "2f24af7c6334ae75e04c4c043fc290ddb8dab4799f0d6ed49e44127e5931cee7",
      "parameters": {
        "allocation": {
          "body": {
            "allocation_hash": "0427aebd38155556109a1bc5403ccf44ec1e0ebd0de0a7a269063ca14d458aeb",
            "issued_at": 1791166920,
            "root_id": "root",
            "selection": {
              "body": {
                "capability_hash": "25901b752b048a5eaa4310258485f2c1a0c771280787410346b52ac5e44224fc",
                "expected_revision": 0,
                "offer": {
                  "body": {
                    "allocation_hash": "0427aebd38155556109a1bc5403ccf44ec1e0ebd0de0a7a269063ca14d458aeb",
                    "arguments_hash": "2d9e4d8e8241256496472fa0c6c596a5ff9b091583e53ca05de49068d0913503",
                    "contract_hash": "5ba3aaa6bea497577be880b826c7e3bc887e3e52e1477b3d14a0ad53025c53fb",
                    "effect": {
                      "server": "research",
                      "tool": "analyze"
                    },
                    "expires_at": 1791170515,
                    "price_units": 30,
                    "receiver": "ed4928c628d1c2c6eae90338905995612959273a5c63f93636c14614ac8737d1",
                    "slot_id": "independent"
                  },
                  "signature": "77c540dc8ccc582d06cc1ad40d3f6ec416b64ed878068ed2a79e867f5e0af07b56bc3b91c0d9950dd1b5ebdb35625c7f1c79524ffbcdb3701e4e8b0d1901cc03",
                  "signer": "ed4928c628d1c2c6eae90338905995612959273a5c63f93636c14614ac8737d1"
                },
                "request_id": "sibling"
              },
              "signature": "44cc5723455b61474bd6bc9fcbef1aa21a5922cf8bee0b679474680cc30c6156852d75284aebd19b8d7448718b9581cf5ede04bc176b4222f6ba4712604c4a0a",
              "signer": "8a88e3dd7409f195fd52db2d3cba5d72ca6709bf1d94121bf3748801b40f6f5c"
            },
            "slot": {
              "contract": {
                "acceptance": {
                  "clauses": [
                    {
                      "kind": "integer_range",
                      "max": 10,
                      "min": 1,
                      "pointer": "/count"
                    }
                  ]
                },
                "currency": "USD",
                "depth": 2,
                "effects": [
                  {
                    "server": "research",
                    "tool": "analyze"
                  }
                ],
                "expires_at": 1791170515,
                "max_units": 40,
                "readers": [
                  "6e7a1cdd29b0b78fd13af4c5598feff4ef2a97166e3ca6f2e4fbfccd80505bf1",
                  "8139770ea87d175f56a35466c34c7ecccb8d8a91b4ee37a25df60f5b8fc9b394",
                  "8a88e3dd7409f195fd52db2d3cba5d72ca6709bf1d94121bf3748801b40f6f5c",
                  "ca93ac1705187071d67b83c7ff0efe8108e8ec4530575d7726879333dbdabe7c",
                  "ed4928c628d1c2c6eae90338905995612959273a5c63f93636c14614ac8737d1"
                ]
              },
              "holder": "8a88e3dd7409f195fd52db2d3cba5d72ca6709bf1d94121bf3748801b40f6f5c",
              "id": "independent"
            }
          },
          "signature": "1c43016f0c4d708e3ece9a7a44c837ea09c5969f2b6040b2b1a18a68ac707cc84ae245471ba66425a694fd684543625af8599b14318a7eb303de4266493cd90a",
          "signer": "8a88e3dd7409f195fd52db2d3cba5d72ca6709bf1d94121bf3748801b40f6f5c"
        },
        "payload": [
          "a",
          "b",
          "c"
        ],
        "slot_id": "independent"
      }
    },
    "boundary_class": "prevent",
    "capability_id": "cap-01a109de-3540-7340-88da-48b9bb347232",
    "content_hash": "0c07187ea6d064441225b3cba26a7b1e8bc702fcf332b457dae8e26892ba68a6",
    "decision": {
      "verdict": "allow"
    },
    "id": "b96b252fc7b7d5a8ebb9b8c571e5a0b0080193a0d9673ea9e8e5dbd28e00e26e",
    "kernel_key": "ed4928c628d1c2c6eae90338905995612959273a5c63f93636c14614ac8737d1",
    "metadata": {
      "admission_operation": {
        "compensation_status": "not_compensated",
        "coordinator_lease_epoch": 1,
        "coordinator_lease_id": "01a109de-2ad5-7df0-9344-d5f84815c176",
        "operation_id": "410dc030a161487e6d49127ab6cfd970dd89539163b6f56e59e768842fd15cd1",
        "projected_dispatch_state": "terminal",
        "projected_operation_version": 8,
        "projected_state": "completed",
        "request_binding_hash": "ee63f3ee395402c94a9021675cfbf17655064ba1d2ec77dee27b773049e0eedb",
        "request_id": "sibling",
        "request_namespace_digest": "859ab85edc3d12fb449fb7cafcbb9fa2c4a7bba4d471bf340e85440c4d617c95",
        "retained_dispatch_commit": {
          "committed_version": 6,
          "coordinator_lease_epoch": 1,
          "coordinator_lease_id": "01a109de-2ad5-7df0-9344-d5f84815c176",
          "provider_attempt": {
            "attempt_id": "attempt:410dc030a161487e6d49127ab6cfd970dd89539163b6f56e59e768842fd15cd1",
            "operation_id": "410dc030a161487e6d49127ab6cfd970dd89539163b6f56e59e768842fd15cd1",
            "transport_id": "kernel-tool-server:research",
            "transport_key_epoch": 1
          },
          "store_fence": {
            "lease_id": "01a109de-2ad5-7df0-9344-d5f84815c176",
            "owner_epoch": 1,
            "store_uuid": "01a109de-268a-7d42-b010-ca44fb782fff"
          }
        },
        "schema": "chio.admission-receipt.v1",
        "store_fence": {
          "lease_id": "01a109de-2ad5-7df0-9344-d5f84815c176",
          "owner_epoch": 1,
          "store_uuid": "01a109de-268a-7d42-b010-ca44fb782fff"
        },
        "tool_outcome_id": "f16a33e8b2d847a4812da6072794885ebd49541fe12460e68f433b897e930ca5",
        "tool_outcome_version": 2,
        "trusted_time_unix_ms": 1791166921210
      },
      "attribution": {
        "delegation_depth": 0,
        "grant_index": 0,
        "issuer_key": "ed4928c628d1c2c6eae90338905995612959273a5c63f93636c14614ac8737d1",
        "subject_key": "8a88e3dd7409f195fd52db2d3cba5d72ca6709bf1d94121bf3748801b40f6f5c"
      },
      "chio_receipt_signing_nonce": "rcpt-01a109de-3a00-71e1-a600-2ffad82d2c47",
      "financial": {
        "budget_remaining": 0,
        "budget_total": 30,
        "cost_breakdown": {
          "payment": {
            "authorization_id": "410dc030a161487e6d49127ab6cfd970dd89539163b6f56e59e768842fd15cd1",
            "contractual_resolution": null,
            "preauthorized_units": 30,
            "rail": "dynamic-work-local-test-rail",
            "rail_mode": "reversible_hold",
            "recorded_units": 30,
            "transaction_id": "410dc030a161487e6d49127ab6cfd970dd89539163b6f56e59e768842fd15cd1"
          }
        },
        "cost_charged": 30,
        "currency": "USD",
        "delegation_depth": 0,
        "grant_index": 0,
        "payment_reference": "410dc030a161487e6d49127ab6cfd970dd89539163b6f56e59e768842fd15cd1",
        "root_budget_holder": "ed4928c628d1c2c6eae90338905995612959273a5c63f93636c14614ac8737d1",
        "settlement_status": "settled"
      },
      "receipt_context": {
        "request_id": "sibling"
      }
    },
    "policy_hash": "3f19fa3b4cb4a25868d2047434e5e26b185820976cfa4e28244b8dbe149e52b1",
    "receipt_kind": "mediated_decision",
    "redaction_mode": "none",
    "signature": "4547c668203fe37a29d93aa953c18317bc44b2e9312a1482f4aa59bb965e280a7d8fc48109719c7a71c4687dedfe6585f6305329322449522a8d9e60158f080d",
    "timestamp": 1791166921,
    "tool_name": "analyze",
    "tool_origin": "caller_executed",
    "tool_server": "research",
    "trust_level": "mediated"
  }
}
