warning: patch `cmpv2 v0.2.0 (/tmp/chio-verifiable-work-paper/third_party/cmpv2-chio)` was not used in the crate graph
warning: patch `crmf v0.2.0 (/tmp/chio-verifiable-work-paper/third_party/crmf-chio)` was not used in the crate graph
warning: patch `ignore v0.4.32 (/tmp/chio-verifiable-work-paper/third_party/ignore-chio)` was not used in the crate graph
warning: patch `nono v0.53.0 (/tmp/chio-verifiable-work-paper/third_party/nono-upstream-chio)` was not used in the crate graph
warning: patch `regress v0.11.1 (/tmp/chio-verifiable-work-paper/third_party/regress-chio)` was not used in the crate graph
warning: patch `sigstore-crypto v0.6.6 (/tmp/chio-verifiable-work-paper/third_party/sigstore-crypto-chio)` was not used in the crate graph
warning: patch `sigstore-merkle v0.6.6 (/tmp/chio-verifiable-work-paper/third_party/sigstore-merkle-chio)` was not used in the crate graph
warning: patch `sigstore-trust-root v0.6.3 (/tmp/chio-verifiable-work-paper/third_party/sigstore-trust-root-chio)` was not used in the crate graph
warning: patch `sigstore-verify v0.6.3 (/tmp/chio-verifiable-work-paper/third_party/sigstore-verify-chio)` was not used in the crate graph
help: Check that the patched package version and available features are compatible
      with the dependency requirements. If the patch has a different version from
      what is locked in the Cargo.lock file, run `cargo update` to use the new
      version. This may also occur with an optional dependency that is not enabled.
    Checking sha2 v0.10.9
    Checking aws-lc-rs v1.18.1 (/tmp/chio-verifiable-work-paper/third_party/aws-lc-rs-chio)
    Checking chio-metrics-spec v0.1.0 (/tmp/chio-verifiable-work-paper/crates/observability/chio-metrics-spec)
    Checking sha2 v0.11.0
    Checking scrypt v0.11.0
    Checking chio-security-types v0.1.0 (/tmp/chio-verifiable-work-paper/crates/security/chio-security-types)
    Checking pkcs5 v0.7.1
    Checking pkcs8 v0.10.2
    Checking ed25519 v2.2.3
    Checking ed25519-dalek v2.2.0
    Checking rs_merkle v1.5.0
    Checking sec1 v0.7.3
    Checking frost-ed25519 v3.0.0
    Checking elliptic-curve v0.13.8
    Checking pkcs1 v0.7.5
    Checking rustls-webpki v0.103.15
    Checking oauth2 v5.0.0
    Checking primeorder v0.13.6
    Checking ecdsa v0.16.9
    Checking rustls v0.23.45
    Checking p256 v0.13.2
    Checking p384 v0.13.1
    Checking rsa v0.9.10
    Checking jsonwebtoken v10.4.0
    Checking openidconnect v4.0.1
    Checking scrypt v0.12.0
   Compiling chio-attest-verify v0.1.0 (/tmp/chio-verifiable-work-paper/crates/trust/chio-attest-verify)
    Checking chio-web3-bindings v0.1.0 (/tmp/chio-verifiable-work-paper/crates/economy/chio-web3-bindings)
    Checking tokio-rustls v0.26.4
    Checking hyper-rustls v0.27.7
    Checking rustls-platform-verifier v0.6.2
    Checking reqwest v0.13.2
    Checking tough v0.22.0
    Checking chio-data-guards-redactors-default v0.1.0 (/tmp/chio-verifiable-work-paper/crates/guards/chio-data-guards/redactors/default)
    Checking chio-log-redact v0.1.0 (/tmp/chio-verifiable-work-paper/crates/observability/chio-log-redact)
    Checking ureq v2.12.1
    Checking oci-client v0.17.0
    Checking chio-supervisor v0.1.0 (/tmp/chio-verifiable-work-paper/crates/core/chio-supervisor)
    Checking chio-bounded v0.1.0 (/tmp/chio-verifiable-work-paper/crates/core/chio-bounded)
    Checking bls12_381_plus v0.8.13
    Checking chio-workflow-preflight v0.1.0 (/tmp/chio-verifiable-work-paper/crates/platform/chio-workflow-preflight)
    Checking affinidi-bbs v0.1.0
    Checking sigstore v0.14.0
    Checking chio-sqlite-file-identity v0.1.0 (/tmp/chio-verifiable-work-paper/crates/platform/chio-sqlite-file-identity)
    Checking chio-core-types v0.1.0 (/tmp/chio-verifiable-work-paper/crates/core/chio-core-types)
    Checking chio-test-support v0.1.0 (/tmp/chio-verifiable-work-paper/crates/tooling/chio-test-support)
    Checking chio-listing v0.1.0 (/tmp/chio-verifiable-work-paper/crates/economy/chio-listing)
    Checking chio-revocation-oracle v0.1.0 (/tmp/chio-verifiable-work-paper/crates/trust/chio-revocation-oracle)
    Checking chio-pheromone v0.1.0 (/tmp/chio-verifiable-work-paper/crates/trust/chio-pheromone)
    Checking chio-did v0.1.0 (/tmp/chio-verifiable-work-paper/crates/trust/chio-did)
    Checking chio-fincred v0.1.0 (/tmp/chio-verifiable-work-paper/crates/economy/chio-fincred)
    Checking chio-finding v0.1.0 (/tmp/chio-verifiable-work-paper/crates/economy/chio-finding)
    Checking chio-cage-plan v0.1.0 (/tmp/chio-verifiable-work-paper/crates/security/chio-cage-plan)
    Checking chio-egress-contract v0.1.0 (/tmp/chio-verifiable-work-paper/crates/protocol/chio-egress-contract)
    Checking chio-lineage v0.1.0 (/tmp/chio-verifiable-work-paper/crates/observability/chio-lineage)
    Checking chio-custody-hw v0.1.0 (/tmp/chio-verifiable-work-paper/crates/trust/chio-custody-hw)
    Checking chio-fiscal v0.1.0 (/tmp/chio-verifiable-work-paper/crates/economy/chio-fiscal)
    Checking chio-governance v0.1.0 (/tmp/chio-verifiable-work-paper/crates/trust/chio-governance)
    Checking chio-weights v0.1.0 (/tmp/chio-verifiable-work-paper/crates/trust/chio-weights)
    Checking chio-response-model v0.1.0 (/tmp/chio-verifiable-work-paper/crates/core/chio-response-model)
    Checking chio-kernel-core v0.1.0 (/tmp/chio-verifiable-work-paper/crates/kernel/chio-kernel-core)
    Checking chio-swarm-authority v0.1.0 (/tmp/chio-verifiable-work-paper/crates/kernel/chio-swarm-authority)
    Checking chio-disclosure-lineage v0.1.0 (/tmp/chio-verifiable-work-paper/crates/trust/chio-disclosure-lineage)
    Checking chio-open-market v0.1.0 (/tmp/chio-verifiable-work-paper/crates/economy/chio-open-market)
    Checking chio-appraisal v0.1.0 (/tmp/chio-verifiable-work-paper/crates/economy/chio-appraisal)
    Checking chio-underwriting v0.1.0 (/tmp/chio-verifiable-work-paper/crates/economy/chio-underwriting)
    Checking chio-federation v0.1.0 (/tmp/chio-verifiable-work-paper/crates/trust/chio-federation)
    Checking chio-credit v0.1.0 (/tmp/chio-verifiable-work-paper/crates/economy/chio-credit)
    Checking chio-web3 v0.1.0 (/tmp/chio-verifiable-work-paper/crates/economy/chio-web3)
    Checking chio-market v0.1.0 (/tmp/chio-verifiable-work-paper/crates/economy/chio-market)
    Checking chio-autonomy v0.1.0 (/tmp/chio-verifiable-work-paper/crates/economy/chio-autonomy)
    Checking chio-core v0.1.0 (/tmp/chio-verifiable-work-paper/crates/core/chio-core)
    Checking chio-manifest v0.1.0 (/tmp/chio-verifiable-work-paper/crates/platform/chio-manifest)
    Checking chio-link v0.1.0 (/tmp/chio-verifiable-work-paper/crates/economy/chio-link)
    Checking chio-settle v0.1.0 (/tmp/chio-verifiable-work-paper/crates/economy/chio-settle)
    Checking chio-workflow v0.1.0 (/tmp/chio-verifiable-work-paper/crates/platform/chio-workflow)
    Checking chio-selective-disclosure v0.1.0 (/tmp/chio-verifiable-work-paper/crates/trust/chio-selective-disclosure)
    Checking chio-tool-call-fabric v0.1.0 (/tmp/chio-verifiable-work-paper/crates/protocol/chio-tool-call-fabric)
    Checking chio-attest-buyer-core v0.1.0 (/tmp/chio-verifiable-work-paper/crates/trust/chio-attest-buyer-core)
    Checking chio-federation-authority v0.1.0 (/tmp/chio-verifiable-work-paper/crates/trust/chio-federation-authority)
    Checking chio-kernel v0.1.0 (/tmp/chio-verifiable-work-paper/crates/kernel/chio-kernel)
    Checking chio-finding-verifier v0.1.0 (/tmp/chio-verifiable-work-paper/crates/trust/chio-finding-verifier)
    Checking chio-process v0.1.0 (/tmp/chio-verifiable-work-paper/crates/kernel/chio-process)
    Checking chio-transaction-passport v0.1.0 (/tmp/chio-verifiable-work-paper/crates/platform/chio-transaction-passport)
    Checking chio-risk-comptroller v0.1.0 (/tmp/chio-verifiable-work-paper/crates/platform/chio-risk-comptroller)
    Checking chio-commerce-order v0.1.0 (/tmp/chio-verifiable-work-paper/crates/platform/chio-commerce-order)
    Checking chio-agent-web-interop v0.1.0 (/tmp/chio-verifiable-work-paper/crates/platform/chio-agent-web-interop)
    Checking chio-store-sqlite v0.1.0 (/tmp/chio-verifiable-work-paper/crates/platform/chio-store-sqlite)
    Finished `dev` profile [unoptimized] target(s) in 2m 44s
