warning: patch `cmpv2 v0.2.0 (/tmp/chio-verifiable-work-paper/third_party/cmpv2-chio)` was not used in the crate graph
warning: patch `crmf v0.2.0 (/tmp/chio-verifiable-work-paper/third_party/crmf-chio)` was not used in the crate graph
warning: patch `ignore v0.4.32 (/tmp/chio-verifiable-work-paper/third_party/ignore-chio)` was not used in the crate graph
warning: patch `nono v0.53.0 (/tmp/chio-verifiable-work-paper/third_party/nono-upstream-chio)` was not used in the crate graph
warning: patch `regress v0.11.1 (/tmp/chio-verifiable-work-paper/third_party/regress-chio)` was not used in the crate graph
warning: patch `sigstore-crypto v0.6.6 (/tmp/chio-verifiable-work-paper/third_party/sigstore-crypto-chio)` was not used in the crate graph
warning: patch `sigstore-merkle v0.6.6 (/tmp/chio-verifiable-work-paper/third_party/sigstore-merkle-chio)` was not used in the crate graph
warning: patch `sigstore-trust-root v0.6.3 (/tmp/chio-verifiable-work-paper/third_party/sigstore-trust-root-chio)` was not used in the crate graph
warning: patch `sigstore-verify v0.6.3 (/tmp/chio-verifiable-work-paper/third_party/sigstore-verify-chio)` was not used in the crate graph
help: Check that the patched package version and available features are compatible
      with the dependency requirements. If the patch has a different version from
      what is locked in the Cargo.lock file, run `cargo update` to use the new
      version. This may also occur with an optional dependency that is not enabled.
   Compiling chio-workflow v0.1.0 (/tmp/chio-verifiable-work-paper/crates/platform/chio-workflow)
    Finished `test` profile [unoptimized] target(s) in 5.41s
     Running unittests src/lib.rs (/tmp/chio-paper-target/debug/deps/chio_workflow-cf67a5c74c9da490)

running 37 tests
test authority::tests::budget_exactly_at_limit_passes ... ok
test authority::tests::budget_exceeded_during_execution ... ok
test authority::tests::execution_ids_do_not_collide_within_a_single_second ... ok
test authority::tests::rapid_begin_calls_produce_distinct_ids_for_same_agent ... ok
test authority::tests::record_step_on_inactive_workflow_errors ... ok
test authority::tests::mismatched_budget_currency_fails_without_spending_units ... ok
test authority::tests::record_step_rejects_elapsed_time_limit ... ok
test authority::tests::step_budget_limit_is_enforced_when_recording_step_cost ... ok
test authority::tests::execution_limit_denies_reuse_after_finalize ... ok
test authority::tests::execution_limit_reserved_at_begin ... ok
test authority::tests::execution_limit_tracks_completed_and_in_flight_executions ... ok
test authority::tests::failed_step_finalized_late_preserves_step_failed_outcome ... ok
test authority::tests::denied_step_deactivates_workflow ... ok
test grant::tests::skill_grant_roundtrip ... ok
test authority::tests::single_step_workflow ... ok
test grant::tests::authorizes_step ... ok
test grant::tests::relaxed_ordering ... ok
test authority::tests::unauthorized_skill_rejected ... ok
test authority::tests::step_order_enforcement ... ok
test grant::tests::strict_ordering ... ok
test manifest::tests::first_step_inputs_are_not_validated ... ok
test authority::tests::step_failure_deactivates_workflow ... ok
test authority::tests::unlimited_finalize_does_not_release_limited_reservation ... ok
test authority::tests::missing_step_authorization_rejected ... ok
test authority::tests::successful_workflow_execution ... ok
test manifest::tests::manifest_roundtrip ... ok
test receipt::tests::unsupported_receipt_schema_fails_verification ... ok
test manifest::tests::tool_dependencies ... ok
test manifest::tests::invalid_io_contracts ... ok
test manifest::tests::valid_io_contracts ... ok
test receipt::tests::v1_receipt_serialization_omits_v2_fields_when_absent ... ok
test receipt::tests::partial_failure_stats ... ok
test receipt::tests::sign_and_verify_workflow_receipt ... ok
test receipt::tests::v2_step_linkage_fields_are_signed_by_kernel ... ok
test receipt::tests::tampered_receipt_fails ... ok
test receipt::tests::workflow_outcome_serialization ... ok
test receipt::tests::vendor_cosignatures_verify_required_signers ... ok

test result: ok. 37 passed; 0 failed; 0 ignored; 0 measured; 0 filtered out; finished in 0.02s

     Running tests/delegation.rs (/tmp/chio-paper-target/debug/deps/delegation-f9bf153f43632ef0)

running 11 tests
test predicates_validate_and_check_the_actual_json_result ... ok
test subdivision_preserves_effect_readers_expiry_and_depth ... ok
test mutation_requires_current_holder_and_untampered_signature ... ok
test dispatch_checks_subject_currency_ceiling_capability_and_arguments ... ok
test sibling_allocation_is_atomic_across_connections ... ok
test neither_containers_nor_unqualified_receivers_can_execute ... ok
test selection_and_dispatch_cannot_race_into_different_providers ... ok
test replay_cannot_change_a_child_or_move_it_to_another_parent ... ok
test nested_holders_allocate_without_copying_parent_capacity ... ok
test expiry_and_noncanonical_numeric_envelopes_reject ... ok
test provider_replacement_stops_at_dispatch_and_survives_reopen ... ok

test result: ok. 11 passed; 0 failed; 0 ignored; 0 measured; 0 filtered out; finished in 0.13s

     Running tests/preflight.rs (/tmp/chio-paper-target/debug/deps/preflight-f475c8d866ce4ce2)

running 1 test
test workflow_preflight_reexport_accepts_planning_fixture ... ok

test result: ok. 1 passed; 0 failed; 0 ignored; 0 measured; 0 filtered out; finished in 0.00s

   Doc-tests chio_workflow

running 1 test
test crates/platform/chio-workflow/src/lib.rs - (line 16) ... ignored

test result: ok. 0 passed; 0 failed; 1 ignored; 0 measured; 0 filtered out; finished in 0.00s

