warning: patch `cmpv2 v0.2.0 (/tmp/chio-verifiable-work-paper/third_party/cmpv2-chio)` was not used in the crate graph
warning: patch `crmf v0.2.0 (/tmp/chio-verifiable-work-paper/third_party/crmf-chio)` was not used in the crate graph
warning: patch `ignore v0.4.32 (/tmp/chio-verifiable-work-paper/third_party/ignore-chio)` was not used in the crate graph
warning: patch `nono v0.53.0 (/tmp/chio-verifiable-work-paper/third_party/nono-upstream-chio)` was not used in the crate graph
warning: patch `regress v0.11.1 (/tmp/chio-verifiable-work-paper/third_party/regress-chio)` was not used in the crate graph
warning: patch `sigstore-crypto v0.6.6 (/tmp/chio-verifiable-work-paper/third_party/sigstore-crypto-chio)` was not used in the crate graph
warning: patch `sigstore-merkle v0.6.6 (/tmp/chio-verifiable-work-paper/third_party/sigstore-merkle-chio)` was not used in the crate graph
warning: patch `sigstore-trust-root v0.6.3 (/tmp/chio-verifiable-work-paper/third_party/sigstore-trust-root-chio)` was not used in the crate graph
warning: patch `sigstore-verify v0.6.3 (/tmp/chio-verifiable-work-paper/third_party/sigstore-verify-chio)` was not used in the crate graph
help: Check that the patched package version and available features are compatible
      with the dependency requirements. If the patch has a different version from
      what is locked in the Cargo.lock file, run `cargo update` to use the new
      version. This may also occur with an optional dependency that is not enabled.
    Checking libc v0.2.189
    Checking typenum v1.20.0
    Checking tinystr v0.8.2
    Checking zerotrie v0.2.3
    Checking icu_locale_core v2.1.1
    Checking zeroize v1.9.0
    Checking icu_collections v2.1.1
    Checking smallvec v1.15.1
    Checking generic-array v0.14.7
    Checking icu_provider v2.1.1
    Checking memchr v2.8.0
    Checking icu_normalizer v2.1.1
    Checking cpufeatures v0.2.17
    Checking getrandom v0.2.17
    Checking rand_core v0.6.4
    Checking icu_properties v2.1.2
    Checking crypto-common v0.1.7
    Checking block-buffer v0.10.4
    Checking subtle v2.6.1
    Checking serde_json v1.0.149
    Checking digest v0.10.7
    Checking signature v2.2.0
    Checking percent-encoding v2.3.2
    Checking sha2 v0.10.9
    Checking curve25519-dalek v4.1.3
    Checking form_urlencoded v1.2.2
    Checking ed25519 v2.2.3
    Checking thiserror v2.0.18
    Checking cobs v0.3.0
    Checking either v1.15.0
    Checking ed25519-dalek v2.2.0
    Checking itertools v0.14.0
    Checking chio-security-types v0.1.0 (/tmp/chio-verifiable-work-paper/crates/security/chio-security-types)
    Checking idna_adapter v1.2.1
    Checking idna v1.1.0
    Checking postcard v1.1.3
    Checking url v2.5.8
    Checking rs_merkle v1.5.0
    Checking keccak v0.1.6
    Checking ruint v1.20.0
    Checking sha3 v0.10.8
    Checking frost-core v3.0.0
    Checking const-hex v1.18.1
    Checking bytes v1.11.1
    Checking hashbrown v0.16.1
    Checking alloy-primitives v1.5.7
    Checking libsqlite3-sys v0.37.0
    Checking frost-rerandomized v3.0.0
    Checking hashlink v0.11.0
    Checking frost-ed25519 v3.0.0
    Checking tracing-core v0.1.36
    Checking linux-raw-sys v0.12.1
    Checking rusqlite v0.39.0
    Checking tracing v0.1.44
    Checking rustix v1.1.4
    Checking getrandom v0.4.2
    Checking chio-workflow-preflight v0.1.0 (/tmp/chio-verifiable-work-paper/crates/platform/chio-workflow-preflight)
    Checking tempfile v3.27.0
    Checking chio-core-types v0.1.0 (/tmp/chio-verifiable-work-paper/crates/core/chio-core-types)
    Checking chio-listing v0.1.0 (/tmp/chio-verifiable-work-paper/crates/economy/chio-listing)
    Checking chio-revocation-oracle v0.1.0 (/tmp/chio-verifiable-work-paper/crates/trust/chio-revocation-oracle)
    Checking chio-pheromone v0.1.0 (/tmp/chio-verifiable-work-paper/crates/trust/chio-pheromone)
    Checking chio-fincred v0.1.0 (/tmp/chio-verifiable-work-paper/crates/economy/chio-fincred)
    Checking chio-finding v0.1.0 (/tmp/chio-verifiable-work-paper/crates/economy/chio-finding)
    Checking chio-did v0.1.0 (/tmp/chio-verifiable-work-paper/crates/trust/chio-did)
    Checking chio-fiscal v0.1.0 (/tmp/chio-verifiable-work-paper/crates/economy/chio-fiscal)
    Checking chio-governance v0.1.0 (/tmp/chio-verifiable-work-paper/crates/trust/chio-governance)
    Checking chio-open-market v0.1.0 (/tmp/chio-verifiable-work-paper/crates/economy/chio-open-market)
    Checking chio-appraisal v0.1.0 (/tmp/chio-verifiable-work-paper/crates/economy/chio-appraisal)
    Checking chio-underwriting v0.1.0 (/tmp/chio-verifiable-work-paper/crates/economy/chio-underwriting)
    Checking chio-federation v0.1.0 (/tmp/chio-verifiable-work-paper/crates/trust/chio-federation)
    Checking chio-credit v0.1.0 (/tmp/chio-verifiable-work-paper/crates/economy/chio-credit)
    Checking chio-web3 v0.1.0 (/tmp/chio-verifiable-work-paper/crates/economy/chio-web3)
    Checking chio-market v0.1.0 (/tmp/chio-verifiable-work-paper/crates/economy/chio-market)
    Checking chio-autonomy v0.1.0 (/tmp/chio-verifiable-work-paper/crates/economy/chio-autonomy)
    Checking chio-core v0.1.0 (/tmp/chio-verifiable-work-paper/crates/core/chio-core)
    Checking chio-workflow v0.1.0 (/tmp/chio-verifiable-work-paper/crates/platform/chio-workflow)
error: used `unwrap()` on a `Result` value
   --> crates/platform/chio-workflow/tests/delegation.rs:140:29
    |
140 |                 let store = DelegationStore::open(path).unwrap();
    |                             ^^^^^^^^^^^^^^^^^^^^^^^^^^^^^^^^^^^^
    |
    = note: if this value is an `Err`, it will panic
    = help: for further information visit https://rust-lang.github.io/rust-clippy/rust-1.94.0/index.html#unwrap_used
    = note: requested on the command line with `-D clippy::unwrap-used`

error: used `unwrap()` on a `Result` value
   --> crates/platform/chio-workflow/tests/delegation.rs:148:30
    |
148 |         .map(|w| usize::from(w.join().unwrap()))
    |                              ^^^^^^^^^^^^^^^^^
    |
    = note: if this value is an `Err`, it will panic
    = help: for further information visit https://rust-lang.github.io/rust-clippy/rust-1.94.0/index.html#unwrap_used

error: used `unwrap()` on a `Result` value
   --> crates/platform/chio-workflow/tests/delegation.rs:275:25
    |
275 |     assert_ne!(changed, dispatch.join().unwrap());
    |                         ^^^^^^^^^^^^^^^^^^^^^^^^
    |
    = note: if this value is an `Err`, it will panic
    = help: for further information visit https://rust-lang.github.io/rust-clippy/rust-1.94.0/index.html#unwrap_used

error: could not compile `chio-workflow` (test "delegation") due to 3 previous errors
