warning: patch `cmpv2 v0.2.0 (/tmp/chio-verifiable-work-paper/third_party/cmpv2-chio)` was not used in the crate graph
warning: patch `crmf v0.2.0 (/tmp/chio-verifiable-work-paper/third_party/crmf-chio)` was not used in the crate graph
warning: patch `ignore v0.4.32 (/tmp/chio-verifiable-work-paper/third_party/ignore-chio)` was not used in the crate graph
warning: patch `nono v0.53.0 (/tmp/chio-verifiable-work-paper/third_party/nono-upstream-chio)` was not used in the crate graph
warning: patch `regress v0.11.1 (/tmp/chio-verifiable-work-paper/third_party/regress-chio)` was not used in the crate graph
warning: patch `sigstore-crypto v0.6.6 (/tmp/chio-verifiable-work-paper/third_party/sigstore-crypto-chio)` was not used in the crate graph
warning: patch `sigstore-merkle v0.6.6 (/tmp/chio-verifiable-work-paper/third_party/sigstore-merkle-chio)` was not used in the crate graph
warning: patch `sigstore-trust-root v0.6.3 (/tmp/chio-verifiable-work-paper/third_party/sigstore-trust-root-chio)` was not used in the crate graph
warning: patch `sigstore-verify v0.6.3 (/tmp/chio-verifiable-work-paper/third_party/sigstore-verify-chio)` was not used in the crate graph
help: Check that the patched package version and available features are compatible
      with the dependency requirements. If the patch has a different version from
      what is locked in the Cargo.lock file, run `cargo update` to use the new
      version. This may also occur with an optional dependency that is not enabled.
   Compiling cc v1.2.57
   Compiling hashbrown v0.16.1
   Compiling getrandom v0.4.2
   Compiling rustix v1.1.4
   Compiling linux-raw-sys v0.12.1
   Compiling hashlink v0.11.0
   Compiling libsqlite3-sys v0.37.0
   Compiling tempfile v3.27.0
   Compiling rusqlite v0.39.0
   Compiling chio-workflow v0.1.0 (/tmp/chio-verifiable-work-paper/crates/platform/chio-workflow)
error[E0308]: `?` operator has incompatible types
  --> crates/platform/chio-workflow/src/delegation/store.rs:51:22
   |
51 |         Ok(required(&self.connection()?, id)?.slot)
   |                      ^^^^^^^^^^^^^^^^^^ expected `Connection`, found `MutexGuard<'_, Connection>`
   |
   = note: `?` operator cannot convert from `std::sync::MutexGuard<'_, Connection>` to `Connection`
   = note: expected struct `Connection`
              found struct `std::sync::MutexGuard<'_, Connection>`

error[E0277]: the trait bound `u64: FromSql` is not satisfied
   --> crates/platform/chio-workflow/src/delegation/store.rs:73:118
    |
 73 |         let count: u64 = tx.query_row("SELECT count(*) FROM work_slots_v1 WHERE parent=?1", [&parent.slot.id], |r| r.get(0))?;
    |                                                                                                                      ^^^ the trait `FromSql` is not implemented for `u64`
    |
    = help: the following other types implement trait `FromSql`:
              f32
              f64
              i16
              i32
              i64
              i8
              isize
              u16
            and 2 others
note: required by a bound in `rusqlite::Row::<'_>::get`
   --> /home/connor/.cargo/registry/src/index.crates.io-1949cf8c6b5b557f/rusqlite-0.39.0/src/row.rs:285:32
    |
285 |     pub fn get<I: RowIndex, T: FromSql>(&self, idx: I) -> Result<T> {
    |                                ^^^^^^^ required by this bound in `Row::<'_>::get`

error[E0277]: the trait bound `u64: FromSql` is not satisfied
   --> crates/platform/chio-workflow/src/delegation/store.rs:74:118
    |
 74 |         let root_count: u64 = tx.query_row("SELECT count(*) FROM work_slots_v1 WHERE root=?1", [&parent.root], |r| r.get(0))?;
    |                                                                                                                      ^^^ the trait `FromSql` is not implemented for `u64`
    |
    = help: the following other types implement trait `FromSql`:
              f32
              f64
              i16
              i32
              i64
              i8
              isize
              u16
            and 2 others
note: required by a bound in `rusqlite::Row::<'_>::get`
   --> /home/connor/.cargo/registry/src/index.crates.io-1949cf8c6b5b557f/rusqlite-0.39.0/src/row.rs:285:32
    |
285 |     pub fn get<I: RowIndex, T: FromSql>(&self, idx: I) -> Result<T> {
    |                                ^^^^^^^ required by this bound in `Row::<'_>::get`

error[E0277]: the trait bound `u64: FromSql` is not satisfied
   --> crates/platform/chio-workflow/src/delegation/store.rs:102:118
    |
102 |         let children: u64 = tx.query_row("SELECT count(*) FROM work_slots_v1 WHERE parent=?1", [&row.slot.id], |r| r.get(0))?;
    |                                                                                                                      ^^^ the trait `FromSql` is not implemented for `u64`
    |
    = help: the following other types implement trait `FromSql`:
              f32
              f64
              i16
              i32
              i64
              i8
              isize
              u16
            and 2 others
note: required by a bound in `rusqlite::Row::<'_>::get`
   --> /home/connor/.cargo/registry/src/index.crates.io-1949cf8c6b5b557f/rusqlite-0.39.0/src/row.rs:285:32
    |
285 |     pub fn get<I: RowIndex, T: FromSql>(&self, idx: I) -> Result<T> {
    |                                ^^^^^^^ required by this bound in `Row::<'_>::get`

error[E0277]: the trait bound `u64: ToSql` is not satisfied
   --> crates/platform/chio-workflow/src/delegation/store.rs:108:13
    |
108 |             params![encode(request)?, next, row.slot.id])?;
    |             ^^^^^^^^^^^^^^^^^^^^^^^^^^^^^^^^^^^^^^^^^^^^ the trait `ToSql` is not implemented for `u64`
    |
    = help: the following other types implement trait `ToSql`:
              f32
              f64
              i16
              i32
              i64
              i8
              isize
              u16
            and 2 others
    = note: required for the cast from `&u64` to `&dyn ToSql`
    = note: this error originates in the macro `params` (in Nightly builds, run with -Z macro-backtrace for more info)

error[E0277]: the trait bound `u64: FromSql` is not satisfied
   --> crates/platform/chio-workflow/src/delegation/store.rs:144:80
    |
144 |             r.get::<_, String>(3)?, r.get::<_, Option<String>>(4)?, r.get::<_, u64>(5)?, r.get::<_, u8>(6)?))
    |                                                                       ---      ^^^ the trait `FromSql` is not implemented for `u64`
    |                                                                       |
    |                                                                       required by a bound introduced by this call
    |
    = help: the following other types implement trait `FromSql`:
              f32
              f64
              i16
              i32
              i64
              i8
              isize
              u16
            and 2 others
note: required by a bound in `rusqlite::Row::<'_>::get`
   --> /home/connor/.cargo/registry/src/index.crates.io-1949cf8c6b5b557f/rusqlite-0.39.0/src/row.rs:285:32
    |
285 |     pub fn get<I: RowIndex, T: FromSql>(&self, idx: I) -> Result<T> {
    |                                ^^^^^^^ required by this bound in `Row::<'_>::get`

Some errors have detailed explanations: E0277, E0308.
For more information about an error, try `rustc --explain E0277`.
error: could not compile `chio-workflow` (lib) due to 6 previous errors
warning: build failed, waiting for other jobs to finish...
error: could not compile `chio-workflow` (lib test) due to 6 previous errors
