warning: patch `cmpv2 v0.2.0 (/tmp/chio-verifiable-work-paper/third_party/cmpv2-chio)` was not used in the crate graph
warning: patch `crmf v0.2.0 (/tmp/chio-verifiable-work-paper/third_party/crmf-chio)` was not used in the crate graph
warning: patch `ignore v0.4.32 (/tmp/chio-verifiable-work-paper/third_party/ignore-chio)` was not used in the crate graph
warning: patch `nono v0.53.0 (/tmp/chio-verifiable-work-paper/third_party/nono-upstream-chio)` was not used in the crate graph
warning: patch `regress v0.11.1 (/tmp/chio-verifiable-work-paper/third_party/regress-chio)` was not used in the crate graph
warning: patch `sigstore-crypto v0.6.6 (/tmp/chio-verifiable-work-paper/third_party/sigstore-crypto-chio)` was not used in the crate graph
warning: patch `sigstore-merkle v0.6.6 (/tmp/chio-verifiable-work-paper/third_party/sigstore-merkle-chio)` was not used in the crate graph
warning: patch `sigstore-trust-root v0.6.3 (/tmp/chio-verifiable-work-paper/third_party/sigstore-trust-root-chio)` was not used in the crate graph
warning: patch `sigstore-verify v0.6.3 (/tmp/chio-verifiable-work-paper/third_party/sigstore-verify-chio)` was not used in the crate graph
help: Check that the patched package version and available features are compatible
      with the dependency requirements. If the patch has a different version from
      what is locked in the Cargo.lock file, run `cargo update` to use the new
      version. This may also occur with an optional dependency that is not enabled.
   Compiling chio-workflow v0.1.0 (/tmp/chio-verifiable-work-paper/crates/platform/chio-workflow)
    Finished `test` profile [unoptimized] target(s) in 2.56s
     Running tests/delegation.rs (/tmp/chio-paper-target/debug/deps/delegation-f9bf153f43632ef0)

running 2 tests
test signed_subdivision_cannot_cross_allocator_or_root_namespaces ... FAILED
test signed_selection_cannot_cross_allocator_namespaces ... FAILED

failures:

---- signed_subdivision_cannot_cross_allocator_or_root_namespaces stdout ----

thread 'signed_subdivision_cannot_cross_allocator_or_root_namespaces' (1933963) panicked at crates/platform/chio-workflow/tests/delegation.rs:459:9:
foreign signed mutation must reject
note: run with `RUST_BACKTRACE=1` environment variable to display a backtrace

---- signed_selection_cannot_cross_allocator_namespaces stdout ----

thread 'signed_selection_cannot_cross_allocator_namespaces' (1933962) panicked at crates/platform/chio-workflow/tests/delegation.rs:473:5:
assertion failed: b.select(&request, 1000, &[key(3).public_key()]).is_err()


failures:
    signed_selection_cannot_cross_allocator_namespaces
    signed_subdivision_cannot_cross_allocator_or_root_namespaces

test result: FAILED. 0 passed; 2 failed; 0 ignored; 0 measured; 13 filtered out; finished in 0.13s

error: test failed, to rerun pass `-p chio-workflow --test delegation`
