warning: patch `cmpv2 v0.2.0 (/tmp/chio-verifiable-work-paper/third_party/cmpv2-chio)` was not used in the crate graph
warning: patch `crmf v0.2.0 (/tmp/chio-verifiable-work-paper/third_party/crmf-chio)` was not used in the crate graph
warning: patch `ignore v0.4.32 (/tmp/chio-verifiable-work-paper/third_party/ignore-chio)` was not used in the crate graph
warning: patch `nono v0.53.0 (/tmp/chio-verifiable-work-paper/third_party/nono-upstream-chio)` was not used in the crate graph
warning: patch `regress v0.11.1 (/tmp/chio-verifiable-work-paper/third_party/regress-chio)` was not used in the crate graph
warning: patch `sigstore-crypto v0.6.6 (/tmp/chio-verifiable-work-paper/third_party/sigstore-crypto-chio)` was not used in the crate graph
warning: patch `sigstore-merkle v0.6.6 (/tmp/chio-verifiable-work-paper/third_party/sigstore-merkle-chio)` was not used in the crate graph
warning: patch `sigstore-trust-root v0.6.3 (/tmp/chio-verifiable-work-paper/third_party/sigstore-trust-root-chio)` was not used in the crate graph
warning: patch `sigstore-verify v0.6.3 (/tmp/chio-verifiable-work-paper/third_party/sigstore-verify-chio)` was not used in the crate graph
help: Check that the patched package version and available features are compatible
      with the dependency requirements. If the patch has a different version from
      what is locked in the Cargo.lock file, run `cargo update` to use the new
      version. This may also occur with an optional dependency that is not enabled.
    Checking chio-workflow v0.1.0 (/tmp/chio-verifiable-work-paper/crates/platform/chio-workflow)
    Checking chio-kernel v0.1.0 (/tmp/chio-verifiable-work-paper/crates/kernel/chio-kernel)
    Checking chio-selective-disclosure v0.1.0 (/tmp/chio-verifiable-work-paper/crates/trust/chio-selective-disclosure)
    Checking chio-attest-buyer-core v0.1.0 (/tmp/chio-verifiable-work-paper/crates/trust/chio-attest-buyer-core)
    Checking chio-federation-authority v0.1.0 (/tmp/chio-verifiable-work-paper/crates/trust/chio-federation-authority)
    Checking chio-finding-verifier v0.1.0 (/tmp/chio-verifiable-work-paper/crates/trust/chio-finding-verifier)
    Checking chio-transaction-passport v0.1.0 (/tmp/chio-verifiable-work-paper/crates/platform/chio-transaction-passport)
    Checking chio-risk-comptroller v0.1.0 (/tmp/chio-verifiable-work-paper/crates/platform/chio-risk-comptroller)
    Checking chio-commerce-order v0.1.0 (/tmp/chio-verifiable-work-paper/crates/platform/chio-commerce-order)
    Checking chio-agent-web-interop v0.1.0 (/tmp/chio-verifiable-work-paper/crates/platform/chio-agent-web-interop)
    Checking chio-store-sqlite v0.1.0 (/tmp/chio-verifiable-work-paper/crates/platform/chio-store-sqlite)
error: the borrowed expression implements the required traits
   --> crates/kernel/chio-kernel/examples/dynamic_delegation_support/mod.rs:106:46
    |
106 |         SqliteAuthorityStore::provision(&db, &dir.join("locks"))?;
    |                                              ^^^^^^^^^^^^^^^^^^ help: change this to: `dir.join("locks")`
    |
    = help: for further information visit https://rust-lang.github.io/rust-clippy/rust-1.94.0/index.html#needless_borrows_for_generic_args
    = note: `-D clippy::needless-borrows-for-generic-args` implied by `-D warnings`
    = help: to override `-D warnings` add `#[allow(clippy::needless_borrows_for_generic_args)]`

error: the borrowed expression implements the required traits
   --> crates/kernel/chio-kernel/examples/dynamic_delegation_support/mod.rs:108:61
    |
108 |     let authority = SqliteAuthorityStore::open_serving(&db, &dir.join("locks"))?;
    |                                                             ^^^^^^^^^^^^^^^^^^ help: change this to: `dir.join("locks")`
    |
    = help: for further information visit https://rust-lang.github.io/rust-clippy/rust-1.94.0/index.html#needless_borrows_for_generic_args

error: could not compile `chio-kernel` (example "dynamic_delegation") due to 2 previous errors
warning: build failed, waiting for other jobs to finish...
error: the borrowed expression implements the required traits
   --> crates/kernel/chio-kernel/tests/../examples/dynamic_delegation_support/mod.rs:106:46
    |
106 |         SqliteAuthorityStore::provision(&db, &dir.join("locks"))?;
    |                                              ^^^^^^^^^^^^^^^^^^ help: change this to: `dir.join("locks")`
    |
    = help: for further information visit https://rust-lang.github.io/rust-clippy/rust-1.94.0/index.html#needless_borrows_for_generic_args
    = note: `-D clippy::needless-borrows-for-generic-args` implied by `-D warnings`
    = help: to override `-D warnings` add `#[allow(clippy::needless_borrows_for_generic_args)]`

error: the borrowed expression implements the required traits
   --> crates/kernel/chio-kernel/tests/../examples/dynamic_delegation_support/mod.rs:108:61
    |
108 |     let authority = SqliteAuthorityStore::open_serving(&db, &dir.join("locks"))?;
    |                                                             ^^^^^^^^^^^^^^^^^^ help: change this to: `dir.join("locks")`
    |
    = help: for further information visit https://rust-lang.github.io/rust-clippy/rust-1.94.0/index.html#needless_borrows_for_generic_args

error: could not compile `chio-kernel` (test "dynamic_delegation") due to 2 previous errors
