warning: patch `cmpv2 v0.2.0 (/tmp/chio-verifiable-work-paper/third_party/cmpv2-chio)` was not used in the crate graph
warning: patch `crmf v0.2.0 (/tmp/chio-verifiable-work-paper/third_party/crmf-chio)` was not used in the crate graph
warning: patch `ignore v0.4.32 (/tmp/chio-verifiable-work-paper/third_party/ignore-chio)` was not used in the crate graph
warning: patch `nono v0.53.0 (/tmp/chio-verifiable-work-paper/third_party/nono-upstream-chio)` was not used in the crate graph
warning: patch `regress v0.11.1 (/tmp/chio-verifiable-work-paper/third_party/regress-chio)` was not used in the crate graph
warning: patch `sigstore-crypto v0.6.6 (/tmp/chio-verifiable-work-paper/third_party/sigstore-crypto-chio)` was not used in the crate graph
warning: patch `sigstore-merkle v0.6.6 (/tmp/chio-verifiable-work-paper/third_party/sigstore-merkle-chio)` was not used in the crate graph
warning: patch `sigstore-trust-root v0.6.3 (/tmp/chio-verifiable-work-paper/third_party/sigstore-trust-root-chio)` was not used in the crate graph
warning: patch `sigstore-verify v0.6.3 (/tmp/chio-verifiable-work-paper/third_party/sigstore-verify-chio)` was not used in the crate graph
help: Check that the patched package version and available features are compatible
      with the dependency requirements. If the patch has a different version from
      what is locked in the Cargo.lock file, run `cargo update` to use the new
      version. This may also occur with an optional dependency that is not enabled.
   Compiling chio-workflow v0.1.0 (/tmp/chio-verifiable-work-paper/crates/platform/chio-workflow)
   Compiling chio-kernel v0.1.0 (/tmp/chio-verifiable-work-paper/crates/kernel/chio-kernel)
   Compiling chio-selective-disclosure v0.1.0 (/tmp/chio-verifiable-work-paper/crates/trust/chio-selective-disclosure)
   Compiling chio-attest-buyer-core v0.1.0 (/tmp/chio-verifiable-work-paper/crates/trust/chio-attest-buyer-core)
   Compiling chio-federation-authority v0.1.0 (/tmp/chio-verifiable-work-paper/crates/trust/chio-federation-authority)
   Compiling chio-finding-verifier v0.1.0 (/tmp/chio-verifiable-work-paper/crates/trust/chio-finding-verifier)
   Compiling chio-transaction-passport v0.1.0 (/tmp/chio-verifiable-work-paper/crates/platform/chio-transaction-passport)
   Compiling chio-risk-comptroller v0.1.0 (/tmp/chio-verifiable-work-paper/crates/platform/chio-risk-comptroller)
   Compiling chio-commerce-order v0.1.0 (/tmp/chio-verifiable-work-paper/crates/platform/chio-commerce-order)
   Compiling chio-agent-web-interop v0.1.0 (/tmp/chio-verifiable-work-paper/crates/platform/chio-agent-web-interop)
   Compiling chio-store-sqlite v0.1.0 (/tmp/chio-verifiable-work-paper/crates/platform/chio-store-sqlite)
    Finished `test` profile [unoptimized] target(s) in 1m 32s
     Running tests/dynamic_delegation.rs (/tmp/chio-paper-target/debug/deps/dynamic_delegation-9ff40172805672af)

running 3 tests
test changed_native_identity_payload_and_ceiling_never_dispatch ... FAILED
test output_must_satisfy_the_immutable_contract ... FAILED
test dynamic_selection_recursion_and_native_replay ... FAILED

failures:

---- changed_native_identity_payload_and_ceiling_never_dispatch stdout ----
Error: Invalid("serving lock root must be owned by the effective user and not group or world writable")

---- output_must_satisfy_the_immutable_contract stdout ----
Error: Invalid("serving lock root must be owned by the effective user and not group or world writable")

---- dynamic_selection_recursion_and_native_replay stdout ----
Error: Invalid("serving lock root must be owned by the effective user and not group or world writable")


failures:
    changed_native_identity_payload_and_ceiling_never_dispatch
    dynamic_selection_recursion_and_native_replay
    output_must_satisfy_the_immutable_contract

test result: FAILED. 0 passed; 3 failed; 0 ignored; 0 measured; 0 filtered out; finished in 0.12s

error: test failed, to rerun pass `-p chio-kernel --test dynamic_delegation`
