warning: patch `cmpv2 v0.2.0 (/tmp/chio-verifiable-work-paper/third_party/cmpv2-chio)` was not used in the crate graph
warning: patch `crmf v0.2.0 (/tmp/chio-verifiable-work-paper/third_party/crmf-chio)` was not used in the crate graph
warning: patch `ignore v0.4.32 (/tmp/chio-verifiable-work-paper/third_party/ignore-chio)` was not used in the crate graph
warning: patch `nono v0.53.0 (/tmp/chio-verifiable-work-paper/third_party/nono-upstream-chio)` was not used in the crate graph
warning: patch `regress v0.11.1 (/tmp/chio-verifiable-work-paper/third_party/regress-chio)` was not used in the crate graph
warning: patch `sigstore-crypto v0.6.6 (/tmp/chio-verifiable-work-paper/third_party/sigstore-crypto-chio)` was not used in the crate graph
warning: patch `sigstore-merkle v0.6.6 (/tmp/chio-verifiable-work-paper/third_party/sigstore-merkle-chio)` was not used in the crate graph
warning: patch `sigstore-trust-root v0.6.3 (/tmp/chio-verifiable-work-paper/third_party/sigstore-trust-root-chio)` was not used in the crate graph
warning: patch `sigstore-verify v0.6.3 (/tmp/chio-verifiable-work-paper/third_party/sigstore-verify-chio)` was not used in the crate graph
help: Check that the patched package version and available features are compatible
      with the dependency requirements. If the patch has a different version from
      what is locked in the Cargo.lock file, run `cargo update` to use the new
      version. This may also occur with an optional dependency that is not enabled.
   Compiling chio-kernel v0.1.0 (/tmp/chio-verifiable-work-paper/crates/kernel/chio-kernel)
   Compiling chio-finding-verifier v0.1.0 (/tmp/chio-verifiable-work-paper/crates/trust/chio-finding-verifier)
   Compiling chio-transaction-passport v0.1.0 (/tmp/chio-verifiable-work-paper/crates/platform/chio-transaction-passport)
   Compiling chio-risk-comptroller v0.1.0 (/tmp/chio-verifiable-work-paper/crates/platform/chio-risk-comptroller)
   Compiling chio-commerce-order v0.1.0 (/tmp/chio-verifiable-work-paper/crates/platform/chio-commerce-order)
   Compiling chio-agent-web-interop v0.1.0 (/tmp/chio-verifiable-work-paper/crates/platform/chio-agent-web-interop)
   Compiling chio-store-sqlite v0.1.0 (/tmp/chio-verifiable-work-paper/crates/platform/chio-store-sqlite)
warning: `Result` is ambiguous
  --> crates/kernel/chio-kernel/tests/dynamic_delegation.rs:10:55
   |
10 | fn dynamic_selection_recursion_and_native_replay() -> Result {
   |                                                       ^^^^^^ ambiguous name
   |
   = warning: this was previously accepted by the compiler but is being phased out; it will become a hard error in a future release!
   = note: for more information, see issue #114095 <https://github.com/rust-lang/rust/issues/114095>
   = note: ambiguous because of multiple glob imports of a name in the same module
note: `Result` could refer to the type alias imported here
  --> crates/kernel/chio-kernel/tests/dynamic_delegation.rs:4:5
   |
 4 | use chio_workflow::delegation::*;
   |     ^^^^^^^^^^^^^^^^^^^^^^^^^^^^
   = help: consider adding an explicit import of `Result` to disambiguate
note: `Result` could also refer to the type alias imported here
  --> crates/kernel/chio-kernel/tests/dynamic_delegation.rs:7:5
   |
 7 | use support::*;
   |     ^^^^^^^^^^
   = help: consider adding an explicit import of `Result` to disambiguate
   = note: `#[warn(ambiguous_glob_imports)]` (part of `#[warn(future_incompatible)]`) on by default

warning: `Result` is ambiguous
  --> crates/kernel/chio-kernel/tests/dynamic_delegation.rs:21:68
   |
21 | fn changed_native_identity_payload_and_ceiling_never_dispatch() -> Result {
   |                                                                    ^^^^^^ ambiguous name
   |
   = warning: this was previously accepted by the compiler but is being phased out; it will become a hard error in a future release!
   = note: for more information, see issue #114095 <https://github.com/rust-lang/rust/issues/114095>
   = note: ambiguous because of multiple glob imports of a name in the same module
note: `Result` could refer to the type alias imported here
  --> crates/kernel/chio-kernel/tests/dynamic_delegation.rs:4:5
   |
 4 | use chio_workflow::delegation::*;
   |     ^^^^^^^^^^^^^^^^^^^^^^^^^^^^
   = help: consider adding an explicit import of `Result` to disambiguate
note: `Result` could also refer to the type alias imported here
  --> crates/kernel/chio-kernel/tests/dynamic_delegation.rs:7:5
   |
 7 | use support::*;
   |     ^^^^^^^^^^
   = help: consider adding an explicit import of `Result` to disambiguate

warning: `Result` is ambiguous
  --> crates/kernel/chio-kernel/tests/dynamic_delegation.rs:59:52
   |
59 | fn output_must_satisfy_the_immutable_contract() -> Result {
   |                                                    ^^^^^^ ambiguous name
   |
   = warning: this was previously accepted by the compiler but is being phased out; it will become a hard error in a future release!
   = note: for more information, see issue #114095 <https://github.com/rust-lang/rust/issues/114095>
   = note: ambiguous because of multiple glob imports of a name in the same module
note: `Result` could refer to the type alias imported here
  --> crates/kernel/chio-kernel/tests/dynamic_delegation.rs:4:5
   |
 4 | use chio_workflow::delegation::*;
   |     ^^^^^^^^^^^^^^^^^^^^^^^^^^^^
   = help: consider adding an explicit import of `Result` to disambiguate
note: `Result` could also refer to the type alias imported here
  --> crates/kernel/chio-kernel/tests/dynamic_delegation.rs:7:5
   |
 7 | use support::*;
   |     ^^^^^^^^^^
   = help: consider adding an explicit import of `Result` to disambiguate

error[E0107]: missing generics for type alias `chio_workflow::delegation::Result`
  --> crates/kernel/chio-kernel/tests/dynamic_delegation.rs:10:55
   |
10 | fn dynamic_selection_recursion_and_native_replay() -> Result {
   |                                                       ^^^^^^ expected 1 generic argument
   |
note: type alias defined here, with 1 generic parameter: `T`
  --> crates/platform/chio-workflow/src/delegation/mod.rs:38:10
   |
38 | pub type Result<T> = std::result::Result<T, DelegationError>;
   |          ^^^^^^ -
help: add missing generic argument
   |
10 | fn dynamic_selection_recursion_and_native_replay() -> Result<T> {
   |                                                             +++

error[E0107]: missing generics for type alias `chio_workflow::delegation::Result`
  --> crates/kernel/chio-kernel/tests/dynamic_delegation.rs:21:68
   |
21 | fn changed_native_identity_payload_and_ceiling_never_dispatch() -> Result {
   |                                                                    ^^^^^^ expected 1 generic argument
   |
note: type alias defined here, with 1 generic parameter: `T`
  --> crates/platform/chio-workflow/src/delegation/mod.rs:38:10
   |
38 | pub type Result<T> = std::result::Result<T, DelegationError>;
   |          ^^^^^^ -
help: add missing generic argument
   |
21 | fn changed_native_identity_payload_and_ceiling_never_dispatch() -> Result<T> {
   |                                                                          +++

error[E0107]: missing generics for type alias `chio_workflow::delegation::Result`
  --> crates/kernel/chio-kernel/tests/dynamic_delegation.rs:59:52
   |
59 | fn output_must_satisfy_the_immutable_contract() -> Result {
   |                                                    ^^^^^^ expected 1 generic argument
   |
note: type alias defined here, with 1 generic parameter: `T`
  --> crates/platform/chio-workflow/src/delegation/mod.rs:38:10
   |
38 | pub type Result<T> = std::result::Result<T, DelegationError>;
   |          ^^^^^^ -
help: add missing generic argument
   |
59 | fn output_must_satisfy_the_immutable_contract() -> Result<T> {
   |                                                          +++

error[E0277]: the trait bound `ToolCallOutput: serde::Serialize` is not satisfied
   --> crates/kernel/chio-kernel/tests/../examples/dynamic_delegation_support/mod.rs:257:34
    |
257 |         || serde_json::to_value(&replay.output)? != serde_json::to_value(&response.output)?
    |            --------------------  ^^^^^^^^^^^^^ the trait `serde_core::ser::Serialize` is not implemented for `ToolCallOutput`
    |            |
    |            required by a bound introduced by this call
    |
    = note: for local types consider adding `#[derive(serde::Serialize)]` to your `ToolCallOutput` type
    = note: for types from other crates check whether the crate offers a `serde` feature flag
    = help: the following other types implement trait `serde_core::ser::Serialize`:
              &'a T
              &'a mut T
              ()
              (T,)
              (T0, T1)
              (T0, T1, T2)
              (T0, T1, T2, T3)
              (T0, T1, T2, T3, T4)
            and 2982 others
    = note: required for `Option<ToolCallOutput>` to implement `serde_core::ser::Serialize`
    = note: 1 redundant requirement hidden
    = note: required for `&Option<ToolCallOutput>` to implement `serde_core::ser::Serialize`
note: required by a bound in `to_value`
   --> /home/connor/.cargo/registry/src/index.crates.io-1949cf8c6b5b557f/serde_json-1.0.149/src/value/mod.rs:997:8
    |
995 | pub fn to_value<T>(value: T) -> Result<Value, Error>
    |        -------- required by a bound in this function
996 | where
997 |     T: Serialize,
    |        ^^^^^^^^^ required by this bound in `to_value`
    = note: the full name for the type has been written to '/tmp/chio-paper-target/debug/deps/dynamic_delegation-9ff40172805672af.long-type-14533020667517101256.txt'
    = note: consider using `--verbose` to print the full type name to the console

error[E0277]: the trait bound `ToolCallOutput: serde::Serialize` is not satisfied
   --> crates/kernel/chio-kernel/tests/../examples/dynamic_delegation_support/mod.rs:257:75
    |
257 |         || serde_json::to_value(&replay.output)? != serde_json::to_value(&response.output)?
    |                                                     --------------------  ^^^^^^^^^^^^^^^ the trait `serde_core::ser::Serialize` is not implemented for `ToolCallOutput`
    |                                                     |
    |                                                     required by a bound introduced by this call
    |
    = note: for local types consider adding `#[derive(serde::Serialize)]` to your `ToolCallOutput` type
    = note: for types from other crates check whether the crate offers a `serde` feature flag
    = help: the following other types implement trait `serde_core::ser::Serialize`:
              &'a T
              &'a mut T
              ()
              (T,)
              (T0, T1)
              (T0, T1, T2)
              (T0, T1, T2, T3)
              (T0, T1, T2, T3, T4)
            and 2982 others
    = note: required for `Option<ToolCallOutput>` to implement `serde_core::ser::Serialize`
    = note: 1 redundant requirement hidden
    = note: required for `&Option<ToolCallOutput>` to implement `serde_core::ser::Serialize`
note: required by a bound in `to_value`
   --> /home/connor/.cargo/registry/src/index.crates.io-1949cf8c6b5b557f/serde_json-1.0.149/src/value/mod.rs:997:8
    |
995 | pub fn to_value<T>(value: T) -> Result<Value, Error>
    |        -------- required by a bound in this function
996 | where
997 |     T: Serialize,
    |        ^^^^^^^^^ required by this bound in `to_value`
    = note: the full name for the type has been written to '/tmp/chio-paper-target/debug/deps/dynamic_delegation-9ff40172805672af.long-type-14533020667517101256.txt'
    = note: consider using `--verbose` to print the full type name to the console

error[E0277]: the trait bound `ToolCallOutput: serde::Serialize` is not satisfied
   --> crates/kernel/chio-kernel/tests/../examples/dynamic_delegation_support/mod.rs:270:9
    |
270 | /         json!({"native_dispatches_for_selected_work":before,"replay_dispatches":0,
271 | |         "replacement_after_dispatch_rejected":replacement_rejected,"sibling_completed":true,
272 | |         "selected_receiver":key(4).public_key().to_hex(),"output":response.output,
273 | |         "receipt":response.receipt,"sibling_receipt":sibling_response.receipt,
274 | |         "administration":"one operator, local in-process tools","payment":"simulated; no funds moved"}),
    | |                                                                                                       ^
    | |                                                                                                       |
    | |_______________________________________________________________________________________________________the trait `serde_core::ser::Serialize` is not implemented for `ToolCallOutput`
    |                                                                                                         required by a bound introduced by this call
    |
    = note: for local types consider adding `#[derive(serde::Serialize)]` to your `ToolCallOutput` type
    = note: for types from other crates check whether the crate offers a `serde` feature flag
    = help: the following other types implement trait `serde_core::ser::Serialize`:
              &'a T
              &'a mut T
              ()
              (T,)
              (T0, T1)
              (T0, T1, T2)
              (T0, T1, T2, T3)
              (T0, T1, T2, T3, T4)
            and 2982 others
    = note: required for `Option<ToolCallOutput>` to implement `serde_core::ser::Serialize`
    = note: 1 redundant requirement hidden
    = note: required for `&Option<ToolCallOutput>` to implement `serde_core::ser::Serialize`
note: required by a bound in `to_value`
   --> /home/connor/.cargo/registry/src/index.crates.io-1949cf8c6b5b557f/serde_json-1.0.149/src/value/mod.rs:997:8
    |
995 | pub fn to_value<T>(value: T) -> Result<Value, Error>
    |        -------- required by a bound in this function
996 | where
997 |     T: Serialize,
    |        ^^^^^^^^^ required by this bound in `to_value`
    = note: the full name for the type has been written to '/tmp/chio-paper-target/debug/deps/dynamic_delegation-9ff40172805672af.long-type-14533020667517101256.txt'
    = note: consider using `--verbose` to print the full type name to the console
    = note: this error originates in the macro `$crate::json_internal` which comes from the expansion of the macro `json` (in Nightly builds, run with -Z macro-backtrace for more info)

Some errors have detailed explanations: E0107, E0277.
For more information about an error, try `rustc --explain E0107`.
warning: `chio-kernel` (test "dynamic_delegation") generated 3 warnings
error: could not compile `chio-kernel` (test "dynamic_delegation") due to 6 previous errors; 6 warnings emitted
