warning: patch `cmpv2 v0.2.0 (/tmp/chio-verifiable-work-paper/third_party/cmpv2-chio)` was not used in the crate graph
warning: patch `crmf v0.2.0 (/tmp/chio-verifiable-work-paper/third_party/crmf-chio)` was not used in the crate graph
warning: patch `ignore v0.4.32 (/tmp/chio-verifiable-work-paper/third_party/ignore-chio)` was not used in the crate graph
warning: patch `nono v0.53.0 (/tmp/chio-verifiable-work-paper/third_party/nono-upstream-chio)` was not used in the crate graph
warning: patch `regress v0.11.1 (/tmp/chio-verifiable-work-paper/third_party/regress-chio)` was not used in the crate graph
warning: patch `sigstore-crypto v0.6.6 (/tmp/chio-verifiable-work-paper/third_party/sigstore-crypto-chio)` was not used in the crate graph
warning: patch `sigstore-merkle v0.6.6 (/tmp/chio-verifiable-work-paper/third_party/sigstore-merkle-chio)` was not used in the crate graph
warning: patch `sigstore-trust-root v0.6.3 (/tmp/chio-verifiable-work-paper/third_party/sigstore-trust-root-chio)` was not used in the crate graph
warning: patch `sigstore-verify v0.6.3 (/tmp/chio-verifiable-work-paper/third_party/sigstore-verify-chio)` was not used in the crate graph
help: Check that the patched package version and available features are compatible
      with the dependency requirements. If the patch has a different version from
      what is locked in the Cargo.lock file, run `cargo update` to use the new
      version. This may also occur with an optional dependency that is not enabled.
   Compiling chio-workflow v0.1.0 (/tmp/chio-verifiable-work-paper/crates/platform/chio-workflow)
   Compiling chio-selective-disclosure v0.1.0 (/tmp/chio-verifiable-work-paper/crates/trust/chio-selective-disclosure)
   Compiling chio-attest-buyer-core v0.1.0 (/tmp/chio-verifiable-work-paper/crates/trust/chio-attest-buyer-core)
   Compiling chio-federation-authority v0.1.0 (/tmp/chio-verifiable-work-paper/crates/trust/chio-federation-authority)
   Compiling chio-store-sqlite v0.1.0 (/tmp/chio-verifiable-work-paper/crates/platform/chio-store-sqlite)
   Compiling chio-kernel v0.1.0 (/tmp/chio-verifiable-work-paper/crates/kernel/chio-kernel)
error[E0433]: failed to resolve: use of unresolved module or unlinked crate `chio_workflow`
 --> crates/kernel/chio-kernel/tests/../examples/dynamic_delegation_support/mod.rs:5:5
  |
5 | use chio_workflow::delegation::*;
  |     ^^^^^^^^^^^^^ use of unresolved module or unlinked crate `chio_workflow`
  |
  = help: if you wanted to use a crate named `chio_workflow`, use `cargo add chio_workflow` to add it to your `Cargo.toml`

error[E0433]: failed to resolve: use of unresolved module or unlinked crate `chio_workflow`
 --> crates/kernel/chio-kernel/tests/dynamic_delegation.rs:5:5
  |
5 | use chio_workflow::delegation::*;
  |     ^^^^^^^^^^^^^ use of unresolved module or unlinked crate `chio_workflow`
  |
  = help: if you wanted to use a crate named `chio_workflow`, use `cargo add chio_workflow` to add it to your `Cargo.toml`

error[E0425]: cannot find type `WorkSlot` in this scope
  --> crates/kernel/chio-kernel/tests/../examples/dynamic_delegation_support/mod.rs:12:69
   |
12 | pub fn slot(id: &str, holder: u8, units: u64, depth: u16) -> Result<WorkSlot> {
   |                                                                     ^^^^^^^^ not found in this scope
   |
help: you might be missing a type parameter
   |
12 | pub fn slot<WorkSlot>(id: &str, holder: u8, units: u64, depth: u16) -> Result<WorkSlot> {
   |            ++++++++++

error[E0422]: cannot find struct, variant or union type `WorkSlot` in this scope
  --> crates/kernel/chio-kernel/tests/../examples/dynamic_delegation_support/mod.rs:13:8
   |
13 |     Ok(WorkSlot { id: id.into(), holder: key(holder).public_key(), contract: WorkContract {
   |        ^^^^^^^^ not found in this scope

error[E0422]: cannot find struct, variant or union type `WorkContract` in this scope
  --> crates/kernel/chio-kernel/tests/../examples/dynamic_delegation_support/mod.rs:13:78
   |
13 |     Ok(WorkSlot { id: id.into(), holder: key(holder).public_key(), contract: WorkContract {
   |                                                                              ^^^^^^^^^^^^ not found in this scope

error[E0422]: cannot find struct, variant or union type `Effect` in this scope
  --> crates/kernel/chio-kernel/tests/../examples/dynamic_delegation_support/mod.rs:14:34
   |
14 |         effects: BTreeSet::from([Effect { server: "research".into(), tool: "analyze".into() }]),
   |                                  ^^^^^^ not found in this scope

error[E0422]: cannot find struct, variant or union type `Acceptance` in this scope
  --> crates/kernel/chio-kernel/tests/../examples/dynamic_delegation_support/mod.rs:17:21
   |
17 |         acceptance: Acceptance { clauses: vec![Clause::IntegerRange { pointer: "/count".into(), min: 1, max: 10 }] },
   |                     ^^^^^^^^^^ not found in this scope

error[E0425]: cannot find type `DelegationStore` in this scope
  --> crates/kernel/chio-kernel/tests/../examples/dynamic_delegation_support/mod.rs:20:22
   |
20 | pub fn split(store: &DelegationStore, parent: &str, holder: u8, child: WorkSlot) -> Result {
   |                      ^^^^^^^^^^^^^^^
   |
  ::: crates/kernel/chio-kernel/src/revocation_runtime.rs:16:1
   |
16 | pub trait RevocationStore: Send + Sync {
   | -------------------------------------- similarly named trait `RevocationStore` defined here
   |
help: a trait with a similar name exists
   |
20 - pub fn split(store: &DelegationStore, parent: &str, holder: u8, child: WorkSlot) -> Result {
20 + pub fn split(store: &RevocationStore, parent: &str, holder: u8, child: WorkSlot) -> Result {
   |

error[E0425]: cannot find type `WorkSlot` in this scope
  --> crates/kernel/chio-kernel/tests/../examples/dynamic_delegation_support/mod.rs:20:72
   |
20 | pub fn split(store: &DelegationStore, parent: &str, holder: u8, child: WorkSlot) -> Result {
   |                                                                        ^^^^^^^^ not found in this scope

error[E0422]: cannot find struct, variant or union type `Subdivision` in this scope
  --> crates/kernel/chio-kernel/tests/../examples/dynamic_delegation_support/mod.rs:21:35
   |
21 |     store.subdivide(&Signed::sign(Subdivision { parent_id: parent.into(), child }, &key(holder))?, now()?)?;
   |                                   ^^^^^^^^^^^ not found in this scope

error[E0425]: cannot find type `DelegationStore` in this scope
  --> crates/kernel/chio-kernel/tests/../examples/dynamic_delegation_support/mod.rs:35:62
   |
35 | pub fn open(root: &Path, receiver: u8, bad: bool, store: Arc<DelegationStore>) -> Result<(ChioKernel, Arc<AtomicUsize>)> {
   |                                                              ^^^^^^^^^^^^^^^
   |
  ::: crates/kernel/chio-kernel/src/revocation_runtime.rs:16:1
   |
16 | pub trait RevocationStore: Send + Sync {
   | -------------------------------------- similarly named trait `RevocationStore` defined here
   |
help: a trait with a similar name exists
   |
35 - pub fn open(root: &Path, receiver: u8, bad: bool, store: Arc<DelegationStore>) -> Result<(ChioKernel, Arc<AtomicUsize>)> {
35 + pub fn open(root: &Path, receiver: u8, bad: bool, store: Arc<RevocationStore>) -> Result<(ChioKernel, Arc<AtomicUsize>)> {
   |
help: you might be missing a type parameter
   |
35 | pub fn open<DelegationStore>(root: &Path, receiver: u8, bad: bool, store: Arc<DelegationStore>) -> Result<(ChioKernel, Arc<AtomicUsize>)> {
   |            +++++++++++++++++

error[E0425]: cannot find type `DelegationStore` in this scope
  --> crates/kernel/chio-kernel/tests/../examples/dynamic_delegation_support/mod.rs:78:23
   |
78 | pub fn choose(store: &DelegationStore, request: &ToolCallRequest, holder: u8, receiver: u8, revision: u64, price: u64) -> Result {
   |                       ^^^^^^^^^^^^^^^
   |
  ::: crates/kernel/chio-kernel/src/revocation_runtime.rs:16:1
   |
16 | pub trait RevocationStore: Send + Sync {
   | -------------------------------------- similarly named trait `RevocationStore` defined here
   |
help: a trait with a similar name exists
   |
78 - pub fn choose(store: &DelegationStore, request: &ToolCallRequest, holder: u8, receiver: u8, revision: u64, price: u64) -> Result {
78 + pub fn choose(store: &RevocationStore, request: &ToolCallRequest, holder: u8, receiver: u8, revision: u64, price: u64) -> Result {
   |

error[E0422]: cannot find struct, variant or union type `WorkOffer` in this scope
  --> crates/kernel/chio-kernel/tests/../examples/dynamic_delegation_support/mod.rs:81:30
   |
81 |     let offer = Signed::sign(WorkOffer { slot_id: slot_id.into(), receiver: key(receiver).public_key(),
   |                              ^^^^^^^^^ not found in this scope

error[E0422]: cannot find struct, variant or union type `Effect` in this scope
  --> crates/kernel/chio-kernel/tests/../examples/dynamic_delegation_support/mod.rs:82:17
   |
82 |         effect: Effect { server: request.server_id.clone(), tool: request.tool_name.clone() },
   |                 ^^^^^^ not found in this scope

error[E0422]: cannot find struct, variant or union type `Selection` in this scope
  --> crates/kernel/chio-kernel/tests/../examples/dynamic_delegation_support/mod.rs:85:32
   |
85 |     store.select(&Signed::sign(Selection { offer, request_id: request.request_id.clone(),
   |                                ^^^^^^^^^ not found in this scope

error[E0433]: failed to resolve: use of undeclared type `Signed`
  --> crates/kernel/chio-kernel/tests/../examples/dynamic_delegation_support/mod.rs:21:22
   |
21 |     store.subdivide(&Signed::sign(Subdivision { parent_id: parent.into(), child }, &key(holder))?, now()?)?;
   |                      ^^^^^^ use of undeclared type `Signed`
   |
help: there is an enum variant `chio_kernel::dpop::replay_source::DpopReplaySourceRetention::Signed` and 4 others; try using the variant's enum
   |
21 -     store.subdivide(&Signed::sign(Subdivision { parent_id: parent.into(), child }, &key(holder))?, now()?)?;
21 +     store.subdivide(&chio_kernel::dpop::replay_source::DpopReplaySourceRetention::sign(Subdivision { parent_id: parent.into(), child }, &key(holder))?, now()?)?;
   |
21 -     store.subdivide(&Signed::sign(Subdivision { parent_id: parent.into(), child }, &key(holder))?, now()?)?;
21 +     store.subdivide(&chio_settle::channel::RetainedChannelStateV1::sign(Subdivision { parent_id: parent.into(), child }, &key(holder))?, now()?)?;
   |
21 -     store.subdivide(&Signed::sign(Subdivision { parent_id: parent.into(), child }, &key(holder))?, now()?)?;
21 +     store.subdivide(&crate::dpop::replay_source::DpopReplaySourceRetention::sign(Subdivision { parent_id: parent.into(), child }, &key(holder))?, now()?)?;
   |
21 -     store.subdivide(&Signed::sign(Subdivision { parent_id: parent.into(), child }, &key(holder))?, now()?)?;
21 +     store.subdivide(&serde::de::Unexpected::sign(Subdivision { parent_id: parent.into(), child }, &key(holder))?, now()?)?;
   |
help: a trait with a similar name exists
   |
21 -     store.subdivide(&Signed::sign(Subdivision { parent_id: parent.into(), child }, &key(holder))?, now()?)?;
21 +     store.subdivide(&Sized::sign(Subdivision { parent_id: parent.into(), child }, &key(holder))?, now()?)?;
   |

error[E0433]: failed to resolve: use of unresolved module or unlinked crate `delegated_work`
  --> crates/kernel/chio-kernel/tests/../examples/dynamic_delegation_support/mod.rs:58:5
   |
58 |     delegated_work::install_delegated_work(&mut kernel, store)?;
   |     ^^^^^^^^^^^^^^ use of unresolved module or unlinked crate `delegated_work`
   |
   = help: if you wanted to use a crate named `delegated_work`, use `cargo add delegated_work` to add it to your `Cargo.toml`

error[E0433]: failed to resolve: use of undeclared type `Signed`
  --> crates/kernel/chio-kernel/tests/../examples/dynamic_delegation_support/mod.rs:81:17
   |
81 |     let offer = Signed::sign(WorkOffer { slot_id: slot_id.into(), receiver: key(receiver).public_key(),
   |                 ^^^^^^ use of undeclared type `Signed`
   |
help: there is an enum variant `chio_kernel::dpop::replay_source::DpopReplaySourceRetention::Signed` and 4 others; try using the variant's enum
   |
81 -     let offer = Signed::sign(WorkOffer { slot_id: slot_id.into(), receiver: key(receiver).public_key(),
81 +     let offer = chio_kernel::dpop::replay_source::DpopReplaySourceRetention::sign(WorkOffer { slot_id: slot_id.into(), receiver: key(receiver).public_key(),
   |
81 -     let offer = Signed::sign(WorkOffer { slot_id: slot_id.into(), receiver: key(receiver).public_key(),
81 +     let offer = chio_settle::channel::RetainedChannelStateV1::sign(WorkOffer { slot_id: slot_id.into(), receiver: key(receiver).public_key(),
   |
81 -     let offer = Signed::sign(WorkOffer { slot_id: slot_id.into(), receiver: key(receiver).public_key(),
81 +     let offer = crate::dpop::replay_source::DpopReplaySourceRetention::sign(WorkOffer { slot_id: slot_id.into(), receiver: key(receiver).public_key(),
   |
81 -     let offer = Signed::sign(WorkOffer { slot_id: slot_id.into(), receiver: key(receiver).public_key(),
81 +     let offer = serde::de::Unexpected::sign(WorkOffer { slot_id: slot_id.into(), receiver: key(receiver).public_key(),
   |
help: a trait with a similar name exists
   |
81 -     let offer = Signed::sign(WorkOffer { slot_id: slot_id.into(), receiver: key(receiver).public_key(),
81 +     let offer = Sized::sign(WorkOffer { slot_id: slot_id.into(), receiver: key(receiver).public_key(),
   |

error[E0425]: cannot find function `binding_digest` in this scope
  --> crates/kernel/chio-kernel/tests/../examples/dynamic_delegation_support/mod.rs:83:25
   |
83 |         arguments_hash: binding_digest(&request.arguments)?, price_units: price, expires_at,
   |                         ^^^^^^^^^^^^^^ not found in this scope

error[E0433]: failed to resolve: use of undeclared type `Signed`
  --> crates/kernel/chio-kernel/tests/../examples/dynamic_delegation_support/mod.rs:85:19
   |
85 |     store.select(&Signed::sign(Selection { offer, request_id: request.request_id.clone(),
   |                   ^^^^^^ use of undeclared type `Signed`
   |
help: there is an enum variant `chio_kernel::dpop::replay_source::DpopReplaySourceRetention::Signed` and 4 others; try using the variant's enum
   |
85 -     store.select(&Signed::sign(Selection { offer, request_id: request.request_id.clone(),
85 +     store.select(&chio_kernel::dpop::replay_source::DpopReplaySourceRetention::sign(Selection { offer, request_id: request.request_id.clone(),
   |
85 -     store.select(&Signed::sign(Selection { offer, request_id: request.request_id.clone(),
85 +     store.select(&chio_settle::channel::RetainedChannelStateV1::sign(Selection { offer, request_id: request.request_id.clone(),
   |
85 -     store.select(&Signed::sign(Selection { offer, request_id: request.request_id.clone(),
85 +     store.select(&crate::dpop::replay_source::DpopReplaySourceRetention::sign(Selection { offer, request_id: request.request_id.clone(),
   |
85 -     store.select(&Signed::sign(Selection { offer, request_id: request.request_id.clone(),
85 +     store.select(&serde::de::Unexpected::sign(Selection { offer, request_id: request.request_id.clone(),
   |
help: a trait with a similar name exists
   |
85 -     store.select(&Signed::sign(Selection { offer, request_id: request.request_id.clone(),
85 +     store.select(&Sized::sign(Selection { offer, request_id: request.request_id.clone(),
   |

error[E0425]: cannot find function `binding_digest` in this scope
  --> crates/kernel/chio-kernel/tests/../examples/dynamic_delegation_support/mod.rs:86:26
   |
86 |         capability_hash: binding_digest(&request.capability)?, expected_revision: revision,
   |                          ^^^^^^^^^^^^^^ not found in this scope

error[E0433]: failed to resolve: use of undeclared type `DelegationStore`
  --> crates/kernel/chio-kernel/tests/../examples/dynamic_delegation_support/mod.rs:92:26
   |
92 |     let store = Arc::new(DelegationStore::open(root.join("allocation.db"))?);
   |                          ^^^^^^^^^^^^^^^ use of undeclared type `DelegationStore`
   |
help: a trait with a similar name exists
   |
92 -     let store = Arc::new(DelegationStore::open(root.join("allocation.db"))?);
92 +     let store = Arc::new(RevocationStore::open(root.join("allocation.db"))?);
   |

error[E0369]: binary operation `!=` cannot be applied to type `ChioReceipt`
   --> crates/kernel/chio-kernel/tests/../examples/dynamic_delegation_support/mod.rs:110:23
    |
110 |     if replay.receipt != response.receipt || replay.output != response.output || replay_calls.load(Ordering::SeqCst) != 0 { return ...
    |        -------------- ^^ ---------------- ChioReceipt
    |        |
    |        ChioReceipt
    |
note: `ChioReceipt` does not implement `PartialEq`
   --> crates/core/chio-core-types/src/receipt/body.rs:43:1
    |
 43 | pub struct ChioReceipt {
    | ^^^^^^^^^^^^^^^^^^^^^^ `ChioReceipt` is defined in another crate

error[E0277]: the trait bound `ToolCallOutput: serde::Serialize` is not satisfied
   --> crates/kernel/chio-kernel/tests/../examples/dynamic_delegation_support/mod.rs:116:8
    |
116 |       Ok(json!({"native_dispatches_for_selected_work":before,"replay_dispatches":0,
    |  ________^
117 | |         "replacement_after_dispatch_rejected":replacement_rejected,"sibling_completed":true,
118 | |         "selected_receiver":key(4).public_key().to_hex(),"output":response.output,
119 | |         "receipt":response.receipt,"sibling_receipt":sibling_response.receipt,
120 | |         "administration":"one operator, local in-process tools","payment":"simulated; no funds moved"}))
    | |                                                                                                       ^
    | |                                                                                                       |
    | |_______________________________________________________________________________________________________the trait `serde_core::ser::Serialize` is not implemented for `ToolCallOutput`
    |                                                                                                         required by a bound introduced by this call
    |
    = note: for local types consider adding `#[derive(serde::Serialize)]` to your `ToolCallOutput` type
    = note: for types from other crates check whether the crate offers a `serde` feature flag
    = help: the following other types implement trait `serde_core::ser::Serialize`:
              &'a T
              &'a mut T
              ()
              (T,)
              (T0, T1)
              (T0, T1, T2)
              (T0, T1, T2, T3)
              (T0, T1, T2, T3, T4)
            and 2995 others
    = note: required for `Option<ToolCallOutput>` to implement `serde_core::ser::Serialize`
    = note: 1 redundant requirement hidden
    = note: required for `&Option<ToolCallOutput>` to implement `serde_core::ser::Serialize`
note: required by a bound in `to_value`
   --> /home/connor/.cargo/registry/src/index.crates.io-1949cf8c6b5b557f/serde_json-1.0.149/src/value/mod.rs:997:8
    |
995 | pub fn to_value<T>(value: T) -> Result<Value, Error>
    |        -------- required by a bound in this function
996 | where
997 |     T: Serialize,
    |        ^^^^^^^^^ required by this bound in `to_value`
    = note: the full name for the type has been written to '/tmp/chio-paper-target/debug/deps/dynamic_delegation-a2260c53804ad407.long-type-14297593264197657375.txt'
    = note: consider using `--verbose` to print the full type name to the console
    = note: this error originates in the macro `$crate::json_internal` which comes from the expansion of the macro `json` (in Nightly builds, run with -Z macro-backtrace for more info)

error[E0433]: failed to resolve: use of undeclared type `DelegationStore`
  --> crates/kernel/chio-kernel/tests/dynamic_delegation.rs:24:30
   |
24 |         let store = Arc::new(DelegationStore::open(dir.path().join("allocation.db"))?);
   |                              ^^^^^^^^^^^^^^^ use of undeclared type `DelegationStore`
   |
help: a trait with a similar name exists
   |
24 -         let store = Arc::new(DelegationStore::open(dir.path().join("allocation.db"))?);
24 +         let store = Arc::new(RevocationStore::open(dir.path().join("allocation.db"))?);
   |

error[E0433]: failed to resolve: use of undeclared type `DelegationStore`
  --> crates/kernel/chio-kernel/tests/dynamic_delegation.rs:46:26
   |
46 |     let store = Arc::new(DelegationStore::open(dir.path().join("allocation.db"))?);
   |                          ^^^^^^^^^^^^^^^ use of undeclared type `DelegationStore`
   |
help: a trait with a similar name exists
   |
46 -     let store = Arc::new(DelegationStore::open(dir.path().join("allocation.db"))?);
46 +     let store = Arc::new(RevocationStore::open(dir.path().join("allocation.db"))?);
   |

error[E0369]: binary operation `==` cannot be applied to type `ChioReceipt`
  --> crates/kernel/chio-kernel/tests/dynamic_delegation.rs:57:5
   |
57 |     assert_eq!(replay.receipt, response.receipt);
   |     ^^^^^^^^^^^^^^^^^^^^^^^^^^^^^^^^^^^^^^^^^^^^
   |     |
   |     ChioReceipt
   |     ChioReceipt
   |
note: `ChioReceipt` does not implement `PartialEq`
  --> crates/core/chio-core-types/src/receipt/body.rs:43:1
   |
43 | pub struct ChioReceipt {
   | ^^^^^^^^^^^^^^^^^^^^^^ `ChioReceipt` is defined in another crate
   = note: this error originates in the macro `assert_eq` (in Nightly builds, run with -Z macro-backtrace for more info)

error[E0433]: failed to resolve: use of undeclared type `Clause`
  --> crates/kernel/chio-kernel/tests/../examples/dynamic_delegation_support/mod.rs:17:48
   |
17 |         acceptance: Acceptance { clauses: vec![Clause::IntegerRange { pointer: "/count".into(), min: 1, max: 10 }] },
   |                                                ^^^^^^ use of undeclared type `Clause`

Some errors have detailed explanations: E0277, E0369, E0422, E0425, E0433.
For more information about an error, try `rustc --explain E0277`.
error: could not compile `chio-kernel` (test "dynamic_delegation") due to 28 previous errors
