warning: patch `cmpv2 v0.2.0 (/home/connor/backbay/arc-agentic-work-plan/third_party/cmpv2-chio)` was not used in the crate graph
warning: patch `crmf v0.2.0 (/home/connor/backbay/arc-agentic-work-plan/third_party/crmf-chio)` was not used in the crate graph
warning: patch `ignore v0.4.32 (/home/connor/backbay/arc-agentic-work-plan/third_party/ignore-chio)` was not used in the crate graph
warning: patch `nono v0.53.0 (/home/connor/backbay/arc-agentic-work-plan/third_party/nono-upstream-chio)` was not used in the crate graph
warning: patch `regress v0.11.1 (/home/connor/backbay/arc-agentic-work-plan/third_party/regress-chio)` was not used in the crate graph
warning: patch `sigstore-crypto v0.6.6 (/home/connor/backbay/arc-agentic-work-plan/third_party/sigstore-crypto-chio)` was not used in the crate graph
warning: patch `sigstore-merkle v0.6.6 (/home/connor/backbay/arc-agentic-work-plan/third_party/sigstore-merkle-chio)` was not used in the crate graph
warning: patch `sigstore-trust-root v0.6.3 (/home/connor/backbay/arc-agentic-work-plan/third_party/sigstore-trust-root-chio)` was not used in the crate graph
warning: patch `sigstore-verify v0.6.3 (/home/connor/backbay/arc-agentic-work-plan/third_party/sigstore-verify-chio)` was not used in the crate graph
help: Check that the patched package version and available features are compatible
      with the dependency requirements. If the patch has a different version from
      what is locked in the Cargo.lock file, run `cargo update` to use the new
      version. This may also occur with an optional dependency that is not enabled.
    Checking chio-security-types v0.1.0 (/home/connor/backbay/arc-agentic-work-plan/crates/security/chio-security-types)
    Checking chio-core-types v0.1.0 (/home/connor/backbay/arc-agentic-work-plan/crates/core/chio-core-types)
    Checking chio-listing v0.1.0 (/home/connor/backbay/arc-agentic-work-plan/crates/economy/chio-listing)
    Checking chio-revocation-oracle v0.1.0 (/home/connor/backbay/arc-agentic-work-plan/crates/trust/chio-revocation-oracle)
    Checking chio-finding v0.1.0 (/home/connor/backbay/arc-agentic-work-plan/crates/economy/chio-finding)
    Checking chio-fiscal v0.1.0 (/home/connor/backbay/arc-agentic-work-plan/crates/economy/chio-fiscal)
    Checking chio-governance v0.1.0 (/home/connor/backbay/arc-agentic-work-plan/crates/trust/chio-governance)
    Checking chio-pheromone v0.1.0 (/home/connor/backbay/arc-agentic-work-plan/crates/trust/chio-pheromone)
    Checking chio-appraisal v0.1.0 (/home/connor/backbay/arc-agentic-work-plan/crates/economy/chio-appraisal)
    Checking chio-open-market v0.1.0 (/home/connor/backbay/arc-agentic-work-plan/crates/economy/chio-open-market)
    Checking chio-underwriting v0.1.0 (/home/connor/backbay/arc-agentic-work-plan/crates/economy/chio-underwriting)
    Checking chio-federation v0.1.0 (/home/connor/backbay/arc-agentic-work-plan/crates/trust/chio-federation)
    Checking chio-fincred v0.1.0 (/home/connor/backbay/arc-agentic-work-plan/crates/economy/chio-fincred)
    Checking chio-did v0.1.0 (/home/connor/backbay/arc-agentic-work-plan/crates/trust/chio-did)
    Checking chio-credit v0.1.0 (/home/connor/backbay/arc-agentic-work-plan/crates/economy/chio-credit)
    Checking chio-web3 v0.1.0 (/home/connor/backbay/arc-agentic-work-plan/crates/economy/chio-web3)
    Checking chio-market v0.1.0 (/home/connor/backbay/arc-agentic-work-plan/crates/economy/chio-market)
    Checking chio-autonomy v0.1.0 (/home/connor/backbay/arc-agentic-work-plan/crates/economy/chio-autonomy)
    Checking chio-core v0.1.0 (/home/connor/backbay/arc-agentic-work-plan/crates/core/chio-core)
    Checking chio-workflow v0.1.0 (/home/connor/backbay/arc-agentic-work-plan/crates/platform/chio-workflow)
    Finished `dev` profile [unoptimized] target(s) in 1m 05s
