..FFFFFF
======================================================================
FAIL: test_missing_or_wrong_recovery_cannot_be_promoted_by_exit_zero (test_provenance.QualificationTests.test_missing_or_wrong_recovery_cannot_be_promoted_by_exit_zero) (field='signal')
----------------------------------------------------------------------
Traceback (most recent call last):
  File "/tmp/chio-verifiable-work-paper/docs/papers/verifiable-work/tools/test_provenance.py", line 74, in test_missing_or_wrong_recovery_cannot_be_promoted_by_exit_zero
    self.assertTrue(verify_qualification(self.root, self.record))
    ~~~~~~~~~~~~~~~^^^^^^^^^^^^^^^^^^^^^^^^^^^^^^^^^^^^^^^^^^^^^^
AssertionError: [] is not true

======================================================================
FAIL: test_missing_or_wrong_recovery_cannot_be_promoted_by_exit_zero (test_provenance.QualificationTests.test_missing_or_wrong_recovery_cannot_be_promoted_by_exit_zero) (field='cut')
----------------------------------------------------------------------
Traceback (most recent call last):
  File "/tmp/chio-verifiable-work-paper/docs/papers/verifiable-work/tools/test_provenance.py", line 74, in test_missing_or_wrong_recovery_cannot_be_promoted_by_exit_zero
    self.assertTrue(verify_qualification(self.root, self.record))
    ~~~~~~~~~~~~~~~^^^^^^^^^^^^^^^^^^^^^^^^^^^^^^^^^^^^^^^^^^^^^^
AssertionError: [] is not true

======================================================================
FAIL: test_missing_or_wrong_recovery_cannot_be_promoted_by_exit_zero (test_provenance.QualificationTests.test_missing_or_wrong_recovery_cannot_be_promoted_by_exit_zero) (field='recovery_dispatches')
----------------------------------------------------------------------
Traceback (most recent call last):
  File "/tmp/chio-verifiable-work-paper/docs/papers/verifiable-work/tools/test_provenance.py", line 74, in test_missing_or_wrong_recovery_cannot_be_promoted_by_exit_zero
    self.assertTrue(verify_qualification(self.root, self.record))
    ~~~~~~~~~~~~~~~^^^^^^^^^^^^^^^^^^^^^^^^^^^^^^^^^^^^^^^^^^^^^^
AssertionError: [] is not true

======================================================================
FAIL: test_missing_or_wrong_recovery_cannot_be_promoted_by_exit_zero (test_provenance.QualificationTests.test_missing_or_wrong_recovery_cannot_be_promoted_by_exit_zero) (field='blind_replacement_rejected')
----------------------------------------------------------------------
Traceback (most recent call last):
  File "/tmp/chio-verifiable-work-paper/docs/papers/verifiable-work/tools/test_provenance.py", line 74, in test_missing_or_wrong_recovery_cannot_be_promoted_by_exit_zero
    self.assertTrue(verify_qualification(self.root, self.record))
    ~~~~~~~~~~~~~~~^^^^^^^^^^^^^^^^^^^^^^^^^^^^^^^^^^^^^^^^^^^^^^
AssertionError: [] is not true

======================================================================
FAIL: test_missing_or_wrong_recovery_cannot_be_promoted_by_exit_zero (test_provenance.QualificationTests.test_missing_or_wrong_recovery_cannot_be_promoted_by_exit_zero) (field='sibling_completed_before_recovery')
----------------------------------------------------------------------
Traceback (most recent call last):
  File "/tmp/chio-verifiable-work-paper/docs/papers/verifiable-work/tools/test_provenance.py", line 74, in test_missing_or_wrong_recovery_cannot_be_promoted_by_exit_zero
    self.assertTrue(verify_qualification(self.root, self.record))
    ~~~~~~~~~~~~~~~^^^^^^^^^^^^^^^^^^^^^^^^^^^^^^^^^^^^^^^^^^^^^^
AssertionError: [] is not true

======================================================================
FAIL: test_missing_or_wrong_recovery_cannot_be_promoted_by_exit_zero (test_provenance.QualificationTests.test_missing_or_wrong_recovery_cannot_be_promoted_by_exit_zero) (field='recovered_receipt')
----------------------------------------------------------------------
Traceback (most recent call last):
  File "/tmp/chio-verifiable-work-paper/docs/papers/verifiable-work/tools/test_provenance.py", line 74, in test_missing_or_wrong_recovery_cannot_be_promoted_by_exit_zero
    self.assertTrue(verify_qualification(self.root, self.record))
    ~~~~~~~~~~~~~~~^^^^^^^^^^^^^^^^^^^^^^^^^^^^^^^^^^^^^^^^^^^^^^
AssertionError: [] is not true

----------------------------------------------------------------------
Ran 3 tests in 0.096s

FAILED (failures=6)
