warning: patch `cmpv2 v0.2.0 (/home/connor/backbay/arc-agentic-work-plan/third_party/cmpv2-chio)` was not used in the crate graph
warning: patch `crmf v0.2.0 (/home/connor/backbay/arc-agentic-work-plan/third_party/crmf-chio)` was not used in the crate graph
warning: patch `ignore v0.4.32 (/home/connor/backbay/arc-agentic-work-plan/third_party/ignore-chio)` was not used in the crate graph
warning: patch `nono v0.53.0 (/home/connor/backbay/arc-agentic-work-plan/third_party/nono-upstream-chio)` was not used in the crate graph
warning: patch `regress v0.11.1 (/home/connor/backbay/arc-agentic-work-plan/third_party/regress-chio)` was not used in the crate graph
warning: patch `sigstore-crypto v0.6.6 (/home/connor/backbay/arc-agentic-work-plan/third_party/sigstore-crypto-chio)` was not used in the crate graph
warning: patch `sigstore-merkle v0.6.6 (/home/connor/backbay/arc-agentic-work-plan/third_party/sigstore-merkle-chio)` was not used in the crate graph
warning: patch `sigstore-trust-root v0.6.3 (/home/connor/backbay/arc-agentic-work-plan/third_party/sigstore-trust-root-chio)` was not used in the crate graph
warning: patch `sigstore-verify v0.6.3 (/home/connor/backbay/arc-agentic-work-plan/third_party/sigstore-verify-chio)` was not used in the crate graph
help: Check that the patched package version and available features are compatible
      with the dependency requirements. If the patch has a different version from
      what is locked in the Cargo.lock file, run `cargo update` to use the new
      version. This may also occur with an optional dependency that is not enabled.
    Checking aws-lc-rs v1.18.1 (/home/connor/backbay/arc-agentic-work-plan/third_party/aws-lc-rs-chio)
    Checking rustls-webpki v0.103.15
    Checking jsonwebtoken v10.4.0
    Checking rustls v0.23.45
    Checking chio-federation-authority v0.1.0 (/home/connor/backbay/arc-agentic-work-plan/crates/trust/chio-federation-authority)
    Checking tokio-rustls v0.26.4
    Checking rustls-platform-verifier v0.6.2
    Checking tough v0.22.0
    Checking hyper-rustls v0.27.7
    Checking reqwest v0.13.2
    Checking oci-client v0.17.0
    Checking chio-egress-contract v0.1.0 (/home/connor/backbay/arc-agentic-work-plan/crates/protocol/chio-egress-contract)
    Checking chio-settle v0.1.0 (/home/connor/backbay/arc-agentic-work-plan/crates/economy/chio-settle)
    Checking sigstore v0.14.0
    Checking chio-attest-verify v0.1.0 (/home/connor/backbay/arc-agentic-work-plan/crates/trust/chio-attest-verify)
    Checking chio-weights v0.1.0 (/home/connor/backbay/arc-agentic-work-plan/crates/trust/chio-weights)
    Checking chio-link v0.1.0 (/home/connor/backbay/arc-agentic-work-plan/crates/economy/chio-link)
    Checking ureq v2.12.1
    Checking chio-kernel v0.1.0 (/home/connor/backbay/arc-agentic-work-plan/crates/kernel/chio-kernel)
    Checking chio-finding-verifier v0.1.0 (/home/connor/backbay/arc-agentic-work-plan/crates/trust/chio-finding-verifier)
    Checking chio-transaction-passport v0.1.0 (/home/connor/backbay/arc-agentic-work-plan/crates/platform/chio-transaction-passport)
    Checking chio-risk-comptroller v0.1.0 (/home/connor/backbay/arc-agentic-work-plan/crates/platform/chio-risk-comptroller)
    Checking chio-commerce-order v0.1.0 (/home/connor/backbay/arc-agentic-work-plan/crates/platform/chio-commerce-order)
    Checking chio-agent-web-interop v0.1.0 (/home/connor/backbay/arc-agentic-work-plan/crates/platform/chio-agent-web-interop)
    Checking chio-store-sqlite v0.1.0 (/home/connor/backbay/arc-agentic-work-plan/crates/platform/chio-store-sqlite)
    Finished `dev` profile [unoptimized] target(s) in 1m 36s
