---
source: crates/products/chio-cli/tests/conformance_cli.rs
expression: help_text
---
Execute conformance scenarios against a peer language adapter

Usage: chio conformance run [OPTIONS] --peer <PEER>

Options:
      --peer <PEER>
          Peer language adapter to exercise (`js`, `python`, `go`, `cpp`, or `all`)

      --report <REPORT>
          Optional report format. Pass `json` to emit machine-readable JSON summarising the run; omit to print a human-readable summary

      --scenario <SCENARIO>
          Optional scenario id filter. When set, only scenarios with this id are surfaced in the printed/written report; the underlying harness still executes the full corpus

      --output <OUTPUT>
          Optional output file. When provided, the report is written to this path; otherwise the report is printed to stdout

      --peer-binary <PATH>
          Explicit peer executable to run. Valid only with a single `--peer` language, and used by release smoke tests after `fetch-peers` downloads a pinned artifact

      --json
          Short alias for `--format json`

      --receipt-db <RECEIPT_DB>
          Optional SQLite database path for durable receipt persistence

      --revocation-db <REVOCATION_DB>
          Optional SQLite database path for durable capability revocation persistence

      --authority-seed-file <AUTHORITY_SEED_FILE>
          Optional file path for a persistent capability-authority seed

      --keyring-config <KEYRING_CONFIG>
          Operator-supplied keyring configuration with a durable key log and independent trust roots

      --broker-config <BROKER_CONFIG>
          Canonical production broker composition with sealed signing-key custody

      --authority-db <AUTHORITY_DB>
          Optional SQLite database path for shared capability-authority state

      --budget-db <BUDGET_DB>
          Optional SQLite database path for durable shared capability budget state

      --aggregate-invocation-admission
          Enable durable aggregate invocation admission for ordinary tool calls

      --admission-operation-db <ADMISSION_OPERATION_DB>
          SQLite database path for durable aggregate and threshold admission operations

      --approval-db <APPROVAL_DB>
          SQLite database path for durable threshold approval replay state

      --approver-directory <APPROVER_DIRECTORY>
          Authenticated approver-directory YAML used to compile threshold policy

      --threshold-proposal-authority-public-key <THRESHOLD_PROPOSAL_AUTHORITY_PUBLIC_KEY>
          Independently configured authority trusted to sign threshold proposals

          [env: CHIO_THRESHOLD_PROPOSAL_AUTHORITY_PUBLIC_KEY=]

      --session-db <SESSION_DB>
          Optional SQLite database path for durable remote MCP session tombstones

      --resume-hmac-keyring <PATH>
          Dedicated HMAC keyring used only for durable remote MCP resume records

      --control-url <CONTROL_URL>
          Comma-separated final trust-control endpoint URLs.

          Endpoints require HTTPS unless the host is a numeric loopback address. Control clients do not follow redirects. For private PKI, set `CHIO_CONTROL_TLS_ROOT_CA_FILE` to a regular, non-symlink PEM CA bundle. The configured bundle replaces the ambient public WebPKI roots.

      --control-token <CONTROL_TOKEN>
          Bearer token used to authenticate to the shared trust-control service. Prefer `CHIO_CONTROL_TOKEN` env over the argv form so the bearer does not leak via `ps` / `/proc/<pid>/cmdline`

          [env: CHIO_CONTROL_TOKEN]

      --control-authority-public-key <CONTROL_AUTHORITY_PUBLIC_KEY>
          Independently pinned exact current capability-authority signer for fresh remote lookup envelopes and hosted MCP local-authority epoch matching

          [env: CHIO_CONTROL_AUTHORITY_PUBLIC_KEY=]

      --control-authority-trusted-public-keys <CONTROL_AUTHORITY_TRUSTED_PUBLIC_KEYS>
          Previously active authority keys trusted only for durable remote artifacts. These keys cannot satisfy the current-signer pin. The complete current and historical bundle is limited to 256 unique keys

          [env: CHIO_CONTROL_AUTHORITY_TRUSTED_PUBLIC_KEYS=]

  -h, --help
          Print help (see a summary with '-h')
