    Checking stable_deref_trait v1.2.1
    Checking zerofrom v0.1.8
    Checking typenum v1.20.1
    Checking yoke v0.8.3
    Checking zerovec v0.11.8
    Checking generic-array v0.14.7
    Checking tinystr v0.8.4
    Checking litemap v0.8.3
    Checking writeable v0.6.4
    Checking libc v0.2.189
    Checking icu_locale_core v2.3.0
    Checking potential_utf v0.1.6
    Checking zerotrie v0.2.5
    Checking cfg-if v1.0.5
    Checking utf8_iter v1.0.4
    Checking icu_provider v2.3.1
    Checking icu_collections v2.3.0
    Checking crypto-common v0.1.7
    Checking block-buffer v0.10.4
    Checking icu_normalizer_data v2.3.0
    Checking digest v0.10.7
    Checking icu_properties_data v2.3.0
    Checking smallvec v1.16.2
    Checking icu_properties v2.3.0
    Checking icu_normalizer v2.3.0
    Checking serde_core v1.0.229
    Checking cpufeatures v0.2.17
    Checking sha2 v0.10.9
    Checking idna_adapter v1.2.2
    Checking zmij v1.0.23
    Checking getrandom v0.2.17
    Checking memchr v2.8.3
    Checking itoa v1.0.18
    Checking signature v2.2.0
    Checking subtle v2.6.1
    Checking percent-encoding v2.3.2
    Checking zeroize v1.9.0
    Checking form_urlencoded v1.2.2
    Checking ed25519 v2.2.3
    Checking curve25519-dalek v4.1.3
    Checking serde_json v1.0.151
    Checking serde v1.0.229
    Checking rand_core v0.6.4
    Checking idna v1.1.0
    Checking ed25519-dalek v2.2.0
    Checking url v2.5.8
    Checking chio-security-types v0.1.0 (/Users/connor/Medica/backbay/standalone/arc/.worktrees/openappa-recovery-lab-20261001/crates/security/chio-security-types)
    Checking thiserror v1.0.69
    Checking hex v0.4.3
    Checking ryu v1.0.23
    Checking chio-core-types v0.1.0 (/Users/connor/Medica/backbay/standalone/arc/.worktrees/openappa-recovery-lab-20261001/crates/core/chio-core-types)
    Checking chio-flow v0.1.0 (/Users/connor/Medica/backbay/standalone/arc/.worktrees/openappa-recovery-lab-20261001/crates/security/chio-flow)
    Checking chio-recovery-lab v0.1.0 (/Users/connor/Medica/backbay/standalone/arc/.worktrees/openappa-recovery-lab-20261001/labs/openappa-recovery)
error: unused import: `InformationFlowLattice`
 --> tests/recovery.rs:1:52
  |
1 | use chio_flow::{DeclassificationError, FlowDenial, InformationFlowLattice};
  |                                                    ^^^^^^^^^^^^^^^^^^^^^^
  |
  = note: `-D unused-imports` implied by `-D warnings`
  = help: to override `-D warnings` add `#[allow(unused_imports)]`

error: could not compile `chio-recovery-lab` (test "recovery") due to 1 previous error
