warning: patch `cmpv2 v0.2.0 (/tmp/chio-verifiable-work-paper/third_party/cmpv2-chio)` was not used in the crate graph
warning: patch `crmf v0.2.0 (/tmp/chio-verifiable-work-paper/third_party/crmf-chio)` was not used in the crate graph
warning: patch `ignore v0.4.32 (/tmp/chio-verifiable-work-paper/third_party/ignore-chio)` was not used in the crate graph
warning: patch `nono v0.53.0 (/tmp/chio-verifiable-work-paper/third_party/nono-upstream-chio)` was not used in the crate graph
warning: patch `regress v0.11.1 (/tmp/chio-verifiable-work-paper/third_party/regress-chio)` was not used in the crate graph
warning: patch `sigstore-crypto v0.6.6 (/tmp/chio-verifiable-work-paper/third_party/sigstore-crypto-chio)` was not used in the crate graph
warning: patch `sigstore-merkle v0.6.6 (/tmp/chio-verifiable-work-paper/third_party/sigstore-merkle-chio)` was not used in the crate graph
warning: patch `sigstore-trust-root v0.6.3 (/tmp/chio-verifiable-work-paper/third_party/sigstore-trust-root-chio)` was not used in the crate graph
warning: patch `sigstore-verify v0.6.3 (/tmp/chio-verifiable-work-paper/third_party/sigstore-verify-chio)` was not used in the crate graph
help: Check that the patched package version and available features are compatible
      with the dependency requirements. If the patch has a different version from
      what is locked in the Cargo.lock file, run `cargo update` to use the new
      version. This may also occur with an optional dependency that is not enabled.
   Compiling chio-process v0.1.0 (/tmp/chio-verifiable-work-paper/crates/kernel/chio-process)
error[E0277]: the trait bound `chio_kernel::ToolCallResponse: serde::Deserialize<'de>` is not satisfied
    --> crates/kernel/chio-process/tests/cross_owner_recovery.rs:177:50
     |
 177 |         let old: chio_kernel::ToolCallResponse = serde_json::from_slice(&std::fs::read(&prior)?)?;
     |                                                  ^^^^^^^^^^^^^^^^^^^^^^^^^^^^^^^^^^^^^^^^^^^^^^^ the trait `supplemental::_::_serde::Deserialize<'_>` is not implemented for `chio_kernel::ToolCallResponse`
     |
     = note: for local types consider adding `#[derive(serde::Deserialize)]` to your `chio_kernel::ToolCallResponse` type
     = note: for types from other crates check whether the crate offers a `serde` feature flag
     = help: the following other types implement trait `supplemental::_::_serde::Deserialize<'de>`:
               &'a Path
               &'a [u8]
               &'a str
               ()
               (T,)
               (T0, T1)
               (T0, T1, T2)
               (T0, T1, T2, T3)
             and 2946 others
note: required by a bound in `from_slice`
    --> /home/connor/.cargo/registry/src/index.crates.io-1949cf8c6b5b557f/serde_json-1.0.149/src/de.rs:2659:8
     |
2657 | pub fn from_slice<'a, T>(v: &'a [u8]) -> Result<T>
     |        ---------- required by a bound in this function
2658 | where
2659 |     T: de::Deserialize<'a>,
     |        ^^^^^^^^^^^^^^^^^^^ required by this bound in `from_slice`
     = note: the full name for the type has been written to '/tmp/chio-paper-target/debug/deps/cross_owner_recovery-dabb447c49a1160f.long-type-17625282993110506007.txt'
     = note: consider using `--verbose` to print the full type name to the console

error[E0308]: mismatched types
   --> crates/kernel/chio-process/tests/cross_owner_recovery.rs:188:37
    |
188 |         assert_eq!(response.output, Some(json!({"applied":true})));
    |                                     ^^^^^^^^^^^^^^^^^^^^^^^^^^^^^ expected `Option<ToolCallOutput>`, found `Option<Value>`
    |
    = note: expected enum `std::option::Option<ToolCallOutput>`
               found enum `std::option::Option<serde_json::Value>`

error[E0277]: the trait bound `chio_kernel::ToolCallResponse: serde::Serialize` is not satisfied
    --> crates/kernel/chio-process/tests/cross_owner_recovery.rs:203:47
     |
 203 |     durable_write(&prior, &serde_json::to_vec(&response)?)?;
     |                            ------------------ ^^^^^^^^^ the trait `supplemental::_::_serde::Serialize` is not implemented for `chio_kernel::ToolCallResponse`
     |                            |
     |                            required by a bound introduced by this call
     |
     = note: for local types consider adding `#[derive(serde::Serialize)]` to your `chio_kernel::ToolCallResponse` type
     = note: for types from other crates check whether the crate offers a `serde` feature flag
     = help: the following other types implement trait `supplemental::_::_serde::Serialize`:
               &'a T
               &'a mut T
               ()
               (T,)
               (T0, T1)
               (T0, T1, T2)
               (T0, T1, T2, T3)
               (T0, T1, T2, T3, T4)
             and 2982 others
note: required by a bound in `to_vec`
    --> /home/connor/.cargo/registry/src/index.crates.io-1949cf8c6b5b557f/serde_json-1.0.149/src/ser.rs:2215:17
     |
2213 | pub fn to_vec<T>(value: &T) -> Result<Vec<u8>>
     |        ------ required by a bound in this function
2214 | where
2215 |     T: ?Sized + Serialize,
     |                 ^^^^^^^^^ required by this bound in `to_vec`
     = note: the full name for the type has been written to '/tmp/chio-paper-target/debug/deps/cross_owner_recovery-dabb447c49a1160f.long-type-17625282993110506007.txt'
     = note: consider using `--verbose` to print the full type name to the console

error[E0277]: the trait bound `ToolCallOutput: serde::Serialize` is not satisfied
    --> crates/kernel/chio-process/tests/cross_owner_recovery.rs:205:78
     |
 205 |     durable_write(&dir.join("application-release.json"), &serde_json::to_vec(&response.output)?)?;
     |                                                           ------------------ ^^^^^^^^^^^^^^^^ the trait `supplemental::_::_serde::Serialize` is not implemented for `ToolCallOutput`
     |                                                           |
     |                                                           required by a bound introduced by this call
     |
     = note: for local types consider adding `#[derive(serde::Serialize)]` to your `ToolCallOutput` type
     = note: for types from other crates check whether the crate offers a `serde` feature flag
     = help: the following other types implement trait `supplemental::_::_serde::Serialize`:
               &'a T
               &'a mut T
               ()
               (T,)
               (T0, T1)
               (T0, T1, T2)
               (T0, T1, T2, T3)
               (T0, T1, T2, T3, T4)
             and 2982 others
     = note: required for `std::option::Option<ToolCallOutput>` to implement `supplemental::_::_serde::Serialize`
note: required by a bound in `to_vec`
    --> /home/connor/.cargo/registry/src/index.crates.io-1949cf8c6b5b557f/serde_json-1.0.149/src/ser.rs:2215:17
     |
2213 | pub fn to_vec<T>(value: &T) -> Result<Vec<u8>>
     |        ------ required by a bound in this function
2214 | where
2215 |     T: ?Sized + Serialize,
     |                 ^^^^^^^^^ required by this bound in `to_vec`
     = note: the full name for the type has been written to '/tmp/chio-paper-target/debug/deps/cross_owner_recovery-dabb447c49a1160f.long-type-17625282993110506007.txt'
     = note: consider using `--verbose` to print the full type name to the console

error[E0277]: the trait bound `Verdict: serde::Serialize` is not satisfied
   --> crates/kernel/chio-process/tests/cross_owner_recovery.rs:207:20
    |
207 |       println!("{}", json!({"owner":owner,"cut":cut,"tree_calls":1,
    |  ____________________^
208 | |         "request_sha256":sha256_hex(&canonical_json_bytes(&request)?),
209 | |         "receipt_id":response.receipt.id,"verdict":response.verdict,
210 | |         "metadata":response.receipt.metadata}));
    | |                                              ^
    | |                                              |
    | |______________________________________________the trait `supplemental::_::_serde::Serialize` is not implemented for `Verdict`
    |                                                required by a bound introduced by this call
    |
    = note: for local types consider adding `#[derive(serde::Serialize)]` to your `Verdict` type
    = note: for types from other crates check whether the crate offers a `serde` feature flag
    = help: the following other types implement trait `supplemental::_::_serde::Serialize`:
              &'a T
              &'a mut T
              ()
              (T,)
              (T0, T1)
              (T0, T1, T2)
              (T0, T1, T2, T3)
              (T0, T1, T2, T3, T4)
            and 2982 others
    = note: required for `&Verdict` to implement `supplemental::_::_serde::Serialize`
note: required by a bound in `to_value`
   --> /home/connor/.cargo/registry/src/index.crates.io-1949cf8c6b5b557f/serde_json-1.0.149/src/value/mod.rs:997:8
    |
995 | pub fn to_value<T>(value: T) -> Result<Value, Error>
    |        -------- required by a bound in this function
996 | where
997 |     T: Serialize,
    |        ^^^^^^^^^ required by this bound in `to_value`
    = note: the full name for the type has been written to '/tmp/chio-paper-target/debug/deps/cross_owner_recovery-dabb447c49a1160f.long-type-17625282993110506007.txt'
    = note: consider using `--verbose` to print the full type name to the console
    = note: this error originates in the macro `$crate::json_internal` which comes from the expansion of the macro `json` (in Nightly builds, run with -Z macro-backtrace for more info)

Some errors have detailed explanations: E0277, E0308.
For more information about an error, try `rustc --explain E0277`.
error: could not compile `chio-process` (test "cross_owner_recovery") due to 5 previous errors
warning: build failed, waiting for other jobs to finish...
