warning: patch `cmpv2 v0.2.0 (/tmp/chio-verifiable-work-paper/third_party/cmpv2-chio)` was not used in the crate graph
warning: patch `crmf v0.2.0 (/tmp/chio-verifiable-work-paper/third_party/crmf-chio)` was not used in the crate graph
warning: patch `ignore v0.4.32 (/tmp/chio-verifiable-work-paper/third_party/ignore-chio)` was not used in the crate graph
warning: patch `nono v0.53.0 (/tmp/chio-verifiable-work-paper/third_party/nono-upstream-chio)` was not used in the crate graph
warning: patch `regress v0.11.1 (/tmp/chio-verifiable-work-paper/third_party/regress-chio)` was not used in the crate graph
warning: patch `sigstore-crypto v0.6.6 (/tmp/chio-verifiable-work-paper/third_party/sigstore-crypto-chio)` was not used in the crate graph
warning: patch `sigstore-merkle v0.6.6 (/tmp/chio-verifiable-work-paper/third_party/sigstore-merkle-chio)` was not used in the crate graph
warning: patch `sigstore-trust-root v0.6.3 (/tmp/chio-verifiable-work-paper/third_party/sigstore-trust-root-chio)` was not used in the crate graph
warning: patch `sigstore-verify v0.6.3 (/tmp/chio-verifiable-work-paper/third_party/sigstore-verify-chio)` was not used in the crate graph
help: Check that the patched package version and available features are compatible
      with the dependency requirements. If the patch has a different version from
      what is locked in the Cargo.lock file, run `cargo update` to use the new
      version. This may also occur with an optional dependency that is not enabled.
   Compiling bit-vec v0.8.0
   Compiling ciborium-io v0.2.2
   Compiling matchers v0.2.0
   Compiling crossbeam-epoch v0.9.20
   Compiling ciborium-ll v0.2.2
   Compiling tracing-subscriber v0.3.23
   Compiling bit-set v0.8.0
   Compiling ciborium v0.2.2
   Compiling fancy-regex v0.17.0
   Compiling object v0.37.3
   Compiling coset v0.4.2
   Compiling rayon-core v1.13.0
   Compiling jsonschema v0.46.0
   Compiling chio-custody-hw v0.1.0 (/tmp/chio-verifiable-work-paper/crates/trust/chio-custody-hw)
   Compiling chio-log-redact v0.1.0 (/tmp/chio-verifiable-work-paper/crates/observability/chio-log-redact)
   Compiling crossbeam-deque v0.8.6
   Compiling generator v0.8.8
   Compiling anstyle v1.0.14
   Compiling gimli v0.32.3
   Compiling plotters-backend v0.3.7
   Compiling clap_lex v1.1.0
   Compiling clap_builder v4.6.0
   Compiling chio-manifest v0.1.0 (/tmp/chio-verifiable-work-paper/crates/platform/chio-manifest)
   Compiling addr2line v0.25.1
   Compiling chio-tool-call-fabric v0.1.0 (/tmp/chio-verifiable-work-paper/crates/protocol/chio-tool-call-fabric)
   Compiling plotters-svg v0.3.7
   Compiling chio-kernel v0.1.0 (/tmp/chio-verifiable-work-paper/crates/kernel/chio-kernel)
   Compiling wait-timeout v0.2.1
   Compiling cast v0.3.0
   Compiling rustc-demangle v0.1.27
   Compiling quick-error v1.2.3
   Compiling rusty-fork v0.3.1
   Compiling criterion-plot v0.5.0
   Compiling rayon v1.11.0
   Compiling plotters v0.3.7
   Compiling clap v4.6.0
   Compiling rand_xorshift v0.4.0
   Compiling backtrace v0.3.76
   Compiling tinytemplate v1.2.1
   Compiling is-terminal v0.4.17
   Compiling thousands v0.2.0
   Compiling rustc-hash v1.1.0
   Compiling scoped-tls v1.0.1
   Compiling mintex v0.1.4
   Compiling anes v0.1.6
   Compiling oorandom v11.1.5
   Compiling unarray v0.1.4
   Compiling proptest v1.10.0
   Compiling criterion v0.5.1
   Compiling dhat v0.3.3
   Compiling loom v0.7.2
   Compiling chio-finding-verifier v0.1.0 (/tmp/chio-verifiable-work-paper/crates/trust/chio-finding-verifier)
   Compiling chio-transaction-passport v0.1.0 (/tmp/chio-verifiable-work-paper/crates/platform/chio-transaction-passport)
   Compiling chio-risk-comptroller v0.1.0 (/tmp/chio-verifiable-work-paper/crates/platform/chio-risk-comptroller)
   Compiling chio-commerce-order v0.1.0 (/tmp/chio-verifiable-work-paper/crates/platform/chio-commerce-order)
   Compiling chio-agent-web-interop v0.1.0 (/tmp/chio-verifiable-work-paper/crates/platform/chio-agent-web-interop)
   Compiling chio-store-sqlite v0.1.0 (/tmp/chio-verifiable-work-paper/crates/platform/chio-store-sqlite)
error[E0425]: cannot find function `scope_fixed_runtime_for_current_thread` in crate `chio_kernel`
   --> crates/kernel/chio-kernel/tests/durable_admission_sqlite/contractual_resolution.rs:184:43
    |
184 |           let _expired_clock = chio_kernel::scope_fixed_runtime_for_current_thread(
    |                                             ^^^^^^^^^^^^^^^^^^^^^^^^^^^^^^^^^^^^^^
    |
   ::: crates/kernel/chio-kernel/src/receipt_support/receipt_scopes.rs:52:1
    |
 52 | / pub fn scope_receipt_ids_for_current_thread(
 53 | |     receipt_ids: impl IntoIterator<Item = String>,
 54 | | ) -> ReceiptIdScope {
    | |___________________- similarly named function `scope_receipt_ids_for_current_thread` defined here
    |
help: a function with a similar name exists
    |
184 -         let _expired_clock = chio_kernel::scope_fixed_runtime_for_current_thread(
184 +         let _expired_clock = chio_kernel::scope_receipt_ids_for_current_thread(
    |

For more information about this error, try `rustc --explain E0425`.
error: could not compile `chio-kernel` (test "durable_admission_sqlite") due to 1 previous error
