
running 0 tests

test result: ok. 0 passed; 0 failed; 0 ignored; 0 measured; 0 filtered out; finished in 0.00s


running 10 tests
test subprocess_worker ... ok

running 1 test

running 1 test

running 1 test

running 1 test

running 1 test

running 1 test

running 1 test

running 1 test

running 1 test

running 1 test

running 1 test

running 1 test

running 1 test

running 1 test

running 1 test

running 1 test

running 1 test

running 1 test
test subprocess_worker ... ok

test result: ok. 1 passed; 0 failed; 0 ignored; 0 measured; 9 filtered out; finished in 0.95s


running 1 test
test subprocess_worker ... ok

test result: ok. 1 passed; 0 failed; 0 ignored; 0 measured; 9 filtered out; finished in 0.98s

test unknown_effect_is_not_redispatched_after_process_death ... ok
test subprocess_worker ... ok

test result: ok. 1 passed; 0 failed; 0 ignored; 0 measured; 9 filtered out; finished in 1.07s

test known_only_policy_survives_host_death_and_cannot_be_relaxed ... ok
test subprocess_worker ... ok

test result: ok. 1 passed; 0 failed; 0 ignored; 0 measured; 9 filtered out; finished in 1.00s

test read_only_recovery_keeps_the_request_identity_when_a_grant_is_present ... ok
test subprocess_worker ... ok

test result: ok. 1 passed; 0 failed; 0 ignored; 0 measured; 9 filtered out; finished in 0.97s

test completed_effect_survives_abrupt_exit_and_a_fresh_os_process ... ok

running 1 test
test subprocess_worker ... ok

test result: ok. 1 passed; 0 failed; 0 ignored; 0 measured; 9 filtered out; finished in 1.09s

test unknown_quota_read_keeps_the_original_charge_and_dispatch_identity ... ok
test subprocess_worker ... ok

test result: ok. 1 passed; 0 failed; 0 ignored; 0 measured; 9 filtered out; finished in 0.98s

test unknown_monetary_read_retains_one_original_payment_hold ... ok
test subprocess_worker ... ok

test result: ok. 1 passed; 0 failed; 0 ignored; 0 measured; 9 filtered out; finished in 1.31s

test unknown_read_only_outcome_is_redispatched_under_a_fresh_request_identity ... ok

running 1 test

running 1 test
test subprocess_worker ... ok

test result: ok. 1 passed; 0 failed; 0 ignored; 0 measured; 9 filtered out; finished in 0.94s

test repeatedly_unknown_reads_stop_at_the_third_dispatch ... ok
test subprocess_worker ... ok

test result: ok. 1 passed; 0 failed; 0 ignored; 0 measured; 9 filtered out; finished in 0.85s


running 1 test

running 1 test
test subprocess_worker ... ok

test result: ok. 1 passed; 0 failed; 0 ignored; 0 measured; 9 filtered out; finished in 0.85s


running 1 test

running 1 test
test subprocess_worker ... ok

test result: ok. 1 passed; 0 failed; 0 ignored; 0 measured; 9 filtered out; finished in 1.03s


running 1 test

running 1 test
test subprocess_worker ... ok

test result: ok. 1 passed; 0 failed; 0 ignored; 0 measured; 9 filtered out; finished in 3.06s

test original_artifact_calls_keep_one_dispatch_and_identity_after_host_death ... ok

test result: ok. 10 passed; 0 failed; 0 ignored; 0 measured; 0 filtered out; finished in 17.24s


running 3 tests
test strict_nonce_subprocess ... ok

running 1 test

running 1 test
test strict_nonce_call_completes_once_and_replays_after_reopening ... ok
test strict_nonce_subprocess ... ok

test result: ok. 1 passed; 0 failed; 0 ignored; 0 measured; 2 filtered out; finished in 1.93s


running 1 test
test strict_nonce_subprocess ... ok

test result: ok. 1 passed; 0 failed; 0 ignored; 0 measured; 2 filtered out; finished in 1.82s

test strict_nonce_unknown_effect_keeps_original_custody_after_process_death ... ok

test result: ok. 3 passed; 0 failed; 0 ignored; 0 measured; 0 filtered out; finished in 6.18s

