warning: patch `cmpv2 v0.2.0 (/tmp/chio-verifiable-work-paper/third_party/cmpv2-chio)` was not used in the crate graph
warning: patch `crmf v0.2.0 (/tmp/chio-verifiable-work-paper/third_party/crmf-chio)` was not used in the crate graph
warning: patch `ignore v0.4.32 (/tmp/chio-verifiable-work-paper/third_party/ignore-chio)` was not used in the crate graph
warning: patch `nono v0.53.0 (/tmp/chio-verifiable-work-paper/third_party/nono-upstream-chio)` was not used in the crate graph
warning: patch `regress v0.11.1 (/tmp/chio-verifiable-work-paper/third_party/regress-chio)` was not used in the crate graph
warning: patch `sigstore-crypto v0.6.6 (/tmp/chio-verifiable-work-paper/third_party/sigstore-crypto-chio)` was not used in the crate graph
warning: patch `sigstore-merkle v0.6.6 (/tmp/chio-verifiable-work-paper/third_party/sigstore-merkle-chio)` was not used in the crate graph
warning: patch `sigstore-trust-root v0.6.3 (/tmp/chio-verifiable-work-paper/third_party/sigstore-trust-root-chio)` was not used in the crate graph
warning: patch `sigstore-verify v0.6.3 (/tmp/chio-verifiable-work-paper/third_party/sigstore-verify-chio)` was not used in the crate graph
help: Check that the patched package version and available features are compatible
      with the dependency requirements. If the patch has a different version from
      what is locked in the Cargo.lock file, run `cargo update` to use the new
      version. This may also occur with an optional dependency that is not enabled.
   Compiling sha2 v0.10.9
   Compiling aws-lc-rs v1.18.1 (/tmp/chio-verifiable-work-paper/third_party/aws-lc-rs-chio)
   Compiling rustls v0.23.45
   Compiling chio-metrics-spec v0.1.0 (/tmp/chio-verifiable-work-paper/crates/observability/chio-metrics-spec)
   Compiling scrypt v0.11.0
   Compiling pkcs5 v0.7.1
   Compiling chio-security-types v0.1.0 (/tmp/chio-verifiable-work-paper/crates/security/chio-security-types)
   Compiling rs_merkle v1.5.0
   Compiling pkcs8 v0.10.2
   Compiling ed25519 v2.2.3
   Compiling sec1 v0.7.3
   Compiling ed25519-dalek v2.2.0
   Compiling frost-ed25519 v3.0.0
   Compiling elliptic-curve v0.13.8
   Compiling ecdsa v0.16.9
   Compiling primeorder v0.13.6
   Compiling sha2 v0.11.0
   Compiling rustls-webpki v0.103.15
   Compiling pkcs1 v0.7.5
   Compiling oauth2 v5.0.0
   Compiling rsa v0.9.10
   Compiling p384 v0.13.1
   Compiling p256 v0.13.2
   Compiling jsonwebtoken v10.4.0
   Compiling openidconnect v4.0.1
   Compiling scrypt v0.12.0
   Compiling chio-attest-verify v0.1.0 (/tmp/chio-verifiable-work-paper/crates/trust/chio-attest-verify)
   Compiling tokio-rustls v0.26.4
   Compiling hyper-rustls v0.27.7
   Compiling rustls-platform-verifier v0.6.2
   Compiling reqwest v0.13.2
   Compiling tough v0.22.0
   Compiling oci-client v0.17.0
   Compiling chio-core-types v0.1.0 (/tmp/chio-verifiable-work-paper/crates/core/chio-core-types)
   Compiling sigstore v0.14.0
   Compiling chio-web3-bindings v0.1.0 (/tmp/chio-verifiable-work-paper/crates/economy/chio-web3-bindings)
   Compiling chio-data-guards-redactors-default v0.1.0 (/tmp/chio-verifiable-work-paper/crates/guards/chio-data-guards/redactors/default)
   Compiling chio-log-redact v0.1.0 (/tmp/chio-verifiable-work-paper/crates/observability/chio-log-redact)
   Compiling ureq v2.12.1
   Compiling chio-supervisor v0.1.0 (/tmp/chio-verifiable-work-paper/crates/core/chio-supervisor)
   Compiling chio-bounded v0.1.0 (/tmp/chio-verifiable-work-paper/crates/core/chio-bounded)
   Compiling bls12_381_plus v0.8.13
   Compiling chio-workflow-preflight v0.1.0 (/tmp/chio-verifiable-work-paper/crates/platform/chio-workflow-preflight)
   Compiling chio-sqlite-file-identity v0.1.0 (/tmp/chio-verifiable-work-paper/crates/platform/chio-sqlite-file-identity)
   Compiling chio-test-support v0.1.0 (/tmp/chio-verifiable-work-paper/crates/tooling/chio-test-support)
   Compiling affinidi-bbs v0.1.0
   Compiling chio-listing v0.1.0 (/tmp/chio-verifiable-work-paper/crates/economy/chio-listing)
   Compiling chio-revocation-oracle v0.1.0 (/tmp/chio-verifiable-work-paper/crates/trust/chio-revocation-oracle)
   Compiling chio-pheromone v0.1.0 (/tmp/chio-verifiable-work-paper/crates/trust/chio-pheromone)
   Compiling chio-finding v0.1.0 (/tmp/chio-verifiable-work-paper/crates/economy/chio-finding)
   Compiling chio-did v0.1.0 (/tmp/chio-verifiable-work-paper/crates/trust/chio-did)
   Compiling chio-fincred v0.1.0 (/tmp/chio-verifiable-work-paper/crates/economy/chio-fincred)
   Compiling chio-fiscal v0.1.0 (/tmp/chio-verifiable-work-paper/crates/economy/chio-fiscal)
   Compiling chio-governance v0.1.0 (/tmp/chio-verifiable-work-paper/crates/trust/chio-governance)
   Compiling chio-egress-contract v0.1.0 (/tmp/chio-verifiable-work-paper/crates/protocol/chio-egress-contract)
   Compiling chio-appraisal v0.1.0 (/tmp/chio-verifiable-work-paper/crates/economy/chio-appraisal)
   Compiling chio-open-market v0.1.0 (/tmp/chio-verifiable-work-paper/crates/economy/chio-open-market)
   Compiling chio-cage-plan v0.1.0 (/tmp/chio-verifiable-work-paper/crates/security/chio-cage-plan)
   Compiling chio-underwriting v0.1.0 (/tmp/chio-verifiable-work-paper/crates/economy/chio-underwriting)
   Compiling chio-federation v0.1.0 (/tmp/chio-verifiable-work-paper/crates/trust/chio-federation)
   Compiling chio-lineage v0.1.0 (/tmp/chio-verifiable-work-paper/crates/observability/chio-lineage)
   Compiling chio-custody-hw v0.1.0 (/tmp/chio-verifiable-work-paper/crates/trust/chio-custody-hw)
   Compiling chio-kernel-core v0.1.0 (/tmp/chio-verifiable-work-paper/crates/kernel/chio-kernel-core)
   Compiling chio-weights v0.1.0 (/tmp/chio-verifiable-work-paper/crates/trust/chio-weights)
   Compiling chio-swarm-authority v0.1.0 (/tmp/chio-verifiable-work-paper/crates/kernel/chio-swarm-authority)
   Compiling chio-response-model v0.1.0 (/tmp/chio-verifiable-work-paper/crates/core/chio-response-model)
   Compiling chio-credit v0.1.0 (/tmp/chio-verifiable-work-paper/crates/economy/chio-credit)
   Compiling chio-disclosure-lineage v0.1.0 (/tmp/chio-verifiable-work-paper/crates/trust/chio-disclosure-lineage)
   Compiling chio-web3 v0.1.0 (/tmp/chio-verifiable-work-paper/crates/economy/chio-web3)
   Compiling chio-market v0.1.0 (/tmp/chio-verifiable-work-paper/crates/economy/chio-market)
   Compiling chio-autonomy v0.1.0 (/tmp/chio-verifiable-work-paper/crates/economy/chio-autonomy)
   Compiling chio-core v0.1.0 (/tmp/chio-verifiable-work-paper/crates/core/chio-core)
   Compiling chio-manifest v0.1.0 (/tmp/chio-verifiable-work-paper/crates/platform/chio-manifest)
   Compiling chio-link v0.1.0 (/tmp/chio-verifiable-work-paper/crates/economy/chio-link)
   Compiling chio-settle v0.1.0 (/tmp/chio-verifiable-work-paper/crates/economy/chio-settle)
   Compiling chio-workflow v0.1.0 (/tmp/chio-verifiable-work-paper/crates/platform/chio-workflow)
   Compiling chio-tool-call-fabric v0.1.0 (/tmp/chio-verifiable-work-paper/crates/protocol/chio-tool-call-fabric)
   Compiling chio-selective-disclosure v0.1.0 (/tmp/chio-verifiable-work-paper/crates/trust/chio-selective-disclosure)
   Compiling chio-attest-buyer-core v0.1.0 (/tmp/chio-verifiable-work-paper/crates/trust/chio-attest-buyer-core)
   Compiling chio-federation-authority v0.1.0 (/tmp/chio-verifiable-work-paper/crates/trust/chio-federation-authority)
   Compiling chio-kernel v0.1.0 (/tmp/chio-verifiable-work-paper/crates/kernel/chio-kernel)
   Compiling chio-finding-verifier v0.1.0 (/tmp/chio-verifiable-work-paper/crates/trust/chio-finding-verifier)
   Compiling chio-process v0.1.0 (/tmp/chio-verifiable-work-paper/crates/kernel/chio-process)
   Compiling chio-transaction-passport v0.1.0 (/tmp/chio-verifiable-work-paper/crates/platform/chio-transaction-passport)
   Compiling chio-risk-comptroller v0.1.0 (/tmp/chio-verifiable-work-paper/crates/platform/chio-risk-comptroller)
   Compiling chio-commerce-order v0.1.0 (/tmp/chio-verifiable-work-paper/crates/platform/chio-commerce-order)
   Compiling chio-agent-web-interop v0.1.0 (/tmp/chio-verifiable-work-paper/crates/platform/chio-agent-web-interop)
   Compiling chio-store-sqlite v0.1.0 (/tmp/chio-verifiable-work-paper/crates/platform/chio-store-sqlite)
    Finished `test` profile [unoptimized] target(s) in 3m 10s
     Running tests/aggregate_family.rs (/tmp/chio-paper-target/debug/deps/aggregate_family-97c4f6cf08109e63)
     Running tests/crash_recovery.rs (/tmp/chio-paper-target/debug/deps/crash_recovery-d197b98b4e7787a0)
     Running tests/nonce_recovery.rs (/tmp/chio-paper-target/debug/deps/nonce_recovery-7f59c448f9505e4c)
