warning: patch `cmpv2 v0.2.0 (/tmp/chio-verifiable-work-paper/third_party/cmpv2-chio)` was not used in the crate graph
warning: patch `crmf v0.2.0 (/tmp/chio-verifiable-work-paper/third_party/crmf-chio)` was not used in the crate graph
warning: patch `ignore v0.4.32 (/tmp/chio-verifiable-work-paper/third_party/ignore-chio)` was not used in the crate graph
warning: patch `nono v0.53.0 (/tmp/chio-verifiable-work-paper/third_party/nono-upstream-chio)` was not used in the crate graph
warning: patch `regress v0.11.1 (/tmp/chio-verifiable-work-paper/third_party/regress-chio)` was not used in the crate graph
warning: patch `sigstore-crypto v0.6.6 (/tmp/chio-verifiable-work-paper/third_party/sigstore-crypto-chio)` was not used in the crate graph
warning: patch `sigstore-merkle v0.6.6 (/tmp/chio-verifiable-work-paper/third_party/sigstore-merkle-chio)` was not used in the crate graph
warning: patch `sigstore-trust-root v0.6.3 (/tmp/chio-verifiable-work-paper/third_party/sigstore-trust-root-chio)` was not used in the crate graph
warning: patch `sigstore-verify v0.6.3 (/tmp/chio-verifiable-work-paper/third_party/sigstore-verify-chio)` was not used in the crate graph
help: Check that the patched package version and available features are compatible
      with the dependency requirements. If the patch has a different version from
      what is locked in the Cargo.lock file, run `cargo update` to use the new
      version. This may also occur with an optional dependency that is not enabled.
   Compiling chio-kernel v0.1.0 (/tmp/chio-verifiable-work-paper/crates/kernel/chio-kernel)
error[E0425]: cannot find type `FixedRuntimeScope` in the crate root
   --> crates/kernel/chio-kernel/src/kernel/tests/durable_admission/execution_evidence.rs:228:41
    |
228 |     advanced_clock: Mutex<Option<crate::FixedRuntimeScope>>,
    |                                         ^^^^^^^^^^^^^^^^^ not found in the crate root

error[E0425]: cannot find function `scope_fixed_runtime_for_current_thread` in the crate root
   --> crates/kernel/chio-kernel/src/kernel/tests/durable_admission/execution_evidence.rs:283:33
    |
283 |                       Some(crate::scope_fixed_runtime_for_current_thread(
    |                                   ^^^^^^^^^^^^^^^^^^^^^^^^^^^^^^^^^^^^^^
    |
   ::: crates/kernel/chio-kernel/src/receipt_support/receipt_scopes.rs:52:1
    |
 52 | / pub fn scope_receipt_ids_for_current_thread(
 53 | |     receipt_ids: impl IntoIterator<Item = String>,
 54 | | ) -> ReceiptIdScope {
 55 | |     let previous_receipt_ids = FIXED_RUNTIME_RECEIPT_IDS.with(|slot| {
...   |
 65 | | }
    | |_- similarly named function `scope_receipt_ids_for_current_thread` defined here
    |
help: a function with a similar name exists
    |
283 -                     Some(crate::scope_fixed_runtime_for_current_thread(
283 +                     Some(crate::scope_receipt_ids_for_current_thread(
    |

warning: variable does not need to be mutable
   --> crates/kernel/chio-kernel/src/kernel/tests/durable_admission/execution_evidence.rs:120:9
    |
120 |     let mut f = fixture_with_federation(true)?;
    |         ----^
    |         |
    |         help: remove this `mut`
    |
    = note: `#[warn(unused_mut)]` (part of `#[warn(unused)]`) on by default

For more information about this error, try `rustc --explain E0425`.
warning: `chio-kernel` (lib test) generated 1 warning
error: could not compile `chio-kernel` (lib test) due to 2 previous errors; 1 warning emitted
