test_growth_preserves_original_work_and_earned_child_after_parent_loss (__main__.EvolvingWork.test_growth_preserves_original_work_and_earned_child_after_parent_loss) ... FAIL

======================================================================
FAIL: test_growth_preserves_original_work_and_earned_child_after_parent_loss (__main__.EvolvingWork.test_growth_preserves_original_work_and_earned_child_after_parent_loss)
----------------------------------------------------------------------
Traceback (most recent call last):
  File "/tmp/chio-verifiable-work-paper/examples/federated-work/test_evolving_work.py", line 19, in test_growth_preserves_original_work_and_earned_child_after_parent_loss
    self.assertEqual(result.returncode, 0, result.stderr)
    ~~~~~~~~~~~~~~~~^^^^^^^^^^^^^^^^^^^^^^^^^^^^^^^^^^^^^
AssertionError: 1 != 0 : bigint: Failed to load bindings, pure JS will be used (try npm run rebuild?)
This version of µWS is not compatible with your Node.js build:

Error: Cannot find module '../binaries/uws_linux_arm64_137.node'
Require stack:
- /tmp/chio-verifiable-work-paper/contracts/node_modules/.pnpm/@trufflesuite+uws-js-unofficial@20.30.0-unofficial.0/node_modules/@trufflesuite/uws-js-unofficial/src/uws.js
- /tmp/chio-verifiable-work-paper/contracts/node_modules/.pnpm/ganache@7.9.2/node_modules/ganache/dist/node/core.js
Falling back to a NodeJS implementation; performance may be degraded.


evolving parent missed earned-child SIGKILL: status=exit status: 0 stdout={"allocationId":"0xd4e97008269d195c6ee11064a4767b3345313b7526bea179d329539fc70672e4","authorityUuid":"01a0fff7-dc65-71a0-9b2b-3415f9d71ef0","authorizationId":"funded-d4e97008269d195c6ee11064a4767b3345313b7526bea179d329539fc70672e4","executions":0,"externalFundsTransferred":false,"fundingCorrelation":"bound","holdId":"admission-budget:621735858d8e5e956aaba9a0a21393b1fed11ec38478d38b239a1a6fd1cb84b6:0","nativeAuthorizationId":"funded-d4e97008269d195c6ee11064a4767b3345313b7526bea179d329539fc70672e4","nativeEvaluationError":"receipt persistence failed: conflict: tool receipt `7e4f54ac19ab3b54d67a97638247b8644340f45a55ce38f02b26c35ed2cc3d8b` has invalid financial metadata: missing field `grant_index`","nativePaymentAction":null,"nativePaymentState":"Authorized","nativeState":"OutcomeUnknownAfterDispatch","operationId":"621735858d8e5e956aaba9a0a21393b1fed11ec38478d38b239a1a6fd1cb84b6","paymentState":"pending","profile":"chio.experimental.local-confirmed-funding.v1","requestId":"parent","runtimeClaimHistory":[{"disposition":"retained_after_dispatch_commit","intent":{"episodeId":"01a0fff8-1a0c-7cd3-a422-e3519f5ac6ee","expectationId":"6ae7ec9c34dc0cc26fad9edef9e19c4a2cf2d78fcbfb8be83209c4adfd0c7713","grantIndex":0,"phase":"dispatch","planDigest":"1674886f7eb035a19b0cf8d933dd99abc2f21c8e43db9fd477c4440cfae20dff","requestBindingHash":"3506fe56df42ff1da616c3991f6248620ae4ca95c38f993a935ccb6cfc7f0f34","resources":[{"artifactDigest":"9a61be7788de6300b8b91d789960370b0cb8b0f668826a297528e4857cccea2b","kind":"treaty_continuation","resourceId":"treaty-continuation-parent"},{"artifactDigest":"7650838b9d8dd8e2f8efcb35d5e7d9250ca96d860bb0f99f13dc48f2da2833ec","kind":"swarm_continuation","resourceId":"continue-parent"}],"runtimeAuthorityId":"runtime-01a0fff7-dc65-71a0-9b2b-3415f9d71ef0"},"reference":{"claimDigest":"690494b40e983f086cb0dc2574cd2c89ad664468426eefceb359b1d6e5c236fd","episodeId":"01a0fff8-1a0c-7cd3-a422-e3519f5ac6ee","operationId":"621735858d8e5e956aaba9a0a21393b1fed11ec38478d38b239a1a6fd1cb84b6"}}],"settlementObservationError":null,"settlementTransaction":null,"startupReconciliationError":null}
 stderr=


----------------------------------------------------------------------
Ran 1 test in 36.128s

FAILED (failures=1)
