test_growth_preserves_original_work_and_earned_child_after_parent_loss (__main__.EvolvingWork.test_growth_preserves_original_work_and_earned_child_after_parent_loss) ... FAIL

======================================================================
FAIL: test_growth_preserves_original_work_and_earned_child_after_parent_loss (__main__.EvolvingWork.test_growth_preserves_original_work_and_earned_child_after_parent_loss)
----------------------------------------------------------------------
Traceback (most recent call last):
  File "/tmp/chio-verifiable-work-paper/examples/federated-work/test_evolving_work.py", line 19, in test_growth_preserves_original_work_and_earned_child_after_parent_loss
    self.assertEqual(result.returncode, 0, result.stderr)
    ~~~~~~~~~~~~~~~~^^^^^^^^^^^^^^^^^^^^^^^^^^^^^^^^^^^^^
AssertionError: 1 != 0 : node:internal/modules/package_json_reader:301
  throw new ERR_MODULE_NOT_FOUND(packageName, fileURLToPath(base), null);
        ^

Error [ERR_MODULE_NOT_FOUND]: Cannot find package 'ethers' imported from /tmp/chio-verifiable-work-paper/contracts/scripts/work-claim-native-observer.mjs
    at Object.getPackageJSONURL (node:internal/modules/package_json_reader:301:9)
    at packageResolve (node:internal/modules/esm/resolve:768:81)
    at moduleResolve (node:internal/modules/esm/resolve:859:18)
    at defaultResolve (node:internal/modules/esm/resolve:992:11)
    at #cachedDefaultResolve (node:internal/modules/esm/loader:691:20)
    at #resolveAndMaybeBlockOnLoaderThread (node:internal/modules/esm/loader:708:38)
    at ModuleLoader.resolveSync (node:internal/modules/esm/loader:740:52)
    at #resolve (node:internal/modules/esm/loader:673:17)
    at ModuleLoader.getOrCreateModuleJob (node:internal/modules/esm/loader:593:35)
    at ModuleJob.syncLink (node:internal/modules/esm/module_job:163:33) {
  code: 'ERR_MODULE_NOT_FOUND'
}

Node.js v24.16.0
channel is empty and sending half is closed


----------------------------------------------------------------------
Ran 1 test in 0.088s

FAILED (failures=1)
