✔ native signer canonical bytes agree with all four Rust artifact vectors (2.07453ms)
✖ one settlement signer retains distinct immutable verifier pins per allocation (1.027285ms)
✔ native signer preserves facet order and rejects unsupported scalar encodings (12.02254ms)
ℹ tests 3
ℹ suites 0
ℹ pass 2
ℹ fail 1
ℹ cancelled 0
ℹ skipped 0
ℹ todo 0
ℹ duration_ms 282.034677

✖ failing tests:

test at contracts/scripts/work-claim-native-wire.test.mjs:13:1
✖ one settlement signer retains distinct immutable verifier pins per allocation (1.027285ms)
  AssertionError [ERR_ASSERTION]: verifier pin is immutable
      at Object.pin (file:///tmp/chio-verifiable-work-paper/contracts/scripts/work-claim-native-transactions.mjs:45:14)
      at TestContext.<anonymous> (file:///tmp/chio-verifiable-work-paper/contracts/scripts/work-claim-native-wire.test.mjs:22:10)
      at Test.runInAsyncScope (node:async_hooks:227:14)
      at Test.run (node:internal/test_runner/test:1306:25)
      at Test.processPendingSubtests (node:internal/test_runner/test:897:18)
      at Test.postRun (node:internal/test_runner/test:1447:19)
      at Test.run (node:internal/test_runner/test:1372:12)
      at async startSubtestAfterBootstrap (node:internal/test_runner/harness:385:3) {
    generatedMessage: false,
    code: 'ERR_ASSERTION',
    actual: false,
    expected: true,
    operator: '==',
    diff: 'simple'
  }
