.FFFFFFF...
======================================================================
FAIL: test_exit_zero_cannot_substitute_a_broken_evolving_trajectory (test_provenance.QualificationTests.test_exit_zero_cannot_substitute_a_broken_evolving_trajectory) (mutation='signal')
----------------------------------------------------------------------
Traceback (most recent call last):
  File "/tmp/chio-verifiable-work-paper/docs/papers/verifiable-work/tools/test_provenance.py", line 120, in test_exit_zero_cannot_substitute_a_broken_evolving_trajectory
    self.assertTrue(verify_qualification(self.root, self.record))
    ~~~~~~~~~~~~~~~^^^^^^^^^^^^^^^^^^^^^^^^^^^^^^^^^^^^^^^^^^^^^^
AssertionError: [] is not true

======================================================================
FAIL: test_exit_zero_cannot_substitute_a_broken_evolving_trajectory (test_provenance.QualificationTests.test_exit_zero_cannot_substitute_a_broken_evolving_trajectory) (mutation='balance')
----------------------------------------------------------------------
Traceback (most recent call last):
  File "/tmp/chio-verifiable-work-paper/docs/papers/verifiable-work/tools/test_provenance.py", line 120, in test_exit_zero_cannot_substitute_a_broken_evolving_trajectory
    self.assertTrue(verify_qualification(self.root, self.record))
    ~~~~~~~~~~~~~~~^^^^^^^^^^^^^^^^^^^^^^^^^^^^^^^^^^^^^^^^^^^^^^
AssertionError: [] is not true

======================================================================
FAIL: test_exit_zero_cannot_substitute_a_broken_evolving_trajectory (test_provenance.QualificationTests.test_exit_zero_cannot_substitute_a_broken_evolving_trajectory) (mutation='identity')
----------------------------------------------------------------------
Traceback (most recent call last):
  File "/tmp/chio-verifiable-work-paper/docs/papers/verifiable-work/tools/test_provenance.py", line 120, in test_exit_zero_cannot_substitute_a_broken_evolving_trajectory
    self.assertTrue(verify_qualification(self.root, self.record))
    ~~~~~~~~~~~~~~~^^^^^^^^^^^^^^^^^^^^^^^^^^^^^^^^^^^^^^^^^^^^^^
AssertionError: [] is not true

======================================================================
FAIL: test_exit_zero_cannot_substitute_a_broken_evolving_trajectory (test_provenance.QualificationTests.test_exit_zero_cannot_substitute_a_broken_evolving_trajectory) (mutation='claim')
----------------------------------------------------------------------
Traceback (most recent call last):
  File "/tmp/chio-verifiable-work-paper/docs/papers/verifiable-work/tools/test_provenance.py", line 120, in test_exit_zero_cannot_substitute_a_broken_evolving_trajectory
    self.assertTrue(verify_qualification(self.root, self.record))
    ~~~~~~~~~~~~~~~^^^^^^^^^^^^^^^^^^^^^^^^^^^^^^^^^^^^^^^^^^^^^^
AssertionError: [] is not true

======================================================================
FAIL: test_exit_zero_cannot_substitute_a_broken_evolving_trajectory (test_provenance.QualificationTests.test_exit_zero_cannot_substitute_a_broken_evolving_trajectory) (mutation='repeat')
----------------------------------------------------------------------
Traceback (most recent call last):
  File "/tmp/chio-verifiable-work-paper/docs/papers/verifiable-work/tools/test_provenance.py", line 120, in test_exit_zero_cannot_substitute_a_broken_evolving_trajectory
    self.assertTrue(verify_qualification(self.root, self.record))
    ~~~~~~~~~~~~~~~^^^^^^^^^^^^^^^^^^^^^^^^^^^^^^^^^^^^^^^^^^^^^^
AssertionError: [] is not true

======================================================================
FAIL: test_exit_zero_cannot_substitute_a_broken_evolving_trajectory (test_provenance.QualificationTests.test_exit_zero_cannot_substitute_a_broken_evolving_trajectory) (mutation='earned')
----------------------------------------------------------------------
Traceback (most recent call last):
  File "/tmp/chio-verifiable-work-paper/docs/papers/verifiable-work/tools/test_provenance.py", line 120, in test_exit_zero_cannot_substitute_a_broken_evolving_trajectory
    self.assertTrue(verify_qualification(self.root, self.record))
    ~~~~~~~~~~~~~~~^^^^^^^^^^^^^^^^^^^^^^^^^^^^^^^^^^^^^^^^^^^^^^
AssertionError: [] is not true

======================================================================
FAIL: test_exit_zero_cannot_substitute_a_broken_evolving_trajectory (test_provenance.QualificationTests.test_exit_zero_cannot_substitute_a_broken_evolving_trajectory) (mutation='rejection')
----------------------------------------------------------------------
Traceback (most recent call last):
  File "/tmp/chio-verifiable-work-paper/docs/papers/verifiable-work/tools/test_provenance.py", line 120, in test_exit_zero_cannot_substitute_a_broken_evolving_trajectory
    self.assertTrue(verify_qualification(self.root, self.record))
    ~~~~~~~~~~~~~~~^^^^^^^^^^^^^^^^^^^^^^^^^^^^^^^^^^^^^^^^^^^^^^
AssertionError: [] is not true

----------------------------------------------------------------------
Ran 5 tests in 0.233s

FAILED (failures=7)
