warning: patch `cmpv2 v0.2.0 (/tmp/chio-verifiable-work-paper/third_party/cmpv2-chio)` was not used in the crate graph
warning: patch `crmf v0.2.0 (/tmp/chio-verifiable-work-paper/third_party/crmf-chio)` was not used in the crate graph
warning: patch `ignore v0.4.32 (/tmp/chio-verifiable-work-paper/third_party/ignore-chio)` was not used in the crate graph
warning: patch `nono v0.53.0 (/tmp/chio-verifiable-work-paper/third_party/nono-upstream-chio)` was not used in the crate graph
warning: patch `regress v0.11.1 (/tmp/chio-verifiable-work-paper/third_party/regress-chio)` was not used in the crate graph
warning: patch `sigstore-crypto v0.6.6 (/tmp/chio-verifiable-work-paper/third_party/sigstore-crypto-chio)` was not used in the crate graph
warning: patch `sigstore-merkle v0.6.6 (/tmp/chio-verifiable-work-paper/third_party/sigstore-merkle-chio)` was not used in the crate graph
warning: patch `sigstore-trust-root v0.6.3 (/tmp/chio-verifiable-work-paper/third_party/sigstore-trust-root-chio)` was not used in the crate graph
warning: patch `sigstore-verify v0.6.3 (/tmp/chio-verifiable-work-paper/third_party/sigstore-verify-chio)` was not used in the crate graph
help: Check that the patched package version and available features are compatible
      with the dependency requirements. If the patch has a different version from
      what is locked in the Cargo.lock file, run `cargo update` to use the new
      version. This may also occur with an optional dependency that is not enabled.
   Compiling chio-kernel v0.1.0 (/tmp/chio-verifiable-work-paper/crates/kernel/chio-kernel)
   Compiling chio-finding-verifier v0.1.0 (/tmp/chio-verifiable-work-paper/crates/trust/chio-finding-verifier)
   Compiling chio-transaction-passport v0.1.0 (/tmp/chio-verifiable-work-paper/crates/platform/chio-transaction-passport)
   Compiling chio-risk-comptroller v0.1.0 (/tmp/chio-verifiable-work-paper/crates/platform/chio-risk-comptroller)
   Compiling chio-commerce-order v0.1.0 (/tmp/chio-verifiable-work-paper/crates/platform/chio-commerce-order)
   Compiling chio-agent-web-interop v0.1.0 (/tmp/chio-verifiable-work-paper/crates/platform/chio-agent-web-interop)
   Compiling chio-store-sqlite v0.1.0 (/tmp/chio-verifiable-work-paper/crates/platform/chio-store-sqlite)
    Finished `test` profile [unoptimized] target(s) in 1m 42s
     Running tests/dynamic_delegation.rs (/tmp/chio-paper-target/debug/deps/dynamic_delegation-bb95061ed2fe303e)

running 10 tests
test dynamic_recovery_worker ... ok
test installation_requires_durable_native_custody ... ok
test work_expiry_uses_the_receivers_configured_authority_clock ... ok
test output_transform_cannot_bypass_the_contract ... ok
test output_must_satisfy_the_immutable_contract ... ok
test receiver_executes_with_allocator_offline_and_rejects_another_receiver ... ok
test dynamic_selection_recursion_and_native_replay ... ok
test unknown_original_keeps_its_allocation_while_a_sibling_completes ... ok
test changed_native_identity_payload_and_ceiling_never_dispatch ... ok
test governed_delegation_preserves_tool_arguments_and_denies_binding_substitution ... ok

test result: ok. 10 passed; 0 failed; 0 ignored; 0 measured; 0 filtered out; finished in 26.25s

