
running 171 tests
test audit::tests::secret_bearing_audit_inputs_expose_no_clone_or_serialize_path ... ok
test audit::tests::runner_reference_precommitment_derivation_matches_the_public_wire_vector ... ok
test authority_ipc::tests::nonblocking_authority_server_distinguishes_idle_from_failure ... ok
test audit::tests::comparison_decoder_rejects_noncanonical_tampered_and_oversized_inputs ... ok
test backend::tests::display_never_exposes_secret_bytes ... ok
test backend::tests::secret_material_exposes_no_debug_clone_or_serialize_trait ... ok
test backend::tests::secret_material_keeps_the_original_allocation ... ok
test audit::tests::exported_audit_vectors_have_real_signatures_and_runtime_links ... ok
test budget::tests::quota_deduplication_preserves_distinct_parent_and_broker_ceilings ... ok
test budget::tests::sequential_or_unqueryable_authority_is_not_production_capable ... ok
test budget::tests::capture_rejects_omitted_reordered_or_misbound_revocation_members ... ok
test capability::tests::capability_issuance_fails_closed_across_selector_cutover ... ok
test capability::tests::capability_issuance_uses_atomic_identity_signing ... ok
test capability::tests::every_body_byte_is_covered_by_canonical_signature ... ok
test daemon::tests::daemon_mutation_retry_rejects_untrusted_or_command_misbound_receipt ... ok
test authority_ipc::tests::authority_rpc_requires_signed_exact_responses_and_full_capabilities ... ok
test daemon_runtime::tests::database_identity_rejects_hard_link_aliases ... ok
test daemon_runtime::tests::database_owner_locks_reject_shared_receipt_with_distinct_attempt_database ... ok
test daemon::tests::long_credential_mutation_uses_one_exact_canonical_allocation ... ok
test daemon_runtime::tests::key_custody_requires_distinct_underlying_files ... ok
test daemon_runtime::tests::key_custody_owner_is_bound_to_the_effective_service_uid ... ok
test daemon::tests::credential_mutation_parser_is_strictly_canonical_redacted_and_zeroizing ... ok
test encrypted_blob_backend::dispatch_tests::disable_and_delete_before_dispatch_prevent_commit_of_materialized_credentials ... ok
test daemon_runtime::tests::serving_worker_panics_publish_failure_while_peer_sender_is_live ... ok
test encrypted_blob_backend::tests::ordinary_or_unsealed_file_cannot_supply_startup_key ... ok
test encrypted_blob_backend::dispatch_tests::dispatch_commit_holds_the_mutation_fence_and_later_use_is_denied ... ok
test encrypted_blob_backend::tests::sealed_reader_retains_zeroizing_custody ... ok
test encrypted_blob_backend::tests::secret_database_rejects_public_permissions_and_symlinks ... ok
test encrypted_blob_backend::tests::encrypted_rows_have_only_keyed_indexes_and_ciphertext ... ok
test generic_https::rustls_transport::tests::informational_and_body_bearing_reset_content_statuses_fail_closed ... ok
test generic_https::rustls_transport::tests::local_tls_transport_pins_peer_verifies_original_name_and_injects_only_upstream ... ok
test generic_https::rustls_transport::tests::one_response_head_overhead_byte_crosses_the_signed_limit ... ok
test generic_https::rustls_transport::tests::status_parser_rejects_truncation_and_non_http_whitespace ... ok
test generic_https::rustls_transport::tests::strict_parser_accepts_only_fixed_or_plain_chunked_bodies ... ok
test generic_https::rustls_transport::tests::strict_parser_applies_one_combined_header_and_decoded_body_budget ... ok
test encrypted_blob_backend::tests::wrong_key_tamper_and_disabled_version_fail_closed ... ok
test generic_https::tests::dns_rebinding_tls_redirect_size_timeout_and_canary_responses_fail_closed ... ok
test generic_https::tests::executor_counts_response_head_overhead_in_the_signed_combined_budget ... ok
test generic_https::tests::forbidden_headers_provider_collisions_body_preview_and_options_deny_before_secret_use ... ok
test generic_https::tests::ip_literal_requires_the_matching_exact_exception ... ok
test generic_https::tests::not_modified_is_body_free_without_being_a_redirect ... ok
test generic_https::tests::prepared_dispatch_pins_dns_once_and_dispatch_never_resolves_again ... ok
test generic_https::tests::response_header_names_cannot_echo_credentials ... ok
test generic_https::tests::response_header_normalization_cannot_bypass_secret_header_stripping ... ok
test generic_https::tests::restricted_ranges_cover_ipv4_ipv6_and_mapped_forms ... ok
test inherited_fd::tests::inherited_adoption_requires_an_unsafe_function_contract ... ok
test inherited_fd::tests::inherited_descriptor_number_validation_is_safe_and_bounded ... ok
test inherited_fd::tests::inherited_transfer_retires_only_the_original_descriptor ... ok
test encrypted_blob_backend::tests::tenant_scope_rotation_disable_and_delete_are_isolated ... ok
test ipc_client::preconnected_execution_tests::preconnected_execute_maps_a_dead_peer_to_authority_unavailable ... ok
test ipc_client::preconnected_execution_tests::preconnected_execute_preserves_a_valid_signed_failure ... ok
test ipc_client::preconnected_execution_tests::preconnected_execute_rejects_noncanonical_or_invalid_outer_envelopes ... ok
test ipc_client::preconnected_execution_tests::preconnected_execute_rejects_a_signed_response_misbound_to_the_request ... ok
test ipc_client::preconnected_execution_tests::preconnected_execute_returns_validated_outcome_and_exact_canonical_frames ... ok
test ipc_client::service_identity_tests::broker_socket_metadata_must_be_private_owned_and_stable ... ok
test ipc_client::preconnected_execution_tests::preconnected_execute_rejects_rebound_or_tampered_signed_failures ... ok
test kernel_admission::registration::tests::registered_generation_cannot_sign_with_a_rotated_authority_key ... ok
test kernel_admission::tests::broker_admission_rejects_substitution_even_when_kernel_hash_is_updated ... ok
test kernel_admission::tests::broker_admission_requires_bounded_exact_typed_canonical_json ... ok
test daemon::tests::daemon_governance_binds_payload_and_fake_upstream_is_the_only_secret_sink ... ok
test ipc_client::vector_semantics_tests::every_schema_valid_broker_mutation_is_rejected_by_its_native_semantic_boundary ... ok
test kernel_admission::tests::broker_admission_uses_installed_trust_and_live_clock ... ok
test kernel_admission::tests::broker_quota_identity_stays_constant_across_separate_invocations ... ok
test generic_https::rustls_transport::tests::timeout_and_upstream_cancellation_diagnostics_redact_seeded_canaries ... ok
test kernel_admission::tests::registration::registration_generation_binds_transport_tenant_signers_domain_and_verifier ... ok
test kernel_admission::tests::registration::registration_quota_aliases_preserve_all_owners_and_reject_collisions ... ok
test kernel_admission::tests::signed_broker_request_cannot_move_between_kernel_requests ... ok
test kernel_admission::tests::signed_broker_request_produces_original_operation_bound_quota ... ok
test migration::tests::externally_anchored_head_mismatch_fails_before_binding ... ok
test migration::tests::post_start_ledger_replacement_is_an_operational_denial ... ok
test migration::tests::post_start_promotion_denies_until_runtime_binding_is_rebuilt ... ok
test migration::tests::production_binding_rejects_missing_provider_digest_and_stage ... ok
test prepared_mcp::tests::malformed_or_oversized_stdio_never_reaches_the_broker ... ok
test prepared_mcp::tests::missing_handshake_or_wrong_tool_closes_without_any_broker_request ... ok
test prepared_mcp::tests::original_prepared_stream_executes_once_and_returns_only_signed_structured_content ... ok
test privileged_audit::tests::audit_peer_authentication_pins_uid_and_gid ... ok
test privileged_audit::tests::generated_session_nonce_is_a_nonzero_digest ... ok
test privileged_audit::tests::signed_challenge_rejects_nonce_and_commitment_rebinding ... ok
test proof::tests::proof_binds_headers_body_options_destination_and_credential_version ... ok
test protocol::tests::http_is_limited_to_explicit_ip_loopback_tests ... ok
test protocol::tests::request_targets_and_methods_reject_ambiguous_transport_syntax ... ok
test provider::tests::prepared_request_debug_redacts_injected_header ... ok
test receipt::tests::append_only_failure_log_rejects_a_second_terminal_for_one_attempt ... ok
test receipt::tests::failure_receipt_uses_one_atomic_signing_outcome ... ok
test reconcile::tests::durable_completion_wins_before_unavailable_authority_on_restart ... ok
test reconcile::tests::durable_dispatch_failure_terminalizes_restart_without_resend_recovery ... ok
test reconcile::tests::durable_failure_wins_before_unavailable_authority_on_restart ... ok
test reconcile::tests::lost_capture_response_reconciles_to_resumable_capture_after_restart ... ok
test reconcile::tests::reverse_commit_before_local_ack_reconciles_reversed_after_restart ... ok
test reconcile::tests::startup_clears_dead_dispatch_claim_and_keeps_capture_resumable ... ok
test reconcile::tests::unknown_authority_state_leaves_kernel_owned_prepared_attempt_pending ... ok
test reconcile::tests::unknown_outcome_with_authoritative_capture_remains_non_resending_terminal ... ok
test reconcile::tests::unknown_outcome_with_authoritative_denied_converges_failed ... ok
test reconcile::tests::unknown_outcome_with_authoritative_held_does_not_reverse_kernel_hold ... ok
test reconcile::tests::unknown_outcome_with_authoritative_reversed_converges_reversed ... ok
test reconcile::tests::unreachable_authority_leaves_prepared_intent_without_new_side_effect ... ok
test registration::tests::registration_authorization_binds_tenant_payload_time_and_authority ... ok
test revocation::tests::revoked_stale_or_separate_revocation_authority_fails_closed ... ok
test revocation::tests::stale_wrong_subject_wrong_audience_and_expired_parent_fail_closed ... ok
test service::ipc::error_wire_tests::response_envelope_accepts_exact_canonical_signed_execute_failure ... ok
test service::ipc::error_wire_tests::response_envelope_preserves_typed_json_and_clock_rejections ... ok
test service::ipc::error_wire_tests::response_envelope_rejects_malformed_or_tampered_execute_failures ... ok
test service::ipc::prepared::tests::prepared_connection_expiry_eof_and_trickle_release_capacity ... ok
test service::ipc::prepared::tests::prepared_connection_lifetime_respects_capability_and_nonce_expiry ... ok
test service::ipc::prepared::tests::prepared_connection_rejects_unauthorized_capacity_and_substituted_frames ... ok
test service::ipc::prepared::tests::prepared_connection_waits_without_blocking_control_and_executes_once ... ok
test service::tests::authority_time::authority_rpc_completion_rejects_future_expired_and_unavailable_time ... ok
test service::tests::authority_time::authority_rpc_completion_time_is_bound_into_independently_verified_audit ... ok
test service::tests::authority_time::authority_rpc_completion_uses_current_trusted_time ... ok
test service::tests::execution_cases::broker_endpoint_peer_uid_is_kernel_observed_and_fail_closed ... ok
test service::tests::execution_cases::credential_mutation_fences_an_already_prepared_dispatch ... ok
test service::tests::execution_cases::expired_authority_after_capture_never_reaches_network_dispatch ... ok
test service::tests::execution_cases::failure_receipt_with_durable_attempt_uses_persisted_binding_and_monotonic_time ... ok
test service::tests::execution_cases::failure_receipt_without_durable_attempt_is_unbound_and_not_predated ... ok
test service::tests::execution_cases::failure_terminal_and_concurrent_execution_cannot_cross_capture ... ok
test service::tests::execution_cases::framing_rejects_empty_and_oversized_frames ... ok
test service::tests::execution_cases::held_or_transient_admission_failure_remains_nonterminal_and_retryable ... ok
test service::tests::execution_cases::invalid_handler_envelope_is_surfaced_as_an_internal_failure ... ok
test kernel_admission::tests::kernel::kernel_captures_parent_family_and_broker_once_and_denies_exhaustion ... ok
test service::tests::execution_cases::invalid_proof_registration_failure_can_be_durably_tombstoned ... ok
test service::tests::execution_cases::invalid_provider_registration_failure_can_be_durably_tombstoned ... ok
test service::tests::execution_cases::long_sensitive_ipc_envelope_uses_one_exact_canonical_allocation ... ok
test service::tests::execution_cases::migration_custody_denial_precedes_credential_materialization ... ok
test service::tests::execution_cases::partial_sensitive_frame_is_zeroized_before_the_read_error_escapes ... ok
test service::tests::execution_cases::migration_quota_denial_precedes_capture_and_network_dispatch ... ok
test service::tests::execution_cases::post_capture_admission_failure_is_refused_without_losing_recovery_state ... ok
test service::tests::execution_cases::post_capture_migration_change_preserves_truthful_failure_evidence ... ok
test service::tests::execution_cases::response_write_disconnect_is_classified_as_a_client_fault ... ok
test service::tests::execution_cases::release_before_registration_persists_an_exact_idempotent_tombstone ... ok
test service::tests::execution_cases::stale_release_after_capture_preserves_the_dispatch_owners_material ... ok
test service::tests::execution_cases::sensitive_ipc_envelope_is_strictly_canonical_and_zeroizing ... ok
test service::tests::execution_cases::stalled_same_uid_client_is_bounded_and_next_request_is_served ... ok
test service::tests::ipc_audit_cases::audit_comparison_is_exact_non_dispatching_non_accounting_and_secret_free ... ok
test service::tests::ipc_audit_cases::audit_comparison_rejects_invalid_proof_and_capability_before_secret_use ... ok
test service::tests::ipc_audit_cases::audit_comparison_requires_exact_runner_and_durable_one_shot_governance ... ok
test service::tests::ipc_audit_cases::audit_evidence_verifier_recomputes_every_external_trust_binding ... ok
test service::tests::ipc_audit_cases::endpoint_drop_never_unlinks_a_replacement_socket ... ok
test service::tests::ipc_audit_cases::endpoint_lifecycle_lock_precedes_bind_and_releases_on_drop ... ok
test service::tests::ipc_audit_cases::handler_error_classification_table_separates_service_faults ... ok
test service::tests::ipc_audit_cases::pre_evidence_execute_fault_closes_only_its_client_connection ... ok
test service::tests::ipc_audit_cases::pre_evidence_execute_fault_does_not_stop_the_endpoint ... ok
test service::tests::ipc_audit_cases::privileged_audit_socket_propagates_terminal_persistence_failure ... ok
test service::tests::ipc_audit_cases::privileged_audit_socket_round_trip_retains_runner_reference_precommitment ... ok
test service::tests::ipc_audit_cases::provisional_socket_cleanup_removes_exact_socket_after_validation_failure ... ok
test service::tests::ipc_audit_cases::response_envelope_validation_table_enforces_success_and_error_shapes ... ok
test service::tests::ipc_audit_cases::response_write_error_classification_table_preserves_peer_faults ... ok
test service::tests::ipc_audit_cases::trickling_same_uid_client_cannot_extend_the_absolute_read_deadline ... ok
test service::tests::recovery_cases::completed_receipt_uses_post_dispatch_trusted_time ... ok
test service::tests::recovery_cases::completed_response_persistence_failure_has_distinct_committed_terminal ... ok
test kernel_admission::tests::kernel::strict_nonce_registers_original_broker_attempt_before_both_holds ... ok
test service::tests::recovery_cases::concurrent_captured_retries_have_one_dispatch_owner ... ok
test service::tests::recovery_cases::denied_combined_capture_never_dispatches ... ok
test service::tests::ipc_audit_cases::nonreading_client_write_backpressure_is_bounded_and_next_request_succeeds ... ok
test service::tests::recovery_cases::dispatch_committed_and_unknown_retries_never_resend ... ok
test service::tests::recovery_cases::dispatch_transport_failure_is_terminal_unknown_and_exact_retry_never_resends ... ok
test kernel_admission::tests::kernel::issued_nonce_cannot_adopt_a_changed_or_removed_broker_participant ... ok
test service::tests::recovery_cases::exactly_n_concurrent_requests_capture_and_only_upstream_sees_secret ... ok
test service::tests::recovery_cases::failure_receipt_uses_post_dispatch_trusted_time ... ok
test service::tests::recovery_cases::lost_prepare_response_capture_recovers_without_a_denial_terminal ... ok
test service::tests::recovery_cases::exact_retry_resumes_prepared_held_or_captured_without_a_second_send ... ok
test service::tests::recovery_cases::response_signing_failure_is_committed_terminal_and_exact_retry_never_resends ... ok
test sqlite::tests::deterministic_attempt_reuse_with_changed_input_is_a_conflict ... ok
test sqlite::tests::nonce_and_prepared_intent_commit_atomically_and_retry_exactly ... ok
test sqlite::tests::nonce_insert_failure_rolls_back_the_prepared_intent ... ok
test sqlite::tests::production_profile_rejects_in_memory_attempt_storage ... ok
test sqlite::tests::state_machine_refuses_dispatch_without_capture ... ok
test store::tests::deterministic_ids_bind_nonce_invocation_capability_and_request ... ok
test store::tests::kernel_operation_id_replaces_only_the_provisional_reference ... ok
test sqlite::tests::concurrent_replay_has_one_insert_and_exact_retries_only ... ok
test service::tests::recovery_cases::lost_completed_response_replays_exactly_after_service_and_store_restart ... ok
test service::tests::recovery_cases::timeout_after_capture_consumes_quota_and_records_unknown_outcome ... ok

test result: ok. 171 passed; 0 failed; 0 ignored; 0 measured; 10 filtered out; finished in 8.80s

