
running 262 tests
test security::active_defense_host_tests::cancelling_startup_after_reservation_reclaims_exact_precommit_ownership ... ok
test security::active_defense_host_tests::cancelling_postcommit_readiness_transfers_a_complete_host_to_teardown ... ok
test security::active_defense_host_tests::clean_shutdown_allows_restart_against_the_same_durable_stores ... ok
test security::active_defense_host_tests::cancelling_shutdown_transfers_retained_teardown_to_host_drop ... ok
test security::active_defense_host_tests::awaited_shutdown_waits_for_an_in_flight_ttl_rollback_before_unpublishing ... ok
test security::active_defense_host_tests::cloned_authority_rejects_a_second_live_host_across_registries ... ok
test security::active_defense_host_tests::closed_host_rejects_cloned_orchestrator_consumption_without_mutation ... ok
test security::active_defense_host_tests::consumer_dependency_failure_fails_full_host_readiness_with_live_worker ... ok
test security::active_defense_host_tests::dropping_a_host_reclaims_registry_ownership_and_allows_restart ... ok
test security::active_defense_host_tests::correlation_ingress_failure_does_not_strand_expired_overlays ... ok
test security::active_defense_host_tests::declassification_outbox_failure_does_not_strand_expired_overlays ... ok
test security::active_defense_host_tests::dropping_a_host_keeps_the_worker_live_until_a_ttl_overlay_is_lifted ... ok
test security::active_defense_host_tests::production_host_refuses_ephemeral_authorities_before_publication ... ok
test security::active_defense_host_tests::production_host_rejects_a_trusted_producer_without_a_rule_policy ... ok
test security::active_defense_host_tests::host_publishes_exact_instance_rejects_duplicate_and_shuts_down_in_order ... ok
test security::active_defense_host_tests::production_host_rejects_future_skew_that_exceeds_bounded_lateness ... ok
test security::active_defense_host_tests::production_host_requires_the_exact_security_store_finding_batch_ledger ... ok
test security::active_defense_host_tests::shutdown_refuses_to_unpublish_while_a_durable_overlay_remains ... ok
test security::active_defense_host_tests::wedged_synchronous_worker_tick_fails_full_host_readiness ... ok
test security::active_defense_host_tests::dropping_after_primary_worker_crash_recovers_and_lifts_a_ttl_overlay ... ok
test security::active_defense_host_tests::worker_start_failure_releases_the_registry_reservation ... ok
test security::active_response::authority_tests::committed_dispatch_recovery_cannot_create_a_replacement_dispatch ... ok
test security::active_response::authority_tests::committed_dispatch_origin_replays_existing_automatic_and_governed_records ... ok
test security::active_response::authority_tests::sealed_committed_dispatch_cannot_prepare_replacement_even_without_executor_readback ... ok
test security::active_defense_host_tests::response_planning_failure_does_not_strand_expired_overlays ... ok
test security::active_response::executor::expired_resume::tests::automatic_commit_crash_retries_after_expiry_without_effects ... ok
test security::active_response::committed_readback::tests::production_readback_is_exact_tenant_scoped_and_tamper_evident ... ok
test security::active_response::authority_tests::committed_live_admission_prepares_and_recovers_its_dispatch ... ok
test security::active_response::executor::expired_resume::tests::expired_resume_preserves_effect_requested_ambiguity_without_failed_proof ... ok
test security::active_response::executor::expired_resume::tests::resume_flag_and_stable_authorization_time_fail_closed_when_invalid ... ok
test security::active_response::executor::expired_resume::tests::governed_dispatch_committed_resume_after_expiry_fails_without_late_effects ... ok
test security::active_response::tests::activated_dispatch_replays_original_proof_after_expiry_and_rollback_start ... ok
test security::active_response::tests::automatic_fence_boundary::forged_canonical_shaped_dispatch_id_is_rejected_before_store_mutation ... ok
test security::active_response::tests::automatic_fence_boundary::forged_execution_dispatch_id_is_rejected_before_store_access ... ok
test security::active_response::tests::automatic_fence_boundary::malformed_existing_fence_outcome_is_reported_as_unknown ... ok
test security::active_response::tests::automatic_fence_boundary::malformed_fenced_outcome_is_reported_as_unknown ... ok
test security::active_response::tests::authoritative_effect_rejection_returns_failed_before_any_effect_evidence ... ok
test security::active_response::tests::committed_effect_request_ambiguity_cannot_be_terminal_failed ... ok
test security::active_response::tests::activated_dispatch_replays_original_proof_after_full_lift ... ok
test security::active_response::tests::existing_dispatch_collision_is_rejected_before_mutation ... ok
test security::active_response::tests::committed_retry_remains_exact_after_wall_clock_advances ... ok
test security::active_response::tests::committed_partial_apply_then_full_rollback_returns_signed_terminal_outcome ... ok
test security::active_response::tests::fail_closed::expired_request_and_approval_mode_mismatch_fail_before_commit ... ok
test security::active_response::tests::fail_closed::malformed_hash_record_and_authority_mismatch_fail_closed ... ok
test security::active_response::tests::fail_closed::rejects_oversized_execution_lease ... ok
test security::active_response::tests::fail_closed::ambiguous_effect_port_error_reports_unknown_and_remains_retryable ... ok
test security::active_response::tests::fresh_dispatch_commits_executes_and_maps_exact_durable_evidence ... ok
test security::active_response::tests::authoritative_effect_rejection_after_scheduler_takeover_terminally_recovers ... ok
test security::active_response::tests::governed_dispatch_commits_exact_approval_and_executes ... ok
test security::active_response::tests::readiness_probes_dispatch_effect_receipt_and_alert_durability ... ok
test security::active_response::tests::same_dispatch_retry_after_ack_loss_recovers_without_reapplying_effect ... ok
test security::active_response::tests::existing_dispatch_rejects_a_foreign_live_scheduler_lease ... ok
test security::active_response_authority::fuzz::tests::signed_authority_corpus_rejects_each_binding_substitution ... ok
test security::active_response_authority::tests::authority_payloads_reject_unknown_fields_and_unbounded_rejection_codes ... ok
test security::active_response_authority::tests::authority_results_are_bound_to_the_requested_operation ... ok
test security::active_response_authority::tests::client_constructor_rejects_a_signer_that_is_also_the_response_authority ... ok
test security::active_response_authority::tests::client_signer_identity_is_immutable_after_construction ... ok
test security::active_response_authority::tests::linux_uds::protocol_server_rechecks_freshness_before_reserving_verified_request ... ok
test security::active_response_authority::tests::linux_uds::protocol_server_rejects_request_replay_across_connections ... ok
test security::active_response_authority::tests::linux_uds::protocol_server_surfaces_internal_handler_failure_to_supervision ... ok
test security::active_response_authority::tests::linux_uds::public_constructors_reject_same_process_peers_and_shared_role_keys ... ok
test security::active_response_authority::tests::linux_uds::runtime_boundaries_reject_same_process_topologies_without_test_override ... ok
test security::active_response_authority::tests::linux_uds::saturated_unix_backlog_cannot_extend_the_connect_deadline ... ok
test security::active_response_authority::tests::linux_uds::signed_uds_health_round_trip_authenticates_both_peers_without_owning_socket ... ok
test security::active_response_authority::tests::linux_uds::signed_uds_policy_rejection_is_a_permanent_conflict ... ok
test security::active_response_authority::tests::linux_uds::signed_uds_transient_rejection_is_retryable_unavailable ... ok
test security::active_response::tests::two_workers_sharing_one_executor_signer_cannot_execute_one_live_lease ... ok
test security::active_response_authority::tests::production_authority_configuration_rejects_unpinned_or_unbounded_inputs ... ok
test security::active_response_authority::tests::request_and_response_wire_golden_vectors_are_exact ... ok
test security::active_response_authority::tests::response_verification_rejects_wrong_signer_replay_and_staleness ... ok
test security::active_response_authority::transport::clock_tests::ipc_deadline_refuses_bad_time_before_writing_any_bytes ... ok
test security::adapters::effect_port::tests::alert_and_throttle_are_probed_but_cannot_make_an_incomplete_router_ready::alert_and_throttle_are_probed_but_cannot_make_an_incomplete_router_ready ... ok
test security::adapters::effect_port::tests::completed_remove_can_be_retried_without_false_mutation::completed_remove_can_be_retried_without_false_mutation ... ok
test security::adapters::effect_port::tests::escalate_alert_distinguishes_tamper_from_outbox_unavailability::escalate_alert_distinguishes_tamper_from_outbox_unavailability ... ok
test security::adapters::effect_port::tests::escalate_alert_exact_query_rejects_wrong_bindings_and_remove::escalate_alert_exact_query_rejects_wrong_bindings_and_remove ... ok
test security::adapters::effect_port::tests::escalate_alert_pending_and_delivered_replay_return_one_stable_result::escalate_alert_pending_and_delivered_replay_return_one_stable_result ... ok
test security::adapters::effect_port::tests::escalate_alert_recovers_page_ack_loss_retry_and_backend_restart::escalate_alert_recovers_page_ack_loss_retry_and_backend_restart ... ok
test security::adapters::effect_port::tests::global_readiness_probes_installed_backend_but_rejects_incomplete_matrix::global_readiness_probes_installed_backend_but_rejects_incomplete_matrix ... ok
test security::adapters::effect_port::tests::malformed_or_rebound_session_effects_fail_before_mutation::malformed_or_rebound_session_effects_fail_before_mutation ... ok
test security::adapters::effect_port::tests::neutral_containment_commitments_match_the_legacy_adapter_domains::neutral_containment_commitments_match_the_legacy_adapter_domains ... ok
test security::adapters::effect_port::tests::overlapping_session_suspensions_remove_only_their_own_contribution::overlapping_session_suspensions_remove_only_their_own_contribution ... ok
test security::active_response_authority::tests::linux_uds::signed_uds_trickle_cannot_extend_the_absolute_read_deadline ... ok
test security::adapters::effect_port::tests::session_target_derivation_matches_the_enforcement_guard::session_target_derivation_matches_the_enforcement_guard ... ok
test security::adapters::effect_port::tests::sqlite_escalate_alert_survives_restart_and_rejects_rehashed_storage_tamper::sqlite_escalate_alert_survives_restart_and_rejects_rehashed_storage_tamper ... ok
test security::adapters::effect_port::tests::restrict_egress_backend_is_canonical_ack_safe_and_destination_scoped::restrict_egress_backend_is_canonical_ack_safe_and_destination_scoped ... ok
test security::adapters::effect_port::tests::suspend_session_apply_and_ack_loss_query_bind_the_exact_contribution::suspend_session_apply_and_ack_loss_query_bind_the_exact_contribution ... ok
test security::adapters::effect_port::tests::throttle_backend_recovers_apply_and_remove_ack_loss_across_restart::throttle_backend_recovers_apply_and_remove_ack_loss_across_restart ... ok
test security::adapters::effect_port::tests::throttle_backend_rejects_rebinding_noncanonical_limits_and_outage::throttle_backend_rejects_rebinding_noncanonical_limits_and_outage ... ok
test security::adapters::effect_port::tests::unsupported_effects_fail_closed_before_overlay_mutation::unsupported_effects_fail_closed_before_overlay_mutation ... ok
test security::adapters::effect_port::tests::sqlite_overlay_executes_under_the_real_scheduler_fence::sqlite_overlay_executes_under_the_real_scheduler_fence ... ok
test security::adapters::native_flow::tests::native_policy_time_bounds_are_inclusive_at_observation_and_exclusive_at_expiry ... ok
test security::adapters::tests::adapter_preserves_identity_locations_and_payload_binding::adapter_preserves_identity_locations_and_payload_binding ... ok
test security::adapters::tests::classifier_result_for_another_representation_fails_closed::classifier_result_for_another_representation_fails_closed ... ok
test security::adapters::native_evidence::tests::scheduler_health_page_projects_runtime_retry_and_plan_into_closed_receipt ... ok
test security::adapters::tests::declared_request_digest_mismatch_fails_before_classification::declared_request_digest_mismatch_fails_before_classification ... ok
test security::adapters::tests::declassification_transition_ids_bind_tenant_and_replay_exactly::declassification_transition_ids_bind_tenant_and_replay_exactly ... ok
test security::adapters::tests::flow_transition_identity_binds_the_canonical_payload::flow_transition_identity_binds_the_canonical_payload ... ok
test security::adapters::tests::consumption_sink_failure_durably_terminalizes_at_failure_time::consumption_sink_failure_durably_terminalizes_at_failure_time ... ok
test security::adapters::tests::outcome_sink_failure_leaves_a_durable_terminal_outcome::outcome_sink_failure_leaves_a_durable_terminal_outcome ... ok
test security::adapters::tests::persistent_flow_resolver_accepts_exact_server_tool_in_pre_and_post_stages::persistent_flow_resolver_accepts_exact_server_tool_in_pre_and_post_stages ... ok
test security::adapters::tests::persistent_flow_resolver_binds_verified_manifest_state_and_final_bytes::persistent_flow_resolver_binds_verified_manifest_state_and_final_bytes ... ok
test security::adapters::tests::persistent_flow_resolver_rejects_server_tool_coordinate_mismatches_pre_and_post::persistent_flow_resolver_rejects_server_tool_coordinate_mismatches_pre_and_post ... ok
test security::adapters::tests::pre_dispatch_port_commits_the_authoritative_fence_for_exact_kernel_bytes::pre_dispatch_port_commits_the_authoritative_fence_for_exact_kernel_bytes ... ok
test security::adapters::tests::pre_dispatch_port_rejects_bytes_from_another_request_before_classification::pre_dispatch_port_rejects_bytes_from_another_request_before_classification ... ok
test security::adapters::tests::outcome_store_failure_leaves_reconciliation_required::outcome_store_failure_leaves_reconciliation_required ... ok
test security::adapters::tests::pre_dispatch_state_failure_durably_terminalizes_at_failure_time::pre_dispatch_state_failure_durably_terminalizes_at_failure_time ... ok
test security::adapters::tests::prepared_dispatch::another_flow_transition_invalidates_preparation_without_consuming ... ok
test security::active_response::tests::persisted_apply_failure_recovers_after_receipt_ack_loss_and_lease_expiry ... ok
test security::adapters::tests::prepared_dispatch::clock_rollback_cannot_consume_a_prepared_grant ... ok
test security::adapters::tests::prepared_dispatch::concurrent_preparations_do_not_establish_two_owners ... ok
test security::adapters::tests::prepared_dispatch::evidence_callbacks::expiry_during_evidence_lookup_rejects_before_consumption ... ok
test security::adapters::tests::prepared_dispatch::expired_prepared_grant_is_not_consumed ... ok
test security::adapters::tests::prepared_dispatch::prepared_commit_uses_fresh_consumption_time_without_reclassification ... ok
test security::adapters::tests::prepared_dispatch::expired_fence_plan_is_not_renewed_at_commit ... ok
test security::active_response::tests::takeover_recovers_completed_effect_before_rolling_back_expired_lease ... ok
test security::adapters::tests::prepared_dispatch::prepared_dispatch_rejects_envelope_substitution_with_equal_arguments ... ok
test security::adapters::tests::prepared_dispatch::prepared_dispatch_binds_transient_grant_without_changing_its_payload_commitment ... ok
test security::adapters::tests::prepared_dispatch::prepared_non_declassifying_commit_uses_the_physical_fence ... ok
test security::adapters::tests::prepared_dispatch::prepared_dispatch_keeps_live_envelope_and_argument_hashes_distinct ... ok
test security::adapters::tests::prepared_dispatch::racing_prepared_commits_consume_the_grant_once ... ok
test security::adapters::tests::production_flow_denial_path_emits_closed_native_receipt_from_resolved_runtime_facts::production_flow_denial_path_emits_closed_native_receipt_from_resolved_runtime_facts ... ok
test security::adapters::tests::production_declassification_path_attests_consumption_and_exact_dispatch_outcome::production_declassification_path_attests_consumption_and_exact_dispatch_outcome ... ok
test security::adapters::tests::production_flow_denial_path_surfaces_receipt_persistence_failure::production_flow_denial_path_surfaces_receipt_persistence_failure ... ok
test security::adapters::tests::stale_authoritative_generation_denies_before_classification::stale_authoritative_generation_denies_before_classification ... ok
test security::adapters::tests::prepared_dispatch::preparing_and_dropping_either_profile_does_not_mutate_sqlite ... ok
test security::adapters::tests::production_declassification_path_attests_live_unknown_dispatch_outcome::production_declassification_path_attests_live_unknown_dispatch_outcome ... ok
test security::event_consumer::admission::real_adapter_tests::authority_artifact_draft_validator_rederives_all_static_bindings::authority_artifact_draft_validator_rederives_all_static_bindings ... ok
test security::event_consumer::admission::real_adapter_tests::reservation_ownership::reserved_plan_reconstruction_rejects_rebound_or_corrupt_publication ... ok
test security::event_consumer::admission::real_adapter_tests::real_kernel_approval_adapter_rejects_projection_mutations_before_store_changes::real_kernel_approval_adapter_rejects_projection_mutations_before_store_changes ... ok
test security::event_consumer::admission::real_adapter_tests::committed_admission_without_dispatch_survives_cold_recovery::committed_admission_without_dispatch_survives_cold_recovery ... ok
test security::event_consumer::admission::real_adapter_tests::response_dry_run::response_dry_run_host_effect_gate_refuses_execution_and_fence_maintenance ... ok
test security::event_consumer::admission::real_adapter_tests::real_kernel_approval_adapter_prepares_reconstructs_commits_and_cold_resumes_once::real_kernel_approval_adapter_prepares_reconstructs_commits_and_cold_resumes_once ... ok
test security::event_consumer::admission::real_adapter_tests::response_dry_run::response_dry_run_profile_cannot_prepare_live_dispatch ... ok
test security::event_consumer::admission::real_adapter_tests::response_dry_run::response_dry_run_missing_and_expired_real_approvals_are_denied_without_reservation ... ok
test security::event_consumer::admission::real_adapter_tests::response_process_recovery::response_process_child ... ignored, owned subprocess entry point
test security::event_consumer::admission::real_adapter_tests::response_dry_run::response_dry_run_receipt_failures_do_not_create_authority_or_effects ... ok
test security::event_consumer::admission::real_adapter_tests::response_dry_run::response_dry_run_real_automatic_and_governed_authorization_persist_and_restart_without_effects ... ok
test security::event_consumer::correlation::committed_correlation_outcome_survives_crash_before_attestation_and_reaches_outbox_once::committed_correlation_outcome_survives_crash_before_attestation_and_reaches_outbox_once ... ok
test security::event_consumer::tenant_isolation_tests::exact_attested_batch_and_outbox_ids_are_tenant_bound_after_restart ... ok
test security::event_consumer::tenant_isolation_tests::signed_ingress_cannot_be_relabelled_to_a_foreign_tenant_after_restart ... ok
test security::event_consumer::tests::admission_prepared_ack_loss_preserves_reservation_and_executes_once::admission_prepared_ack_loss_preserves_reservation_and_executes_once ... ok
test security::event_consumer::tests::admission_prepared_persistence_failure_cancels_before_pending_expiry::admission_prepared_persistence_failure_cancels_before_pending_expiry ... ok
test security::event_consumer::tests::attestation_failure_never_partially_publishes_raw_findings_to_planning::attestation_failure_never_partially_publishes_raw_findings_to_planning ... ok
test security::event_consumer::tests::attestation_failure_leaves_ingress_pending_until_response_work_is_durable::attestation_failure_leaves_ingress_pending_until_response_work_is_durable ... ok
test security::event_consumer::tests::authority_boundaries::native_event_reader_rejects_duplicate_signed_fields_with_private_cause ... ok
test security::event_consumer::tests::authoritative_never_committed_probe_closes_prepared_dispatch_terminally::authoritative_never_committed_probe_closes_prepared_dispatch_terminally ... ok
test security::event_consumer::tests::consumer_readiness_rechecks_verifier_clock_and_correlation_store::consumer_readiness_rechecks_verifier_clock_and_correlation_store ... ok
test security::event_consumer::admission::real_adapter_tests::response_dry_run::response_dry_run_scheduler_outbox_completes_without_live_work_and_recovers_report_cutpoint ... ok
test security::event_consumer::tests::committed_dispatch_recovers_before_mutable_finding_policy_or_live_readiness::committed_dispatch_recovers_before_mutable_finding_policy_or_live_readiness ... ok
test security::event_consumer::tests::corrupted_signed_event_evidence_is_rejected_before_correlation::corrupted_signed_event_evidence_is_rejected_before_correlation ... ok
test security::event_consumer::tests::corrupt_tripwire_signature_cannot_enter_verified_persistence_or_correlation::corrupt_tripwire_signature_cannot_enter_verified_persistence_or_correlation ... ok
test security::event_consumer::tests::correlation_ingress_ack_loss_keeps_the_durable_tombstone_and_does_not_republish::correlation_ingress_ack_loss_keeps_the_durable_tombstone_and_does_not_republish ... ok
test security::event_consumer::tests::durable_production_planner_cannot_report_success_without_admission_artifacts::durable_production_planner_cannot_report_success_without_admission_artifacts ... ok
test security::event_consumer::tests::expired_prepared_dispatch_terminates_without_mutable_live_dependencies::expired_prepared_dispatch_terminates_without_mutable_live_dependencies ... ok
test security::event_consumer::tests::durable_production_planner_reloads_the_exact_batch_after_restart::durable_production_planner_reloads_the_exact_batch_after_restart ... ok
test security::event_consumer::tests::durable_recovery_crosses_plan_artifact_prepare_and_completion_crash_boundaries::durable_recovery_crosses_plan_artifact_prepare_and_completion_crash_boundaries ... ok
test security::event_consumer::tests::future_fifo_prefix_does_not_starve_a_later_due_event::future_fifo_prefix_does_not_starve_a_later_due_event ... ok
test security::event_consumer::tests::idle_watermark_finalizes_a_single_tail_event_without_a_later_event::idle_watermark_finalizes_a_single_tail_event_without_a_later_event ... ok
test security::event_consumer::tests::otherwise_valid_event_from_untrusted_producer_is_rejected::otherwise_valid_event_from_untrusted_producer_is_rejected ... ok
test security::event_consumer::tests::planner_api_accepts_only_authoritative_signed_finding_evidence::planner_api_accepts_only_authoritative_signed_finding_evidence ... ok
test security::event_consumer::tests::operation_committed_dispatch_resumes_after_executor_readback_is_missing::operation_committed_dispatch_resumes_after_executor_readback_is_missing ... ok
test security::event_consumer::tests::prepared_crash_is_recovered_exactly_once_with_two_workers::prepared_crash_is_recovered_exactly_once_with_two_workers ... ok
test security::event_consumer::tests::production_consumer_accepts_and_reports_the_exact_persisted_finding_batch::production_consumer_accepts_and_reports_the_exact_persisted_finding_batch ... ok
test security::event_consumer::tests::production_consumer_preserves_the_exact_persisted_finding_order::production_consumer_preserves_the_exact_persisted_finding_order ... ok
test security::event_consumer::tests::production_consumer_rejects_drop_all_planner_without_read_after_write_proof::production_consumer_rejects_drop_all_planner_without_read_after_write_proof ... ok
test security::event_consumer::tests::production_consumer_rejects_partial_durable_response_bindings::production_consumer_rejects_partial_durable_response_bindings ... ok
test security::event_consumer::tests::production_consumer_rejects_reordered_durable_response_bindings::production_consumer_rejects_reordered_durable_response_bindings ... ok
test security::event_consumer::tests::production_response_coordinator_rejects_a_kernel_without_governed_runtime::production_response_coordinator_rejects_a_kernel_without_governed_runtime ... ok
test security::event_consumer::tests::receipt_provenance_binds_tenant_projection_and_freshness::receipt_provenance_binds_tenant_projection_and_freshness ... ok
test security::event_consumer::tests::receipt_provenance_rejects_tampered_external_and_untrusted_sources::receipt_provenance_rejects_tampered_external_and_untrusted_sources ... ok
test security::event_consumer::admission::real_adapter_tests::response_process_recovery::response_simulation_process_death_preserves_exact_report_and_terminal_outbox ... ok
test security::event_consumer::tests::prepared_recovery_is_not_starved_by_sustained_fresh_ingress::prepared_recovery_is_not_starved_by_sustained_fresh_ingress ... ok
test security::event_consumer::tests::rewritten_prepared_binding_resume_failure_stays_outcome_unknown::rewritten_prepared_binding_resume_failure_stays_outcome_unknown ... ok
test security::event_consumer::tests::native_tripwire_ingress_recovers_and_persists_response_work_for_every_event_class::native_tripwire_ingress_recovers_and_persists_response_work_for_every_event_class ... ok
test security::event_consumer::tests::response_publication_ack_loss_retries_without_duplicate_batch_or_outbox_work::response_publication_ack_loss_retries_without_duplicate_batch_or_outbox_work ... ok
test security::event_consumer::tests::startup_drain_does_not_confuse_deferred_backlog_with_empty_due_scan::startup_drain_does_not_confuse_deferred_backlog_with_empty_due_scan ... ok
test security::event_consumer::tests::synchronous_batch_recovery_targets_its_batch_instead_of_the_global_backlog::synchronous_batch_recovery_targets_its_batch_instead_of_the_global_backlog ... ok
test security::event_consumer::tests::startup_drain_fails_closed_at_the_record_backlog_limit::startup_drain_fails_closed_at_the_record_backlog_limit ... ok
test security::event_consumer::tests::temporal_ingress::verifier_ingress_rejects_cross_tenant_event_without_persistence ... ok
test security::event_consumer::tests::temporal_ingress::verifier_ingress_rejects_forged_event_without_persistence ... ok
test security::event_consumer::tests::synchronous_batch_recovery_processes_every_binding_and_preserves_the_first_error::synchronous_batch_recovery_processes_every_binding_and_preserves_the_first_error ... ok
test security::event_consumer::tests::synchronous_consume_persists_ingress_before_downstream_failure::synchronous_consume_persists_ingress_before_downstream_failure ... ok
test security::event_consumer::tests::temporal_ingress::verifier_ingress_rejects_future_dated_event_without_persistence ... ok
test security::event_consumer::tests::temporal_ingress::verifier_ingress_rejects_invalid_receipt_event_without_persistence ... ok
test security::event_consumer::tests::trusted_producer_signature_from_an_unconfigured_policy_is_rejected::trusted_producer_signature_from_an_unconfigured_policy_is_rejected ... ok
test security::event_consumer::tests::verifier_accepts_configured_internal_and_receipt_backed_provenance::verifier_accepts_configured_internal_and_receipt_backed_provenance ... ok
test security::event_consumer::tests::temporal_ingress::verifier_ingress_rejects_stale_event_without_persistence ... ok
test security::migration::tests::enforced_binding_denies_operational_fallback_and_downgrades ... ok
test security::migration_evidence::tests::canary_and_operator_signature_domains_are_not_interchangeable ... ok
test security::event_consumer::tests::temporal_ingress::verifier_ingress_rejects_unsigned_event_without_persistence ... ok
test security::migration::tests::shadow_binding_stops_fallback_after_durable_state_changes ... ok
test security::migration_evidence::tests::canary_is_canonical_signed_and_excludes_production_claims ... ok
test security::migration_evidence::tests::canary_rejects_every_security_binding_mutation ... ok
test security::migration_evidence::tests::canary_requires_the_independently_pinned_runner_key ... ok
test security::migration_evidence::tests::canary_rejects_stale_noncanonical_corrupt_and_substituted_evidence ... ok
test security::migration_evidence::tests::evidence_capacity_supports_more_than_sixty_four_controls ... ok
test security::migration_evidence::tests::operator_attestation_is_post_cutover_and_cannot_authorize_shadow_to_enforced ... ok
test security::migration_evidence::tests::canary_requires_every_external_linux_evidence_binding ... ok
test security::migration_evidence::tests::strict_deserialization_rejects_unknown_and_secret_fields ... ok
test security::migration_evidence::tests::operator_attestation_requires_pinned_key_and_exact_canary_binding ... ok
test security::event_consumer::tests::temporal_ingress::verifier_ingress_rejects_untrusted_producer_event_without_persistence ... ok
test security::scheduler_worker::custody::join_registry_reservations_bound_retained_worker_growth::join_registry_reservations_bound_retained_worker_growth ... ok
test security::scheduler_worker::custody::reaper_spawn_failure_retains_join_ownership_for_later_recovery::reaper_spawn_failure_retains_join_ownership_for_later_recovery ... ok
test security::orchestration::teardown::tests::concurrent_acquire_never_observes_running_before_spawn_succeeds ... ok
test security::orchestration::teardown::tests::injected_service_spawn_failure_retains_and_completes_the_only_cleanup ... ok
test security::orchestration::teardown::tests::panic_and_replacement_spawn_failure_retain_the_only_cleanup ... ok
test security::scheduler_worker::scheduler::sqlite_worker_operation_gate_recovers_after_panic_for_cleanup::sqlite_worker_operation_gate_recovers_after_panic_for_cleanup ... ok
test security::scheduler_worker::tests::cancelled_publication_wait_transfers_join_ownership_without_blocking_drop::cancelled_publication_wait_transfers_join_ownership_without_blocking_drop ... ok
test security::scheduler_worker::tests::cancelled_shutdown_retains_join_until_the_blocked_tick_exits::cancelled_shutdown_retains_join_until_the_blocked_tick_exits ... ok
test security::scheduler_worker::tests::crashed_worker_thread_revokes_liveness_before_the_progress_deadline::crashed_worker_thread_revokes_liveness_before_the_progress_deadline ... ok
test security::scheduler_worker::scheduler::sqlite_worker_shutdown_forgets_a_naturally_expired_safe_lease::sqlite_worker_shutdown_forgets_a_naturally_expired_safe_lease ... ok
test security::scheduler_worker::tests::dropping_handle_signals_stop_without_concurrent_drain_or_zombie_tick::dropping_handle_signals_stop_without_concurrent_drain_or_zombie_tick ... ok
test security::scheduler_worker::tests::immediate_post_release_crash_keeps_the_degraded_services_published::immediate_post_release_crash_keeps_the_degraded_services_published ... ok
test security::scheduler_worker::scheduler::sqlite_worker_stale_fence_loses_after_expiry_takeover::sqlite_worker_stale_fence_loses_after_expiry_takeover ... ok
test security::scheduler_worker::tests::initial_tick_retries_non_crash_failures_on_the_configured_cadence::initial_tick_retries_non_crash_failures_on_the_configured_cadence ... ok
test security::scheduler_worker::tests::panicking_worker_preserves_its_crash_when_cleanup_also_fails::panicking_worker_preserves_its_crash_when_cleanup_also_fails ... ok
test security::scheduler_worker::tests::parked_worker_commit_failure_stops_with_zero_ticks::parked_worker_commit_failure_stops_with_zero_ticks ... ok
test security::scheduler_worker::tests::pending_declassification_receipts_keep_worker_health_degraded::pending_declassification_receipts_keep_worker_health_degraded ... ok
test security::scheduler_worker::tests::pending_or_no_progress_outbox_fails_readiness_and_drain::pending_or_no_progress_outbox_fails_readiness_and_drain ... ok
test security::scheduler_worker::tests::periodic_compaction_failure_fails_maintenance_and_outbox_health::periodic_compaction_failure_fails_maintenance_and_outbox_health ... ok
test security::scheduler_worker::tests::periodic_compaction_is_bounded_and_paginates_from_the_last_compacted_key::periodic_compaction_is_bounded_and_paginates_from_the_last_compacted_key ... ok
test security::scheduler_worker::tests::periodic_drain_failure_can_recover_on_a_later_batch::periodic_drain_failure_can_recover_on_a_later_batch ... ok
test security::scheduler_worker::tests::periodic_tick_claims_recovery_before_one_bounded_outbox_batch::periodic_tick_claims_recovery_before_one_bounded_outbox_batch ... ok
test security::scheduler_worker::tests::post_loop_cleanup_releases_owned_work_and_is_idempotent::post_loop_cleanup_releases_owned_work_and_is_idempotent ... ok
test security::scheduler_worker::tests::production_worker_allows_only_one_background_loop::production_worker_allows_only_one_background_loop ... ok
test security::scheduler_worker::tests::production_worker_restart_recovers_after_ack_loss_without_duplicate_completion::production_worker_restart_recovers_after_ack_loss_without_duplicate_completion ... ok
test security::scheduler_worker::tests::production_worker_surfaces_stale_fence_as_lease_loss_not_completion::production_worker_surfaces_stale_fence_as_lease_loss_not_completion ... ok
test security::scheduler_worker::tests::expired_terminal_cleanup_rolls_back_the_batch_on_late_corruption::expired_terminal_cleanup_rolls_back_the_batch_on_late_corruption ... ok
test security::scheduler_worker::tests::publication_remains_unready_until_the_first_tick_completes::publication_remains_unready_until_the_first_tick_completes ... ok
test security::scheduler_worker::tests::service_publication_can_precede_operational_kernel_binding::service_publication_can_precede_operational_kernel_binding ... ok
test security::scheduler_worker::tests::service_publication_is_atomic_when_replacement_readiness_fails::service_publication_is_atomic_when_replacement_readiness_fails ... ok
test security::scheduler_worker::tests::service_publication_rechecks_readiness_at_commit_time::service_publication_rechecks_readiness_at_commit_time ... ok
test security::scheduler_worker::tests::service_publication_rejects_duplicate_ownership_without_replacement::service_publication_rejects_duplicate_ownership_without_replacement ... ok
test security::scheduler_worker::tests::progress_deadline_begins_when_the_worker_reaches_publication_readiness::progress_deadline_begins_when_the_worker_reaches_publication_readiness ... ok
test security::scheduler_worker::tests::startup_reconciles_then_drains_to_zero_before_readiness::startup_reconciles_then_drains_to_zero_before_readiness ... ok
test security::scheduler_worker::tests::successful_cleanup_preserves_the_terminal_worker_failure::successful_cleanup_preserves_the_terminal_worker_failure ... ok
test security::scheduler_worker::tests::terminated_primary_reuses_its_durable_port_without_concurrent_ticks::terminated_primary_reuses_its_durable_port_without_concurrent_ticks ... ok
test security::scheduler_worker::tests::unavailable_sink_blocks_startup_before_reconcile_or_drain::unavailable_sink_blocks_startup_before_reconcile_or_drain ... ok
test security::scheduler_worker::tests::wedged_tick_fails_readiness_and_awaited_shutdown_never_drains_concurrently::wedged_tick_fails_readiness_and_awaited_shutdown_never_drains_concurrently ... ok
test security::scheduler_worker::tests::worker_crash_marks_health_failed_and_restart_can_take_over::worker_crash_marks_health_failed_and_restart_can_take_over ... ok
test security::scheduler_worker::tests::worker_owned_thread_survives_caller_starvation_and_joins_before_restart::worker_owned_thread_survives_caller_starvation_and_joins_before_restart ... ok
test security::scheduler_worker::tests::worker_progress_deadline_has_an_absolute_validated_boundary::worker_progress_deadline_has_an_absolute_validated_boundary ... ok
test security::scheduler_worker::tests::sqlite_worker_claims_simultaneously_due_actions_transactionally_in_deterministic_order::sqlite_worker_claims_simultaneously_due_actions_transactionally_in_deterministic_order ... ok
test security::scheduler_worker::tests::initial_tick_deadline_exhaustion_fails_publication_and_joins_the_thread::initial_tick_deadline_exhaustion_fails_publication_and_joins_the_thread ... ok
test security::tests::active_defense_builder_installs_exact_boundary_order ... ok
test security::tests::active_defense_builder_refuses_unready_runtime ... ok
test security::scheduler_worker::scheduler::sqlite_worker_restart_replays_lost_claim_ack_and_shutdown_releases_lease::sqlite_worker_restart_replays_lost_claim_ack_and_shutdown_releases_lease ... ok
test trust_control::service_runtime::router::finding_market_exit_tests::activation_security::activation_rejects_reports_predating_signed_inputs ... ok
test trust_control::service_runtime::router::finding_market_exit_tests::activation_security::activation_requires_current_terminal_authority_standing_before_fees ... ok
test trust_control::service_runtime::router::finding_market_exit_tests::activation_security::activation_rejects_an_admission_bound_to_another_status_feed ... ok
test trust_control::service_runtime::router::finding_market_exit_tests::activation_security::activation_requires_profile_pinned_settlement_authorities ... ok
test trust_control::service_runtime::router::finding_market_exit_tests::activation_security::activation_and_admission_views_require_a_live_status_service_bond ... ok
test trust_control::service_runtime::router::finding_market_exit_tests::activation_security::admission_views_recheck_bound_seller_authorization_standing ... ok
test trust_control::service_runtime::router::finding_market_exit_tests::activation_security::admission_views_recheck_current_listing_authority_standing ... ok
test trust_control::service_runtime::router::finding_market_exit_tests::activation_security::admission_views_recheck_current_status_operator_standing ... ok
test trust_control::service_runtime::router::finding_market_exit_tests::activation_security::admission_views_recheck_current_venue_standing ... ok
test trust_control::service_runtime::router::finding_market_exit_tests::activation_security::participation_rejects_revoked_status_operator_before_fee_intent ... ok
test trust_control::service_runtime::router::finding_market_exit_tests::activation_security::participation_renewal_rejects_a_sales_block_before_fee_intent ... ok
test trust_control::service_runtime::router::finding_market_exit_tests::activation_security::participation_renewal_requires_a_live_status_service_bond_before_fees ... ok
test trust_control::service_runtime::router::finding_market_exit_tests::activation_security::venue_lifecycle_rejects_an_expired_deployment_pin ... ok
test trust_control::service_runtime::router::finding_market_exit_tests::activation_security::retracted_finding_is_hidden_and_cannot_open_market_state ... ok
test trust_control::service_runtime::router::finding_market_exit_tests::activation_security::participation_renewal_rechecks_admission_authorities_before_fees ... ok

test result: ok. 261 passed; 0 failed; 1 ignored; 0 measured; 918 filtered out; finished in 61.90s

