
running 0 tests

test result: ok. 0 passed; 0 failed; 0 ignored; 0 measured; 0 filtered out; finished in 0.00s


running 0 tests

test result: ok. 0 passed; 0 failed; 0 ignored; 0 measured; 0 filtered out; finished in 0.00s


running 36 tests
test baseline_f10 ... ok
test baseline_f07 ... ok
test baseline_f04 ... ok
test baseline_f03 ... ok
test baseline_f09 ... ok
test baseline_f06 ... ok
test baseline_f12 ... ok
test baseline_f11 ... ok
test baseline_f01 ... ok
test baseline_f13 ... ok
test baseline_f05 ... ok
test baseline_f08 ... ok
test baseline_f02 ... ok
test baseline_f15 ... ok
test candidate_f04 ... ok
test baseline_f16 ... ok
test candidate_f03 ... ok
test candidate_f01 ... ok
test baseline_f14 ... ok
test candidate_f02 ... ok
test candidate_f05 ... ok
test candidate_f07 ... ok
test candidate_f10 ... ok
test candidate_f06 ... ok
test candidate_f08 ... ok
test candidate_f12 ... ok
test candidate_f09 ... ok
test candidate_f11 ... ok
test candidate_f13 ... ok
test candidate_f14 ... ok
test candidate_f16 ... ok
test candidate_f15 ... ok
test controls_fail_for_progress_and_safety_respectively ... ok
test opaque_histories_have_identical_controller_views ... ok
test removals_have_named_counterexamples ... ok
test bounded_schedules_preserve_safety_and_match_b1 ... ok

test result: ok. 36 passed; 0 failed; 0 ignored; 0 measured; 0 filtered out; finished in 18.92s


running 0 tests

test result: ok. 0 passed; 0 failed; 0 ignored; 0 measured; 0 filtered out; finished in 0.00s

   Compiling kernel-work-composition v0.1.0 (/tmp/chio-verifiable-work-paper/labs/kernel-work-composition)
    Finished `test` profile [unoptimized + debuginfo] target(s) in 2.39s
     Running unittests src/lib.rs (labs/kernel-work-composition/target/debug/deps/kernel_work_composition-33e7eb69bccb1479)
     Running unittests src/bin/explore.rs (labs/kernel-work-composition/target/debug/deps/explore-80f43bfa11737253)
     Running tests/scenarios.rs (labs/kernel-work-composition/target/debug/deps/scenarios-99b10135bce22f23)
   Doc-tests kernel_work_composition
