
running 35 tests
test baseline_f03 ... ok
test baseline_f02 ... ok
test baseline_f01 ... ok
test baseline_f06 ... ok
test baseline_f10 ... ok
test baseline_f08 ... ok
test baseline_f09 ... ok
test baseline_f14 ... ok
test baseline_f12 ... ok
test baseline_f13 ... ok
test baseline_f07 ... ok
test baseline_f04 ... ok
test baseline_f16 ... ok
test baseline_f15 ... ok
test candidate_f02 ... ok
test candidate_f04 ... ok
test baseline_f05 ... ok
test baseline_f11 ... ok
test candidate_f05 ... ok
test candidate_f01 ... ok
test candidate_f08 ... ok
test candidate_f10 ... ok
test candidate_f09 ... ok
test candidate_f07 ... ok
test candidate_f13 ... ok
test candidate_f15 ... ok
test candidate_f03 ... ok
test candidate_f12 ... ok
test candidate_f11 ... ok
test candidate_f06 ... ok
test candidate_f16 ... ok
test candidate_f14 ... ok
test controls_fail_for_progress_and_safety_respectively ... ok
test opaque_histories_have_identical_controller_views ... ok
test removals_have_named_counterexamples ... ok

test result: ok. 35 passed; 0 failed; 0 ignored; 0 measured; 1 filtered out; finished in 0.12s

   Compiling kernel-work-composition v0.1.0 (/tmp/chio-verifiable-work-paper/labs/kernel-work-composition)
    Finished `test` profile [unoptimized + debuginfo] target(s) in 2.60s
     Running tests/scenarios.rs (labs/kernel-work-composition/target/debug/deps/scenarios-99b10135bce22f23)
