#0 building with "colima" instance using docker driver

#1 [internal] load build definition from Dockerfile
#1 transferring dockerfile: 379B done
#1 DONE 0.0s

#2 [internal] load metadata for docker.io/library/node:22-bookworm-slim@sha256:6c74791e557ce11fc957704f6d4fe134a7bc8d6f5ca4403205b2966bd488f6b3
#2 DONE 0.0s

#3 [internal] load .dockerignore
#3 transferring context: 58B done
#3 DONE 0.0s

#4 [internal] load build context
#4 transferring context: 3.36kB done
#4 DONE 0.0s

#5 [1/5] FROM docker.io/library/node:22-bookworm-slim@sha256:6c74791e557ce11fc957704f6d4fe134a7bc8d6f5ca4403205b2966bd488f6b3
#5 resolve docker.io/library/node:22-bookworm-slim@sha256:6c74791e557ce11fc957704f6d4fe134a7bc8d6f5ca4403205b2966bd488f6b3 0.0s done
#5 DONE 0.0s

#6 [2/5] WORKDIR /opt/resource
#6 CACHED

#7 [3/5] COPY package.json package-lock.json ./
#7 CACHED

#8 [4/5] RUN npm ci --ignore-scripts --omit=dev --no-audit --no-fund
#8 CACHED

#9 [5/5] COPY audit-tool-server.mjs ./audit-tool-server.mjs
#9 DONE 0.0s

#10 exporting to image
#10 exporting layers 0.0s done
#10 exporting manifest sha256:8c47b756dd91c5128909da8c9decdaefc1ee0d3b3373933cff00c9e9950bf212
#10 exporting manifest sha256:8c47b756dd91c5128909da8c9decdaefc1ee0d3b3373933cff00c9e9950bf212 done
#10 exporting config sha256:729a70c984317f91209711e204ed5e64b48b00b11fea584d0e5788a0c4a5ef54 done
#10 exporting attestation manifest sha256:aa0ed5a8d9ab7fc37617354589127b8f22c9f7f71c60972cb986ae9ba7d03b02 done
#10 exporting manifest list sha256:188cb84d5d0bb4063d4ce5a3b9c3832445a5acda5604911cda80a9136d1850a0 done
#10 naming to docker.io/library/chio-required-agent-filesystem:audited-20260909 done
#10 unpacking to docker.io/library/chio-required-agent-filesystem:audited-20260909 0.0s done
#10 DONE 0.1s

View build details: docker-desktop://dashboard/build/colima/colima/2bw8ceev1m3i6ff7y2gk5b0kc
